
=== Running tests for single mutant file: autoCorrelation.py ===

================================================================================
RUNNING autoCorrelation.py :: x_autoCorrelation__mutmut_1  -  2025-10-15T20:49:25.662234
================================================================================

>>> 当前使用的函数: x_autoCorrelation__mutmut_1
函数源码如下：
def x_autoCorrelation__mutmut_1(data, lag, mean, variance):
    N = None
    run = 0
    for i in range(lag, N):
        run += (data[i] - mean) * (data[i - lag] - mean)
    return run / (N-lag)/variance

FFFFFFFFFF
================================================================================= FAILURES ==================================================================================
_______________________________________________________ test_autoCorrelation_with_func[originalInput0-1-2.925-1.712] ________________________________________________________
mutants/tests/autoCorrelationTest.py:48: in test_autoCorrelation_with_func
    originalResult = func(originalInput, lag, mean, variance)
mutants/src/autoCorrelation.py:42: in x_autoCorrelation__mutmut_1
    for i in range(lag, N):
E   TypeError: 'NoneType' object cannot be interpreted as an integer
_______________________________________________________ test_autoCorrelation_with_func[originalInput1-1-0.96-2.9264] ________________________________________________________
mutants/tests/autoCorrelationTest.py:48: in test_autoCorrelation_with_func
    originalResult = func(originalInput, lag, mean, variance)
mutants/src/autoCorrelation.py:42: in x_autoCorrelation__mutmut_1
    for i in range(lag, N):
E   TypeError: 'NoneType' object cannot be interpreted as an integer
_______________________________________________________ test_autoCorrelation_with_func[originalInput2-1--0.106-6.82] ________________________________________________________
mutants/tests/autoCorrelationTest.py:48: in test_autoCorrelation_with_func
    originalResult = func(originalInput, lag, mean, variance)
mutants/src/autoCorrelation.py:42: in x_autoCorrelation__mutmut_1
    for i in range(lag, N):
E   TypeError: 'NoneType' object cannot be interpreted as an integer
_________________________________________________________ test_autoCorrelation_with_func[originalInput3-1-0.0-0.0] __________________________________________________________
mutants/tests/autoCorrelationTest.py:48: in test_autoCorrelation_with_func
    originalResult = func(originalInput, lag, mean, variance)
mutants/src/autoCorrelation.py:42: in x_autoCorrelation__mutmut_1
    for i in range(lag, N):
E   TypeError: 'NoneType' object cannot be interpreted as an integer
_________________________________________________________ test_autoCorrelation_with_func[originalInput4-1--5.0-6.0] _________________________________________________________
mutants/tests/autoCorrelationTest.py:48: in test_autoCorrelation_with_func
    originalResult = func(originalInput, lag, mean, variance)
mutants/src/autoCorrelation.py:42: in x_autoCorrelation__mutmut_1
    for i in range(lag, N):
E   TypeError: 'NoneType' object cannot be interpreted as an integer
_______________________________________________________ test_autoCorrelation_with_func[originalInput5-1-2.22-0.8214] ________________________________________________________
mutants/tests/autoCorrelationTest.py:48: in test_autoCorrelation_with_func
    originalResult = func(originalInput, lag, mean, variance)
mutants/src/autoCorrelation.py:42: in x_autoCorrelation__mutmut_1
    for i in range(lag, N):
E   TypeError: 'NoneType' object cannot be interpreted as an integer
______________________________________________________ test_autoCorrelation_with_func[originalInput6-1--0.55-37.8125] _______________________________________________________
mutants/tests/autoCorrelationTest.py:48: in test_autoCorrelation_with_func
    originalResult = func(originalInput, lag, mean, variance)
mutants/src/autoCorrelation.py:42: in x_autoCorrelation__mutmut_1
    for i in range(lag, N):
E   TypeError: 'NoneType' object cannot be interpreted as an integer
______________________________________________________ test_autoCorrelation_with_func[originalInput7-1--1.925-0.3619] _______________________________________________________
mutants/tests/autoCorrelationTest.py:48: in test_autoCorrelation_with_func
    originalResult = func(originalInput, lag, mean, variance)
mutants/src/autoCorrelation.py:42: in x_autoCorrelation__mutmut_1
    for i in range(lag, N):
E   TypeError: 'NoneType' object cannot be interpreted as an integer
_________________________________________________________ test_autoCorrelation_with_func[originalInput8-1-3.5-1.5] __________________________________________________________
mutants/tests/autoCorrelationTest.py:48: in test_autoCorrelation_with_func
    originalResult = func(originalInput, lag, mean, variance)
mutants/src/autoCorrelation.py:42: in x_autoCorrelation__mutmut_1
    for i in range(lag, N):
E   TypeError: 'NoneType' object cannot be interpreted as an integer
________________________________________________________ test_autoCorrelation_with_func[originalInput9-1-3.0-2.9167] ________________________________________________________
mutants/tests/autoCorrelationTest.py:48: in test_autoCorrelation_with_func
    originalResult = func(originalInput, lag, mean, variance)
mutants/src/autoCorrelation.py:42: in x_autoCorrelation__mutmut_1
    for i in range(lag, N):
E   TypeError: 'NoneType' object cannot be interpreted as an integer
============================================================================= warnings summary ==============================================================================
../../anaconda3/envs/mutmut39/lib/python3.9/site-packages/_pytest/config/__init__.py:1474
  /home/rts/anaconda3/envs/mutmut39/lib/python3.9/site-packages/_pytest/config/__init__.py:1474: PytestConfigWarning: Unknown config option: pytest -vv --tb
  
    self._warn_or_fail_if_strict(f"Unknown config option: {key}\n")

-- Docs: https://docs.pytest.org/en/stable/how-to/capture-warnings.html
========================================================================== short test summary info ==========================================================================
FAILED mutants/tests/autoCorrelationTest.py::test_autoCorrelation_with_func[originalInput0-1-2.925-1.712] - TypeError: 'NoneType' object cannot be interpreted as an integer
FAILED mutants/tests/autoCorrelationTest.py::test_autoCorrelation_with_func[originalInput1-1-0.96-2.9264] - TypeError: 'NoneType' object cannot be interpreted as an integer
FAILED mutants/tests/autoCorrelationTest.py::test_autoCorrelation_with_func[originalInput2-1--0.106-6.82] - TypeError: 'NoneType' object cannot be interpreted as an integer
FAILED mutants/tests/autoCorrelationTest.py::test_autoCorrelation_with_func[originalInput3-1-0.0-0.0] - TypeError: 'NoneType' object cannot be interpreted as an integer
FAILED mutants/tests/autoCorrelationTest.py::test_autoCorrelation_with_func[originalInput4-1--5.0-6.0] - TypeError: 'NoneType' object cannot be interpreted as an integer
FAILED mutants/tests/autoCorrelationTest.py::test_autoCorrelation_with_func[originalInput5-1-2.22-0.8214] - TypeError: 'NoneType' object cannot be interpreted as an integer
FAILED mutants/tests/autoCorrelationTest.py::test_autoCorrelation_with_func[originalInput6-1--0.55-37.8125] - TypeError: 'NoneType' object cannot be interpreted as an integer
FAILED mutants/tests/autoCorrelationTest.py::test_autoCorrelation_with_func[originalInput7-1--1.925-0.3619] - TypeError: 'NoneType' object cannot be interpreted as an integer
FAILED mutants/tests/autoCorrelationTest.py::test_autoCorrelation_with_func[originalInput8-1-3.5-1.5] - TypeError: 'NoneType' object cannot be interpreted as an integer
FAILED mutants/tests/autoCorrelationTest.py::test_autoCorrelation_with_func[originalInput9-1-3.0-2.9167] - TypeError: 'NoneType' object cannot be interpreted as an integer
10 failed, 1 warning in 0.14s
❌ x_autoCorrelation__mutmut_1 存在失败 (退出码 1)

================================================================================
RUNNING autoCorrelation.py :: x_autoCorrelation__mutmut_10  -  2025-10-15T20:49:26.394963
================================================================================

>>> 当前使用的函数: x_autoCorrelation__mutmut_10
函数源码如下：
def x_autoCorrelation__mutmut_10(data, lag, mean, variance):
    N = len(data)
    run = 0
    for i in range(lag, N):
        run += (data[i] - mean) / (data[i - lag] - mean)
    return run / (N-lag)/variance



.

.

.F

.F

.

.

.

.
================================================================================= FAILURES ==================================================================================
_________________________________________________________ test_autoCorrelation_with_func[originalInput3-1-0.0-0.0] __________________________________________________________
mutants/tests/autoCorrelationTest.py:48: in test_autoCorrelation_with_func
    originalResult = func(originalInput, lag, mean, variance)
mutants/src/autoCorrelation.py:97: in x_autoCorrelation__mutmut_10
    run += (data[i] - mean) / (data[i - lag] - mean)
E   ZeroDivisionError: float division by zero
_______________________________________________________ test_autoCorrelation_with_func[originalInput5-1-2.22-0.8214] ________________________________________________________
mutants/tests/autoCorrelationTest.py:48: in test_autoCorrelation_with_func
    originalResult = func(originalInput, lag, mean, variance)
mutants/src/autoCorrelation.py:97: in x_autoCorrelation__mutmut_10
    run += (data[i] - mean) / (data[i - lag] - mean)
E   ZeroDivisionError: float division by zero
============================================================================= warnings summary ==============================================================================
../../anaconda3/envs/mutmut39/lib/python3.9/site-packages/_pytest/config/__init__.py:1474
  /home/rts/anaconda3/envs/mutmut39/lib/python3.9/site-packages/_pytest/config/__init__.py:1474: PytestConfigWarning: Unknown config option: pytest -vv --tb
  
    self._warn_or_fail_if_strict(f"Unknown config option: {key}\n")

-- Docs: https://docs.pytest.org/en/stable/how-to/capture-warnings.html
========================================================================== short test summary info ==========================================================================
FAILED mutants/tests/autoCorrelationTest.py::test_autoCorrelation_with_func[originalInput3-1-0.0-0.0] - ZeroDivisionError: float division by zero
FAILED mutants/tests/autoCorrelationTest.py::test_autoCorrelation_with_func[originalInput5-1-2.22-0.8214] - ZeroDivisionError: float division by zero
2 failed, 8 passed, 1 warning in 0.02s
❌ x_autoCorrelation__mutmut_10 存在失败 (退出码 1)

================================================================================
RUNNING autoCorrelation.py :: x_autoCorrelation__mutmut_11  -  2025-10-15T20:49:26.455154
================================================================================

>>> 当前使用的函数: x_autoCorrelation__mutmut_11
函数源码如下：
def x_autoCorrelation__mutmut_11(data, lag, mean, variance):
    N = len(data)
    run = 0
    for i in range(lag, N):
        run += (data[i] + mean) * (data[i - lag] - mean)
    return run / (N-lag)/variance



.

.

.F

.

.

.

.

.

.
================================================================================= FAILURES ==================================================================================
_________________________________________________________ test_autoCorrelation_with_func[originalInput3-1-0.0-0.0] __________________________________________________________
mutants/tests/autoCorrelationTest.py:48: in test_autoCorrelation_with_func
    originalResult = func(originalInput, lag, mean, variance)
mutants/src/autoCorrelation.py:104: in x_autoCorrelation__mutmut_11
    return run / (N-lag)/variance
E   ZeroDivisionError: float division by zero
============================================================================= warnings summary ==============================================================================
../../anaconda3/envs/mutmut39/lib/python3.9/site-packages/_pytest/config/__init__.py:1474
  /home/rts/anaconda3/envs/mutmut39/lib/python3.9/site-packages/_pytest/config/__init__.py:1474: PytestConfigWarning: Unknown config option: pytest -vv --tb
  
    self._warn_or_fail_if_strict(f"Unknown config option: {key}\n")

-- Docs: https://docs.pytest.org/en/stable/how-to/capture-warnings.html
========================================================================== short test summary info ==========================================================================
FAILED mutants/tests/autoCorrelationTest.py::test_autoCorrelation_with_func[originalInput3-1-0.0-0.0] - ZeroDivisionError: float division by zero
1 failed, 9 passed, 1 warning in 0.01s
❌ x_autoCorrelation__mutmut_11 存在失败 (退出码 1)

================================================================================
RUNNING autoCorrelation.py :: x_autoCorrelation__mutmut_12  -  2025-10-15T20:49:26.512149
================================================================================

>>> 当前使用的函数: x_autoCorrelation__mutmut_12
函数源码如下：
def x_autoCorrelation__mutmut_12(data, lag, mean, variance):
    N = len(data)
    run = 0
    for i in range(lag, N):
        run += (data[i] - mean) * (data[i - lag] + mean)
    return run / (N-lag)/variance



.

.

.F

.

.

.

.

.

.
================================================================================= FAILURES ==================================================================================
_________________________________________________________ test_autoCorrelation_with_func[originalInput3-1-0.0-0.0] __________________________________________________________
mutants/tests/autoCorrelationTest.py:48: in test_autoCorrelation_with_func
    originalResult = func(originalInput, lag, mean, variance)
mutants/src/autoCorrelation.py:110: in x_autoCorrelation__mutmut_12
    return run / (N-lag)/variance
E   ZeroDivisionError: float division by zero
============================================================================= warnings summary ==============================================================================
../../anaconda3/envs/mutmut39/lib/python3.9/site-packages/_pytest/config/__init__.py:1474
  /home/rts/anaconda3/envs/mutmut39/lib/python3.9/site-packages/_pytest/config/__init__.py:1474: PytestConfigWarning: Unknown config option: pytest -vv --tb
  
    self._warn_or_fail_if_strict(f"Unknown config option: {key}\n")

-- Docs: https://docs.pytest.org/en/stable/how-to/capture-warnings.html
========================================================================== short test summary info ==========================================================================
FAILED mutants/tests/autoCorrelationTest.py::test_autoCorrelation_with_func[originalInput3-1-0.0-0.0] - ZeroDivisionError: float division by zero
1 failed, 9 passed, 1 warning in 0.01s
❌ x_autoCorrelation__mutmut_12 存在失败 (退出码 1)

================================================================================
RUNNING autoCorrelation.py :: x_autoCorrelation__mutmut_13  -  2025-10-15T20:49:26.568705
================================================================================

>>> 当前使用的函数: x_autoCorrelation__mutmut_13
函数源码如下：
def x_autoCorrelation__mutmut_13(data, lag, mean, variance):
    N = len(data)
    run = 0
    for i in range(lag, N):
        run += (data[i] - mean) * (data[i + lag] - mean)
    return run / (N-lag)/variance

FFFFFFFFFF
================================================================================= FAILURES ==================================================================================
_______________________________________________________ test_autoCorrelation_with_func[originalInput0-1-2.925-1.712] ________________________________________________________
mutants/tests/autoCorrelationTest.py:48: in test_autoCorrelation_with_func
    originalResult = func(originalInput, lag, mean, variance)
mutants/src/autoCorrelation.py:115: in x_autoCorrelation__mutmut_13
    run += (data[i] - mean) * (data[i + lag] - mean)
E   IndexError: list index out of range
_______________________________________________________ test_autoCorrelation_with_func[originalInput1-1-0.96-2.9264] ________________________________________________________
mutants/tests/autoCorrelationTest.py:48: in test_autoCorrelation_with_func
    originalResult = func(originalInput, lag, mean, variance)
mutants/src/autoCorrelation.py:115: in x_autoCorrelation__mutmut_13
    run += (data[i] - mean) * (data[i + lag] - mean)
E   IndexError: list index out of range
_______________________________________________________ test_autoCorrelation_with_func[originalInput2-1--0.106-6.82] ________________________________________________________
mutants/tests/autoCorrelationTest.py:48: in test_autoCorrelation_with_func
    originalResult = func(originalInput, lag, mean, variance)
mutants/src/autoCorrelation.py:115: in x_autoCorrelation__mutmut_13
    run += (data[i] - mean) * (data[i + lag] - mean)
E   IndexError: list index out of range
_________________________________________________________ test_autoCorrelation_with_func[originalInput3-1-0.0-0.0] __________________________________________________________
mutants/tests/autoCorrelationTest.py:48: in test_autoCorrelation_with_func
    originalResult = func(originalInput, lag, mean, variance)
mutants/src/autoCorrelation.py:115: in x_autoCorrelation__mutmut_13
    run += (data[i] - mean) * (data[i + lag] - mean)
E   IndexError: list index out of range
_________________________________________________________ test_autoCorrelation_with_func[originalInput4-1--5.0-6.0] _________________________________________________________
mutants/tests/autoCorrelationTest.py:48: in test_autoCorrelation_with_func
    originalResult = func(originalInput, lag, mean, variance)
mutants/src/autoCorrelation.py:115: in x_autoCorrelation__mutmut_13
    run += (data[i] - mean) * (data[i + lag] - mean)
E   IndexError: list index out of range
_______________________________________________________ test_autoCorrelation_with_func[originalInput5-1-2.22-0.8214] ________________________________________________________
mutants/tests/autoCorrelationTest.py:48: in test_autoCorrelation_with_func
    originalResult = func(originalInput, lag, mean, variance)
mutants/src/autoCorrelation.py:115: in x_autoCorrelation__mutmut_13
    run += (data[i] - mean) * (data[i + lag] - mean)
E   IndexError: list index out of range
______________________________________________________ test_autoCorrelation_with_func[originalInput6-1--0.55-37.8125] _______________________________________________________
mutants/tests/autoCorrelationTest.py:48: in test_autoCorrelation_with_func
    originalResult = func(originalInput, lag, mean, variance)
mutants/src/autoCorrelation.py:115: in x_autoCorrelation__mutmut_13
    run += (data[i] - mean) * (data[i + lag] - mean)
E   IndexError: list index out of range
______________________________________________________ test_autoCorrelation_with_func[originalInput7-1--1.925-0.3619] _______________________________________________________
mutants/tests/autoCorrelationTest.py:48: in test_autoCorrelation_with_func
    originalResult = func(originalInput, lag, mean, variance)
mutants/src/autoCorrelation.py:115: in x_autoCorrelation__mutmut_13
    run += (data[i] - mean) * (data[i + lag] - mean)
E   IndexError: list index out of range
_________________________________________________________ test_autoCorrelation_with_func[originalInput8-1-3.5-1.5] __________________________________________________________
mutants/tests/autoCorrelationTest.py:48: in test_autoCorrelation_with_func
    originalResult = func(originalInput, lag, mean, variance)
mutants/src/autoCorrelation.py:115: in x_autoCorrelation__mutmut_13
    run += (data[i] - mean) * (data[i + lag] - mean)
E   IndexError: list index out of range
________________________________________________________ test_autoCorrelation_with_func[originalInput9-1-3.0-2.9167] ________________________________________________________
mutants/tests/autoCorrelationTest.py:48: in test_autoCorrelation_with_func
    originalResult = func(originalInput, lag, mean, variance)
mutants/src/autoCorrelation.py:115: in x_autoCorrelation__mutmut_13
    run += (data[i] - mean) * (data[i + lag] - mean)
E   IndexError: list index out of range
============================================================================= warnings summary ==============================================================================
../../anaconda3/envs/mutmut39/lib/python3.9/site-packages/_pytest/config/__init__.py:1474
  /home/rts/anaconda3/envs/mutmut39/lib/python3.9/site-packages/_pytest/config/__init__.py:1474: PytestConfigWarning: Unknown config option: pytest -vv --tb
  
    self._warn_or_fail_if_strict(f"Unknown config option: {key}\n")

-- Docs: https://docs.pytest.org/en/stable/how-to/capture-warnings.html
========================================================================== short test summary info ==========================================================================
FAILED mutants/tests/autoCorrelationTest.py::test_autoCorrelation_with_func[originalInput0-1-2.925-1.712] - IndexError: list index out of range
FAILED mutants/tests/autoCorrelationTest.py::test_autoCorrelation_with_func[originalInput1-1-0.96-2.9264] - IndexError: list index out of range
FAILED mutants/tests/autoCorrelationTest.py::test_autoCorrelation_with_func[originalInput2-1--0.106-6.82] - IndexError: list index out of range
FAILED mutants/tests/autoCorrelationTest.py::test_autoCorrelation_with_func[originalInput3-1-0.0-0.0] - IndexError: list index out of range
FAILED mutants/tests/autoCorrelationTest.py::test_autoCorrelation_with_func[originalInput4-1--5.0-6.0] - IndexError: list index out of range
FAILED mutants/tests/autoCorrelationTest.py::test_autoCorrelation_with_func[originalInput5-1-2.22-0.8214] - IndexError: list index out of range
FAILED mutants/tests/autoCorrelationTest.py::test_autoCorrelation_with_func[originalInput6-1--0.55-37.8125] - IndexError: list index out of range
FAILED mutants/tests/autoCorrelationTest.py::test_autoCorrelation_with_func[originalInput7-1--1.925-0.3619] - IndexError: list index out of range
FAILED mutants/tests/autoCorrelationTest.py::test_autoCorrelation_with_func[originalInput8-1-3.5-1.5] - IndexError: list index out of range
FAILED mutants/tests/autoCorrelationTest.py::test_autoCorrelation_with_func[originalInput9-1-3.0-2.9167] - IndexError: list index out of range
10 failed, 1 warning in 0.04s
❌ x_autoCorrelation__mutmut_13 存在失败 (退出码 1)

================================================================================
RUNNING autoCorrelation.py :: x_autoCorrelation__mutmut_14  -  2025-10-15T20:49:26.657094
================================================================================

>>> 当前使用的函数: x_autoCorrelation__mutmut_14
函数源码如下：
def x_autoCorrelation__mutmut_14(data, lag, mean, variance):
    N = len(data)
    run = 0
    for i in range(lag, N):
        run += (data[i] - mean) * (data[i - lag] - mean)
    return run / (N-lag) * variance



.

.

.

.

.

.

.

.

.

.
============================================================================= warnings summary ==============================================================================
../../anaconda3/envs/mutmut39/lib/python3.9/site-packages/_pytest/config/__init__.py:1474
  /home/rts/anaconda3/envs/mutmut39/lib/python3.9/site-packages/_pytest/config/__init__.py:1474: PytestConfigWarning: Unknown config option: pytest -vv --tb
  
    self._warn_or_fail_if_strict(f"Unknown config option: {key}\n")

-- Docs: https://docs.pytest.org/en/stable/how-to/capture-warnings.html
10 passed, 1 warning in 0.01s
✅ x_autoCorrelation__mutmut_14 所有测试通过

================================================================================
RUNNING autoCorrelation.py :: x_autoCorrelation__mutmut_15  -  2025-10-15T20:49:26.710484
================================================================================

>>> 当前使用的函数: x_autoCorrelation__mutmut_15
函数源码如下：
def x_autoCorrelation__mutmut_15(data, lag, mean, variance):
    N = len(data)
    run = 0
    for i in range(lag, N):
        run += (data[i] - mean) * (data[i - lag] - mean)
    return run * (N-lag)/variance



.

.

.F

.

.

.

.

.

.
================================================================================= FAILURES ==================================================================================
_________________________________________________________ test_autoCorrelation_with_func[originalInput3-1-0.0-0.0] __________________________________________________________
mutants/tests/autoCorrelationTest.py:48: in test_autoCorrelation_with_func
    originalResult = func(originalInput, lag, mean, variance)
mutants/src/autoCorrelation.py:128: in x_autoCorrelation__mutmut_15
    return run * (N-lag)/variance
E   ZeroDivisionError: float division by zero
============================================================================= warnings summary ==============================================================================
../../anaconda3/envs/mutmut39/lib/python3.9/site-packages/_pytest/config/__init__.py:1474
  /home/rts/anaconda3/envs/mutmut39/lib/python3.9/site-packages/_pytest/config/__init__.py:1474: PytestConfigWarning: Unknown config option: pytest -vv --tb
  
    self._warn_or_fail_if_strict(f"Unknown config option: {key}\n")

-- Docs: https://docs.pytest.org/en/stable/how-to/capture-warnings.html
========================================================================== short test summary info ==========================================================================
FAILED mutants/tests/autoCorrelationTest.py::test_autoCorrelation_with_func[originalInput3-1-0.0-0.0] - ZeroDivisionError: float division by zero
1 failed, 9 passed, 1 warning in 0.01s
❌ x_autoCorrelation__mutmut_15 存在失败 (退出码 1)

================================================================================
RUNNING autoCorrelation.py :: x_autoCorrelation__mutmut_16  -  2025-10-15T20:49:26.764012
================================================================================

>>> 当前使用的函数: x_autoCorrelation__mutmut_16
函数源码如下：
def x_autoCorrelation__mutmut_16(data, lag, mean, variance):
    N = len(data)
    run = 0
    for i in range(lag, N):
        run += (data[i] - mean) * (data[i - lag] - mean)
    return run / (N + lag)/variance



.

.

.F

.

.

.

.

.

.
================================================================================= FAILURES ==================================================================================
_________________________________________________________ test_autoCorrelation_with_func[originalInput3-1-0.0-0.0] __________________________________________________________
mutants/tests/autoCorrelationTest.py:48: in test_autoCorrelation_with_func
    originalResult = func(originalInput, lag, mean, variance)
mutants/src/autoCorrelation.py:134: in x_autoCorrelation__mutmut_16
    return run / (N + lag)/variance
E   ZeroDivisionError: float division by zero
============================================================================= warnings summary ==============================================================================
../../anaconda3/envs/mutmut39/lib/python3.9/site-packages/_pytest/config/__init__.py:1474
  /home/rts/anaconda3/envs/mutmut39/lib/python3.9/site-packages/_pytest/config/__init__.py:1474: PytestConfigWarning: Unknown config option: pytest -vv --tb
  
    self._warn_or_fail_if_strict(f"Unknown config option: {key}\n")

-- Docs: https://docs.pytest.org/en/stable/how-to/capture-warnings.html
========================================================================== short test summary info ==========================================================================
FAILED mutants/tests/autoCorrelationTest.py::test_autoCorrelation_with_func[originalInput3-1-0.0-0.0] - ZeroDivisionError: float division by zero
1 failed, 9 passed, 1 warning in 0.01s
❌ x_autoCorrelation__mutmut_16 存在失败 (退出码 1)

================================================================================
RUNNING autoCorrelation.py :: x_autoCorrelation__mutmut_2  -  2025-10-15T20:49:26.816722
================================================================================

>>> 当前使用的函数: x_autoCorrelation__mutmut_2
函数源码如下：
def x_autoCorrelation__mutmut_2(data, lag, mean, variance):
    N = len(data)
    run = None
    for i in range(lag, N):
        run += (data[i] - mean) * (data[i - lag] - mean)
    return run / (N-lag)/variance

FFFFFFFFFF
================================================================================= FAILURES ==================================================================================
_______________________________________________________ test_autoCorrelation_with_func[originalInput0-1-2.925-1.712] ________________________________________________________
mutants/tests/autoCorrelationTest.py:48: in test_autoCorrelation_with_func
    originalResult = func(originalInput, lag, mean, variance)
mutants/src/autoCorrelation.py:49: in x_autoCorrelation__mutmut_2
    run += (data[i] - mean) * (data[i - lag] - mean)
E   TypeError: unsupported operand type(s) for +=: 'NoneType' and 'float'
_______________________________________________________ test_autoCorrelation_with_func[originalInput1-1-0.96-2.9264] ________________________________________________________
mutants/tests/autoCorrelationTest.py:48: in test_autoCorrelation_with_func
    originalResult = func(originalInput, lag, mean, variance)
mutants/src/autoCorrelation.py:49: in x_autoCorrelation__mutmut_2
    run += (data[i] - mean) * (data[i - lag] - mean)
E   TypeError: unsupported operand type(s) for +=: 'NoneType' and 'float'
_______________________________________________________ test_autoCorrelation_with_func[originalInput2-1--0.106-6.82] ________________________________________________________
mutants/tests/autoCorrelationTest.py:48: in test_autoCorrelation_with_func
    originalResult = func(originalInput, lag, mean, variance)
mutants/src/autoCorrelation.py:49: in x_autoCorrelation__mutmut_2
    run += (data[i] - mean) * (data[i - lag] - mean)
E   TypeError: unsupported operand type(s) for +=: 'NoneType' and 'float'
_________________________________________________________ test_autoCorrelation_with_func[originalInput3-1-0.0-0.0] __________________________________________________________
mutants/tests/autoCorrelationTest.py:48: in test_autoCorrelation_with_func
    originalResult = func(originalInput, lag, mean, variance)
mutants/src/autoCorrelation.py:49: in x_autoCorrelation__mutmut_2
    run += (data[i] - mean) * (data[i - lag] - mean)
E   TypeError: unsupported operand type(s) for +=: 'NoneType' and 'float'
_________________________________________________________ test_autoCorrelation_with_func[originalInput4-1--5.0-6.0] _________________________________________________________
mutants/tests/autoCorrelationTest.py:48: in test_autoCorrelation_with_func
    originalResult = func(originalInput, lag, mean, variance)
mutants/src/autoCorrelation.py:49: in x_autoCorrelation__mutmut_2
    run += (data[i] - mean) * (data[i - lag] - mean)
E   TypeError: unsupported operand type(s) for +=: 'NoneType' and 'float'
_______________________________________________________ test_autoCorrelation_with_func[originalInput5-1-2.22-0.8214] ________________________________________________________
mutants/tests/autoCorrelationTest.py:48: in test_autoCorrelation_with_func
    originalResult = func(originalInput, lag, mean, variance)
mutants/src/autoCorrelation.py:49: in x_autoCorrelation__mutmut_2
    run += (data[i] - mean) * (data[i - lag] - mean)
E   TypeError: unsupported operand type(s) for +=: 'NoneType' and 'float'
______________________________________________________ test_autoCorrelation_with_func[originalInput6-1--0.55-37.8125] _______________________________________________________
mutants/tests/autoCorrelationTest.py:48: in test_autoCorrelation_with_func
    originalResult = func(originalInput, lag, mean, variance)
mutants/src/autoCorrelation.py:49: in x_autoCorrelation__mutmut_2
    run += (data[i] - mean) * (data[i - lag] - mean)
E   TypeError: unsupported operand type(s) for +=: 'NoneType' and 'float'
______________________________________________________ test_autoCorrelation_with_func[originalInput7-1--1.925-0.3619] _______________________________________________________
mutants/tests/autoCorrelationTest.py:48: in test_autoCorrelation_with_func
    originalResult = func(originalInput, lag, mean, variance)
mutants/src/autoCorrelation.py:49: in x_autoCorrelation__mutmut_2
    run += (data[i] - mean) * (data[i - lag] - mean)
E   TypeError: unsupported operand type(s) for +=: 'NoneType' and 'float'
_________________________________________________________ test_autoCorrelation_with_func[originalInput8-1-3.5-1.5] __________________________________________________________
mutants/tests/autoCorrelationTest.py:48: in test_autoCorrelation_with_func
    originalResult = func(originalInput, lag, mean, variance)
mutants/src/autoCorrelation.py:49: in x_autoCorrelation__mutmut_2
    run += (data[i] - mean) * (data[i - lag] - mean)
E   TypeError: unsupported operand type(s) for +=: 'NoneType' and 'float'
________________________________________________________ test_autoCorrelation_with_func[originalInput9-1-3.0-2.9167] ________________________________________________________
mutants/tests/autoCorrelationTest.py:48: in test_autoCorrelation_with_func
    originalResult = func(originalInput, lag, mean, variance)
mutants/src/autoCorrelation.py:49: in x_autoCorrelation__mutmut_2
    run += (data[i] - mean) * (data[i - lag] - mean)
E   TypeError: unsupported operand type(s) for +=: 'NoneType' and 'float'
============================================================================= warnings summary ==============================================================================
../../anaconda3/envs/mutmut39/lib/python3.9/site-packages/_pytest/config/__init__.py:1474
  /home/rts/anaconda3/envs/mutmut39/lib/python3.9/site-packages/_pytest/config/__init__.py:1474: PytestConfigWarning: Unknown config option: pytest -vv --tb
  
    self._warn_or_fail_if_strict(f"Unknown config option: {key}\n")

-- Docs: https://docs.pytest.org/en/stable/how-to/capture-warnings.html
========================================================================== short test summary info ==========================================================================
FAILED mutants/tests/autoCorrelationTest.py::test_autoCorrelation_with_func[originalInput0-1-2.925-1.712] - TypeError: unsupported operand type(s) for +=: 'NoneType' and 'float'
FAILED mutants/tests/autoCorrelationTest.py::test_autoCorrelation_with_func[originalInput1-1-0.96-2.9264] - TypeError: unsupported operand type(s) for +=: 'NoneType' and 'float'
FAILED mutants/tests/autoCorrelationTest.py::test_autoCorrelation_with_func[originalInput2-1--0.106-6.82] - TypeError: unsupported operand type(s) for +=: 'NoneType' and 'float'
FAILED mutants/tests/autoCorrelationTest.py::test_autoCorrelation_with_func[originalInput3-1-0.0-0.0] - TypeError: unsupported operand type(s) for +=: 'NoneType' and 'float'
FAILED mutants/tests/autoCorrelationTest.py::test_autoCorrelation_with_func[originalInput4-1--5.0-6.0] - TypeError: unsupported operand type(s) for +=: 'NoneType' and 'float'
FAILED mutants/tests/autoCorrelationTest.py::test_autoCorrelation_with_func[originalInput5-1-2.22-0.8214] - TypeError: unsupported operand type(s) for +=: 'NoneType' and 'float'
FAILED mutants/tests/autoCorrelationTest.py::test_autoCorrelation_with_func[originalInput6-1--0.55-37.8125] - TypeError: unsupported operand type(s) for +=: 'NoneType' and 'float'
FAILED mutants/tests/autoCorrelationTest.py::test_autoCorrelation_with_func[originalInput7-1--1.925-0.3619] - TypeError: unsupported operand type(s) for +=: 'NoneType' and 'float'
FAILED mutants/tests/autoCorrelationTest.py::test_autoCorrelation_with_func[originalInput8-1-3.5-1.5] - TypeError: unsupported operand type(s) for +=: 'NoneType' and 'float'
FAILED mutants/tests/autoCorrelationTest.py::test_autoCorrelation_with_func[originalInput9-1-3.0-2.9167] - TypeError: unsupported operand type(s) for +=: 'NoneType' and 'float'
10 failed, 1 warning in 0.04s
❌ x_autoCorrelation__mutmut_2 存在失败 (退出码 1)

================================================================================
RUNNING autoCorrelation.py :: x_autoCorrelation__mutmut_3  -  2025-10-15T20:49:26.899852
================================================================================

>>> 当前使用的函数: x_autoCorrelation__mutmut_3
函数源码如下：
def x_autoCorrelation__mutmut_3(data, lag, mean, variance):
    N = len(data)
    run = 1
    for i in range(lag, N):
        run += (data[i] - mean) * (data[i - lag] - mean)
    return run / (N-lag)/variance



.

.

.F

.

.

.

.

.

.
================================================================================= FAILURES ==================================================================================
_________________________________________________________ test_autoCorrelation_with_func[originalInput3-1-0.0-0.0] __________________________________________________________
mutants/tests/autoCorrelationTest.py:48: in test_autoCorrelation_with_func
    originalResult = func(originalInput, lag, mean, variance)
mutants/src/autoCorrelation.py:56: in x_autoCorrelation__mutmut_3
    return run / (N-lag)/variance
E   ZeroDivisionError: float division by zero
============================================================================= warnings summary ==============================================================================
../../anaconda3/envs/mutmut39/lib/python3.9/site-packages/_pytest/config/__init__.py:1474
  /home/rts/anaconda3/envs/mutmut39/lib/python3.9/site-packages/_pytest/config/__init__.py:1474: PytestConfigWarning: Unknown config option: pytest -vv --tb
  
    self._warn_or_fail_if_strict(f"Unknown config option: {key}\n")

-- Docs: https://docs.pytest.org/en/stable/how-to/capture-warnings.html
========================================================================== short test summary info ==========================================================================
FAILED mutants/tests/autoCorrelationTest.py::test_autoCorrelation_with_func[originalInput3-1-0.0-0.0] - ZeroDivisionError: float division by zero
1 failed, 9 passed, 1 warning in 0.01s
❌ x_autoCorrelation__mutmut_3 存在失败 (退出码 1)

================================================================================
RUNNING autoCorrelation.py :: x_autoCorrelation__mutmut_4  -  2025-10-15T20:49:26.952941
================================================================================

>>> 当前使用的函数: x_autoCorrelation__mutmut_4
函数源码如下：
def x_autoCorrelation__mutmut_4(data, lag, mean, variance):
    N = len(data)
    run = 0
    for i in range(None, N):
        run += (data[i] - mean) * (data[i - lag] - mean)
    return run / (N-lag)/variance

FFFFFFFFFF
================================================================================= FAILURES ==================================================================================
_______________________________________________________ test_autoCorrelation_with_func[originalInput0-1-2.925-1.712] ________________________________________________________
mutants/tests/autoCorrelationTest.py:48: in test_autoCorrelation_with_func
    originalResult = func(originalInput, lag, mean, variance)
mutants/src/autoCorrelation.py:60: in x_autoCorrelation__mutmut_4
    for i in range(None, N):
E   TypeError: 'NoneType' object cannot be interpreted as an integer
_______________________________________________________ test_autoCorrelation_with_func[originalInput1-1-0.96-2.9264] ________________________________________________________
mutants/tests/autoCorrelationTest.py:48: in test_autoCorrelation_with_func
    originalResult = func(originalInput, lag, mean, variance)
mutants/src/autoCorrelation.py:60: in x_autoCorrelation__mutmut_4
    for i in range(None, N):
E   TypeError: 'NoneType' object cannot be interpreted as an integer
_______________________________________________________ test_autoCorrelation_with_func[originalInput2-1--0.106-6.82] ________________________________________________________
mutants/tests/autoCorrelationTest.py:48: in test_autoCorrelation_with_func
    originalResult = func(originalInput, lag, mean, variance)
mutants/src/autoCorrelation.py:60: in x_autoCorrelation__mutmut_4
    for i in range(None, N):
E   TypeError: 'NoneType' object cannot be interpreted as an integer
_________________________________________________________ test_autoCorrelation_with_func[originalInput3-1-0.0-0.0] __________________________________________________________
mutants/tests/autoCorrelationTest.py:48: in test_autoCorrelation_with_func
    originalResult = func(originalInput, lag, mean, variance)
mutants/src/autoCorrelation.py:60: in x_autoCorrelation__mutmut_4
    for i in range(None, N):
E   TypeError: 'NoneType' object cannot be interpreted as an integer
_________________________________________________________ test_autoCorrelation_with_func[originalInput4-1--5.0-6.0] _________________________________________________________
mutants/tests/autoCorrelationTest.py:48: in test_autoCorrelation_with_func
    originalResult = func(originalInput, lag, mean, variance)
mutants/src/autoCorrelation.py:60: in x_autoCorrelation__mutmut_4
    for i in range(None, N):
E   TypeError: 'NoneType' object cannot be interpreted as an integer
_______________________________________________________ test_autoCorrelation_with_func[originalInput5-1-2.22-0.8214] ________________________________________________________
mutants/tests/autoCorrelationTest.py:48: in test_autoCorrelation_with_func
    originalResult = func(originalInput, lag, mean, variance)
mutants/src/autoCorrelation.py:60: in x_autoCorrelation__mutmut_4
    for i in range(None, N):
E   TypeError: 'NoneType' object cannot be interpreted as an integer
______________________________________________________ test_autoCorrelation_with_func[originalInput6-1--0.55-37.8125] _______________________________________________________
mutants/tests/autoCorrelationTest.py:48: in test_autoCorrelation_with_func
    originalResult = func(originalInput, lag, mean, variance)
mutants/src/autoCorrelation.py:60: in x_autoCorrelation__mutmut_4
    for i in range(None, N):
E   TypeError: 'NoneType' object cannot be interpreted as an integer
______________________________________________________ test_autoCorrelation_with_func[originalInput7-1--1.925-0.3619] _______________________________________________________
mutants/tests/autoCorrelationTest.py:48: in test_autoCorrelation_with_func
    originalResult = func(originalInput, lag, mean, variance)
mutants/src/autoCorrelation.py:60: in x_autoCorrelation__mutmut_4
    for i in range(None, N):
E   TypeError: 'NoneType' object cannot be interpreted as an integer
_________________________________________________________ test_autoCorrelation_with_func[originalInput8-1-3.5-1.5] __________________________________________________________
mutants/tests/autoCorrelationTest.py:48: in test_autoCorrelation_with_func
    originalResult = func(originalInput, lag, mean, variance)
mutants/src/autoCorrelation.py:60: in x_autoCorrelation__mutmut_4
    for i in range(None, N):
E   TypeError: 'NoneType' object cannot be interpreted as an integer
________________________________________________________ test_autoCorrelation_with_func[originalInput9-1-3.0-2.9167] ________________________________________________________
mutants/tests/autoCorrelationTest.py:48: in test_autoCorrelation_with_func
    originalResult = func(originalInput, lag, mean, variance)
mutants/src/autoCorrelation.py:60: in x_autoCorrelation__mutmut_4
    for i in range(None, N):
E   TypeError: 'NoneType' object cannot be interpreted as an integer
============================================================================= warnings summary ==============================================================================
../../anaconda3/envs/mutmut39/lib/python3.9/site-packages/_pytest/config/__init__.py:1474
  /home/rts/anaconda3/envs/mutmut39/lib/python3.9/site-packages/_pytest/config/__init__.py:1474: PytestConfigWarning: Unknown config option: pytest -vv --tb
  
    self._warn_or_fail_if_strict(f"Unknown config option: {key}\n")

-- Docs: https://docs.pytest.org/en/stable/how-to/capture-warnings.html
========================================================================== short test summary info ==========================================================================
FAILED mutants/tests/autoCorrelationTest.py::test_autoCorrelation_with_func[originalInput0-1-2.925-1.712] - TypeError: 'NoneType' object cannot be interpreted as an integer
FAILED mutants/tests/autoCorrelationTest.py::test_autoCorrelation_with_func[originalInput1-1-0.96-2.9264] - TypeError: 'NoneType' object cannot be interpreted as an integer
FAILED mutants/tests/autoCorrelationTest.py::test_autoCorrelation_with_func[originalInput2-1--0.106-6.82] - TypeError: 'NoneType' object cannot be interpreted as an integer
FAILED mutants/tests/autoCorrelationTest.py::test_autoCorrelation_with_func[originalInput3-1-0.0-0.0] - TypeError: 'NoneType' object cannot be interpreted as an integer
FAILED mutants/tests/autoCorrelationTest.py::test_autoCorrelation_with_func[originalInput4-1--5.0-6.0] - TypeError: 'NoneType' object cannot be interpreted as an integer
FAILED mutants/tests/autoCorrelationTest.py::test_autoCorrelation_with_func[originalInput5-1-2.22-0.8214] - TypeError: 'NoneType' object cannot be interpreted as an integer
FAILED mutants/tests/autoCorrelationTest.py::test_autoCorrelation_with_func[originalInput6-1--0.55-37.8125] - TypeError: 'NoneType' object cannot be interpreted as an integer
FAILED mutants/tests/autoCorrelationTest.py::test_autoCorrelation_with_func[originalInput7-1--1.925-0.3619] - TypeError: 'NoneType' object cannot be interpreted as an integer
FAILED mutants/tests/autoCorrelationTest.py::test_autoCorrelation_with_func[originalInput8-1-3.5-1.5] - TypeError: 'NoneType' object cannot be interpreted as an integer
FAILED mutants/tests/autoCorrelationTest.py::test_autoCorrelation_with_func[originalInput9-1-3.0-2.9167] - TypeError: 'NoneType' object cannot be interpreted as an integer
10 failed, 1 warning in 0.04s
❌ x_autoCorrelation__mutmut_4 存在失败 (退出码 1)

================================================================================
RUNNING autoCorrelation.py :: x_autoCorrelation__mutmut_5  -  2025-10-15T20:49:27.035818
================================================================================

>>> 当前使用的函数: x_autoCorrelation__mutmut_5
函数源码如下：
def x_autoCorrelation__mutmut_5(data, lag, mean, variance):
    N = len(data)
    run = 0
    for i in range(lag, None):
        run += (data[i] - mean) * (data[i - lag] - mean)
    return run / (N-lag)/variance

FFFFFFFFFF
================================================================================= FAILURES ==================================================================================
_______________________________________________________ test_autoCorrelation_with_func[originalInput0-1-2.925-1.712] ________________________________________________________
mutants/tests/autoCorrelationTest.py:48: in test_autoCorrelation_with_func
    originalResult = func(originalInput, lag, mean, variance)
mutants/src/autoCorrelation.py:66: in x_autoCorrelation__mutmut_5
    for i in range(lag, None):
E   TypeError: 'NoneType' object cannot be interpreted as an integer
_______________________________________________________ test_autoCorrelation_with_func[originalInput1-1-0.96-2.9264] ________________________________________________________
mutants/tests/autoCorrelationTest.py:48: in test_autoCorrelation_with_func
    originalResult = func(originalInput, lag, mean, variance)
mutants/src/autoCorrelation.py:66: in x_autoCorrelation__mutmut_5
    for i in range(lag, None):
E   TypeError: 'NoneType' object cannot be interpreted as an integer
_______________________________________________________ test_autoCorrelation_with_func[originalInput2-1--0.106-6.82] ________________________________________________________
mutants/tests/autoCorrelationTest.py:48: in test_autoCorrelation_with_func
    originalResult = func(originalInput, lag, mean, variance)
mutants/src/autoCorrelation.py:66: in x_autoCorrelation__mutmut_5
    for i in range(lag, None):
E   TypeError: 'NoneType' object cannot be interpreted as an integer
_________________________________________________________ test_autoCorrelation_with_func[originalInput3-1-0.0-0.0] __________________________________________________________
mutants/tests/autoCorrelationTest.py:48: in test_autoCorrelation_with_func
    originalResult = func(originalInput, lag, mean, variance)
mutants/src/autoCorrelation.py:66: in x_autoCorrelation__mutmut_5
    for i in range(lag, None):
E   TypeError: 'NoneType' object cannot be interpreted as an integer
_________________________________________________________ test_autoCorrelation_with_func[originalInput4-1--5.0-6.0] _________________________________________________________
mutants/tests/autoCorrelationTest.py:48: in test_autoCorrelation_with_func
    originalResult = func(originalInput, lag, mean, variance)
mutants/src/autoCorrelation.py:66: in x_autoCorrelation__mutmut_5
    for i in range(lag, None):
E   TypeError: 'NoneType' object cannot be interpreted as an integer
_______________________________________________________ test_autoCorrelation_with_func[originalInput5-1-2.22-0.8214] ________________________________________________________
mutants/tests/autoCorrelationTest.py:48: in test_autoCorrelation_with_func
    originalResult = func(originalInput, lag, mean, variance)
mutants/src/autoCorrelation.py:66: in x_autoCorrelation__mutmut_5
    for i in range(lag, None):
E   TypeError: 'NoneType' object cannot be interpreted as an integer
______________________________________________________ test_autoCorrelation_with_func[originalInput6-1--0.55-37.8125] _______________________________________________________
mutants/tests/autoCorrelationTest.py:48: in test_autoCorrelation_with_func
    originalResult = func(originalInput, lag, mean, variance)
mutants/src/autoCorrelation.py:66: in x_autoCorrelation__mutmut_5
    for i in range(lag, None):
E   TypeError: 'NoneType' object cannot be interpreted as an integer
______________________________________________________ test_autoCorrelation_with_func[originalInput7-1--1.925-0.3619] _______________________________________________________
mutants/tests/autoCorrelationTest.py:48: in test_autoCorrelation_with_func
    originalResult = func(originalInput, lag, mean, variance)
mutants/src/autoCorrelation.py:66: in x_autoCorrelation__mutmut_5
    for i in range(lag, None):
E   TypeError: 'NoneType' object cannot be interpreted as an integer
_________________________________________________________ test_autoCorrelation_with_func[originalInput8-1-3.5-1.5] __________________________________________________________
mutants/tests/autoCorrelationTest.py:48: in test_autoCorrelation_with_func
    originalResult = func(originalInput, lag, mean, variance)
mutants/src/autoCorrelation.py:66: in x_autoCorrelation__mutmut_5
    for i in range(lag, None):
E   TypeError: 'NoneType' object cannot be interpreted as an integer
________________________________________________________ test_autoCorrelation_with_func[originalInput9-1-3.0-2.9167] ________________________________________________________
mutants/tests/autoCorrelationTest.py:48: in test_autoCorrelation_with_func
    originalResult = func(originalInput, lag, mean, variance)
mutants/src/autoCorrelation.py:66: in x_autoCorrelation__mutmut_5
    for i in range(lag, None):
E   TypeError: 'NoneType' object cannot be interpreted as an integer
============================================================================= warnings summary ==============================================================================
../../anaconda3/envs/mutmut39/lib/python3.9/site-packages/_pytest/config/__init__.py:1474
  /home/rts/anaconda3/envs/mutmut39/lib/python3.9/site-packages/_pytest/config/__init__.py:1474: PytestConfigWarning: Unknown config option: pytest -vv --tb
  
    self._warn_or_fail_if_strict(f"Unknown config option: {key}\n")

-- Docs: https://docs.pytest.org/en/stable/how-to/capture-warnings.html
========================================================================== short test summary info ==========================================================================
FAILED mutants/tests/autoCorrelationTest.py::test_autoCorrelation_with_func[originalInput0-1-2.925-1.712] - TypeError: 'NoneType' object cannot be interpreted as an integer
FAILED mutants/tests/autoCorrelationTest.py::test_autoCorrelation_with_func[originalInput1-1-0.96-2.9264] - TypeError: 'NoneType' object cannot be interpreted as an integer
FAILED mutants/tests/autoCorrelationTest.py::test_autoCorrelation_with_func[originalInput2-1--0.106-6.82] - TypeError: 'NoneType' object cannot be interpreted as an integer
FAILED mutants/tests/autoCorrelationTest.py::test_autoCorrelation_with_func[originalInput3-1-0.0-0.0] - TypeError: 'NoneType' object cannot be interpreted as an integer
FAILED mutants/tests/autoCorrelationTest.py::test_autoCorrelation_with_func[originalInput4-1--5.0-6.0] - TypeError: 'NoneType' object cannot be interpreted as an integer
FAILED mutants/tests/autoCorrelationTest.py::test_autoCorrelation_with_func[originalInput5-1-2.22-0.8214] - TypeError: 'NoneType' object cannot be interpreted as an integer
FAILED mutants/tests/autoCorrelationTest.py::test_autoCorrelation_with_func[originalInput6-1--0.55-37.8125] - TypeError: 'NoneType' object cannot be interpreted as an integer
FAILED mutants/tests/autoCorrelationTest.py::test_autoCorrelation_with_func[originalInput7-1--1.925-0.3619] - TypeError: 'NoneType' object cannot be interpreted as an integer
FAILED mutants/tests/autoCorrelationTest.py::test_autoCorrelation_with_func[originalInput8-1-3.5-1.5] - TypeError: 'NoneType' object cannot be interpreted as an integer
FAILED mutants/tests/autoCorrelationTest.py::test_autoCorrelation_with_func[originalInput9-1-3.0-2.9167] - TypeError: 'NoneType' object cannot be interpreted as an integer
10 failed, 1 warning in 0.04s
❌ x_autoCorrelation__mutmut_5 存在失败 (退出码 1)

================================================================================
RUNNING autoCorrelation.py :: x_autoCorrelation__mutmut_6  -  2025-10-15T20:49:27.118374
================================================================================

>>> 当前使用的函数: x_autoCorrelation__mutmut_6
函数源码如下：
def x_autoCorrelation__mutmut_6(data, lag, mean, variance):
    N = len(data)
    run = 0
    for i in range(N):
        run += (data[i] - mean) * (data[i - lag] - mean)
    return run / (N-lag)/variance



.

.

.F

.

.

.

.

.

.
================================================================================= FAILURES ==================================================================================
_________________________________________________________ test_autoCorrelation_with_func[originalInput3-1-0.0-0.0] __________________________________________________________
mutants/tests/autoCorrelationTest.py:48: in test_autoCorrelation_with_func
    originalResult = func(originalInput, lag, mean, variance)
mutants/src/autoCorrelation.py:74: in x_autoCorrelation__mutmut_6
    return run / (N-lag)/variance
E   ZeroDivisionError: float division by zero
============================================================================= warnings summary ==============================================================================
../../anaconda3/envs/mutmut39/lib/python3.9/site-packages/_pytest/config/__init__.py:1474
  /home/rts/anaconda3/envs/mutmut39/lib/python3.9/site-packages/_pytest/config/__init__.py:1474: PytestConfigWarning: Unknown config option: pytest -vv --tb
  
    self._warn_or_fail_if_strict(f"Unknown config option: {key}\n")

-- Docs: https://docs.pytest.org/en/stable/how-to/capture-warnings.html
========================================================================== short test summary info ==========================================================================
FAILED mutants/tests/autoCorrelationTest.py::test_autoCorrelation_with_func[originalInput3-1-0.0-0.0] - ZeroDivisionError: float division by zero
1 failed, 9 passed, 1 warning in 0.01s
❌ x_autoCorrelation__mutmut_6 存在失败 (退出码 1)

================================================================================
RUNNING autoCorrelation.py :: x_autoCorrelation__mutmut_7  -  2025-10-15T20:49:27.172275
================================================================================

>>> 当前使用的函数: x_autoCorrelation__mutmut_7
函数源码如下：
def x_autoCorrelation__mutmut_7(data, lag, mean, variance):
    N = len(data)
    run = 0
    for i in range(lag, ):
        run += (data[i] - mean) * (data[i - lag] - mean)
    return run / (N-lag)/variance



.

.

.F

.

.

.

.

.

.
================================================================================= FAILURES ==================================================================================
_________________________________________________________ test_autoCorrelation_with_func[originalInput3-1-0.0-0.0] __________________________________________________________
mutants/tests/autoCorrelationTest.py:48: in test_autoCorrelation_with_func
    originalResult = func(originalInput, lag, mean, variance)
mutants/src/autoCorrelation.py:80: in x_autoCorrelation__mutmut_7
    return run / (N-lag)/variance
E   ZeroDivisionError: float division by zero
============================================================================= warnings summary ==============================================================================
../../anaconda3/envs/mutmut39/lib/python3.9/site-packages/_pytest/config/__init__.py:1474
  /home/rts/anaconda3/envs/mutmut39/lib/python3.9/site-packages/_pytest/config/__init__.py:1474: PytestConfigWarning: Unknown config option: pytest -vv --tb
  
    self._warn_or_fail_if_strict(f"Unknown config option: {key}\n")

-- Docs: https://docs.pytest.org/en/stable/how-to/capture-warnings.html
========================================================================== short test summary info ==========================================================================
FAILED mutants/tests/autoCorrelationTest.py::test_autoCorrelation_with_func[originalInput3-1-0.0-0.0] - ZeroDivisionError: float division by zero
1 failed, 9 passed, 1 warning in 0.01s
❌ x_autoCorrelation__mutmut_7 存在失败 (退出码 1)

================================================================================
RUNNING autoCorrelation.py :: x_autoCorrelation__mutmut_8  -  2025-10-15T20:49:27.225470
================================================================================

>>> 当前使用的函数: x_autoCorrelation__mutmut_8
函数源码如下：
def x_autoCorrelation__mutmut_8(data, lag, mean, variance):
    N = len(data)
    run = 0
    for i in range(lag, N):
        run = (data[i] - mean) * (data[i - lag] - mean)
    return run / (N-lag)/variance



.

.

.F

.

.

.

.

.

.
================================================================================= FAILURES ==================================================================================
_________________________________________________________ test_autoCorrelation_with_func[originalInput3-1-0.0-0.0] __________________________________________________________
mutants/tests/autoCorrelationTest.py:48: in test_autoCorrelation_with_func
    originalResult = func(originalInput, lag, mean, variance)
mutants/src/autoCorrelation.py:86: in x_autoCorrelation__mutmut_8
    return run / (N-lag)/variance
E   ZeroDivisionError: float division by zero
============================================================================= warnings summary ==============================================================================
../../anaconda3/envs/mutmut39/lib/python3.9/site-packages/_pytest/config/__init__.py:1474
  /home/rts/anaconda3/envs/mutmut39/lib/python3.9/site-packages/_pytest/config/__init__.py:1474: PytestConfigWarning: Unknown config option: pytest -vv --tb
  
    self._warn_or_fail_if_strict(f"Unknown config option: {key}\n")

-- Docs: https://docs.pytest.org/en/stable/how-to/capture-warnings.html
========================================================================== short test summary info ==========================================================================
FAILED mutants/tests/autoCorrelationTest.py::test_autoCorrelation_with_func[originalInput3-1-0.0-0.0] - ZeroDivisionError: float division by zero
1 failed, 9 passed, 1 warning in 0.01s
❌ x_autoCorrelation__mutmut_8 存在失败 (退出码 1)

================================================================================
RUNNING autoCorrelation.py :: x_autoCorrelation__mutmut_9  -  2025-10-15T20:49:27.277418
================================================================================

>>> 当前使用的函数: x_autoCorrelation__mutmut_9
函数源码如下：
def x_autoCorrelation__mutmut_9(data, lag, mean, variance):
    N = len(data)
    run = 0
    for i in range(lag, N):
        run -= (data[i] - mean) * (data[i - lag] - mean)
    return run / (N-lag)/variance



.

.

.F

.

.

.

.

.

.
================================================================================= FAILURES ==================================================================================
_________________________________________________________ test_autoCorrelation_with_func[originalInput3-1-0.0-0.0] __________________________________________________________
mutants/tests/autoCorrelationTest.py:48: in test_autoCorrelation_with_func
    originalResult = func(originalInput, lag, mean, variance)
mutants/src/autoCorrelation.py:92: in x_autoCorrelation__mutmut_9
    return run / (N-lag)/variance
E   ZeroDivisionError: float division by zero
============================================================================= warnings summary ==============================================================================
../../anaconda3/envs/mutmut39/lib/python3.9/site-packages/_pytest/config/__init__.py:1474
  /home/rts/anaconda3/envs/mutmut39/lib/python3.9/site-packages/_pytest/config/__init__.py:1474: PytestConfigWarning: Unknown config option: pytest -vv --tb
  
    self._warn_or_fail_if_strict(f"Unknown config option: {key}\n")

-- Docs: https://docs.pytest.org/en/stable/how-to/capture-warnings.html
========================================================================== short test summary info ==========================================================================
FAILED mutants/tests/autoCorrelationTest.py::test_autoCorrelation_with_func[originalInput3-1-0.0-0.0] - ZeroDivisionError: float division by zero
1 failed, 9 passed, 1 warning in 0.01s
❌ x_autoCorrelation__mutmut_9 存在失败 (退出码 1)

================================================================================
RUNNING autoCorrelation.py :: x_autoCorrelation__mutmut_orig  -  2025-10-15T20:49:27.331130
================================================================================

>>> 当前使用的函数: x_autoCorrelation__mutmut_orig
函数源码如下：
def x_autoCorrelation__mutmut_orig(data, lag, mean, variance):
    N = len(data)
    run = 0
    for i in range(lag, N):
        run += (data[i] - mean) * (data[i - lag] - mean)
    return run / (N-lag)/variance



.

.

.F

.

.

.

.

.

.
================================================================================= FAILURES ==================================================================================
_________________________________________________________ test_autoCorrelation_with_func[originalInput3-1-0.0-0.0] __________________________________________________________
mutants/tests/autoCorrelationTest.py:48: in test_autoCorrelation_with_func
    originalResult = func(originalInput, lag, mean, variance)
mutants/src/autoCorrelation.py:38: in x_autoCorrelation__mutmut_orig
    return run / (N-lag)/variance
E   ZeroDivisionError: float division by zero
============================================================================= warnings summary ==============================================================================
../../anaconda3/envs/mutmut39/lib/python3.9/site-packages/_pytest/config/__init__.py:1474
  /home/rts/anaconda3/envs/mutmut39/lib/python3.9/site-packages/_pytest/config/__init__.py:1474: PytestConfigWarning: Unknown config option: pytest -vv --tb
  
    self._warn_or_fail_if_strict(f"Unknown config option: {key}\n")

-- Docs: https://docs.pytest.org/en/stable/how-to/capture-warnings.html
========================================================================== short test summary info ==========================================================================
FAILED mutants/tests/autoCorrelationTest.py::test_autoCorrelation_with_func[originalInput3-1-0.0-0.0] - ZeroDivisionError: float division by zero
1 failed, 9 passed, 1 warning in 0.01s
❌ x_autoCorrelation__mutmut_orig 存在失败 (退出码 1)
