
=== Running tests for single mutant file: autoCorrelation.py ===

================================================================================
RUNNING autoCorrelation.py :: x_autoCorrelation__mutmut_1  -  2025-10-16T09:49:58.549875
================================================================================

>>> 当前使用的函数: x_autoCorrelation__mutmut_1
函数源码如下：
def x_autoCorrelation__mutmut_1(data, lag, mean, variance):
    N = None
    run = 0
    for i in range(lag, N):
        run += (data[i] - mean) * (data[i - lag] - mean)
    return run / (N-lag)/variance

FFFFFFFFF
================================================================================= FAILURES ==================================================================================
_______________________________________________________ test_autoCorrelation_with_func[originalInput0-1-2.925-1.712] ________________________________________________________
mutants/tests/autoCorrelationTest.py:48: in test_autoCorrelation_with_func
    originalResult = func(originalInput, lag, mean, variance)
mutants/src/autoCorrelation.py:42: in x_autoCorrelation__mutmut_1
    for i in range(lag, N):
E   TypeError: 'NoneType' object cannot be interpreted as an integer
_______________________________________________________ test_autoCorrelation_with_func[originalInput1-1-0.96-2.9264] ________________________________________________________
mutants/tests/autoCorrelationTest.py:48: in test_autoCorrelation_with_func
    originalResult = func(originalInput, lag, mean, variance)
mutants/src/autoCorrelation.py:42: in x_autoCorrelation__mutmut_1
    for i in range(lag, N):
E   TypeError: 'NoneType' object cannot be interpreted as an integer
_______________________________________________________ test_autoCorrelation_with_func[originalInput2-1--0.106-6.82] ________________________________________________________
mutants/tests/autoCorrelationTest.py:48: in test_autoCorrelation_with_func
    originalResult = func(originalInput, lag, mean, variance)
mutants/src/autoCorrelation.py:42: in x_autoCorrelation__mutmut_1
    for i in range(lag, N):
E   TypeError: 'NoneType' object cannot be interpreted as an integer
_________________________________________________________ test_autoCorrelation_with_func[originalInput3-1--5.0-6.0] _________________________________________________________
mutants/tests/autoCorrelationTest.py:48: in test_autoCorrelation_with_func
    originalResult = func(originalInput, lag, mean, variance)
mutants/src/autoCorrelation.py:42: in x_autoCorrelation__mutmut_1
    for i in range(lag, N):
E   TypeError: 'NoneType' object cannot be interpreted as an integer
_______________________________________________________ test_autoCorrelation_with_func[originalInput4-1-2.22-0.8214] ________________________________________________________
mutants/tests/autoCorrelationTest.py:48: in test_autoCorrelation_with_func
    originalResult = func(originalInput, lag, mean, variance)
mutants/src/autoCorrelation.py:42: in x_autoCorrelation__mutmut_1
    for i in range(lag, N):
E   TypeError: 'NoneType' object cannot be interpreted as an integer
______________________________________________________ test_autoCorrelation_with_func[originalInput5-1--0.55-37.8125] _______________________________________________________
mutants/tests/autoCorrelationTest.py:48: in test_autoCorrelation_with_func
    originalResult = func(originalInput, lag, mean, variance)
mutants/src/autoCorrelation.py:42: in x_autoCorrelation__mutmut_1
    for i in range(lag, N):
E   TypeError: 'NoneType' object cannot be interpreted as an integer
______________________________________________________ test_autoCorrelation_with_func[originalInput6-1--1.925-0.3619] _______________________________________________________
mutants/tests/autoCorrelationTest.py:48: in test_autoCorrelation_with_func
    originalResult = func(originalInput, lag, mean, variance)
mutants/src/autoCorrelation.py:42: in x_autoCorrelation__mutmut_1
    for i in range(lag, N):
E   TypeError: 'NoneType' object cannot be interpreted as an integer
_________________________________________________________ test_autoCorrelation_with_func[originalInput7-1-3.5-1.5] __________________________________________________________
mutants/tests/autoCorrelationTest.py:48: in test_autoCorrelation_with_func
    originalResult = func(originalInput, lag, mean, variance)
mutants/src/autoCorrelation.py:42: in x_autoCorrelation__mutmut_1
    for i in range(lag, N):
E   TypeError: 'NoneType' object cannot be interpreted as an integer
________________________________________________________ test_autoCorrelation_with_func[originalInput8-1-3.0-2.9167] ________________________________________________________
mutants/tests/autoCorrelationTest.py:48: in test_autoCorrelation_with_func
    originalResult = func(originalInput, lag, mean, variance)
mutants/src/autoCorrelation.py:42: in x_autoCorrelation__mutmut_1
    for i in range(lag, N):
E   TypeError: 'NoneType' object cannot be interpreted as an integer
============================================================================= warnings summary ==============================================================================
../../anaconda3/envs/mutmut39/lib/python3.9/site-packages/_pytest/config/__init__.py:1474
  /home/rts/anaconda3/envs/mutmut39/lib/python3.9/site-packages/_pytest/config/__init__.py:1474: PytestConfigWarning: Unknown config option: pytest -vv --tb
  
    self._warn_or_fail_if_strict(f"Unknown config option: {key}\n")

-- Docs: https://docs.pytest.org/en/stable/how-to/capture-warnings.html
========================================================================== short test summary info ==========================================================================
FAILED mutants/tests/autoCorrelationTest.py::test_autoCorrelation_with_func[originalInput0-1-2.925-1.712] - TypeError: 'NoneType' object cannot be interpreted as an integer
FAILED mutants/tests/autoCorrelationTest.py::test_autoCorrelation_with_func[originalInput1-1-0.96-2.9264] - TypeError: 'NoneType' object cannot be interpreted as an integer
FAILED mutants/tests/autoCorrelationTest.py::test_autoCorrelation_with_func[originalInput2-1--0.106-6.82] - TypeError: 'NoneType' object cannot be interpreted as an integer
FAILED mutants/tests/autoCorrelationTest.py::test_autoCorrelation_with_func[originalInput3-1--5.0-6.0] - TypeError: 'NoneType' object cannot be interpreted as an integer
FAILED mutants/tests/autoCorrelationTest.py::test_autoCorrelation_with_func[originalInput4-1-2.22-0.8214] - TypeError: 'NoneType' object cannot be interpreted as an integer
FAILED mutants/tests/autoCorrelationTest.py::test_autoCorrelation_with_func[originalInput5-1--0.55-37.8125] - TypeError: 'NoneType' object cannot be interpreted as an integer
FAILED mutants/tests/autoCorrelationTest.py::test_autoCorrelation_with_func[originalInput6-1--1.925-0.3619] - TypeError: 'NoneType' object cannot be interpreted as an integer
FAILED mutants/tests/autoCorrelationTest.py::test_autoCorrelation_with_func[originalInput7-1-3.5-1.5] - TypeError: 'NoneType' object cannot be interpreted as an integer
FAILED mutants/tests/autoCorrelationTest.py::test_autoCorrelation_with_func[originalInput8-1-3.0-2.9167] - TypeError: 'NoneType' object cannot be interpreted as an integer
9 failed, 1 warning in 0.07s
❌ x_autoCorrelation__mutmut_1 存在失败 (退出码 1)

================================================================================
RUNNING autoCorrelation.py :: x_autoCorrelation__mutmut_10  -  2025-10-16T09:49:58.694419
================================================================================

>>> 当前使用的函数: x_autoCorrelation__mutmut_10
函数源码如下：
def x_autoCorrelation__mutmut_10(data, lag, mean, variance):
    N = len(data)
    run = 0
    for i in range(lag, N):
        run += (data[i] - mean) / (data[i - lag] - mean)
    return run / (N-lag)/variance



.

.

.

.F

.

.

.

.
================================================================================= FAILURES ==================================================================================
_______________________________________________________ test_autoCorrelation_with_func[originalInput4-1-2.22-0.8214] ________________________________________________________
mutants/tests/autoCorrelationTest.py:48: in test_autoCorrelation_with_func
    originalResult = func(originalInput, lag, mean, variance)
mutants/src/autoCorrelation.py:97: in x_autoCorrelation__mutmut_10
    run += (data[i] - mean) / (data[i - lag] - mean)
E   ZeroDivisionError: float division by zero
============================================================================= warnings summary ==============================================================================
../../anaconda3/envs/mutmut39/lib/python3.9/site-packages/_pytest/config/__init__.py:1474
  /home/rts/anaconda3/envs/mutmut39/lib/python3.9/site-packages/_pytest/config/__init__.py:1474: PytestConfigWarning: Unknown config option: pytest -vv --tb
  
    self._warn_or_fail_if_strict(f"Unknown config option: {key}\n")

-- Docs: https://docs.pytest.org/en/stable/how-to/capture-warnings.html
========================================================================== short test summary info ==========================================================================
FAILED mutants/tests/autoCorrelationTest.py::test_autoCorrelation_with_func[originalInput4-1-2.22-0.8214] - ZeroDivisionError: float division by zero
1 failed, 8 passed, 1 warning in 0.01s
❌ x_autoCorrelation__mutmut_10 存在失败 (退出码 1)

================================================================================
RUNNING autoCorrelation.py :: x_autoCorrelation__mutmut_11  -  2025-10-16T09:49:58.746720
================================================================================

>>> 当前使用的函数: x_autoCorrelation__mutmut_11
函数源码如下：
def x_autoCorrelation__mutmut_11(data, lag, mean, variance):
    N = len(data)
    run = 0
    for i in range(lag, N):
        run += (data[i] + mean) * (data[i - lag] - mean)
    return run / (N-lag)/variance



.

.

.

.

.

.

.

.

.
============================================================================= warnings summary ==============================================================================
../../anaconda3/envs/mutmut39/lib/python3.9/site-packages/_pytest/config/__init__.py:1474
  /home/rts/anaconda3/envs/mutmut39/lib/python3.9/site-packages/_pytest/config/__init__.py:1474: PytestConfigWarning: Unknown config option: pytest -vv --tb
  
    self._warn_or_fail_if_strict(f"Unknown config option: {key}\n")

-- Docs: https://docs.pytest.org/en/stable/how-to/capture-warnings.html
9 passed, 1 warning in 0.01s
✅ x_autoCorrelation__mutmut_11 所有测试通过

================================================================================
RUNNING autoCorrelation.py :: x_autoCorrelation__mutmut_12  -  2025-10-16T09:49:58.794877
================================================================================

>>> 当前使用的函数: x_autoCorrelation__mutmut_12
函数源码如下：
def x_autoCorrelation__mutmut_12(data, lag, mean, variance):
    N = len(data)
    run = 0
    for i in range(lag, N):
        run += (data[i] - mean) * (data[i - lag] + mean)
    return run / (N-lag)/variance



.

.

.

.

.

.

.

.

.
============================================================================= warnings summary ==============================================================================
../../anaconda3/envs/mutmut39/lib/python3.9/site-packages/_pytest/config/__init__.py:1474
  /home/rts/anaconda3/envs/mutmut39/lib/python3.9/site-packages/_pytest/config/__init__.py:1474: PytestConfigWarning: Unknown config option: pytest -vv --tb
  
    self._warn_or_fail_if_strict(f"Unknown config option: {key}\n")

-- Docs: https://docs.pytest.org/en/stable/how-to/capture-warnings.html
9 passed, 1 warning in 0.01s
✅ x_autoCorrelation__mutmut_12 所有测试通过

================================================================================
RUNNING autoCorrelation.py :: x_autoCorrelation__mutmut_13  -  2025-10-16T09:49:58.842071
================================================================================

>>> 当前使用的函数: x_autoCorrelation__mutmut_13
函数源码如下：
def x_autoCorrelation__mutmut_13(data, lag, mean, variance):
    N = len(data)
    run = 0
    for i in range(lag, N):
        run += (data[i] - mean) * (data[i + lag] - mean)
    return run / (N-lag)/variance

FFFFFFFFF
================================================================================= FAILURES ==================================================================================
_______________________________________________________ test_autoCorrelation_with_func[originalInput0-1-2.925-1.712] ________________________________________________________
mutants/tests/autoCorrelationTest.py:48: in test_autoCorrelation_with_func
    originalResult = func(originalInput, lag, mean, variance)
mutants/src/autoCorrelation.py:115: in x_autoCorrelation__mutmut_13
    run += (data[i] - mean) * (data[i + lag] - mean)
E   IndexError: list index out of range
_______________________________________________________ test_autoCorrelation_with_func[originalInput1-1-0.96-2.9264] ________________________________________________________
mutants/tests/autoCorrelationTest.py:48: in test_autoCorrelation_with_func
    originalResult = func(originalInput, lag, mean, variance)
mutants/src/autoCorrelation.py:115: in x_autoCorrelation__mutmut_13
    run += (data[i] - mean) * (data[i + lag] - mean)
E   IndexError: list index out of range
_______________________________________________________ test_autoCorrelation_with_func[originalInput2-1--0.106-6.82] ________________________________________________________
mutants/tests/autoCorrelationTest.py:48: in test_autoCorrelation_with_func
    originalResult = func(originalInput, lag, mean, variance)
mutants/src/autoCorrelation.py:115: in x_autoCorrelation__mutmut_13
    run += (data[i] - mean) * (data[i + lag] - mean)
E   IndexError: list index out of range
_________________________________________________________ test_autoCorrelation_with_func[originalInput3-1--5.0-6.0] _________________________________________________________
mutants/tests/autoCorrelationTest.py:48: in test_autoCorrelation_with_func
    originalResult = func(originalInput, lag, mean, variance)
mutants/src/autoCorrelation.py:115: in x_autoCorrelation__mutmut_13
    run += (data[i] - mean) * (data[i + lag] - mean)
E   IndexError: list index out of range
_______________________________________________________ test_autoCorrelation_with_func[originalInput4-1-2.22-0.8214] ________________________________________________________
mutants/tests/autoCorrelationTest.py:48: in test_autoCorrelation_with_func
    originalResult = func(originalInput, lag, mean, variance)
mutants/src/autoCorrelation.py:115: in x_autoCorrelation__mutmut_13
    run += (data[i] - mean) * (data[i + lag] - mean)
E   IndexError: list index out of range
______________________________________________________ test_autoCorrelation_with_func[originalInput5-1--0.55-37.8125] _______________________________________________________
mutants/tests/autoCorrelationTest.py:48: in test_autoCorrelation_with_func
    originalResult = func(originalInput, lag, mean, variance)
mutants/src/autoCorrelation.py:115: in x_autoCorrelation__mutmut_13
    run += (data[i] - mean) * (data[i + lag] - mean)
E   IndexError: list index out of range
______________________________________________________ test_autoCorrelation_with_func[originalInput6-1--1.925-0.3619] _______________________________________________________
mutants/tests/autoCorrelationTest.py:48: in test_autoCorrelation_with_func
    originalResult = func(originalInput, lag, mean, variance)
mutants/src/autoCorrelation.py:115: in x_autoCorrelation__mutmut_13
    run += (data[i] - mean) * (data[i + lag] - mean)
E   IndexError: list index out of range
_________________________________________________________ test_autoCorrelation_with_func[originalInput7-1-3.5-1.5] __________________________________________________________
mutants/tests/autoCorrelationTest.py:48: in test_autoCorrelation_with_func
    originalResult = func(originalInput, lag, mean, variance)
mutants/src/autoCorrelation.py:115: in x_autoCorrelation__mutmut_13
    run += (data[i] - mean) * (data[i + lag] - mean)
E   IndexError: list index out of range
________________________________________________________ test_autoCorrelation_with_func[originalInput8-1-3.0-2.9167] ________________________________________________________
mutants/tests/autoCorrelationTest.py:48: in test_autoCorrelation_with_func
    originalResult = func(originalInput, lag, mean, variance)
mutants/src/autoCorrelation.py:115: in x_autoCorrelation__mutmut_13
    run += (data[i] - mean) * (data[i + lag] - mean)
E   IndexError: list index out of range
============================================================================= warnings summary ==============================================================================
../../anaconda3/envs/mutmut39/lib/python3.9/site-packages/_pytest/config/__init__.py:1474
  /home/rts/anaconda3/envs/mutmut39/lib/python3.9/site-packages/_pytest/config/__init__.py:1474: PytestConfigWarning: Unknown config option: pytest -vv --tb
  
    self._warn_or_fail_if_strict(f"Unknown config option: {key}\n")

-- Docs: https://docs.pytest.org/en/stable/how-to/capture-warnings.html
========================================================================== short test summary info ==========================================================================
FAILED mutants/tests/autoCorrelationTest.py::test_autoCorrelation_with_func[originalInput0-1-2.925-1.712] - IndexError: list index out of range
FAILED mutants/tests/autoCorrelationTest.py::test_autoCorrelation_with_func[originalInput1-1-0.96-2.9264] - IndexError: list index out of range
FAILED mutants/tests/autoCorrelationTest.py::test_autoCorrelation_with_func[originalInput2-1--0.106-6.82] - IndexError: list index out of range
FAILED mutants/tests/autoCorrelationTest.py::test_autoCorrelation_with_func[originalInput3-1--5.0-6.0] - IndexError: list index out of range
FAILED mutants/tests/autoCorrelationTest.py::test_autoCorrelation_with_func[originalInput4-1-2.22-0.8214] - IndexError: list index out of range
FAILED mutants/tests/autoCorrelationTest.py::test_autoCorrelation_with_func[originalInput5-1--0.55-37.8125] - IndexError: list index out of range
FAILED mutants/tests/autoCorrelationTest.py::test_autoCorrelation_with_func[originalInput6-1--1.925-0.3619] - IndexError: list index out of range
FAILED mutants/tests/autoCorrelationTest.py::test_autoCorrelation_with_func[originalInput7-1-3.5-1.5] - IndexError: list index out of range
FAILED mutants/tests/autoCorrelationTest.py::test_autoCorrelation_with_func[originalInput8-1-3.0-2.9167] - IndexError: list index out of range
9 failed, 1 warning in 0.04s
❌ x_autoCorrelation__mutmut_13 存在失败 (退出码 1)

================================================================================
RUNNING autoCorrelation.py :: x_autoCorrelation__mutmut_14  -  2025-10-16T09:49:58.920691
================================================================================

>>> 当前使用的函数: x_autoCorrelation__mutmut_14
函数源码如下：
def x_autoCorrelation__mutmut_14(data, lag, mean, variance):
    N = len(data)
    run = 0
    for i in range(lag, N):
        run += (data[i] - mean) * (data[i - lag] - mean)
    return run / (N-lag) * variance



.

.

.

.

.

.

.

.

.
============================================================================= warnings summary ==============================================================================
../../anaconda3/envs/mutmut39/lib/python3.9/site-packages/_pytest/config/__init__.py:1474
  /home/rts/anaconda3/envs/mutmut39/lib/python3.9/site-packages/_pytest/config/__init__.py:1474: PytestConfigWarning: Unknown config option: pytest -vv --tb
  
    self._warn_or_fail_if_strict(f"Unknown config option: {key}\n")

-- Docs: https://docs.pytest.org/en/stable/how-to/capture-warnings.html
9 passed, 1 warning in 0.01s
✅ x_autoCorrelation__mutmut_14 所有测试通过

================================================================================
RUNNING autoCorrelation.py :: x_autoCorrelation__mutmut_15  -  2025-10-16T09:49:58.965927
================================================================================

>>> 当前使用的函数: x_autoCorrelation__mutmut_15
函数源码如下：
def x_autoCorrelation__mutmut_15(data, lag, mean, variance):
    N = len(data)
    run = 0
    for i in range(lag, N):
        run += (data[i] - mean) * (data[i - lag] - mean)
    return run * (N-lag)/variance



.

.

.

.

.

.

.

.

.
============================================================================= warnings summary ==============================================================================
../../anaconda3/envs/mutmut39/lib/python3.9/site-packages/_pytest/config/__init__.py:1474
  /home/rts/anaconda3/envs/mutmut39/lib/python3.9/site-packages/_pytest/config/__init__.py:1474: PytestConfigWarning: Unknown config option: pytest -vv --tb
  
    self._warn_or_fail_if_strict(f"Unknown config option: {key}\n")

-- Docs: https://docs.pytest.org/en/stable/how-to/capture-warnings.html
9 passed, 1 warning in 0.01s
✅ x_autoCorrelation__mutmut_15 所有测试通过

================================================================================
RUNNING autoCorrelation.py :: x_autoCorrelation__mutmut_16  -  2025-10-16T09:49:59.011585
================================================================================

>>> 当前使用的函数: x_autoCorrelation__mutmut_16
函数源码如下：
def x_autoCorrelation__mutmut_16(data, lag, mean, variance):
    N = len(data)
    run = 0
    for i in range(lag, N):
        run += (data[i] - mean) * (data[i - lag] - mean)
    return run / (N + lag)/variance



.

.

.

.

.

.

.

.

.
============================================================================= warnings summary ==============================================================================
../../anaconda3/envs/mutmut39/lib/python3.9/site-packages/_pytest/config/__init__.py:1474
  /home/rts/anaconda3/envs/mutmut39/lib/python3.9/site-packages/_pytest/config/__init__.py:1474: PytestConfigWarning: Unknown config option: pytest -vv --tb
  
    self._warn_or_fail_if_strict(f"Unknown config option: {key}\n")

-- Docs: https://docs.pytest.org/en/stable/how-to/capture-warnings.html
9 passed, 1 warning in 0.01s
✅ x_autoCorrelation__mutmut_16 所有测试通过

================================================================================
RUNNING autoCorrelation.py :: x_autoCorrelation__mutmut_2  -  2025-10-16T09:49:59.057029
================================================================================

>>> 当前使用的函数: x_autoCorrelation__mutmut_2
函数源码如下：
def x_autoCorrelation__mutmut_2(data, lag, mean, variance):
    N = len(data)
    run = None
    for i in range(lag, N):
        run += (data[i] - mean) * (data[i - lag] - mean)
    return run / (N-lag)/variance

FFFFFFFFF
================================================================================= FAILURES ==================================================================================
_______________________________________________________ test_autoCorrelation_with_func[originalInput0-1-2.925-1.712] ________________________________________________________
mutants/tests/autoCorrelationTest.py:48: in test_autoCorrelation_with_func
    originalResult = func(originalInput, lag, mean, variance)
mutants/src/autoCorrelation.py:49: in x_autoCorrelation__mutmut_2
    run += (data[i] - mean) * (data[i - lag] - mean)
E   TypeError: unsupported operand type(s) for +=: 'NoneType' and 'float'
_______________________________________________________ test_autoCorrelation_with_func[originalInput1-1-0.96-2.9264] ________________________________________________________
mutants/tests/autoCorrelationTest.py:48: in test_autoCorrelation_with_func
    originalResult = func(originalInput, lag, mean, variance)
mutants/src/autoCorrelation.py:49: in x_autoCorrelation__mutmut_2
    run += (data[i] - mean) * (data[i - lag] - mean)
E   TypeError: unsupported operand type(s) for +=: 'NoneType' and 'float'
_______________________________________________________ test_autoCorrelation_with_func[originalInput2-1--0.106-6.82] ________________________________________________________
mutants/tests/autoCorrelationTest.py:48: in test_autoCorrelation_with_func
    originalResult = func(originalInput, lag, mean, variance)
mutants/src/autoCorrelation.py:49: in x_autoCorrelation__mutmut_2
    run += (data[i] - mean) * (data[i - lag] - mean)
E   TypeError: unsupported operand type(s) for +=: 'NoneType' and 'float'
_________________________________________________________ test_autoCorrelation_with_func[originalInput3-1--5.0-6.0] _________________________________________________________
mutants/tests/autoCorrelationTest.py:48: in test_autoCorrelation_with_func
    originalResult = func(originalInput, lag, mean, variance)
mutants/src/autoCorrelation.py:49: in x_autoCorrelation__mutmut_2
    run += (data[i] - mean) * (data[i - lag] - mean)
E   TypeError: unsupported operand type(s) for +=: 'NoneType' and 'float'
_______________________________________________________ test_autoCorrelation_with_func[originalInput4-1-2.22-0.8214] ________________________________________________________
mutants/tests/autoCorrelationTest.py:48: in test_autoCorrelation_with_func
    originalResult = func(originalInput, lag, mean, variance)
mutants/src/autoCorrelation.py:49: in x_autoCorrelation__mutmut_2
    run += (data[i] - mean) * (data[i - lag] - mean)
E   TypeError: unsupported operand type(s) for +=: 'NoneType' and 'float'
______________________________________________________ test_autoCorrelation_with_func[originalInput5-1--0.55-37.8125] _______________________________________________________
mutants/tests/autoCorrelationTest.py:48: in test_autoCorrelation_with_func
    originalResult = func(originalInput, lag, mean, variance)
mutants/src/autoCorrelation.py:49: in x_autoCorrelation__mutmut_2
    run += (data[i] - mean) * (data[i - lag] - mean)
E   TypeError: unsupported operand type(s) for +=: 'NoneType' and 'float'
______________________________________________________ test_autoCorrelation_with_func[originalInput6-1--1.925-0.3619] _______________________________________________________
mutants/tests/autoCorrelationTest.py:48: in test_autoCorrelation_with_func
    originalResult = func(originalInput, lag, mean, variance)
mutants/src/autoCorrelation.py:49: in x_autoCorrelation__mutmut_2
    run += (data[i] - mean) * (data[i - lag] - mean)
E   TypeError: unsupported operand type(s) for +=: 'NoneType' and 'float'
_________________________________________________________ test_autoCorrelation_with_func[originalInput7-1-3.5-1.5] __________________________________________________________
mutants/tests/autoCorrelationTest.py:48: in test_autoCorrelation_with_func
    originalResult = func(originalInput, lag, mean, variance)
mutants/src/autoCorrelation.py:49: in x_autoCorrelation__mutmut_2
    run += (data[i] - mean) * (data[i - lag] - mean)
E   TypeError: unsupported operand type(s) for +=: 'NoneType' and 'float'
________________________________________________________ test_autoCorrelation_with_func[originalInput8-1-3.0-2.9167] ________________________________________________________
mutants/tests/autoCorrelationTest.py:48: in test_autoCorrelation_with_func
    originalResult = func(originalInput, lag, mean, variance)
mutants/src/autoCorrelation.py:49: in x_autoCorrelation__mutmut_2
    run += (data[i] - mean) * (data[i - lag] - mean)
E   TypeError: unsupported operand type(s) for +=: 'NoneType' and 'float'
============================================================================= warnings summary ==============================================================================
../../anaconda3/envs/mutmut39/lib/python3.9/site-packages/_pytest/config/__init__.py:1474
  /home/rts/anaconda3/envs/mutmut39/lib/python3.9/site-packages/_pytest/config/__init__.py:1474: PytestConfigWarning: Unknown config option: pytest -vv --tb
  
    self._warn_or_fail_if_strict(f"Unknown config option: {key}\n")

-- Docs: https://docs.pytest.org/en/stable/how-to/capture-warnings.html
========================================================================== short test summary info ==========================================================================
FAILED mutants/tests/autoCorrelationTest.py::test_autoCorrelation_with_func[originalInput0-1-2.925-1.712] - TypeError: unsupported operand type(s) for +=: 'NoneType' and 'float'
FAILED mutants/tests/autoCorrelationTest.py::test_autoCorrelation_with_func[originalInput1-1-0.96-2.9264] - TypeError: unsupported operand type(s) for +=: 'NoneType' and 'float'
FAILED mutants/tests/autoCorrelationTest.py::test_autoCorrelation_with_func[originalInput2-1--0.106-6.82] - TypeError: unsupported operand type(s) for +=: 'NoneType' and 'float'
FAILED mutants/tests/autoCorrelationTest.py::test_autoCorrelation_with_func[originalInput3-1--5.0-6.0] - TypeError: unsupported operand type(s) for +=: 'NoneType' and 'float'
FAILED mutants/tests/autoCorrelationTest.py::test_autoCorrelation_with_func[originalInput4-1-2.22-0.8214] - TypeError: unsupported operand type(s) for +=: 'NoneType' and 'float'
FAILED mutants/tests/autoCorrelationTest.py::test_autoCorrelation_with_func[originalInput5-1--0.55-37.8125] - TypeError: unsupported operand type(s) for +=: 'NoneType' and 'float'
FAILED mutants/tests/autoCorrelationTest.py::test_autoCorrelation_with_func[originalInput6-1--1.925-0.3619] - TypeError: unsupported operand type(s) for +=: 'NoneType' and 'float'
FAILED mutants/tests/autoCorrelationTest.py::test_autoCorrelation_with_func[originalInput7-1-3.5-1.5] - TypeError: unsupported operand type(s) for +=: 'NoneType' and 'float'
FAILED mutants/tests/autoCorrelationTest.py::test_autoCorrelation_with_func[originalInput8-1-3.0-2.9167] - TypeError: unsupported operand type(s) for +=: 'NoneType' and 'float'
9 failed, 1 warning in 0.04s
❌ x_autoCorrelation__mutmut_2 存在失败 (退出码 1)

================================================================================
RUNNING autoCorrelation.py :: x_autoCorrelation__mutmut_3  -  2025-10-16T09:49:59.134195
================================================================================

>>> 当前使用的函数: x_autoCorrelation__mutmut_3
函数源码如下：
def x_autoCorrelation__mutmut_3(data, lag, mean, variance):
    N = len(data)
    run = 1
    for i in range(lag, N):
        run += (data[i] - mean) * (data[i - lag] - mean)
    return run / (N-lag)/variance



.

.

.

.

.

.

.

.

.
============================================================================= warnings summary ==============================================================================
../../anaconda3/envs/mutmut39/lib/python3.9/site-packages/_pytest/config/__init__.py:1474
  /home/rts/anaconda3/envs/mutmut39/lib/python3.9/site-packages/_pytest/config/__init__.py:1474: PytestConfigWarning: Unknown config option: pytest -vv --tb
  
    self._warn_or_fail_if_strict(f"Unknown config option: {key}\n")

-- Docs: https://docs.pytest.org/en/stable/how-to/capture-warnings.html
9 passed, 1 warning in 0.01s
✅ x_autoCorrelation__mutmut_3 所有测试通过

================================================================================
RUNNING autoCorrelation.py :: x_autoCorrelation__mutmut_4  -  2025-10-16T09:49:59.179765
================================================================================

>>> 当前使用的函数: x_autoCorrelation__mutmut_4
函数源码如下：
def x_autoCorrelation__mutmut_4(data, lag, mean, variance):
    N = len(data)
    run = 0
    for i in range(None, N):
        run += (data[i] - mean) * (data[i - lag] - mean)
    return run / (N-lag)/variance

FFFFFFFFF
================================================================================= FAILURES ==================================================================================
_______________________________________________________ test_autoCorrelation_with_func[originalInput0-1-2.925-1.712] ________________________________________________________
mutants/tests/autoCorrelationTest.py:48: in test_autoCorrelation_with_func
    originalResult = func(originalInput, lag, mean, variance)
mutants/src/autoCorrelation.py:60: in x_autoCorrelation__mutmut_4
    for i in range(None, N):
E   TypeError: 'NoneType' object cannot be interpreted as an integer
_______________________________________________________ test_autoCorrelation_with_func[originalInput1-1-0.96-2.9264] ________________________________________________________
mutants/tests/autoCorrelationTest.py:48: in test_autoCorrelation_with_func
    originalResult = func(originalInput, lag, mean, variance)
mutants/src/autoCorrelation.py:60: in x_autoCorrelation__mutmut_4
    for i in range(None, N):
E   TypeError: 'NoneType' object cannot be interpreted as an integer
_______________________________________________________ test_autoCorrelation_with_func[originalInput2-1--0.106-6.82] ________________________________________________________
mutants/tests/autoCorrelationTest.py:48: in test_autoCorrelation_with_func
    originalResult = func(originalInput, lag, mean, variance)
mutants/src/autoCorrelation.py:60: in x_autoCorrelation__mutmut_4
    for i in range(None, N):
E   TypeError: 'NoneType' object cannot be interpreted as an integer
_________________________________________________________ test_autoCorrelation_with_func[originalInput3-1--5.0-6.0] _________________________________________________________
mutants/tests/autoCorrelationTest.py:48: in test_autoCorrelation_with_func
    originalResult = func(originalInput, lag, mean, variance)
mutants/src/autoCorrelation.py:60: in x_autoCorrelation__mutmut_4
    for i in range(None, N):
E   TypeError: 'NoneType' object cannot be interpreted as an integer
_______________________________________________________ test_autoCorrelation_with_func[originalInput4-1-2.22-0.8214] ________________________________________________________
mutants/tests/autoCorrelationTest.py:48: in test_autoCorrelation_with_func
    originalResult = func(originalInput, lag, mean, variance)
mutants/src/autoCorrelation.py:60: in x_autoCorrelation__mutmut_4
    for i in range(None, N):
E   TypeError: 'NoneType' object cannot be interpreted as an integer
______________________________________________________ test_autoCorrelation_with_func[originalInput5-1--0.55-37.8125] _______________________________________________________
mutants/tests/autoCorrelationTest.py:48: in test_autoCorrelation_with_func
    originalResult = func(originalInput, lag, mean, variance)
mutants/src/autoCorrelation.py:60: in x_autoCorrelation__mutmut_4
    for i in range(None, N):
E   TypeError: 'NoneType' object cannot be interpreted as an integer
______________________________________________________ test_autoCorrelation_with_func[originalInput6-1--1.925-0.3619] _______________________________________________________
mutants/tests/autoCorrelationTest.py:48: in test_autoCorrelation_with_func
    originalResult = func(originalInput, lag, mean, variance)
mutants/src/autoCorrelation.py:60: in x_autoCorrelation__mutmut_4
    for i in range(None, N):
E   TypeError: 'NoneType' object cannot be interpreted as an integer
_________________________________________________________ test_autoCorrelation_with_func[originalInput7-1-3.5-1.5] __________________________________________________________
mutants/tests/autoCorrelationTest.py:48: in test_autoCorrelation_with_func
    originalResult = func(originalInput, lag, mean, variance)
mutants/src/autoCorrelation.py:60: in x_autoCorrelation__mutmut_4
    for i in range(None, N):
E   TypeError: 'NoneType' object cannot be interpreted as an integer
________________________________________________________ test_autoCorrelation_with_func[originalInput8-1-3.0-2.9167] ________________________________________________________
mutants/tests/autoCorrelationTest.py:48: in test_autoCorrelation_with_func
    originalResult = func(originalInput, lag, mean, variance)
mutants/src/autoCorrelation.py:60: in x_autoCorrelation__mutmut_4
    for i in range(None, N):
E   TypeError: 'NoneType' object cannot be interpreted as an integer
============================================================================= warnings summary ==============================================================================
../../anaconda3/envs/mutmut39/lib/python3.9/site-packages/_pytest/config/__init__.py:1474
  /home/rts/anaconda3/envs/mutmut39/lib/python3.9/site-packages/_pytest/config/__init__.py:1474: PytestConfigWarning: Unknown config option: pytest -vv --tb
  
    self._warn_or_fail_if_strict(f"Unknown config option: {key}\n")

-- Docs: https://docs.pytest.org/en/stable/how-to/capture-warnings.html
========================================================================== short test summary info ==========================================================================
FAILED mutants/tests/autoCorrelationTest.py::test_autoCorrelation_with_func[originalInput0-1-2.925-1.712] - TypeError: 'NoneType' object cannot be interpreted as an integer
FAILED mutants/tests/autoCorrelationTest.py::test_autoCorrelation_with_func[originalInput1-1-0.96-2.9264] - TypeError: 'NoneType' object cannot be interpreted as an integer
FAILED mutants/tests/autoCorrelationTest.py::test_autoCorrelation_with_func[originalInput2-1--0.106-6.82] - TypeError: 'NoneType' object cannot be interpreted as an integer
FAILED mutants/tests/autoCorrelationTest.py::test_autoCorrelation_with_func[originalInput3-1--5.0-6.0] - TypeError: 'NoneType' object cannot be interpreted as an integer
FAILED mutants/tests/autoCorrelationTest.py::test_autoCorrelation_with_func[originalInput4-1-2.22-0.8214] - TypeError: 'NoneType' object cannot be interpreted as an integer
FAILED mutants/tests/autoCorrelationTest.py::test_autoCorrelation_with_func[originalInput5-1--0.55-37.8125] - TypeError: 'NoneType' object cannot be interpreted as an integer
FAILED mutants/tests/autoCorrelationTest.py::test_autoCorrelation_with_func[originalInput6-1--1.925-0.3619] - TypeError: 'NoneType' object cannot be interpreted as an integer
FAILED mutants/tests/autoCorrelationTest.py::test_autoCorrelation_with_func[originalInput7-1-3.5-1.5] - TypeError: 'NoneType' object cannot be interpreted as an integer
FAILED mutants/tests/autoCorrelationTest.py::test_autoCorrelation_with_func[originalInput8-1-3.0-2.9167] - TypeError: 'NoneType' object cannot be interpreted as an integer
9 failed, 1 warning in 0.04s
❌ x_autoCorrelation__mutmut_4 存在失败 (退出码 1)

================================================================================
RUNNING autoCorrelation.py :: x_autoCorrelation__mutmut_5  -  2025-10-16T09:49:59.253843
================================================================================

>>> 当前使用的函数: x_autoCorrelation__mutmut_5
函数源码如下：
def x_autoCorrelation__mutmut_5(data, lag, mean, variance):
    N = len(data)
    run = 0
    for i in range(lag, None):
        run += (data[i] - mean) * (data[i - lag] - mean)
    return run / (N-lag)/variance

FFFFFFFFF
================================================================================= FAILURES ==================================================================================
_______________________________________________________ test_autoCorrelation_with_func[originalInput0-1-2.925-1.712] ________________________________________________________
mutants/tests/autoCorrelationTest.py:48: in test_autoCorrelation_with_func
    originalResult = func(originalInput, lag, mean, variance)
mutants/src/autoCorrelation.py:66: in x_autoCorrelation__mutmut_5
    for i in range(lag, None):
E   TypeError: 'NoneType' object cannot be interpreted as an integer
_______________________________________________________ test_autoCorrelation_with_func[originalInput1-1-0.96-2.9264] ________________________________________________________
mutants/tests/autoCorrelationTest.py:48: in test_autoCorrelation_with_func
    originalResult = func(originalInput, lag, mean, variance)
mutants/src/autoCorrelation.py:66: in x_autoCorrelation__mutmut_5
    for i in range(lag, None):
E   TypeError: 'NoneType' object cannot be interpreted as an integer
_______________________________________________________ test_autoCorrelation_with_func[originalInput2-1--0.106-6.82] ________________________________________________________
mutants/tests/autoCorrelationTest.py:48: in test_autoCorrelation_with_func
    originalResult = func(originalInput, lag, mean, variance)
mutants/src/autoCorrelation.py:66: in x_autoCorrelation__mutmut_5
    for i in range(lag, None):
E   TypeError: 'NoneType' object cannot be interpreted as an integer
_________________________________________________________ test_autoCorrelation_with_func[originalInput3-1--5.0-6.0] _________________________________________________________
mutants/tests/autoCorrelationTest.py:48: in test_autoCorrelation_with_func
    originalResult = func(originalInput, lag, mean, variance)
mutants/src/autoCorrelation.py:66: in x_autoCorrelation__mutmut_5
    for i in range(lag, None):
E   TypeError: 'NoneType' object cannot be interpreted as an integer
_______________________________________________________ test_autoCorrelation_with_func[originalInput4-1-2.22-0.8214] ________________________________________________________
mutants/tests/autoCorrelationTest.py:48: in test_autoCorrelation_with_func
    originalResult = func(originalInput, lag, mean, variance)
mutants/src/autoCorrelation.py:66: in x_autoCorrelation__mutmut_5
    for i in range(lag, None):
E   TypeError: 'NoneType' object cannot be interpreted as an integer
______________________________________________________ test_autoCorrelation_with_func[originalInput5-1--0.55-37.8125] _______________________________________________________
mutants/tests/autoCorrelationTest.py:48: in test_autoCorrelation_with_func
    originalResult = func(originalInput, lag, mean, variance)
mutants/src/autoCorrelation.py:66: in x_autoCorrelation__mutmut_5
    for i in range(lag, None):
E   TypeError: 'NoneType' object cannot be interpreted as an integer
______________________________________________________ test_autoCorrelation_with_func[originalInput6-1--1.925-0.3619] _______________________________________________________
mutants/tests/autoCorrelationTest.py:48: in test_autoCorrelation_with_func
    originalResult = func(originalInput, lag, mean, variance)
mutants/src/autoCorrelation.py:66: in x_autoCorrelation__mutmut_5
    for i in range(lag, None):
E   TypeError: 'NoneType' object cannot be interpreted as an integer
_________________________________________________________ test_autoCorrelation_with_func[originalInput7-1-3.5-1.5] __________________________________________________________
mutants/tests/autoCorrelationTest.py:48: in test_autoCorrelation_with_func
    originalResult = func(originalInput, lag, mean, variance)
mutants/src/autoCorrelation.py:66: in x_autoCorrelation__mutmut_5
    for i in range(lag, None):
E   TypeError: 'NoneType' object cannot be interpreted as an integer
________________________________________________________ test_autoCorrelation_with_func[originalInput8-1-3.0-2.9167] ________________________________________________________
mutants/tests/autoCorrelationTest.py:48: in test_autoCorrelation_with_func
    originalResult = func(originalInput, lag, mean, variance)
mutants/src/autoCorrelation.py:66: in x_autoCorrelation__mutmut_5
    for i in range(lag, None):
E   TypeError: 'NoneType' object cannot be interpreted as an integer
============================================================================= warnings summary ==============================================================================
../../anaconda3/envs/mutmut39/lib/python3.9/site-packages/_pytest/config/__init__.py:1474
  /home/rts/anaconda3/envs/mutmut39/lib/python3.9/site-packages/_pytest/config/__init__.py:1474: PytestConfigWarning: Unknown config option: pytest -vv --tb
  
    self._warn_or_fail_if_strict(f"Unknown config option: {key}\n")

-- Docs: https://docs.pytest.org/en/stable/how-to/capture-warnings.html
========================================================================== short test summary info ==========================================================================
FAILED mutants/tests/autoCorrelationTest.py::test_autoCorrelation_with_func[originalInput0-1-2.925-1.712] - TypeError: 'NoneType' object cannot be interpreted as an integer
FAILED mutants/tests/autoCorrelationTest.py::test_autoCorrelation_with_func[originalInput1-1-0.96-2.9264] - TypeError: 'NoneType' object cannot be interpreted as an integer
FAILED mutants/tests/autoCorrelationTest.py::test_autoCorrelation_with_func[originalInput2-1--0.106-6.82] - TypeError: 'NoneType' object cannot be interpreted as an integer
FAILED mutants/tests/autoCorrelationTest.py::test_autoCorrelation_with_func[originalInput3-1--5.0-6.0] - TypeError: 'NoneType' object cannot be interpreted as an integer
FAILED mutants/tests/autoCorrelationTest.py::test_autoCorrelation_with_func[originalInput4-1-2.22-0.8214] - TypeError: 'NoneType' object cannot be interpreted as an integer
FAILED mutants/tests/autoCorrelationTest.py::test_autoCorrelation_with_func[originalInput5-1--0.55-37.8125] - TypeError: 'NoneType' object cannot be interpreted as an integer
FAILED mutants/tests/autoCorrelationTest.py::test_autoCorrelation_with_func[originalInput6-1--1.925-0.3619] - TypeError: 'NoneType' object cannot be interpreted as an integer
FAILED mutants/tests/autoCorrelationTest.py::test_autoCorrelation_with_func[originalInput7-1-3.5-1.5] - TypeError: 'NoneType' object cannot be interpreted as an integer
FAILED mutants/tests/autoCorrelationTest.py::test_autoCorrelation_with_func[originalInput8-1-3.0-2.9167] - TypeError: 'NoneType' object cannot be interpreted as an integer
9 failed, 1 warning in 0.04s
❌ x_autoCorrelation__mutmut_5 存在失败 (退出码 1)

================================================================================
RUNNING autoCorrelation.py :: x_autoCorrelation__mutmut_6  -  2025-10-16T09:49:59.331530
================================================================================

>>> 当前使用的函数: x_autoCorrelation__mutmut_6
函数源码如下：
def x_autoCorrelation__mutmut_6(data, lag, mean, variance):
    N = len(data)
    run = 0
    for i in range(N):
        run += (data[i] - mean) * (data[i - lag] - mean)
    return run / (N-lag)/variance



.

.

.

.

.

.

.

.

.
============================================================================= warnings summary ==============================================================================
../../anaconda3/envs/mutmut39/lib/python3.9/site-packages/_pytest/config/__init__.py:1474
  /home/rts/anaconda3/envs/mutmut39/lib/python3.9/site-packages/_pytest/config/__init__.py:1474: PytestConfigWarning: Unknown config option: pytest -vv --tb
  
    self._warn_or_fail_if_strict(f"Unknown config option: {key}\n")

-- Docs: https://docs.pytest.org/en/stable/how-to/capture-warnings.html
9 passed, 1 warning in 0.01s
✅ x_autoCorrelation__mutmut_6 所有测试通过

================================================================================
RUNNING autoCorrelation.py :: x_autoCorrelation__mutmut_7  -  2025-10-16T09:49:59.377873
================================================================================

>>> 当前使用的函数: x_autoCorrelation__mutmut_7
函数源码如下：
def x_autoCorrelation__mutmut_7(data, lag, mean, variance):
    N = len(data)
    run = 0
    for i in range(lag, ):
        run += (data[i] - mean) * (data[i - lag] - mean)
    return run / (N-lag)/variance



.

.

.

.

.

.

.

.

.
============================================================================= warnings summary ==============================================================================
../../anaconda3/envs/mutmut39/lib/python3.9/site-packages/_pytest/config/__init__.py:1474
  /home/rts/anaconda3/envs/mutmut39/lib/python3.9/site-packages/_pytest/config/__init__.py:1474: PytestConfigWarning: Unknown config option: pytest -vv --tb
  
    self._warn_or_fail_if_strict(f"Unknown config option: {key}\n")

-- Docs: https://docs.pytest.org/en/stable/how-to/capture-warnings.html
9 passed, 1 warning in 0.01s
✅ x_autoCorrelation__mutmut_7 所有测试通过

================================================================================
RUNNING autoCorrelation.py :: x_autoCorrelation__mutmut_8  -  2025-10-16T09:49:59.423040
================================================================================

>>> 当前使用的函数: x_autoCorrelation__mutmut_8
函数源码如下：
def x_autoCorrelation__mutmut_8(data, lag, mean, variance):
    N = len(data)
    run = 0
    for i in range(lag, N):
        run = (data[i] - mean) * (data[i - lag] - mean)
    return run / (N-lag)/variance



.

.

.

.

.

.

.

.

.
============================================================================= warnings summary ==============================================================================
../../anaconda3/envs/mutmut39/lib/python3.9/site-packages/_pytest/config/__init__.py:1474
  /home/rts/anaconda3/envs/mutmut39/lib/python3.9/site-packages/_pytest/config/__init__.py:1474: PytestConfigWarning: Unknown config option: pytest -vv --tb
  
    self._warn_or_fail_if_strict(f"Unknown config option: {key}\n")

-- Docs: https://docs.pytest.org/en/stable/how-to/capture-warnings.html
9 passed, 1 warning in 0.01s
✅ x_autoCorrelation__mutmut_8 所有测试通过

================================================================================
RUNNING autoCorrelation.py :: x_autoCorrelation__mutmut_9  -  2025-10-16T09:49:59.469196
================================================================================

>>> 当前使用的函数: x_autoCorrelation__mutmut_9
函数源码如下：
def x_autoCorrelation__mutmut_9(data, lag, mean, variance):
    N = len(data)
    run = 0
    for i in range(lag, N):
        run -= (data[i] - mean) * (data[i - lag] - mean)
    return run / (N-lag)/variance



.

.

.

.

.

.

.

.

.
============================================================================= warnings summary ==============================================================================
../../anaconda3/envs/mutmut39/lib/python3.9/site-packages/_pytest/config/__init__.py:1474
  /home/rts/anaconda3/envs/mutmut39/lib/python3.9/site-packages/_pytest/config/__init__.py:1474: PytestConfigWarning: Unknown config option: pytest -vv --tb
  
    self._warn_or_fail_if_strict(f"Unknown config option: {key}\n")

-- Docs: https://docs.pytest.org/en/stable/how-to/capture-warnings.html
9 passed, 1 warning in 0.01s
✅ x_autoCorrelation__mutmut_9 所有测试通过

================================================================================
RUNNING autoCorrelation.py :: x_autoCorrelation__mutmut_orig  -  2025-10-16T09:49:59.514801
================================================================================

>>> 当前使用的函数: x_autoCorrelation__mutmut_orig
函数源码如下：
def x_autoCorrelation__mutmut_orig(data, lag, mean, variance):
    N = len(data)
    run = 0
    for i in range(lag, N):
        run += (data[i] - mean) * (data[i - lag] - mean)
    return run / (N-lag)/variance



.

.

.

.

.

.

.

.

.
============================================================================= warnings summary ==============================================================================
../../anaconda3/envs/mutmut39/lib/python3.9/site-packages/_pytest/config/__init__.py:1474
  /home/rts/anaconda3/envs/mutmut39/lib/python3.9/site-packages/_pytest/config/__init__.py:1474: PytestConfigWarning: Unknown config option: pytest -vv --tb
  
    self._warn_or_fail_if_strict(f"Unknown config option: {key}\n")

-- Docs: https://docs.pytest.org/en/stable/how-to/capture-warnings.html
9 passed, 1 warning in 0.01s
✅ x_autoCorrelation__mutmut_orig 所有测试通过
