
=== Running tests for single mutant file: clip.py ===

================================================================================
RUNNING clip.py :: x_clip__mutmut_1  -  2025-10-16T14:51:05.477329
================================================================================

>>> 当前使用的函数: x_clip__mutmut_1
函数源码如下：
def x_clip__mutmut_1(a, loweLim, upperLim):
    r = None
    for i in range(0, len(a)):
        if a[i] < loweLim:
            r[i] = loweLim
        else:
            if a[i] > upperLim:
                r[i] = upperLim
            else:
                r[i] = a[i]

    return r

test_clip 执行了
FFFFFFFFFF
================================================================================= FAILURES ==================================================================================
____________________________________________________________________ test_clip_with_func[originalInput0] ____________________________________________________________________
mutants/tests/clipTest.py:152: in test_clip_with_func
    originalResult = func(originalInput, 1, 5)
mutants/src/clip.py:54: in x_clip__mutmut_1
    r[i] = a[i]
E   TypeError: 'NoneType' object does not support item assignment
____________________________________________________________________ test_clip_with_func[originalInput1] ____________________________________________________________________
mutants/tests/clipTest.py:152: in test_clip_with_func
    originalResult = func(originalInput, 1, 5)
mutants/src/clip.py:54: in x_clip__mutmut_1
    r[i] = a[i]
E   TypeError: 'NoneType' object does not support item assignment
____________________________________________________________________ test_clip_with_func[originalInput2] ____________________________________________________________________
mutants/tests/clipTest.py:152: in test_clip_with_func
    originalResult = func(originalInput, 1, 5)
mutants/src/clip.py:54: in x_clip__mutmut_1
    r[i] = a[i]
E   TypeError: 'NoneType' object does not support item assignment
____________________________________________________________________ test_clip_with_func[originalInput3] ____________________________________________________________________
mutants/tests/clipTest.py:152: in test_clip_with_func
    originalResult = func(originalInput, 1, 5)
mutants/src/clip.py:52: in x_clip__mutmut_1
    r[i] = upperLim
E   TypeError: 'NoneType' object does not support item assignment
____________________________________________________________________ test_clip_with_func[originalInput4] ____________________________________________________________________
mutants/tests/clipTest.py:152: in test_clip_with_func
    originalResult = func(originalInput, 1, 5)
mutants/src/clip.py:49: in x_clip__mutmut_1
    r[i] = loweLim
E   TypeError: 'NoneType' object does not support item assignment
____________________________________________________________________ test_clip_with_func[originalInput5] ____________________________________________________________________
mutants/tests/clipTest.py:152: in test_clip_with_func
    originalResult = func(originalInput, 1, 5)
mutants/src/clip.py:52: in x_clip__mutmut_1
    r[i] = upperLim
E   TypeError: 'NoneType' object does not support item assignment
____________________________________________________________________ test_clip_with_func[originalInput6] ____________________________________________________________________
mutants/tests/clipTest.py:152: in test_clip_with_func
    originalResult = func(originalInput, 1, 5)
mutants/src/clip.py:54: in x_clip__mutmut_1
    r[i] = a[i]
E   TypeError: 'NoneType' object does not support item assignment
____________________________________________________________________ test_clip_with_func[originalInput7] ____________________________________________________________________
mutants/tests/clipTest.py:152: in test_clip_with_func
    originalResult = func(originalInput, 1, 5)
mutants/src/clip.py:54: in x_clip__mutmut_1
    r[i] = a[i]
E   TypeError: 'NoneType' object does not support item assignment
____________________________________________________________________ test_clip_with_func[originalInput8] ____________________________________________________________________
mutants/tests/clipTest.py:152: in test_clip_with_func
    originalResult = func(originalInput, 1, 5)
mutants/src/clip.py:54: in x_clip__mutmut_1
    r[i] = a[i]
E   TypeError: 'NoneType' object does not support item assignment
____________________________________________________________________ test_clip_with_func[originalInput9] ____________________________________________________________________
mutants/tests/clipTest.py:152: in test_clip_with_func
    originalResult = func(originalInput, 1, 5)
mutants/src/clip.py:49: in x_clip__mutmut_1
    r[i] = loweLim
E   TypeError: 'NoneType' object does not support item assignment
============================================================================= warnings summary ==============================================================================
../../anaconda3/envs/mutmut39/lib/python3.9/site-packages/_pytest/config/__init__.py:1474
  /home/rts/anaconda3/envs/mutmut39/lib/python3.9/site-packages/_pytest/config/__init__.py:1474: PytestConfigWarning: Unknown config option: pytest -vv --tb
  
    self._warn_or_fail_if_strict(f"Unknown config option: {key}\n")

-- Docs: https://docs.pytest.org/en/stable/how-to/capture-warnings.html
========================================================================== short test summary info ==========================================================================
FAILED mutants/tests/clipTest.py::test_clip_with_func[originalInput0] - TypeError: 'NoneType' object does not support item assignment
FAILED mutants/tests/clipTest.py::test_clip_with_func[originalInput1] - TypeError: 'NoneType' object does not support item assignment
FAILED mutants/tests/clipTest.py::test_clip_with_func[originalInput2] - TypeError: 'NoneType' object does not support item assignment
FAILED mutants/tests/clipTest.py::test_clip_with_func[originalInput3] - TypeError: 'NoneType' object does not support item assignment
FAILED mutants/tests/clipTest.py::test_clip_with_func[originalInput4] - TypeError: 'NoneType' object does not support item assignment
FAILED mutants/tests/clipTest.py::test_clip_with_func[originalInput5] - TypeError: 'NoneType' object does not support item assignment
FAILED mutants/tests/clipTest.py::test_clip_with_func[originalInput6] - TypeError: 'NoneType' object does not support item assignment
FAILED mutants/tests/clipTest.py::test_clip_with_func[originalInput7] - TypeError: 'NoneType' object does not support item assignment
FAILED mutants/tests/clipTest.py::test_clip_with_func[originalInput8] - TypeError: 'NoneType' object does not support item assignment
FAILED mutants/tests/clipTest.py::test_clip_with_func[originalInput9] - TypeError: 'NoneType' object does not support item assignment
10 failed, 1 warning in 0.13s
❌ x_clip__mutmut_1 存在失败 (退出码 1)

================================================================================
RUNNING clip.py :: x_clip__mutmut_10  -  2025-10-16T14:51:05.693895
================================================================================

>>> 当前使用的函数: x_clip__mutmut_10
函数源码如下：
def x_clip__mutmut_10(a, loweLim, upperLim):
    r = [0] * len(a)  # 预分配与 a 相同长度
    for i in range(0, len(a)):
        if a[i] < loweLim:
            r[i] = loweLim
        else:
            if a[i] > upperLim:
                r[i] = None
            else:
                r[i] = a[i]

    return r

FFFFFFFFFF
================================================================================= FAILURES ==================================================================================
____________________________________________________________________ test_clip_with_func[originalInput0] ____________________________________________________________________
mutants/tests/clipTest.py:153: in test_clip_with_func
    applyMR_Assert(originalInput, originalResult)
mutants/tests/clipTest.py:118: in applyMR_Assert
    check.equal(sum(orig_list), sum(r1), "MR1 failed (sum should be equal)")
E   TypeError: unsupported operand type(s) for +: 'int' and 'NoneType'
____________________________________________________________________ test_clip_with_func[originalInput1] ____________________________________________________________________
mutants/tests/clipTest.py:153: in test_clip_with_func
    applyMR_Assert(originalInput, originalResult)
mutants/tests/clipTest.py:119: in applyMR_Assert
    check.is_true(sum(orig_list) <= sum(r2), "MR2 failed (orig <= transform2)")
E   TypeError: unsupported operand type(s) for +: 'int' and 'NoneType'
____________________________________________________________________ test_clip_with_func[originalInput2] ____________________________________________________________________
mutants/tests/clipTest.py:153: in test_clip_with_func
    applyMR_Assert(originalInput, originalResult)
mutants/tests/clipTest.py:118: in applyMR_Assert
    check.equal(sum(orig_list), sum(r1), "MR1 failed (sum should be equal)")
E   TypeError: unsupported operand type(s) for +: 'int' and 'NoneType'
____________________________________________________________________ test_clip_with_func[originalInput3] ____________________________________________________________________
mutants/tests/clipTest.py:153: in test_clip_with_func
    applyMR_Assert(originalInput, originalResult)
mutants/tests/clipTest.py:118: in applyMR_Assert
    check.equal(sum(orig_list), sum(r1), "MR1 failed (sum should be equal)")
E   TypeError: unsupported operand type(s) for +: 'int' and 'NoneType'
____________________________________________________________________ test_clip_with_func[originalInput4] ____________________________________________________________________
mutants/tests/clipTest.py:153: in test_clip_with_func
    applyMR_Assert(originalInput, originalResult)
mutants/tests/clipTest.py:118: in applyMR_Assert
    check.equal(sum(orig_list), sum(r1), "MR1 failed (sum should be equal)")
E   TypeError: unsupported operand type(s) for +: 'int' and 'NoneType'
____________________________________________________________________ test_clip_with_func[originalInput5] ____________________________________________________________________
mutants/tests/clipTest.py:153: in test_clip_with_func
    applyMR_Assert(originalInput, originalResult)
mutants/tests/clipTest.py:118: in applyMR_Assert
    check.equal(sum(orig_list), sum(r1), "MR1 failed (sum should be equal)")
E   TypeError: unsupported operand type(s) for +: 'int' and 'NoneType'
____________________________________________________________________ test_clip_with_func[originalInput6] ____________________________________________________________________
mutants/tests/clipTest.py:153: in test_clip_with_func
    applyMR_Assert(originalInput, originalResult)
mutants/tests/clipTest.py:118: in applyMR_Assert
    check.equal(sum(orig_list), sum(r1), "MR1 failed (sum should be equal)")
E   TypeError: unsupported operand type(s) for +: 'int' and 'NoneType'
____________________________________________________________________ test_clip_with_func[originalInput7] ____________________________________________________________________
mutants/tests/clipTest.py:153: in test_clip_with_func
    applyMR_Assert(originalInput, originalResult)
mutants/tests/clipTest.py:118: in applyMR_Assert
    check.equal(sum(orig_list), sum(r1), "MR1 failed (sum should be equal)")
E   TypeError: unsupported operand type(s) for +: 'int' and 'NoneType'
____________________________________________________________________ test_clip_with_func[originalInput8] ____________________________________________________________________
mutants/tests/clipTest.py:153: in test_clip_with_func
    applyMR_Assert(originalInput, originalResult)
mutants/tests/clipTest.py:119: in applyMR_Assert
    check.is_true(sum(orig_list) <= sum(r2), "MR2 failed (orig <= transform2)")
E   TypeError: unsupported operand type(s) for +: 'int' and 'NoneType'
____________________________________________________________________ test_clip_with_func[originalInput9] ____________________________________________________________________
mutants/tests/clipTest.py:153: in test_clip_with_func
    applyMR_Assert(originalInput, originalResult)
mutants/tests/clipTest.py:118: in applyMR_Assert
    check.equal(sum(orig_list), sum(r1), "MR1 failed (sum should be equal)")
E   TypeError: unsupported operand type(s) for +: 'int' and 'NoneType'
============================================================================= warnings summary ==============================================================================
../../anaconda3/envs/mutmut39/lib/python3.9/site-packages/_pytest/config/__init__.py:1474
  /home/rts/anaconda3/envs/mutmut39/lib/python3.9/site-packages/_pytest/config/__init__.py:1474: PytestConfigWarning: Unknown config option: pytest -vv --tb
  
    self._warn_or_fail_if_strict(f"Unknown config option: {key}\n")

-- Docs: https://docs.pytest.org/en/stable/how-to/capture-warnings.html
========================================================================== short test summary info ==========================================================================
FAILED mutants/tests/clipTest.py::test_clip_with_func[originalInput0] - TypeError: unsupported operand type(s) for +: 'int' and 'NoneType'
FAILED mutants/tests/clipTest.py::test_clip_with_func[originalInput1] - TypeError: unsupported operand type(s) for +: 'int' and 'NoneType'
FAILED mutants/tests/clipTest.py::test_clip_with_func[originalInput2] - TypeError: unsupported operand type(s) for +: 'int' and 'NoneType'
FAILED mutants/tests/clipTest.py::test_clip_with_func[originalInput3] - TypeError: unsupported operand type(s) for +: 'int' and 'NoneType'
FAILED mutants/tests/clipTest.py::test_clip_with_func[originalInput4] - TypeError: unsupported operand type(s) for +: 'int' and 'NoneType'
FAILED mutants/tests/clipTest.py::test_clip_with_func[originalInput5] - TypeError: unsupported operand type(s) for +: 'int' and 'NoneType'
FAILED mutants/tests/clipTest.py::test_clip_with_func[originalInput6] - TypeError: unsupported operand type(s) for +: 'int' and 'NoneType'
FAILED mutants/tests/clipTest.py::test_clip_with_func[originalInput7] - TypeError: unsupported operand type(s) for +: 'int' and 'NoneType'
FAILED mutants/tests/clipTest.py::test_clip_with_func[originalInput8] - TypeError: unsupported operand type(s) for +: 'int' and 'NoneType'
FAILED mutants/tests/clipTest.py::test_clip_with_func[originalInput9] - TypeError: unsupported operand type(s) for +: 'int' and 'NoneType'
10 failed, 1 warning in 0.04s
❌ x_clip__mutmut_10 存在失败 (退出码 1)

================================================================================
RUNNING clip.py :: x_clip__mutmut_11  -  2025-10-16T14:51:05.781988
================================================================================

>>> 当前使用的函数: x_clip__mutmut_11
函数源码如下：
def x_clip__mutmut_11(a, loweLim, upperLim):
    r = [0] * len(a)  # 预分配与 a 相同长度
    for i in range(0, len(a)):
        if a[i] < loweLim:
            r[i] = loweLim
        else:
            if a[i] > upperLim:
                r[i] = upperLim
            else:
                r[i] = None

    return r

FFFFFFFFFF
================================================================================= FAILURES ==================================================================================
____________________________________________________________________ test_clip_with_func[originalInput0] ____________________________________________________________________
mutants/tests/clipTest.py:153: in test_clip_with_func
    applyMR_Assert(originalInput, originalResult)
mutants/tests/clipTest.py:118: in applyMR_Assert
    check.equal(sum(orig_list), sum(r1), "MR1 failed (sum should be equal)")
E   TypeError: unsupported operand type(s) for +: 'int' and 'NoneType'
____________________________________________________________________ test_clip_with_func[originalInput1] ____________________________________________________________________
mutants/tests/clipTest.py:153: in test_clip_with_func
    applyMR_Assert(originalInput, originalResult)
mutants/tests/clipTest.py:118: in applyMR_Assert
    check.equal(sum(orig_list), sum(r1), "MR1 failed (sum should be equal)")
E   TypeError: unsupported operand type(s) for +: 'int' and 'NoneType'
____________________________________________________________________ test_clip_with_func[originalInput2] ____________________________________________________________________
mutants/tests/clipTest.py:153: in test_clip_with_func
    applyMR_Assert(originalInput, originalResult)
mutants/tests/clipTest.py:118: in applyMR_Assert
    check.equal(sum(orig_list), sum(r1), "MR1 failed (sum should be equal)")
E   TypeError: unsupported operand type(s) for +: 'int' and 'NoneType'
____________________________________________________________________ test_clip_with_func[originalInput3] ____________________________________________________________________
mutants/tests/clipTest.py:153: in test_clip_with_func
    applyMR_Assert(originalInput, originalResult)
mutants/tests/clipTest.py:118: in applyMR_Assert
    check.equal(sum(orig_list), sum(r1), "MR1 failed (sum should be equal)")
E   TypeError: unsupported operand type(s) for +: 'int' and 'NoneType'
____________________________________________________________________ test_clip_with_func[originalInput4] ____________________________________________________________________
mutants/tests/clipTest.py:153: in test_clip_with_func
    applyMR_Assert(originalInput, originalResult)
mutants/tests/clipTest.py:118: in applyMR_Assert
    check.equal(sum(orig_list), sum(r1), "MR1 failed (sum should be equal)")
E   TypeError: unsupported operand type(s) for +: 'int' and 'NoneType'
____________________________________________________________________ test_clip_with_func[originalInput5] ____________________________________________________________________
mutants/tests/clipTest.py:153: in test_clip_with_func
    applyMR_Assert(originalInput, originalResult)
mutants/tests/clipTest.py:118: in applyMR_Assert
    check.equal(sum(orig_list), sum(r1), "MR1 failed (sum should be equal)")
E   TypeError: unsupported operand type(s) for +: 'int' and 'NoneType'
____________________________________________________________________ test_clip_with_func[originalInput6] ____________________________________________________________________
mutants/tests/clipTest.py:153: in test_clip_with_func
    applyMR_Assert(originalInput, originalResult)
mutants/tests/clipTest.py:118: in applyMR_Assert
    check.equal(sum(orig_list), sum(r1), "MR1 failed (sum should be equal)")
E   TypeError: unsupported operand type(s) for +: 'int' and 'NoneType'
____________________________________________________________________ test_clip_with_func[originalInput7] ____________________________________________________________________
mutants/tests/clipTest.py:153: in test_clip_with_func
    applyMR_Assert(originalInput, originalResult)
mutants/tests/clipTest.py:118: in applyMR_Assert
    check.equal(sum(orig_list), sum(r1), "MR1 failed (sum should be equal)")
E   TypeError: unsupported operand type(s) for +: 'int' and 'NoneType'
____________________________________________________________________ test_clip_with_func[originalInput8] ____________________________________________________________________
mutants/tests/clipTest.py:153: in test_clip_with_func
    applyMR_Assert(originalInput, originalResult)
mutants/tests/clipTest.py:118: in applyMR_Assert
    check.equal(sum(orig_list), sum(r1), "MR1 failed (sum should be equal)")
E   TypeError: unsupported operand type(s) for +: 'int' and 'NoneType'
____________________________________________________________________ test_clip_with_func[originalInput9] ____________________________________________________________________
mutants/tests/clipTest.py:153: in test_clip_with_func
    applyMR_Assert(originalInput, originalResult)
mutants/tests/clipTest.py:118: in applyMR_Assert
    check.equal(sum(orig_list), sum(r1), "MR1 failed (sum should be equal)")
E   TypeError: unsupported operand type(s) for +: 'int' and 'NoneType'
============================================================================= warnings summary ==============================================================================
../../anaconda3/envs/mutmut39/lib/python3.9/site-packages/_pytest/config/__init__.py:1474
  /home/rts/anaconda3/envs/mutmut39/lib/python3.9/site-packages/_pytest/config/__init__.py:1474: PytestConfigWarning: Unknown config option: pytest -vv --tb
  
    self._warn_or_fail_if_strict(f"Unknown config option: {key}\n")

-- Docs: https://docs.pytest.org/en/stable/how-to/capture-warnings.html
========================================================================== short test summary info ==========================================================================
FAILED mutants/tests/clipTest.py::test_clip_with_func[originalInput0] - TypeError: unsupported operand type(s) for +: 'int' and 'NoneType'
FAILED mutants/tests/clipTest.py::test_clip_with_func[originalInput1] - TypeError: unsupported operand type(s) for +: 'int' and 'NoneType'
FAILED mutants/tests/clipTest.py::test_clip_with_func[originalInput2] - TypeError: unsupported operand type(s) for +: 'int' and 'NoneType'
FAILED mutants/tests/clipTest.py::test_clip_with_func[originalInput3] - TypeError: unsupported operand type(s) for +: 'int' and 'NoneType'
FAILED mutants/tests/clipTest.py::test_clip_with_func[originalInput4] - TypeError: unsupported operand type(s) for +: 'int' and 'NoneType'
FAILED mutants/tests/clipTest.py::test_clip_with_func[originalInput5] - TypeError: unsupported operand type(s) for +: 'int' and 'NoneType'
FAILED mutants/tests/clipTest.py::test_clip_with_func[originalInput6] - TypeError: unsupported operand type(s) for +: 'int' and 'NoneType'
FAILED mutants/tests/clipTest.py::test_clip_with_func[originalInput7] - TypeError: unsupported operand type(s) for +: 'int' and 'NoneType'
FAILED mutants/tests/clipTest.py::test_clip_with_func[originalInput8] - TypeError: unsupported operand type(s) for +: 'int' and 'NoneType'
FAILED mutants/tests/clipTest.py::test_clip_with_func[originalInput9] - TypeError: unsupported operand type(s) for +: 'int' and 'NoneType'
10 failed, 1 warning in 0.04s
❌ x_clip__mutmut_11 存在失败 (退出码 1)

================================================================================
RUNNING clip.py :: x_clip__mutmut_2  -  2025-10-16T14:51:05.868889
================================================================================

>>> 当前使用的函数: x_clip__mutmut_2
函数源码如下：
def x_clip__mutmut_2(a, loweLim, upperLim):
    r = [0] * len(a)  # 预分配与 a 相同长度
    for i in range(None, len(a)):
        if a[i] < loweLim:
            r[i] = loweLim
        else:
            if a[i] > upperLim:
                r[i] = upperLim
            else:
                r[i] = a[i]

    return r

FFFFFFFFFF
================================================================================= FAILURES ==================================================================================
____________________________________________________________________ test_clip_with_func[originalInput0] ____________________________________________________________________
mutants/tests/clipTest.py:152: in test_clip_with_func
    originalResult = func(originalInput, 1, 5)
mutants/src/clip.py:59: in x_clip__mutmut_2
    for i in range(None, len(a)):
E   TypeError: 'NoneType' object cannot be interpreted as an integer
____________________________________________________________________ test_clip_with_func[originalInput1] ____________________________________________________________________
mutants/tests/clipTest.py:152: in test_clip_with_func
    originalResult = func(originalInput, 1, 5)
mutants/src/clip.py:59: in x_clip__mutmut_2
    for i in range(None, len(a)):
E   TypeError: 'NoneType' object cannot be interpreted as an integer
____________________________________________________________________ test_clip_with_func[originalInput2] ____________________________________________________________________
mutants/tests/clipTest.py:152: in test_clip_with_func
    originalResult = func(originalInput, 1, 5)
mutants/src/clip.py:59: in x_clip__mutmut_2
    for i in range(None, len(a)):
E   TypeError: 'NoneType' object cannot be interpreted as an integer
____________________________________________________________________ test_clip_with_func[originalInput3] ____________________________________________________________________
mutants/tests/clipTest.py:152: in test_clip_with_func
    originalResult = func(originalInput, 1, 5)
mutants/src/clip.py:59: in x_clip__mutmut_2
    for i in range(None, len(a)):
E   TypeError: 'NoneType' object cannot be interpreted as an integer
____________________________________________________________________ test_clip_with_func[originalInput4] ____________________________________________________________________
mutants/tests/clipTest.py:152: in test_clip_with_func
    originalResult = func(originalInput, 1, 5)
mutants/src/clip.py:59: in x_clip__mutmut_2
    for i in range(None, len(a)):
E   TypeError: 'NoneType' object cannot be interpreted as an integer
____________________________________________________________________ test_clip_with_func[originalInput5] ____________________________________________________________________
mutants/tests/clipTest.py:152: in test_clip_with_func
    originalResult = func(originalInput, 1, 5)
mutants/src/clip.py:59: in x_clip__mutmut_2
    for i in range(None, len(a)):
E   TypeError: 'NoneType' object cannot be interpreted as an integer
____________________________________________________________________ test_clip_with_func[originalInput6] ____________________________________________________________________
mutants/tests/clipTest.py:152: in test_clip_with_func
    originalResult = func(originalInput, 1, 5)
mutants/src/clip.py:59: in x_clip__mutmut_2
    for i in range(None, len(a)):
E   TypeError: 'NoneType' object cannot be interpreted as an integer
____________________________________________________________________ test_clip_with_func[originalInput7] ____________________________________________________________________
mutants/tests/clipTest.py:152: in test_clip_with_func
    originalResult = func(originalInput, 1, 5)
mutants/src/clip.py:59: in x_clip__mutmut_2
    for i in range(None, len(a)):
E   TypeError: 'NoneType' object cannot be interpreted as an integer
____________________________________________________________________ test_clip_with_func[originalInput8] ____________________________________________________________________
mutants/tests/clipTest.py:152: in test_clip_with_func
    originalResult = func(originalInput, 1, 5)
mutants/src/clip.py:59: in x_clip__mutmut_2
    for i in range(None, len(a)):
E   TypeError: 'NoneType' object cannot be interpreted as an integer
____________________________________________________________________ test_clip_with_func[originalInput9] ____________________________________________________________________
mutants/tests/clipTest.py:152: in test_clip_with_func
    originalResult = func(originalInput, 1, 5)
mutants/src/clip.py:59: in x_clip__mutmut_2
    for i in range(None, len(a)):
E   TypeError: 'NoneType' object cannot be interpreted as an integer
============================================================================= warnings summary ==============================================================================
../../anaconda3/envs/mutmut39/lib/python3.9/site-packages/_pytest/config/__init__.py:1474
  /home/rts/anaconda3/envs/mutmut39/lib/python3.9/site-packages/_pytest/config/__init__.py:1474: PytestConfigWarning: Unknown config option: pytest -vv --tb
  
    self._warn_or_fail_if_strict(f"Unknown config option: {key}\n")

-- Docs: https://docs.pytest.org/en/stable/how-to/capture-warnings.html
========================================================================== short test summary info ==========================================================================
FAILED mutants/tests/clipTest.py::test_clip_with_func[originalInput0] - TypeError: 'NoneType' object cannot be interpreted as an integer
FAILED mutants/tests/clipTest.py::test_clip_with_func[originalInput1] - TypeError: 'NoneType' object cannot be interpreted as an integer
FAILED mutants/tests/clipTest.py::test_clip_with_func[originalInput2] - TypeError: 'NoneType' object cannot be interpreted as an integer
FAILED mutants/tests/clipTest.py::test_clip_with_func[originalInput3] - TypeError: 'NoneType' object cannot be interpreted as an integer
FAILED mutants/tests/clipTest.py::test_clip_with_func[originalInput4] - TypeError: 'NoneType' object cannot be interpreted as an integer
FAILED mutants/tests/clipTest.py::test_clip_with_func[originalInput5] - TypeError: 'NoneType' object cannot be interpreted as an integer
FAILED mutants/tests/clipTest.py::test_clip_with_func[originalInput6] - TypeError: 'NoneType' object cannot be interpreted as an integer
FAILED mutants/tests/clipTest.py::test_clip_with_func[originalInput7] - TypeError: 'NoneType' object cannot be interpreted as an integer
FAILED mutants/tests/clipTest.py::test_clip_with_func[originalInput8] - TypeError: 'NoneType' object cannot be interpreted as an integer
FAILED mutants/tests/clipTest.py::test_clip_with_func[originalInput9] - TypeError: 'NoneType' object cannot be interpreted as an integer
10 failed, 1 warning in 0.05s
❌ x_clip__mutmut_2 存在失败 (退出码 1)

================================================================================
RUNNING clip.py :: x_clip__mutmut_3  -  2025-10-16T14:51:05.968042
================================================================================

>>> 当前使用的函数: x_clip__mutmut_3
函数源码如下：
def x_clip__mutmut_3(a, loweLim, upperLim):
    r = [0] * len(a)  # 预分配与 a 相同长度
    for i in range(0, None):
        if a[i] < loweLim:
            r[i] = loweLim
        else:
            if a[i] > upperLim:
                r[i] = upperLim
            else:
                r[i] = a[i]

    return r

FFFFFFFFFF
================================================================================= FAILURES ==================================================================================
____________________________________________________________________ test_clip_with_func[originalInput0] ____________________________________________________________________
mutants/tests/clipTest.py:152: in test_clip_with_func
    originalResult = func(originalInput, 1, 5)
mutants/src/clip.py:71: in x_clip__mutmut_3
    for i in range(0, None):
E   TypeError: 'NoneType' object cannot be interpreted as an integer
____________________________________________________________________ test_clip_with_func[originalInput1] ____________________________________________________________________
mutants/tests/clipTest.py:152: in test_clip_with_func
    originalResult = func(originalInput, 1, 5)
mutants/src/clip.py:71: in x_clip__mutmut_3
    for i in range(0, None):
E   TypeError: 'NoneType' object cannot be interpreted as an integer
____________________________________________________________________ test_clip_with_func[originalInput2] ____________________________________________________________________
mutants/tests/clipTest.py:152: in test_clip_with_func
    originalResult = func(originalInput, 1, 5)
mutants/src/clip.py:71: in x_clip__mutmut_3
    for i in range(0, None):
E   TypeError: 'NoneType' object cannot be interpreted as an integer
____________________________________________________________________ test_clip_with_func[originalInput3] ____________________________________________________________________
mutants/tests/clipTest.py:152: in test_clip_with_func
    originalResult = func(originalInput, 1, 5)
mutants/src/clip.py:71: in x_clip__mutmut_3
    for i in range(0, None):
E   TypeError: 'NoneType' object cannot be interpreted as an integer
____________________________________________________________________ test_clip_with_func[originalInput4] ____________________________________________________________________
mutants/tests/clipTest.py:152: in test_clip_with_func
    originalResult = func(originalInput, 1, 5)
mutants/src/clip.py:71: in x_clip__mutmut_3
    for i in range(0, None):
E   TypeError: 'NoneType' object cannot be interpreted as an integer
____________________________________________________________________ test_clip_with_func[originalInput5] ____________________________________________________________________
mutants/tests/clipTest.py:152: in test_clip_with_func
    originalResult = func(originalInput, 1, 5)
mutants/src/clip.py:71: in x_clip__mutmut_3
    for i in range(0, None):
E   TypeError: 'NoneType' object cannot be interpreted as an integer
____________________________________________________________________ test_clip_with_func[originalInput6] ____________________________________________________________________
mutants/tests/clipTest.py:152: in test_clip_with_func
    originalResult = func(originalInput, 1, 5)
mutants/src/clip.py:71: in x_clip__mutmut_3
    for i in range(0, None):
E   TypeError: 'NoneType' object cannot be interpreted as an integer
____________________________________________________________________ test_clip_with_func[originalInput7] ____________________________________________________________________
mutants/tests/clipTest.py:152: in test_clip_with_func
    originalResult = func(originalInput, 1, 5)
mutants/src/clip.py:71: in x_clip__mutmut_3
    for i in range(0, None):
E   TypeError: 'NoneType' object cannot be interpreted as an integer
____________________________________________________________________ test_clip_with_func[originalInput8] ____________________________________________________________________
mutants/tests/clipTest.py:152: in test_clip_with_func
    originalResult = func(originalInput, 1, 5)
mutants/src/clip.py:71: in x_clip__mutmut_3
    for i in range(0, None):
E   TypeError: 'NoneType' object cannot be interpreted as an integer
____________________________________________________________________ test_clip_with_func[originalInput9] ____________________________________________________________________
mutants/tests/clipTest.py:152: in test_clip_with_func
    originalResult = func(originalInput, 1, 5)
mutants/src/clip.py:71: in x_clip__mutmut_3
    for i in range(0, None):
E   TypeError: 'NoneType' object cannot be interpreted as an integer
============================================================================= warnings summary ==============================================================================
../../anaconda3/envs/mutmut39/lib/python3.9/site-packages/_pytest/config/__init__.py:1474
  /home/rts/anaconda3/envs/mutmut39/lib/python3.9/site-packages/_pytest/config/__init__.py:1474: PytestConfigWarning: Unknown config option: pytest -vv --tb
  
    self._warn_or_fail_if_strict(f"Unknown config option: {key}\n")

-- Docs: https://docs.pytest.org/en/stable/how-to/capture-warnings.html
========================================================================== short test summary info ==========================================================================
FAILED mutants/tests/clipTest.py::test_clip_with_func[originalInput0] - TypeError: 'NoneType' object cannot be interpreted as an integer
FAILED mutants/tests/clipTest.py::test_clip_with_func[originalInput1] - TypeError: 'NoneType' object cannot be interpreted as an integer
FAILED mutants/tests/clipTest.py::test_clip_with_func[originalInput2] - TypeError: 'NoneType' object cannot be interpreted as an integer
FAILED mutants/tests/clipTest.py::test_clip_with_func[originalInput3] - TypeError: 'NoneType' object cannot be interpreted as an integer
FAILED mutants/tests/clipTest.py::test_clip_with_func[originalInput4] - TypeError: 'NoneType' object cannot be interpreted as an integer
FAILED mutants/tests/clipTest.py::test_clip_with_func[originalInput5] - TypeError: 'NoneType' object cannot be interpreted as an integer
FAILED mutants/tests/clipTest.py::test_clip_with_func[originalInput6] - TypeError: 'NoneType' object cannot be interpreted as an integer
FAILED mutants/tests/clipTest.py::test_clip_with_func[originalInput7] - TypeError: 'NoneType' object cannot be interpreted as an integer
FAILED mutants/tests/clipTest.py::test_clip_with_func[originalInput8] - TypeError: 'NoneType' object cannot be interpreted as an integer
FAILED mutants/tests/clipTest.py::test_clip_with_func[originalInput9] - TypeError: 'NoneType' object cannot be interpreted as an integer
10 failed, 1 warning in 0.05s
❌ x_clip__mutmut_3 存在失败 (退出码 1)

================================================================================
RUNNING clip.py :: x_clip__mutmut_4  -  2025-10-16T14:51:06.064880
================================================================================

>>> 当前使用的函数: x_clip__mutmut_4
函数源码如下：
def x_clip__mutmut_4(a, loweLim, upperLim):
    r = [0] * len(a)  # 预分配与 a 相同长度
    for i in range(len(a)):
        if a[i] < loweLim:
            r[i] = loweLim
        else:
            if a[i] > upperLim:
                r[i] = upperLim
            else:
                r[i] = a[i]

    return r

..........
============================================================================= warnings summary ==============================================================================
../../anaconda3/envs/mutmut39/lib/python3.9/site-packages/_pytest/config/__init__.py:1474
  /home/rts/anaconda3/envs/mutmut39/lib/python3.9/site-packages/_pytest/config/__init__.py:1474: PytestConfigWarning: Unknown config option: pytest -vv --tb
  
    self._warn_or_fail_if_strict(f"Unknown config option: {key}\n")

-- Docs: https://docs.pytest.org/en/stable/how-to/capture-warnings.html
10 passed, 1 warning in 0.01s
✅ x_clip__mutmut_4 所有测试通过

================================================================================
RUNNING clip.py :: x_clip__mutmut_5  -  2025-10-16T14:51:06.121735
================================================================================

>>> 当前使用的函数: x_clip__mutmut_5
函数源码如下：
def x_clip__mutmut_5(a, loweLim, upperLim):
    r = [0] * len(a)  # 预分配与 a 相同长度
    for i in range(0, ):
        if a[i] < loweLim:
            r[i] = loweLim
        else:
            if a[i] > upperLim:
                r[i] = upperLim
            else:
                r[i] = a[i]

    return r

..........
============================================================================= warnings summary ==============================================================================
../../anaconda3/envs/mutmut39/lib/python3.9/site-packages/_pytest/config/__init__.py:1474
  /home/rts/anaconda3/envs/mutmut39/lib/python3.9/site-packages/_pytest/config/__init__.py:1474: PytestConfigWarning: Unknown config option: pytest -vv --tb
  
    self._warn_or_fail_if_strict(f"Unknown config option: {key}\n")

-- Docs: https://docs.pytest.org/en/stable/how-to/capture-warnings.html
10 passed, 1 warning in 0.01s
✅ x_clip__mutmut_5 所有测试通过

================================================================================
RUNNING clip.py :: x_clip__mutmut_6  -  2025-10-16T14:51:06.179353
================================================================================

>>> 当前使用的函数: x_clip__mutmut_6
函数源码如下：
def x_clip__mutmut_6(a, loweLim, upperLim):
    r = [0] * len(a)  # 预分配与 a 相同长度
    for i in range(1, len(a)):
        if a[i] < loweLim:
            r[i] = loweLim
        else:
            if a[i] > upperLim:
                r[i] = upperLim
            else:
                r[i] = a[i]

    return r

FFFF.FFFFF
================================================================================= FAILURES ==================================================================================
____________________________________________________________________ test_clip_with_func[originalInput0] ____________________________________________________________________

FAILURE: check 15 == 11: MR1 failed (sum should be equal)
mutants/tests/clipTest.py:153 in test_clip_with_func() -> applyMR_Assert(originalInput, originalResult)
mutants/tests/clipTest.py:118 in applyMR_Assert() -> check.equal(sum(orig_list), sum(r1), "MR1 failed (sum should be equal)")

FAILURE: check 15 == 11: MR6 failed (orig == transform6)
------------------------------------------------------------
Failed Checks: 2
____________________________________________________________________ test_clip_with_func[originalInput1] ____________________________________________________________________

FAILURE: check 11 == 12: MR1 failed (sum should be equal)
mutants/tests/clipTest.py:153 in test_clip_with_func() -> applyMR_Assert(originalInput, originalResult)
mutants/tests/clipTest.py:118 in applyMR_Assert() -> check.equal(sum(orig_list), sum(r1), "MR1 failed (sum should be equal)")

------------------------------------------------------------
Failed Checks: 1
____________________________________________________________________ test_clip_with_func[originalInput2] ____________________________________________________________________

FAILURE: check 12 == 14: MR6 failed (orig == transform6)
mutants/tests/clipTest.py:153 in test_clip_with_func() -> applyMR_Assert(originalInput, originalResult)
mutants/tests/clipTest.py:123 in applyMR_Assert() -> check.equal(sum(orig_list), sum(r6), "MR6 failed (orig == transform6)")

------------------------------------------------------------
Failed Checks: 1
____________________________________________________________________ test_clip_with_func[originalInput3] ____________________________________________________________________

FAILURE: check 13 == 16: MR6 failed (orig == transform6)
mutants/tests/clipTest.py:153 in test_clip_with_func() -> applyMR_Assert(originalInput, originalResult)
mutants/tests/clipTest.py:123 in applyMR_Assert() -> check.equal(sum(orig_list), sum(r6), "MR6 failed (orig == transform6)")

------------------------------------------------------------
Failed Checks: 1
____________________________________________________________________ test_clip_with_func[originalInput5] ____________________________________________________________________

FAILURE: check 15 == 17: MR1 failed (sum should be equal)
mutants/tests/clipTest.py:153 in test_clip_with_func() -> applyMR_Assert(originalInput, originalResult)
mutants/tests/clipTest.py:118 in applyMR_Assert() -> check.equal(sum(orig_list), sum(r1), "MR1 failed (sum should be equal)")

FAILURE: check 15 == 17: MR6 failed (orig == transform6)
------------------------------------------------------------
Failed Checks: 2
____________________________________________________________________ test_clip_with_func[originalInput6] ____________________________________________________________________

FAILURE: check 15 == 11: MR1 failed (sum should be equal)
mutants/tests/clipTest.py:153 in test_clip_with_func() -> applyMR_Assert(originalInput, originalResult)
mutants/tests/clipTest.py:118 in applyMR_Assert() -> check.equal(sum(orig_list), sum(r1), "MR1 failed (sum should be equal)")

FAILURE: check 15 == 11: MR6 failed (orig == transform6)
------------------------------------------------------------
Failed Checks: 2
____________________________________________________________________ test_clip_with_func[originalInput7] ____________________________________________________________________

FAILURE: check 18 == 14: MR1 failed (sum should be equal)
mutants/tests/clipTest.py:153 in test_clip_with_func() -> applyMR_Assert(originalInput, originalResult)
mutants/tests/clipTest.py:118 in applyMR_Assert() -> check.equal(sum(orig_list), sum(r1), "MR1 failed (sum should be equal)")

FAILURE: check 18 == 14: MR6 failed (orig == transform6)
------------------------------------------------------------
Failed Checks: 2
____________________________________________________________________ test_clip_with_func[originalInput8] ____________________________________________________________________

FAILURE: check 10 == 9: MR6 failed (orig == transform6)
mutants/tests/clipTest.py:153 in test_clip_with_func() -> applyMR_Assert(originalInput, originalResult)
mutants/tests/clipTest.py:123 in applyMR_Assert() -> check.equal(sum(orig_list), sum(r6), "MR6 failed (orig == transform6)")

------------------------------------------------------------
Failed Checks: 1
____________________________________________________________________ test_clip_with_func[originalInput9] ____________________________________________________________________

FAILURE: check 13 == 9: MR6 failed (orig == transform6)
mutants/tests/clipTest.py:153 in test_clip_with_func() -> applyMR_Assert(originalInput, originalResult)
mutants/tests/clipTest.py:123 in applyMR_Assert() -> check.equal(sum(orig_list), sum(r6), "MR6 failed (orig == transform6)")

------------------------------------------------------------
Failed Checks: 1
============================================================================= warnings summary ==============================================================================
../../anaconda3/envs/mutmut39/lib/python3.9/site-packages/_pytest/config/__init__.py:1474
  /home/rts/anaconda3/envs/mutmut39/lib/python3.9/site-packages/_pytest/config/__init__.py:1474: PytestConfigWarning: Unknown config option: pytest -vv --tb
  
    self._warn_or_fail_if_strict(f"Unknown config option: {key}\n")

-- Docs: https://docs.pytest.org/en/stable/how-to/capture-warnings.html
========================================================================== short test summary info ==========================================================================
FAILED mutants/tests/clipTest.py::test_clip_with_func[originalInput0] - check 15 == 11: MR1 failed (sum should be equal)
FAILED mutants/tests/clipTest.py::test_clip_with_func[originalInput1] - check 11 == 12: MR1 failed (sum should be equal)
FAILED mutants/tests/clipTest.py::test_clip_with_func[originalInput2] - check 12 == 14: MR6 failed (orig == transform6)
FAILED mutants/tests/clipTest.py::test_clip_with_func[originalInput3] - check 13 == 16: MR6 failed (orig == transform6)
FAILED mutants/tests/clipTest.py::test_clip_with_func[originalInput5] - check 15 == 17: MR1 failed (sum should be equal)
FAILED mutants/tests/clipTest.py::test_clip_with_func[originalInput6] - check 15 == 11: MR1 failed (sum should be equal)
FAILED mutants/tests/clipTest.py::test_clip_with_func[originalInput7] - check 18 == 14: MR1 failed (sum should be equal)
FAILED mutants/tests/clipTest.py::test_clip_with_func[originalInput8] - check 10 == 9: MR6 failed (orig == transform6)
FAILED mutants/tests/clipTest.py::test_clip_with_func[originalInput9] - check 13 == 9: MR6 failed (orig == transform6)
9 failed, 1 passed, 1 warning in 0.02s
❌ x_clip__mutmut_6 存在失败 (退出码 1)

================================================================================
RUNNING clip.py :: x_clip__mutmut_7  -  2025-10-16T14:51:06.243281
================================================================================

>>> 当前使用的函数: x_clip__mutmut_7
函数源码如下：
def x_clip__mutmut_7(a, loweLim, upperLim):
    r = [0] * len(a)  # 预分配与 a 相同长度
    for i in range(0, len(a)):
        if a[i] <= loweLim:
            r[i] = loweLim
        else:
            if a[i] > upperLim:
                r[i] = upperLim
            else:
                r[i] = a[i]

    return r

..........
============================================================================= warnings summary ==============================================================================
../../anaconda3/envs/mutmut39/lib/python3.9/site-packages/_pytest/config/__init__.py:1474
  /home/rts/anaconda3/envs/mutmut39/lib/python3.9/site-packages/_pytest/config/__init__.py:1474: PytestConfigWarning: Unknown config option: pytest -vv --tb
  
    self._warn_or_fail_if_strict(f"Unknown config option: {key}\n")

-- Docs: https://docs.pytest.org/en/stable/how-to/capture-warnings.html
10 passed, 1 warning in 0.01s
✅ x_clip__mutmut_7 所有测试通过

================================================================================
RUNNING clip.py :: x_clip__mutmut_8  -  2025-10-16T14:51:06.300819
================================================================================

>>> 当前使用的函数: x_clip__mutmut_8
函数源码如下：
def x_clip__mutmut_8(a, loweLim, upperLim):
    r = [0] * len(a)  # 预分配与 a 相同长度
    for i in range(0, len(a)):
        if a[i] < loweLim:
            r[i] = None
        else:
            if a[i] > upperLim:
                r[i] = upperLim
            else:
                r[i] = a[i]

    return r

FFFFFFFFFF
================================================================================= FAILURES ==================================================================================
____________________________________________________________________ test_clip_with_func[originalInput0] ____________________________________________________________________
mutants/tests/clipTest.py:153: in test_clip_with_func
    applyMR_Assert(originalInput, originalResult)
mutants/tests/clipTest.py:120: in applyMR_Assert
    check.is_true(sum(orig_list) <= sum(r3_1), "MR3_1 failed (orig <= transform3_1)")
E   TypeError: unsupported operand type(s) for +: 'int' and 'NoneType'
____________________________________________________________________ test_clip_with_func[originalInput1] ____________________________________________________________________
mutants/tests/clipTest.py:153: in test_clip_with_func
    applyMR_Assert(originalInput, originalResult)
mutants/tests/clipTest.py:120: in applyMR_Assert
    check.is_true(sum(orig_list) <= sum(r3_1), "MR3_1 failed (orig <= transform3_1)")
E   TypeError: unsupported operand type(s) for +: 'int' and 'NoneType'
____________________________________________________________________ test_clip_with_func[originalInput2] ____________________________________________________________________
mutants/tests/clipTest.py:153: in test_clip_with_func
    applyMR_Assert(originalInput, originalResult)
mutants/tests/clipTest.py:118: in applyMR_Assert
    check.equal(sum(orig_list), sum(r1), "MR1 failed (sum should be equal)")
E   TypeError: unsupported operand type(s) for +: 'int' and 'NoneType'
____________________________________________________________________ test_clip_with_func[originalInput3] ____________________________________________________________________
mutants/tests/clipTest.py:153: in test_clip_with_func
    applyMR_Assert(originalInput, originalResult)
mutants/tests/clipTest.py:120: in applyMR_Assert
    check.is_true(sum(orig_list) <= sum(r3_1), "MR3_1 failed (orig <= transform3_1)")
E   TypeError: unsupported operand type(s) for +: 'int' and 'NoneType'
____________________________________________________________________ test_clip_with_func[originalInput4] ____________________________________________________________________
mutants/tests/clipTest.py:153: in test_clip_with_func
    applyMR_Assert(originalInput, originalResult)
mutants/tests/clipTest.py:118: in applyMR_Assert
    check.equal(sum(orig_list), sum(r1), "MR1 failed (sum should be equal)")
E   TypeError: unsupported operand type(s) for +: 'int' and 'NoneType'
____________________________________________________________________ test_clip_with_func[originalInput5] ____________________________________________________________________
mutants/tests/clipTest.py:153: in test_clip_with_func
    applyMR_Assert(originalInput, originalResult)
mutants/tests/clipTest.py:120: in applyMR_Assert
    check.is_true(sum(orig_list) <= sum(r3_1), "MR3_1 failed (orig <= transform3_1)")
E   TypeError: unsupported operand type(s) for +: 'int' and 'NoneType'
____________________________________________________________________ test_clip_with_func[originalInput6] ____________________________________________________________________
mutants/tests/clipTest.py:153: in test_clip_with_func
    applyMR_Assert(originalInput, originalResult)
mutants/tests/clipTest.py:118: in applyMR_Assert
    check.equal(sum(orig_list), sum(r1), "MR1 failed (sum should be equal)")
E   TypeError: unsupported operand type(s) for +: 'int' and 'NoneType'
____________________________________________________________________ test_clip_with_func[originalInput7] ____________________________________________________________________
mutants/tests/clipTest.py:153: in test_clip_with_func
    applyMR_Assert(originalInput, originalResult)
mutants/tests/clipTest.py:120: in applyMR_Assert
    check.is_true(sum(orig_list) <= sum(r3_1), "MR3_1 failed (orig <= transform3_1)")
E   TypeError: unsupported operand type(s) for +: 'int' and 'NoneType'
____________________________________________________________________ test_clip_with_func[originalInput8] ____________________________________________________________________
mutants/tests/clipTest.py:153: in test_clip_with_func
    applyMR_Assert(originalInput, originalResult)
mutants/tests/clipTest.py:120: in applyMR_Assert
    check.is_true(sum(orig_list) <= sum(r3_1), "MR3_1 failed (orig <= transform3_1)")
E   TypeError: unsupported operand type(s) for +: 'int' and 'NoneType'
____________________________________________________________________ test_clip_with_func[originalInput9] ____________________________________________________________________
mutants/tests/clipTest.py:153: in test_clip_with_func
    applyMR_Assert(originalInput, originalResult)
mutants/tests/clipTest.py:118: in applyMR_Assert
    check.equal(sum(orig_list), sum(r1), "MR1 failed (sum should be equal)")
E   TypeError: unsupported operand type(s) for +: 'int' and 'NoneType'
============================================================================= warnings summary ==============================================================================
../../anaconda3/envs/mutmut39/lib/python3.9/site-packages/_pytest/config/__init__.py:1474
  /home/rts/anaconda3/envs/mutmut39/lib/python3.9/site-packages/_pytest/config/__init__.py:1474: PytestConfigWarning: Unknown config option: pytest -vv --tb
  
    self._warn_or_fail_if_strict(f"Unknown config option: {key}\n")

-- Docs: https://docs.pytest.org/en/stable/how-to/capture-warnings.html
========================================================================== short test summary info ==========================================================================
FAILED mutants/tests/clipTest.py::test_clip_with_func[originalInput0] - TypeError: unsupported operand type(s) for +: 'int' and 'NoneType'
FAILED mutants/tests/clipTest.py::test_clip_with_func[originalInput1] - TypeError: unsupported operand type(s) for +: 'int' and 'NoneType'
FAILED mutants/tests/clipTest.py::test_clip_with_func[originalInput2] - TypeError: unsupported operand type(s) for +: 'int' and 'NoneType'
FAILED mutants/tests/clipTest.py::test_clip_with_func[originalInput3] - TypeError: unsupported operand type(s) for +: 'int' and 'NoneType'
FAILED mutants/tests/clipTest.py::test_clip_with_func[originalInput4] - TypeError: unsupported operand type(s) for +: 'int' and 'NoneType'
FAILED mutants/tests/clipTest.py::test_clip_with_func[originalInput5] - TypeError: unsupported operand type(s) for +: 'int' and 'NoneType'
FAILED mutants/tests/clipTest.py::test_clip_with_func[originalInput6] - TypeError: unsupported operand type(s) for +: 'int' and 'NoneType'
FAILED mutants/tests/clipTest.py::test_clip_with_func[originalInput7] - TypeError: unsupported operand type(s) for +: 'int' and 'NoneType'
FAILED mutants/tests/clipTest.py::test_clip_with_func[originalInput8] - TypeError: unsupported operand type(s) for +: 'int' and 'NoneType'
FAILED mutants/tests/clipTest.py::test_clip_with_func[originalInput9] - TypeError: unsupported operand type(s) for +: 'int' and 'NoneType'
10 failed, 1 warning in 0.04s
❌ x_clip__mutmut_8 存在失败 (退出码 1)

================================================================================
RUNNING clip.py :: x_clip__mutmut_9  -  2025-10-16T14:51:06.389025
================================================================================

>>> 当前使用的函数: x_clip__mutmut_9
函数源码如下：
def x_clip__mutmut_9(a, loweLim, upperLim):
    r = [0] * len(a)  # 预分配与 a 相同长度
    for i in range(0, len(a)):
        if a[i] < loweLim:
            r[i] = loweLim
        else:
            if a[i] >= upperLim:
                r[i] = upperLim
            else:
                r[i] = a[i]

    return r

..........
============================================================================= warnings summary ==============================================================================
../../anaconda3/envs/mutmut39/lib/python3.9/site-packages/_pytest/config/__init__.py:1474
  /home/rts/anaconda3/envs/mutmut39/lib/python3.9/site-packages/_pytest/config/__init__.py:1474: PytestConfigWarning: Unknown config option: pytest -vv --tb
  
    self._warn_or_fail_if_strict(f"Unknown config option: {key}\n")

-- Docs: https://docs.pytest.org/en/stable/how-to/capture-warnings.html
10 passed, 1 warning in 0.01s
✅ x_clip__mutmut_9 所有测试通过

================================================================================
RUNNING clip.py :: x_clip__mutmut_orig  -  2025-10-16T14:51:06.450547
================================================================================

>>> 当前使用的函数: x_clip__mutmut_orig
函数源码如下：
def x_clip__mutmut_orig(a, loweLim, upperLim):
    r = [0] * len(a)  # 预分配与 a 相同长度
    for i in range(0, len(a)):
        if a[i] < loweLim:
            r[i] = loweLim
        else:
            if a[i] > upperLim:
                r[i] = upperLim
            else:
                r[i] = a[i]

    return r

..........
============================================================================= warnings summary ==============================================================================
../../anaconda3/envs/mutmut39/lib/python3.9/site-packages/_pytest/config/__init__.py:1474
  /home/rts/anaconda3/envs/mutmut39/lib/python3.9/site-packages/_pytest/config/__init__.py:1474: PytestConfigWarning: Unknown config option: pytest -vv --tb
  
    self._warn_or_fail_if_strict(f"Unknown config option: {key}\n")

-- Docs: https://docs.pytest.org/en/stable/how-to/capture-warnings.html
10 passed, 1 warning in 0.01s
✅ x_clip__mutmut_orig 所有测试通过
