
=== Running tests for single mutant file: checkPositive.py ===

================================================================================
RUNNING checkPositive.py :: x_checkPositive__mutmut_1  -  2025-10-16T10:00:40.501674
================================================================================

>>> 当前使用的函数: x_checkPositive__mutmut_1
函数源码如下：
def x_checkPositive__mutmut_1(n):

    for i in range(None, len(n)):
        if n[i] <= 0:
            return False
    return True

FFFFFFFFFF
========================================================== FAILURES ==========================================================
________________________________________ test_checkPositive_with_func[originalInput0] ________________________________________
mutants/tests/checkPositiveTest.py:128: in test_checkPositive_with_func
    originalResult = func(originalInput)
mutants/src/checkPositive.py:41: in x_checkPositive__mutmut_1
    for i in range(None, len(n)):
E   TypeError: 'NoneType' object cannot be interpreted as an integer
________________________________________ test_checkPositive_with_func[originalInput1] ________________________________________
mutants/tests/checkPositiveTest.py:128: in test_checkPositive_with_func
    originalResult = func(originalInput)
mutants/src/checkPositive.py:41: in x_checkPositive__mutmut_1
    for i in range(None, len(n)):
E   TypeError: 'NoneType' object cannot be interpreted as an integer
________________________________________ test_checkPositive_with_func[originalInput2] ________________________________________
mutants/tests/checkPositiveTest.py:128: in test_checkPositive_with_func
    originalResult = func(originalInput)
mutants/src/checkPositive.py:41: in x_checkPositive__mutmut_1
    for i in range(None, len(n)):
E   TypeError: 'NoneType' object cannot be interpreted as an integer
________________________________________ test_checkPositive_with_func[originalInput3] ________________________________________
mutants/tests/checkPositiveTest.py:128: in test_checkPositive_with_func
    originalResult = func(originalInput)
mutants/src/checkPositive.py:41: in x_checkPositive__mutmut_1
    for i in range(None, len(n)):
E   TypeError: 'NoneType' object cannot be interpreted as an integer
________________________________________ test_checkPositive_with_func[originalInput4] ________________________________________
mutants/tests/checkPositiveTest.py:128: in test_checkPositive_with_func
    originalResult = func(originalInput)
mutants/src/checkPositive.py:41: in x_checkPositive__mutmut_1
    for i in range(None, len(n)):
E   TypeError: 'NoneType' object cannot be interpreted as an integer
________________________________________ test_checkPositive_with_func[originalInput5] ________________________________________
mutants/tests/checkPositiveTest.py:128: in test_checkPositive_with_func
    originalResult = func(originalInput)
mutants/src/checkPositive.py:41: in x_checkPositive__mutmut_1
    for i in range(None, len(n)):
E   TypeError: 'NoneType' object cannot be interpreted as an integer
________________________________________ test_checkPositive_with_func[originalInput6] ________________________________________
mutants/tests/checkPositiveTest.py:128: in test_checkPositive_with_func
    originalResult = func(originalInput)
mutants/src/checkPositive.py:41: in x_checkPositive__mutmut_1
    for i in range(None, len(n)):
E   TypeError: 'NoneType' object cannot be interpreted as an integer
________________________________________ test_checkPositive_with_func[originalInput7] ________________________________________
mutants/tests/checkPositiveTest.py:128: in test_checkPositive_with_func
    originalResult = func(originalInput)
mutants/src/checkPositive.py:41: in x_checkPositive__mutmut_1
    for i in range(None, len(n)):
E   TypeError: 'NoneType' object cannot be interpreted as an integer
________________________________________ test_checkPositive_with_func[originalInput8] ________________________________________
mutants/tests/checkPositiveTest.py:128: in test_checkPositive_with_func
    originalResult = func(originalInput)
mutants/src/checkPositive.py:41: in x_checkPositive__mutmut_1
    for i in range(None, len(n)):
E   TypeError: 'NoneType' object cannot be interpreted as an integer
________________________________________ test_checkPositive_with_func[originalInput9] ________________________________________
mutants/tests/checkPositiveTest.py:128: in test_checkPositive_with_func
    originalResult = func(originalInput)
mutants/src/checkPositive.py:41: in x_checkPositive__mutmut_1
    for i in range(None, len(n)):
E   TypeError: 'NoneType' object cannot be interpreted as an integer
====================================================== warnings summary ======================================================
../../anaconda3/envs/mutmut39/lib/python3.9/site-packages/_pytest/config/__init__.py:1474
  /home/rts/anaconda3/envs/mutmut39/lib/python3.9/site-packages/_pytest/config/__init__.py:1474: PytestConfigWarning: Unknown config option: pytest -vv --tb
  
    self._warn_or_fail_if_strict(f"Unknown config option: {key}\n")

-- Docs: https://docs.pytest.org/en/stable/how-to/capture-warnings.html
================================================== short test summary info ===================================================
FAILED mutants/tests/checkPositiveTest.py::test_checkPositive_with_func[originalInput0] - TypeError: 'NoneType' object cannot be interpreted as an integer
FAILED mutants/tests/checkPositiveTest.py::test_checkPositive_with_func[originalInput1] - TypeError: 'NoneType' object cannot be interpreted as an integer
FAILED mutants/tests/checkPositiveTest.py::test_checkPositive_with_func[originalInput2] - TypeError: 'NoneType' object cannot be interpreted as an integer
FAILED mutants/tests/checkPositiveTest.py::test_checkPositive_with_func[originalInput3] - TypeError: 'NoneType' object cannot be interpreted as an integer
FAILED mutants/tests/checkPositiveTest.py::test_checkPositive_with_func[originalInput4] - TypeError: 'NoneType' object cannot be interpreted as an integer
FAILED mutants/tests/checkPositiveTest.py::test_checkPositive_with_func[originalInput5] - TypeError: 'NoneType' object cannot be interpreted as an integer
FAILED mutants/tests/checkPositiveTest.py::test_checkPositive_with_func[originalInput6] - TypeError: 'NoneType' object cannot be interpreted as an integer
FAILED mutants/tests/checkPositiveTest.py::test_checkPositive_with_func[originalInput7] - TypeError: 'NoneType' object cannot be interpreted as an integer
FAILED mutants/tests/checkPositiveTest.py::test_checkPositive_with_func[originalInput8] - TypeError: 'NoneType' object cannot be interpreted as an integer
FAILED mutants/tests/checkPositiveTest.py::test_checkPositive_with_func[originalInput9] - TypeError: 'NoneType' object cannot be interpreted as an integer
10 failed, 1 warning in 0.07s
❌ x_checkPositive__mutmut_1 存在失败 (退出码 1)

================================================================================
RUNNING checkPositive.py :: x_checkPositive__mutmut_2  -  2025-10-16T10:00:40.641038
================================================================================

>>> 当前使用的函数: x_checkPositive__mutmut_2
函数源码如下：
def x_checkPositive__mutmut_2(n):

    for i in range(0, None):
        if n[i] <= 0:
            return False
    return True

FFFFFFFFFF
========================================================== FAILURES ==========================================================
________________________________________ test_checkPositive_with_func[originalInput0] ________________________________________
mutants/tests/checkPositiveTest.py:128: in test_checkPositive_with_func
    originalResult = func(originalInput)
mutants/src/checkPositive.py:47: in x_checkPositive__mutmut_2
    for i in range(0, None):
E   TypeError: 'NoneType' object cannot be interpreted as an integer
________________________________________ test_checkPositive_with_func[originalInput1] ________________________________________
mutants/tests/checkPositiveTest.py:128: in test_checkPositive_with_func
    originalResult = func(originalInput)
mutants/src/checkPositive.py:47: in x_checkPositive__mutmut_2
    for i in range(0, None):
E   TypeError: 'NoneType' object cannot be interpreted as an integer
________________________________________ test_checkPositive_with_func[originalInput2] ________________________________________
mutants/tests/checkPositiveTest.py:128: in test_checkPositive_with_func
    originalResult = func(originalInput)
mutants/src/checkPositive.py:47: in x_checkPositive__mutmut_2
    for i in range(0, None):
E   TypeError: 'NoneType' object cannot be interpreted as an integer
________________________________________ test_checkPositive_with_func[originalInput3] ________________________________________
mutants/tests/checkPositiveTest.py:128: in test_checkPositive_with_func
    originalResult = func(originalInput)
mutants/src/checkPositive.py:47: in x_checkPositive__mutmut_2
    for i in range(0, None):
E   TypeError: 'NoneType' object cannot be interpreted as an integer
________________________________________ test_checkPositive_with_func[originalInput4] ________________________________________
mutants/tests/checkPositiveTest.py:128: in test_checkPositive_with_func
    originalResult = func(originalInput)
mutants/src/checkPositive.py:47: in x_checkPositive__mutmut_2
    for i in range(0, None):
E   TypeError: 'NoneType' object cannot be interpreted as an integer
________________________________________ test_checkPositive_with_func[originalInput5] ________________________________________
mutants/tests/checkPositiveTest.py:128: in test_checkPositive_with_func
    originalResult = func(originalInput)
mutants/src/checkPositive.py:47: in x_checkPositive__mutmut_2
    for i in range(0, None):
E   TypeError: 'NoneType' object cannot be interpreted as an integer
________________________________________ test_checkPositive_with_func[originalInput6] ________________________________________
mutants/tests/checkPositiveTest.py:128: in test_checkPositive_with_func
    originalResult = func(originalInput)
mutants/src/checkPositive.py:47: in x_checkPositive__mutmut_2
    for i in range(0, None):
E   TypeError: 'NoneType' object cannot be interpreted as an integer
________________________________________ test_checkPositive_with_func[originalInput7] ________________________________________
mutants/tests/checkPositiveTest.py:128: in test_checkPositive_with_func
    originalResult = func(originalInput)
mutants/src/checkPositive.py:47: in x_checkPositive__mutmut_2
    for i in range(0, None):
E   TypeError: 'NoneType' object cannot be interpreted as an integer
________________________________________ test_checkPositive_with_func[originalInput8] ________________________________________
mutants/tests/checkPositiveTest.py:128: in test_checkPositive_with_func
    originalResult = func(originalInput)
mutants/src/checkPositive.py:47: in x_checkPositive__mutmut_2
    for i in range(0, None):
E   TypeError: 'NoneType' object cannot be interpreted as an integer
________________________________________ test_checkPositive_with_func[originalInput9] ________________________________________
mutants/tests/checkPositiveTest.py:128: in test_checkPositive_with_func
    originalResult = func(originalInput)
mutants/src/checkPositive.py:47: in x_checkPositive__mutmut_2
    for i in range(0, None):
E   TypeError: 'NoneType' object cannot be interpreted as an integer
====================================================== warnings summary ======================================================
../../anaconda3/envs/mutmut39/lib/python3.9/site-packages/_pytest/config/__init__.py:1474
  /home/rts/anaconda3/envs/mutmut39/lib/python3.9/site-packages/_pytest/config/__init__.py:1474: PytestConfigWarning: Unknown config option: pytest -vv --tb
  
    self._warn_or_fail_if_strict(f"Unknown config option: {key}\n")

-- Docs: https://docs.pytest.org/en/stable/how-to/capture-warnings.html
================================================== short test summary info ===================================================
FAILED mutants/tests/checkPositiveTest.py::test_checkPositive_with_func[originalInput0] - TypeError: 'NoneType' object cannot be interpreted as an integer
FAILED mutants/tests/checkPositiveTest.py::test_checkPositive_with_func[originalInput1] - TypeError: 'NoneType' object cannot be interpreted as an integer
FAILED mutants/tests/checkPositiveTest.py::test_checkPositive_with_func[originalInput2] - TypeError: 'NoneType' object cannot be interpreted as an integer
FAILED mutants/tests/checkPositiveTest.py::test_checkPositive_with_func[originalInput3] - TypeError: 'NoneType' object cannot be interpreted as an integer
FAILED mutants/tests/checkPositiveTest.py::test_checkPositive_with_func[originalInput4] - TypeError: 'NoneType' object cannot be interpreted as an integer
FAILED mutants/tests/checkPositiveTest.py::test_checkPositive_with_func[originalInput5] - TypeError: 'NoneType' object cannot be interpreted as an integer
FAILED mutants/tests/checkPositiveTest.py::test_checkPositive_with_func[originalInput6] - TypeError: 'NoneType' object cannot be interpreted as an integer
FAILED mutants/tests/checkPositiveTest.py::test_checkPositive_with_func[originalInput7] - TypeError: 'NoneType' object cannot be interpreted as an integer
FAILED mutants/tests/checkPositiveTest.py::test_checkPositive_with_func[originalInput8] - TypeError: 'NoneType' object cannot be interpreted as an integer
FAILED mutants/tests/checkPositiveTest.py::test_checkPositive_with_func[originalInput9] - TypeError: 'NoneType' object cannot be interpreted as an integer
10 failed, 1 warning in 0.04s
❌ x_checkPositive__mutmut_2 存在失败 (退出码 1)

================================================================================
RUNNING checkPositive.py :: x_checkPositive__mutmut_3  -  2025-10-16T10:00:40.715025
================================================================================

>>> 当前使用的函数: x_checkPositive__mutmut_3
函数源码如下：
def x_checkPositive__mutmut_3(n):

    for i in range(len(n)):
        if n[i] <= 0:
            return False
    return True

FFFFFFFFFF
========================================================== FAILURES ==========================================================
________________________________________ test_checkPositive_with_func[originalInput0] ________________________________________
mutants/tests/checkPositiveTest.py:129: in test_checkPositive_with_func
    applyMR_Assert(originalInput, originalResult)
mutants/tests/checkPositiveTest.py:79: in applyMR_Assert
    transformInput19 = MetamorphicTestGenerator3.applyMR19(originalInput, 2)
E   AttributeError: type object 'MetamorphicTestGenerator3' has no attribute 'applyMR19'
________________________________________ test_checkPositive_with_func[originalInput1] ________________________________________
mutants/tests/checkPositiveTest.py:129: in test_checkPositive_with_func
    applyMR_Assert(originalInput, originalResult)
mutants/tests/checkPositiveTest.py:79: in applyMR_Assert
    transformInput19 = MetamorphicTestGenerator3.applyMR19(originalInput, 2)
E   AttributeError: type object 'MetamorphicTestGenerator3' has no attribute 'applyMR19'
________________________________________ test_checkPositive_with_func[originalInput2] ________________________________________
mutants/tests/checkPositiveTest.py:129: in test_checkPositive_with_func
    applyMR_Assert(originalInput, originalResult)
mutants/tests/checkPositiveTest.py:79: in applyMR_Assert
    transformInput19 = MetamorphicTestGenerator3.applyMR19(originalInput, 2)
E   AttributeError: type object 'MetamorphicTestGenerator3' has no attribute 'applyMR19'
________________________________________ test_checkPositive_with_func[originalInput3] ________________________________________
mutants/tests/checkPositiveTest.py:129: in test_checkPositive_with_func
    applyMR_Assert(originalInput, originalResult)
mutants/tests/checkPositiveTest.py:79: in applyMR_Assert
    transformInput19 = MetamorphicTestGenerator3.applyMR19(originalInput, 2)
E   AttributeError: type object 'MetamorphicTestGenerator3' has no attribute 'applyMR19'
________________________________________ test_checkPositive_with_func[originalInput4] ________________________________________
mutants/tests/checkPositiveTest.py:129: in test_checkPositive_with_func
    applyMR_Assert(originalInput, originalResult)
mutants/tests/checkPositiveTest.py:79: in applyMR_Assert
    transformInput19 = MetamorphicTestGenerator3.applyMR19(originalInput, 2)
E   AttributeError: type object 'MetamorphicTestGenerator3' has no attribute 'applyMR19'
________________________________________ test_checkPositive_with_func[originalInput5] ________________________________________
mutants/tests/checkPositiveTest.py:129: in test_checkPositive_with_func
    applyMR_Assert(originalInput, originalResult)
mutants/tests/checkPositiveTest.py:79: in applyMR_Assert
    transformInput19 = MetamorphicTestGenerator3.applyMR19(originalInput, 2)
E   AttributeError: type object 'MetamorphicTestGenerator3' has no attribute 'applyMR19'
________________________________________ test_checkPositive_with_func[originalInput6] ________________________________________
mutants/tests/checkPositiveTest.py:129: in test_checkPositive_with_func
    applyMR_Assert(originalInput, originalResult)
mutants/tests/checkPositiveTest.py:79: in applyMR_Assert
    transformInput19 = MetamorphicTestGenerator3.applyMR19(originalInput, 2)
E   AttributeError: type object 'MetamorphicTestGenerator3' has no attribute 'applyMR19'
________________________________________ test_checkPositive_with_func[originalInput7] ________________________________________
mutants/tests/checkPositiveTest.py:129: in test_checkPositive_with_func
    applyMR_Assert(originalInput, originalResult)
mutants/tests/checkPositiveTest.py:79: in applyMR_Assert
    transformInput19 = MetamorphicTestGenerator3.applyMR19(originalInput, 2)
E   AttributeError: type object 'MetamorphicTestGenerator3' has no attribute 'applyMR19'
________________________________________ test_checkPositive_with_func[originalInput8] ________________________________________
mutants/tests/checkPositiveTest.py:129: in test_checkPositive_with_func
    applyMR_Assert(originalInput, originalResult)
mutants/tests/checkPositiveTest.py:79: in applyMR_Assert
    transformInput19 = MetamorphicTestGenerator3.applyMR19(originalInput, 2)
E   AttributeError: type object 'MetamorphicTestGenerator3' has no attribute 'applyMR19'
________________________________________ test_checkPositive_with_func[originalInput9] ________________________________________
mutants/tests/checkPositiveTest.py:129: in test_checkPositive_with_func
    applyMR_Assert(originalInput, originalResult)
mutants/tests/checkPositiveTest.py:79: in applyMR_Assert
    transformInput19 = MetamorphicTestGenerator3.applyMR19(originalInput, 2)
E   AttributeError: type object 'MetamorphicTestGenerator3' has no attribute 'applyMR19'
====================================================== warnings summary ======================================================
../../anaconda3/envs/mutmut39/lib/python3.9/site-packages/_pytest/config/__init__.py:1474
  /home/rts/anaconda3/envs/mutmut39/lib/python3.9/site-packages/_pytest/config/__init__.py:1474: PytestConfigWarning: Unknown config option: pytest -vv --tb
  
    self._warn_or_fail_if_strict(f"Unknown config option: {key}\n")

-- Docs: https://docs.pytest.org/en/stable/how-to/capture-warnings.html
================================================== short test summary info ===================================================
FAILED mutants/tests/checkPositiveTest.py::test_checkPositive_with_func[originalInput0] - AttributeError: type object 'MetamorphicTestGenerator3' has no attribute 'applyMR19'
FAILED mutants/tests/checkPositiveTest.py::test_checkPositive_with_func[originalInput1] - AttributeError: type object 'MetamorphicTestGenerator3' has no attribute 'applyMR19'
FAILED mutants/tests/checkPositiveTest.py::test_checkPositive_with_func[originalInput2] - AttributeError: type object 'MetamorphicTestGenerator3' has no attribute 'applyMR19'
FAILED mutants/tests/checkPositiveTest.py::test_checkPositive_with_func[originalInput3] - AttributeError: type object 'MetamorphicTestGenerator3' has no attribute 'applyMR19'
FAILED mutants/tests/checkPositiveTest.py::test_checkPositive_with_func[originalInput4] - AttributeError: type object 'MetamorphicTestGenerator3' has no attribute 'applyMR19'
FAILED mutants/tests/checkPositiveTest.py::test_checkPositive_with_func[originalInput5] - AttributeError: type object 'MetamorphicTestGenerator3' has no attribute 'applyMR19'
FAILED mutants/tests/checkPositiveTest.py::test_checkPositive_with_func[originalInput6] - AttributeError: type object 'MetamorphicTestGenerator3' has no attribute 'applyMR19'
FAILED mutants/tests/checkPositiveTest.py::test_checkPositive_with_func[originalInput7] - AttributeError: type object 'MetamorphicTestGenerator3' has no attribute 'applyMR19'
FAILED mutants/tests/checkPositiveTest.py::test_checkPositive_with_func[originalInput8] - AttributeError: type object 'MetamorphicTestGenerator3' has no attribute 'applyMR19'
FAILED mutants/tests/checkPositiveTest.py::test_checkPositive_with_func[originalInput9] - AttributeError: type object 'MetamorphicTestGenerator3' has no attribute 'applyMR19'
10 failed, 1 warning in 0.03s
❌ x_checkPositive__mutmut_3 存在失败 (退出码 1)

================================================================================
RUNNING checkPositive.py :: x_checkPositive__mutmut_4  -  2025-10-16T10:00:40.787478
================================================================================

>>> 当前使用的函数: x_checkPositive__mutmut_4
函数源码如下：
def x_checkPositive__mutmut_4(n):

    for i in range(0, ):
        if n[i] <= 0:
            return False
    return True

FFFFFFFFFF
========================================================== FAILURES ==========================================================
________________________________________ test_checkPositive_with_func[originalInput0] ________________________________________
mutants/tests/checkPositiveTest.py:129: in test_checkPositive_with_func
    applyMR_Assert(originalInput, originalResult)
mutants/tests/checkPositiveTest.py:79: in applyMR_Assert
    transformInput19 = MetamorphicTestGenerator3.applyMR19(originalInput, 2)
E   AttributeError: type object 'MetamorphicTestGenerator3' has no attribute 'applyMR19'
________________________________________ test_checkPositive_with_func[originalInput1] ________________________________________
mutants/tests/checkPositiveTest.py:129: in test_checkPositive_with_func
    applyMR_Assert(originalInput, originalResult)
mutants/tests/checkPositiveTest.py:79: in applyMR_Assert
    transformInput19 = MetamorphicTestGenerator3.applyMR19(originalInput, 2)
E   AttributeError: type object 'MetamorphicTestGenerator3' has no attribute 'applyMR19'
________________________________________ test_checkPositive_with_func[originalInput2] ________________________________________
mutants/tests/checkPositiveTest.py:129: in test_checkPositive_with_func
    applyMR_Assert(originalInput, originalResult)
mutants/tests/checkPositiveTest.py:79: in applyMR_Assert
    transformInput19 = MetamorphicTestGenerator3.applyMR19(originalInput, 2)
E   AttributeError: type object 'MetamorphicTestGenerator3' has no attribute 'applyMR19'
________________________________________ test_checkPositive_with_func[originalInput3] ________________________________________
mutants/tests/checkPositiveTest.py:129: in test_checkPositive_with_func
    applyMR_Assert(originalInput, originalResult)
mutants/tests/checkPositiveTest.py:79: in applyMR_Assert
    transformInput19 = MetamorphicTestGenerator3.applyMR19(originalInput, 2)
E   AttributeError: type object 'MetamorphicTestGenerator3' has no attribute 'applyMR19'
________________________________________ test_checkPositive_with_func[originalInput4] ________________________________________
mutants/tests/checkPositiveTest.py:129: in test_checkPositive_with_func
    applyMR_Assert(originalInput, originalResult)
mutants/tests/checkPositiveTest.py:79: in applyMR_Assert
    transformInput19 = MetamorphicTestGenerator3.applyMR19(originalInput, 2)
E   AttributeError: type object 'MetamorphicTestGenerator3' has no attribute 'applyMR19'
________________________________________ test_checkPositive_with_func[originalInput5] ________________________________________
mutants/tests/checkPositiveTest.py:129: in test_checkPositive_with_func
    applyMR_Assert(originalInput, originalResult)
mutants/tests/checkPositiveTest.py:79: in applyMR_Assert
    transformInput19 = MetamorphicTestGenerator3.applyMR19(originalInput, 2)
E   AttributeError: type object 'MetamorphicTestGenerator3' has no attribute 'applyMR19'
________________________________________ test_checkPositive_with_func[originalInput6] ________________________________________
mutants/tests/checkPositiveTest.py:129: in test_checkPositive_with_func
    applyMR_Assert(originalInput, originalResult)
mutants/tests/checkPositiveTest.py:79: in applyMR_Assert
    transformInput19 = MetamorphicTestGenerator3.applyMR19(originalInput, 2)
E   AttributeError: type object 'MetamorphicTestGenerator3' has no attribute 'applyMR19'
________________________________________ test_checkPositive_with_func[originalInput7] ________________________________________
mutants/tests/checkPositiveTest.py:129: in test_checkPositive_with_func
    applyMR_Assert(originalInput, originalResult)
mutants/tests/checkPositiveTest.py:79: in applyMR_Assert
    transformInput19 = MetamorphicTestGenerator3.applyMR19(originalInput, 2)
E   AttributeError: type object 'MetamorphicTestGenerator3' has no attribute 'applyMR19'
________________________________________ test_checkPositive_with_func[originalInput8] ________________________________________
mutants/tests/checkPositiveTest.py:129: in test_checkPositive_with_func
    applyMR_Assert(originalInput, originalResult)
mutants/tests/checkPositiveTest.py:79: in applyMR_Assert
    transformInput19 = MetamorphicTestGenerator3.applyMR19(originalInput, 2)
E   AttributeError: type object 'MetamorphicTestGenerator3' has no attribute 'applyMR19'
________________________________________ test_checkPositive_with_func[originalInput9] ________________________________________
mutants/tests/checkPositiveTest.py:129: in test_checkPositive_with_func
    applyMR_Assert(originalInput, originalResult)
mutants/tests/checkPositiveTest.py:79: in applyMR_Assert
    transformInput19 = MetamorphicTestGenerator3.applyMR19(originalInput, 2)
E   AttributeError: type object 'MetamorphicTestGenerator3' has no attribute 'applyMR19'
====================================================== warnings summary ======================================================
../../anaconda3/envs/mutmut39/lib/python3.9/site-packages/_pytest/config/__init__.py:1474
  /home/rts/anaconda3/envs/mutmut39/lib/python3.9/site-packages/_pytest/config/__init__.py:1474: PytestConfigWarning: Unknown config option: pytest -vv --tb
  
    self._warn_or_fail_if_strict(f"Unknown config option: {key}\n")

-- Docs: https://docs.pytest.org/en/stable/how-to/capture-warnings.html
================================================== short test summary info ===================================================
FAILED mutants/tests/checkPositiveTest.py::test_checkPositive_with_func[originalInput0] - AttributeError: type object 'MetamorphicTestGenerator3' has no attribute 'applyMR19'
FAILED mutants/tests/checkPositiveTest.py::test_checkPositive_with_func[originalInput1] - AttributeError: type object 'MetamorphicTestGenerator3' has no attribute 'applyMR19'
FAILED mutants/tests/checkPositiveTest.py::test_checkPositive_with_func[originalInput2] - AttributeError: type object 'MetamorphicTestGenerator3' has no attribute 'applyMR19'
FAILED mutants/tests/checkPositiveTest.py::test_checkPositive_with_func[originalInput3] - AttributeError: type object 'MetamorphicTestGenerator3' has no attribute 'applyMR19'
FAILED mutants/tests/checkPositiveTest.py::test_checkPositive_with_func[originalInput4] - AttributeError: type object 'MetamorphicTestGenerator3' has no attribute 'applyMR19'
FAILED mutants/tests/checkPositiveTest.py::test_checkPositive_with_func[originalInput5] - AttributeError: type object 'MetamorphicTestGenerator3' has no attribute 'applyMR19'
FAILED mutants/tests/checkPositiveTest.py::test_checkPositive_with_func[originalInput6] - AttributeError: type object 'MetamorphicTestGenerator3' has no attribute 'applyMR19'
FAILED mutants/tests/checkPositiveTest.py::test_checkPositive_with_func[originalInput7] - AttributeError: type object 'MetamorphicTestGenerator3' has no attribute 'applyMR19'
FAILED mutants/tests/checkPositiveTest.py::test_checkPositive_with_func[originalInput8] - AttributeError: type object 'MetamorphicTestGenerator3' has no attribute 'applyMR19'
FAILED mutants/tests/checkPositiveTest.py::test_checkPositive_with_func[originalInput9] - AttributeError: type object 'MetamorphicTestGenerator3' has no attribute 'applyMR19'
10 failed, 1 warning in 0.03s
❌ x_checkPositive__mutmut_4 存在失败 (退出码 1)

================================================================================
RUNNING checkPositive.py :: x_checkPositive__mutmut_5  -  2025-10-16T10:00:40.857759
================================================================================

>>> 当前使用的函数: x_checkPositive__mutmut_5
函数源码如下：
def x_checkPositive__mutmut_5(n):

    for i in range(1, len(n)):
        if n[i] <= 0:
            return False
    return True

FFFFFFFFFF
========================================================== FAILURES ==========================================================
________________________________________ test_checkPositive_with_func[originalInput0] ________________________________________
mutants/tests/checkPositiveTest.py:129: in test_checkPositive_with_func
    applyMR_Assert(originalInput, originalResult)
mutants/tests/checkPositiveTest.py:79: in applyMR_Assert
    transformInput19 = MetamorphicTestGenerator3.applyMR19(originalInput, 2)
E   AttributeError: type object 'MetamorphicTestGenerator3' has no attribute 'applyMR19'
________________________________________ test_checkPositive_with_func[originalInput1] ________________________________________
mutants/tests/checkPositiveTest.py:129: in test_checkPositive_with_func
    applyMR_Assert(originalInput, originalResult)
mutants/tests/checkPositiveTest.py:79: in applyMR_Assert
    transformInput19 = MetamorphicTestGenerator3.applyMR19(originalInput, 2)
E   AttributeError: type object 'MetamorphicTestGenerator3' has no attribute 'applyMR19'
________________________________________ test_checkPositive_with_func[originalInput2] ________________________________________
mutants/tests/checkPositiveTest.py:129: in test_checkPositive_with_func
    applyMR_Assert(originalInput, originalResult)
mutants/tests/checkPositiveTest.py:79: in applyMR_Assert
    transformInput19 = MetamorphicTestGenerator3.applyMR19(originalInput, 2)
E   AttributeError: type object 'MetamorphicTestGenerator3' has no attribute 'applyMR19'
________________________________________ test_checkPositive_with_func[originalInput3] ________________________________________
mutants/tests/checkPositiveTest.py:129: in test_checkPositive_with_func
    applyMR_Assert(originalInput, originalResult)
mutants/tests/checkPositiveTest.py:79: in applyMR_Assert
    transformInput19 = MetamorphicTestGenerator3.applyMR19(originalInput, 2)
E   AttributeError: type object 'MetamorphicTestGenerator3' has no attribute 'applyMR19'
________________________________________ test_checkPositive_with_func[originalInput4] ________________________________________
mutants/tests/checkPositiveTest.py:129: in test_checkPositive_with_func
    applyMR_Assert(originalInput, originalResult)
mutants/tests/checkPositiveTest.py:79: in applyMR_Assert
    transformInput19 = MetamorphicTestGenerator3.applyMR19(originalInput, 2)
E   AttributeError: type object 'MetamorphicTestGenerator3' has no attribute 'applyMR19'
________________________________________ test_checkPositive_with_func[originalInput5] ________________________________________
mutants/tests/checkPositiveTest.py:129: in test_checkPositive_with_func
    applyMR_Assert(originalInput, originalResult)
mutants/tests/checkPositiveTest.py:79: in applyMR_Assert
    transformInput19 = MetamorphicTestGenerator3.applyMR19(originalInput, 2)
E   AttributeError: type object 'MetamorphicTestGenerator3' has no attribute 'applyMR19'
________________________________________ test_checkPositive_with_func[originalInput6] ________________________________________
mutants/tests/checkPositiveTest.py:129: in test_checkPositive_with_func
    applyMR_Assert(originalInput, originalResult)
mutants/tests/checkPositiveTest.py:79: in applyMR_Assert
    transformInput19 = MetamorphicTestGenerator3.applyMR19(originalInput, 2)
E   AttributeError: type object 'MetamorphicTestGenerator3' has no attribute 'applyMR19'
________________________________________ test_checkPositive_with_func[originalInput7] ________________________________________
mutants/tests/checkPositiveTest.py:129: in test_checkPositive_with_func
    applyMR_Assert(originalInput, originalResult)
mutants/tests/checkPositiveTest.py:79: in applyMR_Assert
    transformInput19 = MetamorphicTestGenerator3.applyMR19(originalInput, 2)
E   AttributeError: type object 'MetamorphicTestGenerator3' has no attribute 'applyMR19'
________________________________________ test_checkPositive_with_func[originalInput8] ________________________________________
mutants/tests/checkPositiveTest.py:129: in test_checkPositive_with_func
    applyMR_Assert(originalInput, originalResult)
mutants/tests/checkPositiveTest.py:79: in applyMR_Assert
    transformInput19 = MetamorphicTestGenerator3.applyMR19(originalInput, 2)
E   AttributeError: type object 'MetamorphicTestGenerator3' has no attribute 'applyMR19'
________________________________________ test_checkPositive_with_func[originalInput9] ________________________________________
mutants/tests/checkPositiveTest.py:129: in test_checkPositive_with_func
    applyMR_Assert(originalInput, originalResult)
mutants/tests/checkPositiveTest.py:79: in applyMR_Assert
    transformInput19 = MetamorphicTestGenerator3.applyMR19(originalInput, 2)
E   AttributeError: type object 'MetamorphicTestGenerator3' has no attribute 'applyMR19'
====================================================== warnings summary ======================================================
../../anaconda3/envs/mutmut39/lib/python3.9/site-packages/_pytest/config/__init__.py:1474
  /home/rts/anaconda3/envs/mutmut39/lib/python3.9/site-packages/_pytest/config/__init__.py:1474: PytestConfigWarning: Unknown config option: pytest -vv --tb
  
    self._warn_or_fail_if_strict(f"Unknown config option: {key}\n")

-- Docs: https://docs.pytest.org/en/stable/how-to/capture-warnings.html
================================================== short test summary info ===================================================
FAILED mutants/tests/checkPositiveTest.py::test_checkPositive_with_func[originalInput0] - AttributeError: type object 'MetamorphicTestGenerator3' has no attribute 'applyMR19'
FAILED mutants/tests/checkPositiveTest.py::test_checkPositive_with_func[originalInput1] - AttributeError: type object 'MetamorphicTestGenerator3' has no attribute 'applyMR19'
FAILED mutants/tests/checkPositiveTest.py::test_checkPositive_with_func[originalInput2] - AttributeError: type object 'MetamorphicTestGenerator3' has no attribute 'applyMR19'
FAILED mutants/tests/checkPositiveTest.py::test_checkPositive_with_func[originalInput3] - AttributeError: type object 'MetamorphicTestGenerator3' has no attribute 'applyMR19'
FAILED mutants/tests/checkPositiveTest.py::test_checkPositive_with_func[originalInput4] - AttributeError: type object 'MetamorphicTestGenerator3' has no attribute 'applyMR19'
FAILED mutants/tests/checkPositiveTest.py::test_checkPositive_with_func[originalInput5] - AttributeError: type object 'MetamorphicTestGenerator3' has no attribute 'applyMR19'
FAILED mutants/tests/checkPositiveTest.py::test_checkPositive_with_func[originalInput6] - AttributeError: type object 'MetamorphicTestGenerator3' has no attribute 'applyMR19'
FAILED mutants/tests/checkPositiveTest.py::test_checkPositive_with_func[originalInput7] - AttributeError: type object 'MetamorphicTestGenerator3' has no attribute 'applyMR19'
FAILED mutants/tests/checkPositiveTest.py::test_checkPositive_with_func[originalInput8] - AttributeError: type object 'MetamorphicTestGenerator3' has no attribute 'applyMR19'
FAILED mutants/tests/checkPositiveTest.py::test_checkPositive_with_func[originalInput9] - AttributeError: type object 'MetamorphicTestGenerator3' has no attribute 'applyMR19'
10 failed, 1 warning in 0.03s
❌ x_checkPositive__mutmut_5 存在失败 (退出码 1)

================================================================================
RUNNING checkPositive.py :: x_checkPositive__mutmut_6  -  2025-10-16T10:00:40.928469
================================================================================

>>> 当前使用的函数: x_checkPositive__mutmut_6
函数源码如下：
def x_checkPositive__mutmut_6(n):

    for i in range(0, len(n)):
        if n[i] < 0:
            return False
    return True

FFFFFFFFFF
========================================================== FAILURES ==========================================================
________________________________________ test_checkPositive_with_func[originalInput0] ________________________________________
mutants/tests/checkPositiveTest.py:129: in test_checkPositive_with_func
    applyMR_Assert(originalInput, originalResult)
mutants/tests/checkPositiveTest.py:79: in applyMR_Assert
    transformInput19 = MetamorphicTestGenerator3.applyMR19(originalInput, 2)
E   AttributeError: type object 'MetamorphicTestGenerator3' has no attribute 'applyMR19'
________________________________________ test_checkPositive_with_func[originalInput1] ________________________________________
mutants/tests/checkPositiveTest.py:129: in test_checkPositive_with_func
    applyMR_Assert(originalInput, originalResult)
mutants/tests/checkPositiveTest.py:79: in applyMR_Assert
    transformInput19 = MetamorphicTestGenerator3.applyMR19(originalInput, 2)
E   AttributeError: type object 'MetamorphicTestGenerator3' has no attribute 'applyMR19'
________________________________________ test_checkPositive_with_func[originalInput2] ________________________________________
mutants/tests/checkPositiveTest.py:129: in test_checkPositive_with_func
    applyMR_Assert(originalInput, originalResult)
mutants/tests/checkPositiveTest.py:79: in applyMR_Assert
    transformInput19 = MetamorphicTestGenerator3.applyMR19(originalInput, 2)
E   AttributeError: type object 'MetamorphicTestGenerator3' has no attribute 'applyMR19'
________________________________________ test_checkPositive_with_func[originalInput3] ________________________________________
mutants/tests/checkPositiveTest.py:129: in test_checkPositive_with_func
    applyMR_Assert(originalInput, originalResult)
mutants/tests/checkPositiveTest.py:79: in applyMR_Assert
    transformInput19 = MetamorphicTestGenerator3.applyMR19(originalInput, 2)
E   AttributeError: type object 'MetamorphicTestGenerator3' has no attribute 'applyMR19'
________________________________________ test_checkPositive_with_func[originalInput4] ________________________________________
mutants/tests/checkPositiveTest.py:129: in test_checkPositive_with_func
    applyMR_Assert(originalInput, originalResult)
mutants/tests/checkPositiveTest.py:79: in applyMR_Assert
    transformInput19 = MetamorphicTestGenerator3.applyMR19(originalInput, 2)
E   AttributeError: type object 'MetamorphicTestGenerator3' has no attribute 'applyMR19'
________________________________________ test_checkPositive_with_func[originalInput5] ________________________________________
mutants/tests/checkPositiveTest.py:129: in test_checkPositive_with_func
    applyMR_Assert(originalInput, originalResult)
mutants/tests/checkPositiveTest.py:79: in applyMR_Assert
    transformInput19 = MetamorphicTestGenerator3.applyMR19(originalInput, 2)
E   AttributeError: type object 'MetamorphicTestGenerator3' has no attribute 'applyMR19'
________________________________________ test_checkPositive_with_func[originalInput6] ________________________________________
mutants/tests/checkPositiveTest.py:129: in test_checkPositive_with_func
    applyMR_Assert(originalInput, originalResult)
mutants/tests/checkPositiveTest.py:79: in applyMR_Assert
    transformInput19 = MetamorphicTestGenerator3.applyMR19(originalInput, 2)
E   AttributeError: type object 'MetamorphicTestGenerator3' has no attribute 'applyMR19'
________________________________________ test_checkPositive_with_func[originalInput7] ________________________________________
mutants/tests/checkPositiveTest.py:129: in test_checkPositive_with_func
    applyMR_Assert(originalInput, originalResult)
mutants/tests/checkPositiveTest.py:79: in applyMR_Assert
    transformInput19 = MetamorphicTestGenerator3.applyMR19(originalInput, 2)
E   AttributeError: type object 'MetamorphicTestGenerator3' has no attribute 'applyMR19'
________________________________________ test_checkPositive_with_func[originalInput8] ________________________________________
mutants/tests/checkPositiveTest.py:129: in test_checkPositive_with_func
    applyMR_Assert(originalInput, originalResult)
mutants/tests/checkPositiveTest.py:79: in applyMR_Assert
    transformInput19 = MetamorphicTestGenerator3.applyMR19(originalInput, 2)
E   AttributeError: type object 'MetamorphicTestGenerator3' has no attribute 'applyMR19'
________________________________________ test_checkPositive_with_func[originalInput9] ________________________________________
mutants/tests/checkPositiveTest.py:129: in test_checkPositive_with_func
    applyMR_Assert(originalInput, originalResult)
mutants/tests/checkPositiveTest.py:79: in applyMR_Assert
    transformInput19 = MetamorphicTestGenerator3.applyMR19(originalInput, 2)
E   AttributeError: type object 'MetamorphicTestGenerator3' has no attribute 'applyMR19'
====================================================== warnings summary ======================================================
../../anaconda3/envs/mutmut39/lib/python3.9/site-packages/_pytest/config/__init__.py:1474
  /home/rts/anaconda3/envs/mutmut39/lib/python3.9/site-packages/_pytest/config/__init__.py:1474: PytestConfigWarning: Unknown config option: pytest -vv --tb
  
    self._warn_or_fail_if_strict(f"Unknown config option: {key}\n")

-- Docs: https://docs.pytest.org/en/stable/how-to/capture-warnings.html
================================================== short test summary info ===================================================
FAILED mutants/tests/checkPositiveTest.py::test_checkPositive_with_func[originalInput0] - AttributeError: type object 'MetamorphicTestGenerator3' has no attribute 'applyMR19'
FAILED mutants/tests/checkPositiveTest.py::test_checkPositive_with_func[originalInput1] - AttributeError: type object 'MetamorphicTestGenerator3' has no attribute 'applyMR19'
FAILED mutants/tests/checkPositiveTest.py::test_checkPositive_with_func[originalInput2] - AttributeError: type object 'MetamorphicTestGenerator3' has no attribute 'applyMR19'
FAILED mutants/tests/checkPositiveTest.py::test_checkPositive_with_func[originalInput3] - AttributeError: type object 'MetamorphicTestGenerator3' has no attribute 'applyMR19'
FAILED mutants/tests/checkPositiveTest.py::test_checkPositive_with_func[originalInput4] - AttributeError: type object 'MetamorphicTestGenerator3' has no attribute 'applyMR19'
FAILED mutants/tests/checkPositiveTest.py::test_checkPositive_with_func[originalInput5] - AttributeError: type object 'MetamorphicTestGenerator3' has no attribute 'applyMR19'
FAILED mutants/tests/checkPositiveTest.py::test_checkPositive_with_func[originalInput6] - AttributeError: type object 'MetamorphicTestGenerator3' has no attribute 'applyMR19'
FAILED mutants/tests/checkPositiveTest.py::test_checkPositive_with_func[originalInput7] - AttributeError: type object 'MetamorphicTestGenerator3' has no attribute 'applyMR19'
FAILED mutants/tests/checkPositiveTest.py::test_checkPositive_with_func[originalInput8] - AttributeError: type object 'MetamorphicTestGenerator3' has no attribute 'applyMR19'
FAILED mutants/tests/checkPositiveTest.py::test_checkPositive_with_func[originalInput9] - AttributeError: type object 'MetamorphicTestGenerator3' has no attribute 'applyMR19'
10 failed, 1 warning in 0.03s
❌ x_checkPositive__mutmut_6 存在失败 (退出码 1)

================================================================================
RUNNING checkPositive.py :: x_checkPositive__mutmut_7  -  2025-10-16T10:00:40.999114
================================================================================

>>> 当前使用的函数: x_checkPositive__mutmut_7
函数源码如下：
def x_checkPositive__mutmut_7(n):

    for i in range(0, len(n)):
        if n[i] <= 1:
            return False
    return True

FFFFFFFFFF
========================================================== FAILURES ==========================================================
________________________________________ test_checkPositive_with_func[originalInput0] ________________________________________
mutants/tests/checkPositiveTest.py:129: in test_checkPositive_with_func
    applyMR_Assert(originalInput, originalResult)
mutants/tests/checkPositiveTest.py:79: in applyMR_Assert
    transformInput19 = MetamorphicTestGenerator3.applyMR19(originalInput, 2)
E   AttributeError: type object 'MetamorphicTestGenerator3' has no attribute 'applyMR19'
________________________________________ test_checkPositive_with_func[originalInput1] ________________________________________
mutants/tests/checkPositiveTest.py:129: in test_checkPositive_with_func
    applyMR_Assert(originalInput, originalResult)
mutants/tests/checkPositiveTest.py:79: in applyMR_Assert
    transformInput19 = MetamorphicTestGenerator3.applyMR19(originalInput, 2)
E   AttributeError: type object 'MetamorphicTestGenerator3' has no attribute 'applyMR19'
________________________________________ test_checkPositive_with_func[originalInput2] ________________________________________
mutants/tests/checkPositiveTest.py:129: in test_checkPositive_with_func
    applyMR_Assert(originalInput, originalResult)
mutants/tests/checkPositiveTest.py:79: in applyMR_Assert
    transformInput19 = MetamorphicTestGenerator3.applyMR19(originalInput, 2)
E   AttributeError: type object 'MetamorphicTestGenerator3' has no attribute 'applyMR19'
________________________________________ test_checkPositive_with_func[originalInput3] ________________________________________
mutants/tests/checkPositiveTest.py:129: in test_checkPositive_with_func
    applyMR_Assert(originalInput, originalResult)
mutants/tests/checkPositiveTest.py:79: in applyMR_Assert
    transformInput19 = MetamorphicTestGenerator3.applyMR19(originalInput, 2)
E   AttributeError: type object 'MetamorphicTestGenerator3' has no attribute 'applyMR19'
________________________________________ test_checkPositive_with_func[originalInput4] ________________________________________
mutants/tests/checkPositiveTest.py:129: in test_checkPositive_with_func
    applyMR_Assert(originalInput, originalResult)
mutants/tests/checkPositiveTest.py:79: in applyMR_Assert
    transformInput19 = MetamorphicTestGenerator3.applyMR19(originalInput, 2)
E   AttributeError: type object 'MetamorphicTestGenerator3' has no attribute 'applyMR19'
________________________________________ test_checkPositive_with_func[originalInput5] ________________________________________
mutants/tests/checkPositiveTest.py:129: in test_checkPositive_with_func
    applyMR_Assert(originalInput, originalResult)
mutants/tests/checkPositiveTest.py:79: in applyMR_Assert
    transformInput19 = MetamorphicTestGenerator3.applyMR19(originalInput, 2)
E   AttributeError: type object 'MetamorphicTestGenerator3' has no attribute 'applyMR19'
________________________________________ test_checkPositive_with_func[originalInput6] ________________________________________
mutants/tests/checkPositiveTest.py:129: in test_checkPositive_with_func
    applyMR_Assert(originalInput, originalResult)
mutants/tests/checkPositiveTest.py:79: in applyMR_Assert
    transformInput19 = MetamorphicTestGenerator3.applyMR19(originalInput, 2)
E   AttributeError: type object 'MetamorphicTestGenerator3' has no attribute 'applyMR19'
________________________________________ test_checkPositive_with_func[originalInput7] ________________________________________
mutants/tests/checkPositiveTest.py:129: in test_checkPositive_with_func
    applyMR_Assert(originalInput, originalResult)
mutants/tests/checkPositiveTest.py:79: in applyMR_Assert
    transformInput19 = MetamorphicTestGenerator3.applyMR19(originalInput, 2)
E   AttributeError: type object 'MetamorphicTestGenerator3' has no attribute 'applyMR19'
________________________________________ test_checkPositive_with_func[originalInput8] ________________________________________
mutants/tests/checkPositiveTest.py:129: in test_checkPositive_with_func
    applyMR_Assert(originalInput, originalResult)
mutants/tests/checkPositiveTest.py:79: in applyMR_Assert
    transformInput19 = MetamorphicTestGenerator3.applyMR19(originalInput, 2)
E   AttributeError: type object 'MetamorphicTestGenerator3' has no attribute 'applyMR19'
________________________________________ test_checkPositive_with_func[originalInput9] ________________________________________
mutants/tests/checkPositiveTest.py:129: in test_checkPositive_with_func
    applyMR_Assert(originalInput, originalResult)
mutants/tests/checkPositiveTest.py:79: in applyMR_Assert
    transformInput19 = MetamorphicTestGenerator3.applyMR19(originalInput, 2)
E   AttributeError: type object 'MetamorphicTestGenerator3' has no attribute 'applyMR19'
====================================================== warnings summary ======================================================
../../anaconda3/envs/mutmut39/lib/python3.9/site-packages/_pytest/config/__init__.py:1474
  /home/rts/anaconda3/envs/mutmut39/lib/python3.9/site-packages/_pytest/config/__init__.py:1474: PytestConfigWarning: Unknown config option: pytest -vv --tb
  
    self._warn_or_fail_if_strict(f"Unknown config option: {key}\n")

-- Docs: https://docs.pytest.org/en/stable/how-to/capture-warnings.html
================================================== short test summary info ===================================================
FAILED mutants/tests/checkPositiveTest.py::test_checkPositive_with_func[originalInput0] - AttributeError: type object 'MetamorphicTestGenerator3' has no attribute 'applyMR19'
FAILED mutants/tests/checkPositiveTest.py::test_checkPositive_with_func[originalInput1] - AttributeError: type object 'MetamorphicTestGenerator3' has no attribute 'applyMR19'
FAILED mutants/tests/checkPositiveTest.py::test_checkPositive_with_func[originalInput2] - AttributeError: type object 'MetamorphicTestGenerator3' has no attribute 'applyMR19'
FAILED mutants/tests/checkPositiveTest.py::test_checkPositive_with_func[originalInput3] - AttributeError: type object 'MetamorphicTestGenerator3' has no attribute 'applyMR19'
FAILED mutants/tests/checkPositiveTest.py::test_checkPositive_with_func[originalInput4] - AttributeError: type object 'MetamorphicTestGenerator3' has no attribute 'applyMR19'
FAILED mutants/tests/checkPositiveTest.py::test_checkPositive_with_func[originalInput5] - AttributeError: type object 'MetamorphicTestGenerator3' has no attribute 'applyMR19'
FAILED mutants/tests/checkPositiveTest.py::test_checkPositive_with_func[originalInput6] - AttributeError: type object 'MetamorphicTestGenerator3' has no attribute 'applyMR19'
FAILED mutants/tests/checkPositiveTest.py::test_checkPositive_with_func[originalInput7] - AttributeError: type object 'MetamorphicTestGenerator3' has no attribute 'applyMR19'
FAILED mutants/tests/checkPositiveTest.py::test_checkPositive_with_func[originalInput8] - AttributeError: type object 'MetamorphicTestGenerator3' has no attribute 'applyMR19'
FAILED mutants/tests/checkPositiveTest.py::test_checkPositive_with_func[originalInput9] - AttributeError: type object 'MetamorphicTestGenerator3' has no attribute 'applyMR19'
10 failed, 1 warning in 0.03s
❌ x_checkPositive__mutmut_7 存在失败 (退出码 1)

================================================================================
RUNNING checkPositive.py :: x_checkPositive__mutmut_8  -  2025-10-16T10:00:41.068738
================================================================================

>>> 当前使用的函数: x_checkPositive__mutmut_8
函数源码如下：
def x_checkPositive__mutmut_8(n):

    for i in range(0, len(n)):
        if n[i] <= 0:
            return True
    return True

FFFFFFFFFF
========================================================== FAILURES ==========================================================
________________________________________ test_checkPositive_with_func[originalInput0] ________________________________________
mutants/tests/checkPositiveTest.py:129: in test_checkPositive_with_func
    applyMR_Assert(originalInput, originalResult)
mutants/tests/checkPositiveTest.py:79: in applyMR_Assert
    transformInput19 = MetamorphicTestGenerator3.applyMR19(originalInput, 2)
E   AttributeError: type object 'MetamorphicTestGenerator3' has no attribute 'applyMR19'
________________________________________ test_checkPositive_with_func[originalInput1] ________________________________________
mutants/tests/checkPositiveTest.py:129: in test_checkPositive_with_func
    applyMR_Assert(originalInput, originalResult)
mutants/tests/checkPositiveTest.py:79: in applyMR_Assert
    transformInput19 = MetamorphicTestGenerator3.applyMR19(originalInput, 2)
E   AttributeError: type object 'MetamorphicTestGenerator3' has no attribute 'applyMR19'
________________________________________ test_checkPositive_with_func[originalInput2] ________________________________________
mutants/tests/checkPositiveTest.py:129: in test_checkPositive_with_func
    applyMR_Assert(originalInput, originalResult)
mutants/tests/checkPositiveTest.py:79: in applyMR_Assert
    transformInput19 = MetamorphicTestGenerator3.applyMR19(originalInput, 2)
E   AttributeError: type object 'MetamorphicTestGenerator3' has no attribute 'applyMR19'
________________________________________ test_checkPositive_with_func[originalInput3] ________________________________________
mutants/tests/checkPositiveTest.py:129: in test_checkPositive_with_func
    applyMR_Assert(originalInput, originalResult)
mutants/tests/checkPositiveTest.py:79: in applyMR_Assert
    transformInput19 = MetamorphicTestGenerator3.applyMR19(originalInput, 2)
E   AttributeError: type object 'MetamorphicTestGenerator3' has no attribute 'applyMR19'
________________________________________ test_checkPositive_with_func[originalInput4] ________________________________________
mutants/tests/checkPositiveTest.py:129: in test_checkPositive_with_func
    applyMR_Assert(originalInput, originalResult)
mutants/tests/checkPositiveTest.py:79: in applyMR_Assert
    transformInput19 = MetamorphicTestGenerator3.applyMR19(originalInput, 2)
E   AttributeError: type object 'MetamorphicTestGenerator3' has no attribute 'applyMR19'
________________________________________ test_checkPositive_with_func[originalInput5] ________________________________________
mutants/tests/checkPositiveTest.py:129: in test_checkPositive_with_func
    applyMR_Assert(originalInput, originalResult)
mutants/tests/checkPositiveTest.py:79: in applyMR_Assert
    transformInput19 = MetamorphicTestGenerator3.applyMR19(originalInput, 2)
E   AttributeError: type object 'MetamorphicTestGenerator3' has no attribute 'applyMR19'
________________________________________ test_checkPositive_with_func[originalInput6] ________________________________________
mutants/tests/checkPositiveTest.py:129: in test_checkPositive_with_func
    applyMR_Assert(originalInput, originalResult)
mutants/tests/checkPositiveTest.py:79: in applyMR_Assert
    transformInput19 = MetamorphicTestGenerator3.applyMR19(originalInput, 2)
E   AttributeError: type object 'MetamorphicTestGenerator3' has no attribute 'applyMR19'
________________________________________ test_checkPositive_with_func[originalInput7] ________________________________________
mutants/tests/checkPositiveTest.py:129: in test_checkPositive_with_func
    applyMR_Assert(originalInput, originalResult)
mutants/tests/checkPositiveTest.py:79: in applyMR_Assert
    transformInput19 = MetamorphicTestGenerator3.applyMR19(originalInput, 2)
E   AttributeError: type object 'MetamorphicTestGenerator3' has no attribute 'applyMR19'
________________________________________ test_checkPositive_with_func[originalInput8] ________________________________________
mutants/tests/checkPositiveTest.py:129: in test_checkPositive_with_func
    applyMR_Assert(originalInput, originalResult)
mutants/tests/checkPositiveTest.py:79: in applyMR_Assert
    transformInput19 = MetamorphicTestGenerator3.applyMR19(originalInput, 2)
E   AttributeError: type object 'MetamorphicTestGenerator3' has no attribute 'applyMR19'
________________________________________ test_checkPositive_with_func[originalInput9] ________________________________________
mutants/tests/checkPositiveTest.py:129: in test_checkPositive_with_func
    applyMR_Assert(originalInput, originalResult)
mutants/tests/checkPositiveTest.py:79: in applyMR_Assert
    transformInput19 = MetamorphicTestGenerator3.applyMR19(originalInput, 2)
E   AttributeError: type object 'MetamorphicTestGenerator3' has no attribute 'applyMR19'
====================================================== warnings summary ======================================================
../../anaconda3/envs/mutmut39/lib/python3.9/site-packages/_pytest/config/__init__.py:1474
  /home/rts/anaconda3/envs/mutmut39/lib/python3.9/site-packages/_pytest/config/__init__.py:1474: PytestConfigWarning: Unknown config option: pytest -vv --tb
  
    self._warn_or_fail_if_strict(f"Unknown config option: {key}\n")

-- Docs: https://docs.pytest.org/en/stable/how-to/capture-warnings.html
================================================== short test summary info ===================================================
FAILED mutants/tests/checkPositiveTest.py::test_checkPositive_with_func[originalInput0] - AttributeError: type object 'MetamorphicTestGenerator3' has no attribute 'applyMR19'
FAILED mutants/tests/checkPositiveTest.py::test_checkPositive_with_func[originalInput1] - AttributeError: type object 'MetamorphicTestGenerator3' has no attribute 'applyMR19'
FAILED mutants/tests/checkPositiveTest.py::test_checkPositive_with_func[originalInput2] - AttributeError: type object 'MetamorphicTestGenerator3' has no attribute 'applyMR19'
FAILED mutants/tests/checkPositiveTest.py::test_checkPositive_with_func[originalInput3] - AttributeError: type object 'MetamorphicTestGenerator3' has no attribute 'applyMR19'
FAILED mutants/tests/checkPositiveTest.py::test_checkPositive_with_func[originalInput4] - AttributeError: type object 'MetamorphicTestGenerator3' has no attribute 'applyMR19'
FAILED mutants/tests/checkPositiveTest.py::test_checkPositive_with_func[originalInput5] - AttributeError: type object 'MetamorphicTestGenerator3' has no attribute 'applyMR19'
FAILED mutants/tests/checkPositiveTest.py::test_checkPositive_with_func[originalInput6] - AttributeError: type object 'MetamorphicTestGenerator3' has no attribute 'applyMR19'
FAILED mutants/tests/checkPositiveTest.py::test_checkPositive_with_func[originalInput7] - AttributeError: type object 'MetamorphicTestGenerator3' has no attribute 'applyMR19'
FAILED mutants/tests/checkPositiveTest.py::test_checkPositive_with_func[originalInput8] - AttributeError: type object 'MetamorphicTestGenerator3' has no attribute 'applyMR19'
FAILED mutants/tests/checkPositiveTest.py::test_checkPositive_with_func[originalInput9] - AttributeError: type object 'MetamorphicTestGenerator3' has no attribute 'applyMR19'
10 failed, 1 warning in 0.03s
❌ x_checkPositive__mutmut_8 存在失败 (退出码 1)

================================================================================
RUNNING checkPositive.py :: x_checkPositive__mutmut_9  -  2025-10-16T10:00:41.139357
================================================================================

>>> 当前使用的函数: x_checkPositive__mutmut_9
函数源码如下：
def x_checkPositive__mutmut_9(n):

    for i in range(0, len(n)):
        if n[i] <= 0:
            return False
    return False

FFFFFFFFFF
========================================================== FAILURES ==========================================================
________________________________________ test_checkPositive_with_func[originalInput0] ________________________________________
mutants/tests/checkPositiveTest.py:129: in test_checkPositive_with_func
    applyMR_Assert(originalInput, originalResult)
mutants/tests/checkPositiveTest.py:79: in applyMR_Assert
    transformInput19 = MetamorphicTestGenerator3.applyMR19(originalInput, 2)
E   AttributeError: type object 'MetamorphicTestGenerator3' has no attribute 'applyMR19'
________________________________________ test_checkPositive_with_func[originalInput1] ________________________________________
mutants/tests/checkPositiveTest.py:129: in test_checkPositive_with_func
    applyMR_Assert(originalInput, originalResult)
mutants/tests/checkPositiveTest.py:79: in applyMR_Assert
    transformInput19 = MetamorphicTestGenerator3.applyMR19(originalInput, 2)
E   AttributeError: type object 'MetamorphicTestGenerator3' has no attribute 'applyMR19'
________________________________________ test_checkPositive_with_func[originalInput2] ________________________________________
mutants/tests/checkPositiveTest.py:129: in test_checkPositive_with_func
    applyMR_Assert(originalInput, originalResult)
mutants/tests/checkPositiveTest.py:79: in applyMR_Assert
    transformInput19 = MetamorphicTestGenerator3.applyMR19(originalInput, 2)
E   AttributeError: type object 'MetamorphicTestGenerator3' has no attribute 'applyMR19'
________________________________________ test_checkPositive_with_func[originalInput3] ________________________________________
mutants/tests/checkPositiveTest.py:129: in test_checkPositive_with_func
    applyMR_Assert(originalInput, originalResult)
mutants/tests/checkPositiveTest.py:79: in applyMR_Assert
    transformInput19 = MetamorphicTestGenerator3.applyMR19(originalInput, 2)
E   AttributeError: type object 'MetamorphicTestGenerator3' has no attribute 'applyMR19'
________________________________________ test_checkPositive_with_func[originalInput4] ________________________________________
mutants/tests/checkPositiveTest.py:129: in test_checkPositive_with_func
    applyMR_Assert(originalInput, originalResult)
mutants/tests/checkPositiveTest.py:79: in applyMR_Assert
    transformInput19 = MetamorphicTestGenerator3.applyMR19(originalInput, 2)
E   AttributeError: type object 'MetamorphicTestGenerator3' has no attribute 'applyMR19'
________________________________________ test_checkPositive_with_func[originalInput5] ________________________________________
mutants/tests/checkPositiveTest.py:129: in test_checkPositive_with_func
    applyMR_Assert(originalInput, originalResult)
mutants/tests/checkPositiveTest.py:79: in applyMR_Assert
    transformInput19 = MetamorphicTestGenerator3.applyMR19(originalInput, 2)
E   AttributeError: type object 'MetamorphicTestGenerator3' has no attribute 'applyMR19'
________________________________________ test_checkPositive_with_func[originalInput6] ________________________________________
mutants/tests/checkPositiveTest.py:129: in test_checkPositive_with_func
    applyMR_Assert(originalInput, originalResult)
mutants/tests/checkPositiveTest.py:79: in applyMR_Assert
    transformInput19 = MetamorphicTestGenerator3.applyMR19(originalInput, 2)
E   AttributeError: type object 'MetamorphicTestGenerator3' has no attribute 'applyMR19'
________________________________________ test_checkPositive_with_func[originalInput7] ________________________________________
mutants/tests/checkPositiveTest.py:129: in test_checkPositive_with_func
    applyMR_Assert(originalInput, originalResult)
mutants/tests/checkPositiveTest.py:79: in applyMR_Assert
    transformInput19 = MetamorphicTestGenerator3.applyMR19(originalInput, 2)
E   AttributeError: type object 'MetamorphicTestGenerator3' has no attribute 'applyMR19'
________________________________________ test_checkPositive_with_func[originalInput8] ________________________________________
mutants/tests/checkPositiveTest.py:129: in test_checkPositive_with_func
    applyMR_Assert(originalInput, originalResult)
mutants/tests/checkPositiveTest.py:79: in applyMR_Assert
    transformInput19 = MetamorphicTestGenerator3.applyMR19(originalInput, 2)
E   AttributeError: type object 'MetamorphicTestGenerator3' has no attribute 'applyMR19'
________________________________________ test_checkPositive_with_func[originalInput9] ________________________________________
mutants/tests/checkPositiveTest.py:129: in test_checkPositive_with_func
    applyMR_Assert(originalInput, originalResult)
mutants/tests/checkPositiveTest.py:79: in applyMR_Assert
    transformInput19 = MetamorphicTestGenerator3.applyMR19(originalInput, 2)
E   AttributeError: type object 'MetamorphicTestGenerator3' has no attribute 'applyMR19'
====================================================== warnings summary ======================================================
../../anaconda3/envs/mutmut39/lib/python3.9/site-packages/_pytest/config/__init__.py:1474
  /home/rts/anaconda3/envs/mutmut39/lib/python3.9/site-packages/_pytest/config/__init__.py:1474: PytestConfigWarning: Unknown config option: pytest -vv --tb
  
    self._warn_or_fail_if_strict(f"Unknown config option: {key}\n")

-- Docs: https://docs.pytest.org/en/stable/how-to/capture-warnings.html
================================================== short test summary info ===================================================
FAILED mutants/tests/checkPositiveTest.py::test_checkPositive_with_func[originalInput0] - AttributeError: type object 'MetamorphicTestGenerator3' has no attribute 'applyMR19'
FAILED mutants/tests/checkPositiveTest.py::test_checkPositive_with_func[originalInput1] - AttributeError: type object 'MetamorphicTestGenerator3' has no attribute 'applyMR19'
FAILED mutants/tests/checkPositiveTest.py::test_checkPositive_with_func[originalInput2] - AttributeError: type object 'MetamorphicTestGenerator3' has no attribute 'applyMR19'
FAILED mutants/tests/checkPositiveTest.py::test_checkPositive_with_func[originalInput3] - AttributeError: type object 'MetamorphicTestGenerator3' has no attribute 'applyMR19'
FAILED mutants/tests/checkPositiveTest.py::test_checkPositive_with_func[originalInput4] - AttributeError: type object 'MetamorphicTestGenerator3' has no attribute 'applyMR19'
FAILED mutants/tests/checkPositiveTest.py::test_checkPositive_with_func[originalInput5] - AttributeError: type object 'MetamorphicTestGenerator3' has no attribute 'applyMR19'
FAILED mutants/tests/checkPositiveTest.py::test_checkPositive_with_func[originalInput6] - AttributeError: type object 'MetamorphicTestGenerator3' has no attribute 'applyMR19'
FAILED mutants/tests/checkPositiveTest.py::test_checkPositive_with_func[originalInput7] - AttributeError: type object 'MetamorphicTestGenerator3' has no attribute 'applyMR19'
FAILED mutants/tests/checkPositiveTest.py::test_checkPositive_with_func[originalInput8] - AttributeError: type object 'MetamorphicTestGenerator3' has no attribute 'applyMR19'
FAILED mutants/tests/checkPositiveTest.py::test_checkPositive_with_func[originalInput9] - AttributeError: type object 'MetamorphicTestGenerator3' has no attribute 'applyMR19'
10 failed, 1 warning in 0.03s
❌ x_checkPositive__mutmut_9 存在失败 (退出码 1)

================================================================================
RUNNING checkPositive.py :: x_checkPositive__mutmut_orig  -  2025-10-16T10:00:41.209504
================================================================================

>>> 当前使用的函数: x_checkPositive__mutmut_orig
函数源码如下：
def x_checkPositive__mutmut_orig(n):

    for i in range(0, len(n)):
        if n[i] <= 0:
            return False
    return True

FFFFFFFFFF
========================================================== FAILURES ==========================================================
________________________________________ test_checkPositive_with_func[originalInput0] ________________________________________
mutants/tests/checkPositiveTest.py:129: in test_checkPositive_with_func
    applyMR_Assert(originalInput, originalResult)
mutants/tests/checkPositiveTest.py:79: in applyMR_Assert
    transformInput19 = MetamorphicTestGenerator3.applyMR19(originalInput, 2)
E   AttributeError: type object 'MetamorphicTestGenerator3' has no attribute 'applyMR19'
________________________________________ test_checkPositive_with_func[originalInput1] ________________________________________
mutants/tests/checkPositiveTest.py:129: in test_checkPositive_with_func
    applyMR_Assert(originalInput, originalResult)
mutants/tests/checkPositiveTest.py:79: in applyMR_Assert
    transformInput19 = MetamorphicTestGenerator3.applyMR19(originalInput, 2)
E   AttributeError: type object 'MetamorphicTestGenerator3' has no attribute 'applyMR19'
________________________________________ test_checkPositive_with_func[originalInput2] ________________________________________
mutants/tests/checkPositiveTest.py:129: in test_checkPositive_with_func
    applyMR_Assert(originalInput, originalResult)
mutants/tests/checkPositiveTest.py:79: in applyMR_Assert
    transformInput19 = MetamorphicTestGenerator3.applyMR19(originalInput, 2)
E   AttributeError: type object 'MetamorphicTestGenerator3' has no attribute 'applyMR19'
________________________________________ test_checkPositive_with_func[originalInput3] ________________________________________
mutants/tests/checkPositiveTest.py:129: in test_checkPositive_with_func
    applyMR_Assert(originalInput, originalResult)
mutants/tests/checkPositiveTest.py:79: in applyMR_Assert
    transformInput19 = MetamorphicTestGenerator3.applyMR19(originalInput, 2)
E   AttributeError: type object 'MetamorphicTestGenerator3' has no attribute 'applyMR19'
________________________________________ test_checkPositive_with_func[originalInput4] ________________________________________
mutants/tests/checkPositiveTest.py:129: in test_checkPositive_with_func
    applyMR_Assert(originalInput, originalResult)
mutants/tests/checkPositiveTest.py:79: in applyMR_Assert
    transformInput19 = MetamorphicTestGenerator3.applyMR19(originalInput, 2)
E   AttributeError: type object 'MetamorphicTestGenerator3' has no attribute 'applyMR19'
________________________________________ test_checkPositive_with_func[originalInput5] ________________________________________
mutants/tests/checkPositiveTest.py:129: in test_checkPositive_with_func
    applyMR_Assert(originalInput, originalResult)
mutants/tests/checkPositiveTest.py:79: in applyMR_Assert
    transformInput19 = MetamorphicTestGenerator3.applyMR19(originalInput, 2)
E   AttributeError: type object 'MetamorphicTestGenerator3' has no attribute 'applyMR19'
________________________________________ test_checkPositive_with_func[originalInput6] ________________________________________
mutants/tests/checkPositiveTest.py:129: in test_checkPositive_with_func
    applyMR_Assert(originalInput, originalResult)
mutants/tests/checkPositiveTest.py:79: in applyMR_Assert
    transformInput19 = MetamorphicTestGenerator3.applyMR19(originalInput, 2)
E   AttributeError: type object 'MetamorphicTestGenerator3' has no attribute 'applyMR19'
________________________________________ test_checkPositive_with_func[originalInput7] ________________________________________
mutants/tests/checkPositiveTest.py:129: in test_checkPositive_with_func
    applyMR_Assert(originalInput, originalResult)
mutants/tests/checkPositiveTest.py:79: in applyMR_Assert
    transformInput19 = MetamorphicTestGenerator3.applyMR19(originalInput, 2)
E   AttributeError: type object 'MetamorphicTestGenerator3' has no attribute 'applyMR19'
________________________________________ test_checkPositive_with_func[originalInput8] ________________________________________
mutants/tests/checkPositiveTest.py:129: in test_checkPositive_with_func
    applyMR_Assert(originalInput, originalResult)
mutants/tests/checkPositiveTest.py:79: in applyMR_Assert
    transformInput19 = MetamorphicTestGenerator3.applyMR19(originalInput, 2)
E   AttributeError: type object 'MetamorphicTestGenerator3' has no attribute 'applyMR19'
________________________________________ test_checkPositive_with_func[originalInput9] ________________________________________
mutants/tests/checkPositiveTest.py:129: in test_checkPositive_with_func
    applyMR_Assert(originalInput, originalResult)
mutants/tests/checkPositiveTest.py:79: in applyMR_Assert
    transformInput19 = MetamorphicTestGenerator3.applyMR19(originalInput, 2)
E   AttributeError: type object 'MetamorphicTestGenerator3' has no attribute 'applyMR19'
====================================================== warnings summary ======================================================
../../anaconda3/envs/mutmut39/lib/python3.9/site-packages/_pytest/config/__init__.py:1474
  /home/rts/anaconda3/envs/mutmut39/lib/python3.9/site-packages/_pytest/config/__init__.py:1474: PytestConfigWarning: Unknown config option: pytest -vv --tb
  
    self._warn_or_fail_if_strict(f"Unknown config option: {key}\n")

-- Docs: https://docs.pytest.org/en/stable/how-to/capture-warnings.html
================================================== short test summary info ===================================================
FAILED mutants/tests/checkPositiveTest.py::test_checkPositive_with_func[originalInput0] - AttributeError: type object 'MetamorphicTestGenerator3' has no attribute 'applyMR19'
FAILED mutants/tests/checkPositiveTest.py::test_checkPositive_with_func[originalInput1] - AttributeError: type object 'MetamorphicTestGenerator3' has no attribute 'applyMR19'
FAILED mutants/tests/checkPositiveTest.py::test_checkPositive_with_func[originalInput2] - AttributeError: type object 'MetamorphicTestGenerator3' has no attribute 'applyMR19'
FAILED mutants/tests/checkPositiveTest.py::test_checkPositive_with_func[originalInput3] - AttributeError: type object 'MetamorphicTestGenerator3' has no attribute 'applyMR19'
FAILED mutants/tests/checkPositiveTest.py::test_checkPositive_with_func[originalInput4] - AttributeError: type object 'MetamorphicTestGenerator3' has no attribute 'applyMR19'
FAILED mutants/tests/checkPositiveTest.py::test_checkPositive_with_func[originalInput5] - AttributeError: type object 'MetamorphicTestGenerator3' has no attribute 'applyMR19'
FAILED mutants/tests/checkPositiveTest.py::test_checkPositive_with_func[originalInput6] - AttributeError: type object 'MetamorphicTestGenerator3' has no attribute 'applyMR19'
FAILED mutants/tests/checkPositiveTest.py::test_checkPositive_with_func[originalInput7] - AttributeError: type object 'MetamorphicTestGenerator3' has no attribute 'applyMR19'
FAILED mutants/tests/checkPositiveTest.py::test_checkPositive_with_func[originalInput8] - AttributeError: type object 'MetamorphicTestGenerator3' has no attribute 'applyMR19'
FAILED mutants/tests/checkPositiveTest.py::test_checkPositive_with_func[originalInput9] - AttributeError: type object 'MetamorphicTestGenerator3' has no attribute 'applyMR19'
10 failed, 1 warning in 0.03s
❌ x_checkPositive__mutmut_orig 存在失败 (退出码 1)
