
=== Running tests for single mutant file: bi_SearchFromTo.py ===

================================================================================
RUNNING bi_SearchFromTo.py :: x_bi_SearchFromTo__mutmut_1  -  2025-10-16T09:56:45.848885
================================================================================

>>> 当前使用的函数: x_bi_SearchFromTo__mutmut_1
函数源码如下：
def x_bi_SearchFromTo__mutmut_1(elements, key, froom, to):

    low = None
    high = to

    while low <= high:
        mid = (low + high)//2
        midVal = elements[mid]

        if midVal < key:
            low = mid + 1

        else:
            if midVal > key:
                high = mid - 1
            else:
                return mid
    return -(low + 1)

FFFFFFFFFF
========================================================== FAILURES ==========================================================
___________________________________ test_bi_SearchFromTo_with_func[originalInput0-1.2-0-3] ___________________________________
mutants/tests/bi_SearchFromToTest.py:83: in test_bi_SearchFromTo_with_func
    originalResult = func(originalInput, key, from_idx, to_idx)
mutants/src/bi_SearchFromTo.py:56: in x_bi_SearchFromTo__mutmut_1
    while low <= high:
E   TypeError: '<=' not supported between instances of 'NoneType' and 'int'
___________________________________ test_bi_SearchFromTo_with_func[originalInput1-2.0-0-4] ___________________________________
mutants/tests/bi_SearchFromToTest.py:83: in test_bi_SearchFromTo_with_func
    originalResult = func(originalInput, key, from_idx, to_idx)
mutants/src/bi_SearchFromTo.py:56: in x_bi_SearchFromTo__mutmut_1
    while low <= high:
E   TypeError: '<=' not supported between instances of 'NoneType' and 'int'
__________________________________ test_bi_SearchFromTo_with_func[originalInput2-1.61-0-4] ___________________________________
mutants/tests/bi_SearchFromToTest.py:83: in test_bi_SearchFromTo_with_func
    originalResult = func(originalInput, key, from_idx, to_idx)
mutants/src/bi_SearchFromTo.py:56: in x_bi_SearchFromTo__mutmut_1
    while low <= high:
E   TypeError: '<=' not supported between instances of 'NoneType' and 'int'
___________________________________ test_bi_SearchFromTo_with_func[originalInput3-0.0-0-3] ___________________________________
mutants/tests/bi_SearchFromToTest.py:83: in test_bi_SearchFromTo_with_func
    originalResult = func(originalInput, key, from_idx, to_idx)
mutants/src/bi_SearchFromTo.py:56: in x_bi_SearchFromTo__mutmut_1
    while low <= high:
E   TypeError: '<=' not supported between instances of 'NoneType' and 'int'
___________________________________ test_bi_SearchFromTo_with_func[originalInput4-2.5-0-4] ___________________________________
mutants/tests/bi_SearchFromToTest.py:83: in test_bi_SearchFromTo_with_func
    originalResult = func(originalInput, key, from_idx, to_idx)
mutants/src/bi_SearchFromTo.py:56: in x_bi_SearchFromTo__mutmut_1
    while low <= high:
E   TypeError: '<=' not supported between instances of 'NoneType' and 'int'
___________________________________ test_bi_SearchFromTo_with_func[originalInput5-1.2-0-2] ___________________________________
mutants/tests/bi_SearchFromToTest.py:83: in test_bi_SearchFromTo_with_func
    originalResult = func(originalInput, key, from_idx, to_idx)
mutants/src/bi_SearchFromTo.py:56: in x_bi_SearchFromTo__mutmut_1
    while low <= high:
E   TypeError: '<=' not supported between instances of 'NoneType' and 'int'
___________________________________ test_bi_SearchFromTo_with_func[originalInput6-4.4-0-3] ___________________________________
mutants/tests/bi_SearchFromToTest.py:83: in test_bi_SearchFromTo_with_func
    originalResult = func(originalInput, key, from_idx, to_idx)
mutants/src/bi_SearchFromTo.py:56: in x_bi_SearchFromTo__mutmut_1
    while low <= high:
E   TypeError: '<=' not supported between instances of 'NoneType' and 'int'
___________________________________ test_bi_SearchFromTo_with_func[originalInput7-1.2-0-3] ___________________________________
mutants/tests/bi_SearchFromToTest.py:83: in test_bi_SearchFromTo_with_func
    originalResult = func(originalInput, key, from_idx, to_idx)
mutants/src/bi_SearchFromTo.py:56: in x_bi_SearchFromTo__mutmut_1
    while low <= high:
E   TypeError: '<=' not supported between instances of 'NoneType' and 'int'
___________________________________ test_bi_SearchFromTo_with_func[originalInput8-4.1-0-4] ___________________________________
mutants/tests/bi_SearchFromToTest.py:83: in test_bi_SearchFromTo_with_func
    originalResult = func(originalInput, key, from_idx, to_idx)
mutants/src/bi_SearchFromTo.py:56: in x_bi_SearchFromTo__mutmut_1
    while low <= high:
E   TypeError: '<=' not supported between instances of 'NoneType' and 'int'
___________________________________ test_bi_SearchFromTo_with_func[originalInput9-1.5-0-5] ___________________________________
mutants/tests/bi_SearchFromToTest.py:83: in test_bi_SearchFromTo_with_func
    originalResult = func(originalInput, key, from_idx, to_idx)
mutants/src/bi_SearchFromTo.py:56: in x_bi_SearchFromTo__mutmut_1
    while low <= high:
E   TypeError: '<=' not supported between instances of 'NoneType' and 'int'
====================================================== warnings summary ======================================================
../../anaconda3/envs/mutmut39/lib/python3.9/site-packages/_pytest/config/__init__.py:1474
  /home/rts/anaconda3/envs/mutmut39/lib/python3.9/site-packages/_pytest/config/__init__.py:1474: PytestConfigWarning: Unknown config option: pytest -vv --tb
  
    self._warn_or_fail_if_strict(f"Unknown config option: {key}\n")

-- Docs: https://docs.pytest.org/en/stable/how-to/capture-warnings.html
================================================== short test summary info ===================================================
FAILED mutants/tests/bi_SearchFromToTest.py::test_bi_SearchFromTo_with_func[originalInput0-1.2-0-3] - TypeError: '<=' not supported between instances of 'NoneType' and 'int'
FAILED mutants/tests/bi_SearchFromToTest.py::test_bi_SearchFromTo_with_func[originalInput1-2.0-0-4] - TypeError: '<=' not supported between instances of 'NoneType' and 'int'
FAILED mutants/tests/bi_SearchFromToTest.py::test_bi_SearchFromTo_with_func[originalInput2-1.61-0-4] - TypeError: '<=' not supported between instances of 'NoneType' and 'int'
FAILED mutants/tests/bi_SearchFromToTest.py::test_bi_SearchFromTo_with_func[originalInput3-0.0-0-3] - TypeError: '<=' not supported between instances of 'NoneType' and 'int'
FAILED mutants/tests/bi_SearchFromToTest.py::test_bi_SearchFromTo_with_func[originalInput4-2.5-0-4] - TypeError: '<=' not supported between instances of 'NoneType' and 'int'
FAILED mutants/tests/bi_SearchFromToTest.py::test_bi_SearchFromTo_with_func[originalInput5-1.2-0-2] - TypeError: '<=' not supported between instances of 'NoneType' and 'int'
FAILED mutants/tests/bi_SearchFromToTest.py::test_bi_SearchFromTo_with_func[originalInput6-4.4-0-3] - TypeError: '<=' not supported between instances of 'NoneType' and 'int'
FAILED mutants/tests/bi_SearchFromToTest.py::test_bi_SearchFromTo_with_func[originalInput7-1.2-0-3] - TypeError: '<=' not supported between instances of 'NoneType' and 'int'
FAILED mutants/tests/bi_SearchFromToTest.py::test_bi_SearchFromTo_with_func[originalInput8-4.1-0-4] - TypeError: '<=' not supported between instances of 'NoneType' and 'int'
FAILED mutants/tests/bi_SearchFromToTest.py::test_bi_SearchFromTo_with_func[originalInput9-1.5-0-5] - TypeError: '<=' not supported between instances of 'NoneType' and 'int'
10 failed, 1 warning in 0.09s
❌ x_bi_SearchFromTo__mutmut_1 存在失败 (退出码 1)

================================================================================
RUNNING bi_SearchFromTo.py :: x_bi_SearchFromTo__mutmut_10  -  2025-10-16T09:56:46.010338
================================================================================

>>> 当前使用的函数: x_bi_SearchFromTo__mutmut_10
函数源码如下：
def x_bi_SearchFromTo__mutmut_10(elements, key, froom, to):

    low = froom
    high = to

    while low <= high:
        mid = (low + high)//2
        midVal = elements[mid]

        if midVal < key:
            low = None

        else:
            if midVal > key:
                high = mid - 1
            else:
                return mid
    return -(low + 1)



FF

F

.FFFF

FF
========================================================== FAILURES ==========================================================
___________________________________ test_bi_SearchFromTo_with_func[originalInput0-1.2-0-3] ___________________________________
mutants/tests/bi_SearchFromToTest.py:84: in test_bi_SearchFromTo_with_func
    applyMR_Assert(originalInput, originalResult, key, from_idx, to_idx)
mutants/tests/bi_SearchFromToTest.py:29: in applyMR_Assert
    transformResult4 = func(transformInput4, key, from_idx, to_idx)
mutants/src/bi_SearchFromTo.py:218: in x_bi_SearchFromTo__mutmut_10
    while low <= high:
E   TypeError: '<=' not supported between instances of 'NoneType' and 'int'
___________________________________ test_bi_SearchFromTo_with_func[originalInput1-2.0-0-4] ___________________________________
mutants/tests/bi_SearchFromToTest.py:83: in test_bi_SearchFromTo_with_func
    originalResult = func(originalInput, key, from_idx, to_idx)
mutants/src/bi_SearchFromTo.py:218: in x_bi_SearchFromTo__mutmut_10
    while low <= high:
E   TypeError: '<=' not supported between instances of 'NoneType' and 'int'
__________________________________ test_bi_SearchFromTo_with_func[originalInput2-1.61-0-4] ___________________________________
mutants/tests/bi_SearchFromToTest.py:84: in test_bi_SearchFromTo_with_func
    applyMR_Assert(originalInput, originalResult, key, from_idx, to_idx)
mutants/tests/bi_SearchFromToTest.py:29: in applyMR_Assert
    transformResult4 = func(transformInput4, key, from_idx, to_idx)
mutants/src/bi_SearchFromTo.py:218: in x_bi_SearchFromTo__mutmut_10
    while low <= high:
E   TypeError: '<=' not supported between instances of 'NoneType' and 'int'
___________________________________ test_bi_SearchFromTo_with_func[originalInput4-2.5-0-4] ___________________________________
mutants/tests/bi_SearchFromToTest.py:83: in test_bi_SearchFromTo_with_func
    originalResult = func(originalInput, key, from_idx, to_idx)
mutants/src/bi_SearchFromTo.py:218: in x_bi_SearchFromTo__mutmut_10
    while low <= high:
E   TypeError: '<=' not supported between instances of 'NoneType' and 'int'
___________________________________ test_bi_SearchFromTo_with_func[originalInput5-1.2-0-2] ___________________________________
mutants/tests/bi_SearchFromToTest.py:83: in test_bi_SearchFromTo_with_func
    originalResult = func(originalInput, key, from_idx, to_idx)
mutants/src/bi_SearchFromTo.py:218: in x_bi_SearchFromTo__mutmut_10
    while low <= high:
E   TypeError: '<=' not supported between instances of 'NoneType' and 'int'
___________________________________ test_bi_SearchFromTo_with_func[originalInput6-4.4-0-3] ___________________________________
mutants/tests/bi_SearchFromToTest.py:83: in test_bi_SearchFromTo_with_func
    originalResult = func(originalInput, key, from_idx, to_idx)
mutants/src/bi_SearchFromTo.py:218: in x_bi_SearchFromTo__mutmut_10
    while low <= high:
E   TypeError: '<=' not supported between instances of 'NoneType' and 'int'
___________________________________ test_bi_SearchFromTo_with_func[originalInput7-1.2-0-3] ___________________________________
mutants/tests/bi_SearchFromToTest.py:83: in test_bi_SearchFromTo_with_func
    originalResult = func(originalInput, key, from_idx, to_idx)
mutants/src/bi_SearchFromTo.py:218: in x_bi_SearchFromTo__mutmut_10
    while low <= high:
E   TypeError: '<=' not supported between instances of 'NoneType' and 'int'
___________________________________ test_bi_SearchFromTo_with_func[originalInput8-4.1-0-4] ___________________________________
mutants/tests/bi_SearchFromToTest.py:84: in test_bi_SearchFromTo_with_func
    applyMR_Assert(originalInput, originalResult, key, from_idx, to_idx)
mutants/tests/bi_SearchFromToTest.py:29: in applyMR_Assert
    transformResult4 = func(transformInput4, key, from_idx, to_idx)
mutants/src/bi_SearchFromTo.py:218: in x_bi_SearchFromTo__mutmut_10
    while low <= high:
E   TypeError: '<=' not supported between instances of 'NoneType' and 'int'
___________________________________ test_bi_SearchFromTo_with_func[originalInput9-1.5-0-5] ___________________________________
mutants/tests/bi_SearchFromToTest.py:83: in test_bi_SearchFromTo_with_func
    originalResult = func(originalInput, key, from_idx, to_idx)
mutants/src/bi_SearchFromTo.py:218: in x_bi_SearchFromTo__mutmut_10
    while low <= high:
E   TypeError: '<=' not supported between instances of 'NoneType' and 'int'
====================================================== warnings summary ======================================================
../../anaconda3/envs/mutmut39/lib/python3.9/site-packages/_pytest/config/__init__.py:1474
  /home/rts/anaconda3/envs/mutmut39/lib/python3.9/site-packages/_pytest/config/__init__.py:1474: PytestConfigWarning: Unknown config option: pytest -vv --tb
  
    self._warn_or_fail_if_strict(f"Unknown config option: {key}\n")

-- Docs: https://docs.pytest.org/en/stable/how-to/capture-warnings.html
================================================== short test summary info ===================================================
FAILED mutants/tests/bi_SearchFromToTest.py::test_bi_SearchFromTo_with_func[originalInput0-1.2-0-3] - TypeError: '<=' not supported between instances of 'NoneType' and 'int'
FAILED mutants/tests/bi_SearchFromToTest.py::test_bi_SearchFromTo_with_func[originalInput1-2.0-0-4] - TypeError: '<=' not supported between instances of 'NoneType' and 'int'
FAILED mutants/tests/bi_SearchFromToTest.py::test_bi_SearchFromTo_with_func[originalInput2-1.61-0-4] - TypeError: '<=' not supported between instances of 'NoneType' and 'int'
FAILED mutants/tests/bi_SearchFromToTest.py::test_bi_SearchFromTo_with_func[originalInput4-2.5-0-4] - TypeError: '<=' not supported between instances of 'NoneType' and 'int'
FAILED mutants/tests/bi_SearchFromToTest.py::test_bi_SearchFromTo_with_func[originalInput5-1.2-0-2] - TypeError: '<=' not supported between instances of 'NoneType' and 'int'
FAILED mutants/tests/bi_SearchFromToTest.py::test_bi_SearchFromTo_with_func[originalInput6-4.4-0-3] - TypeError: '<=' not supported between instances of 'NoneType' and 'int'
FAILED mutants/tests/bi_SearchFromToTest.py::test_bi_SearchFromTo_with_func[originalInput7-1.2-0-3] - TypeError: '<=' not supported between instances of 'NoneType' and 'int'
FAILED mutants/tests/bi_SearchFromToTest.py::test_bi_SearchFromTo_with_func[originalInput8-4.1-0-4] - TypeError: '<=' not supported between instances of 'NoneType' and 'int'
FAILED mutants/tests/bi_SearchFromToTest.py::test_bi_SearchFromTo_with_func[originalInput9-1.5-0-5] - TypeError: '<=' not supported between instances of 'NoneType' and 'int'
9 failed, 1 passed, 1 warning in 0.05s
❌ x_bi_SearchFromTo__mutmut_10 存在失败 (退出码 1)

================================================================================
RUNNING bi_SearchFromTo.py :: x_bi_SearchFromTo__mutmut_11  -  2025-10-16T09:56:46.105780
================================================================================

>>> 当前使用的函数: x_bi_SearchFromTo__mutmut_11
函数源码如下：
def x_bi_SearchFromTo__mutmut_11(elements, key, froom, to):

    low = froom
    high = to

    while low <= high:
        mid = (low + high)//2
        midVal = elements[mid]

        if midVal < key:
            low = mid - 1

        else:
            if midVal > key:
                high = mid - 1
            else:
                return mid
    return -(low + 1)




====================================================== warnings summary ======================================================
../../anaconda3/envs/mutmut39/lib/python3.9/site-packages/_pytest/config/__init__.py:1474
  /home/rts/anaconda3/envs/mutmut39/lib/python3.9/site-packages/_pytest/config/__init__.py:1474: PytestConfigWarning: Unknown config option: pytest -vv --tb
  
    self._warn_or_fail_if_strict(f"Unknown config option: {key}\n")

-- Docs: https://docs.pytest.org/en/stable/how-to/capture-warnings.html
!!!!!!!!!!!!!!!!!!!!!!!!!!!!!!!!!!!!!!!!!!!!!!!!!!!!! KeyboardInterrupt !!!!!!!!!!!!!!!!!!!!!!!!!!!!!!!!!!!!!!!!!!!!!!!!!!!!!!
/home/rts/下载/Python_src/mutants/src/bi_SearchFromTo.py:236: KeyboardInterrupt
(to show a full traceback on KeyboardInterrupt use --full-trace)
1 warning in 95.67s (0:01:35)
❌ x_bi_SearchFromTo__mutmut_11 存在失败 (退出码 2)

================================================================================
RUNNING bi_SearchFromTo.py :: x_bi_SearchFromTo__mutmut_12  -  2025-10-16T09:58:21.814593
================================================================================

>>> 当前使用的函数: x_bi_SearchFromTo__mutmut_12
函数源码如下：
def x_bi_SearchFromTo__mutmut_12(elements, key, froom, to):

    low = froom
    high = to

    while low <= high:
        mid = (low + high)//2
        midVal = elements[mid]

        if midVal < key:
            low = mid + 2

        else:
            if midVal > key:
                high = mid - 1
            else:
                return mid
    return -(low + 1)



.

.

.

.

.

.

.

.

.

.
====================================================== warnings summary ======================================================
../../anaconda3/envs/mutmut39/lib/python3.9/site-packages/_pytest/config/__init__.py:1474
  /home/rts/anaconda3/envs/mutmut39/lib/python3.9/site-packages/_pytest/config/__init__.py:1474: PytestConfigWarning: Unknown config option: pytest -vv --tb
  
    self._warn_or_fail_if_strict(f"Unknown config option: {key}\n")

-- Docs: https://docs.pytest.org/en/stable/how-to/capture-warnings.html
10 passed, 1 warning in 0.01s
✅ x_bi_SearchFromTo__mutmut_12 所有测试通过

================================================================================
RUNNING bi_SearchFromTo.py :: x_bi_SearchFromTo__mutmut_13  -  2025-10-16T09:58:21.865316
================================================================================

>>> 当前使用的函数: x_bi_SearchFromTo__mutmut_13
函数源码如下：
def x_bi_SearchFromTo__mutmut_13(elements, key, froom, to):

    low = froom
    high = to

    while low <= high:
        mid = (low + high)//2
        midVal = elements[mid]

        if midVal < key:
            low = mid + 1

        else:
            if midVal >= key:
                high = mid - 1
            else:
                return mid
    return -(low + 1)



.

.

.

.

.

.

.

.

.

.
====================================================== warnings summary ======================================================
../../anaconda3/envs/mutmut39/lib/python3.9/site-packages/_pytest/config/__init__.py:1474
  /home/rts/anaconda3/envs/mutmut39/lib/python3.9/site-packages/_pytest/config/__init__.py:1474: PytestConfigWarning: Unknown config option: pytest -vv --tb
  
    self._warn_or_fail_if_strict(f"Unknown config option: {key}\n")

-- Docs: https://docs.pytest.org/en/stable/how-to/capture-warnings.html
10 passed, 1 warning in 0.01s
✅ x_bi_SearchFromTo__mutmut_13 所有测试通过

================================================================================
RUNNING bi_SearchFromTo.py :: x_bi_SearchFromTo__mutmut_14  -  2025-10-16T09:58:21.918583
================================================================================

>>> 当前使用的函数: x_bi_SearchFromTo__mutmut_14
函数源码如下：
def x_bi_SearchFromTo__mutmut_14(elements, key, froom, to):

    low = froom
    high = to

    while low <= high:
        mid = (low + high)//2
        midVal = elements[mid]

        if midVal < key:
            low = mid + 1

        else:
            if midVal > key:
                high = None
            else:
                return mid
    return -(low + 1)

F

F

F

F

FFF

.

FF
========================================================== FAILURES ==========================================================
___________________________________ test_bi_SearchFromTo_with_func[originalInput0-1.2-0-3] ___________________________________
mutants/tests/bi_SearchFromToTest.py:83: in test_bi_SearchFromTo_with_func
    originalResult = func(originalInput, key, from_idx, to_idx)
mutants/src/bi_SearchFromTo.py:290: in x_bi_SearchFromTo__mutmut_14
    while low <= high:
E   TypeError: '<=' not supported between instances of 'int' and 'NoneType'
___________________________________ test_bi_SearchFromTo_with_func[originalInput1-2.0-0-4] ___________________________________
mutants/tests/bi_SearchFromToTest.py:84: in test_bi_SearchFromTo_with_func
    applyMR_Assert(originalInput, originalResult, key, from_idx, to_idx)
mutants/tests/bi_SearchFromToTest.py:49: in applyMR_Assert
    transformResult10 = func(transformInput10, key, from_idx, to_idx)
mutants/src/bi_SearchFromTo.py:290: in x_bi_SearchFromTo__mutmut_14
    while low <= high:
E   TypeError: '<=' not supported between instances of 'int' and 'NoneType'
__________________________________ test_bi_SearchFromTo_with_func[originalInput2-1.61-0-4] ___________________________________
mutants/tests/bi_SearchFromToTest.py:84: in test_bi_SearchFromTo_with_func
    applyMR_Assert(originalInput, originalResult, key, from_idx, to_idx)
mutants/tests/bi_SearchFromToTest.py:29: in applyMR_Assert
    transformResult4 = func(transformInput4, key, from_idx, to_idx)
mutants/src/bi_SearchFromTo.py:290: in x_bi_SearchFromTo__mutmut_14
    while low <= high:
E   TypeError: '<=' not supported between instances of 'int' and 'NoneType'
___________________________________ test_bi_SearchFromTo_with_func[originalInput3-0.0-0-3] ___________________________________
mutants/tests/bi_SearchFromToTest.py:84: in test_bi_SearchFromTo_with_func
    applyMR_Assert(originalInput, originalResult, key, from_idx, to_idx)
mutants/tests/bi_SearchFromToTest.py:49: in applyMR_Assert
    transformResult10 = func(transformInput10, key, from_idx, to_idx)
mutants/src/bi_SearchFromTo.py:290: in x_bi_SearchFromTo__mutmut_14
    while low <= high:
E   TypeError: '<=' not supported between instances of 'int' and 'NoneType'
___________________________________ test_bi_SearchFromTo_with_func[originalInput4-2.5-0-4] ___________________________________
mutants/tests/bi_SearchFromToTest.py:84: in test_bi_SearchFromTo_with_func
    applyMR_Assert(originalInput, originalResult, key, from_idx, to_idx)
mutants/tests/bi_SearchFromToTest.py:49: in applyMR_Assert
    transformResult10 = func(transformInput10, key, from_idx, to_idx)
mutants/src/bi_SearchFromTo.py:290: in x_bi_SearchFromTo__mutmut_14
    while low <= high:
E   TypeError: '<=' not supported between instances of 'int' and 'NoneType'
___________________________________ test_bi_SearchFromTo_with_func[originalInput5-1.2-0-2] ___________________________________
mutants/tests/bi_SearchFromToTest.py:83: in test_bi_SearchFromTo_with_func
    originalResult = func(originalInput, key, from_idx, to_idx)
mutants/src/bi_SearchFromTo.py:290: in x_bi_SearchFromTo__mutmut_14
    while low <= high:
E   TypeError: '<=' not supported between instances of 'int' and 'NoneType'
___________________________________ test_bi_SearchFromTo_with_func[originalInput6-4.4-0-3] ___________________________________
mutants/tests/bi_SearchFromToTest.py:83: in test_bi_SearchFromTo_with_func
    originalResult = func(originalInput, key, from_idx, to_idx)
mutants/src/bi_SearchFromTo.py:290: in x_bi_SearchFromTo__mutmut_14
    while low <= high:
E   TypeError: '<=' not supported between instances of 'int' and 'NoneType'
___________________________________ test_bi_SearchFromTo_with_func[originalInput8-4.1-0-4] ___________________________________
mutants/tests/bi_SearchFromToTest.py:84: in test_bi_SearchFromTo_with_func
    applyMR_Assert(originalInput, originalResult, key, from_idx, to_idx)
mutants/tests/bi_SearchFromToTest.py:49: in applyMR_Assert
    transformResult10 = func(transformInput10, key, from_idx, to_idx)
mutants/src/bi_SearchFromTo.py:290: in x_bi_SearchFromTo__mutmut_14
    while low <= high:
E   TypeError: '<=' not supported between instances of 'int' and 'NoneType'
___________________________________ test_bi_SearchFromTo_with_func[originalInput9-1.5-0-5] ___________________________________
mutants/tests/bi_SearchFromToTest.py:83: in test_bi_SearchFromTo_with_func
    originalResult = func(originalInput, key, from_idx, to_idx)
mutants/src/bi_SearchFromTo.py:290: in x_bi_SearchFromTo__mutmut_14
    while low <= high:
E   TypeError: '<=' not supported between instances of 'int' and 'NoneType'
====================================================== warnings summary ======================================================
../../anaconda3/envs/mutmut39/lib/python3.9/site-packages/_pytest/config/__init__.py:1474
  /home/rts/anaconda3/envs/mutmut39/lib/python3.9/site-packages/_pytest/config/__init__.py:1474: PytestConfigWarning: Unknown config option: pytest -vv --tb
  
    self._warn_or_fail_if_strict(f"Unknown config option: {key}\n")

-- Docs: https://docs.pytest.org/en/stable/how-to/capture-warnings.html
================================================== short test summary info ===================================================
FAILED mutants/tests/bi_SearchFromToTest.py::test_bi_SearchFromTo_with_func[originalInput0-1.2-0-3] - TypeError: '<=' not supported between instances of 'int' and 'NoneType'
FAILED mutants/tests/bi_SearchFromToTest.py::test_bi_SearchFromTo_with_func[originalInput1-2.0-0-4] - TypeError: '<=' not supported between instances of 'int' and 'NoneType'
FAILED mutants/tests/bi_SearchFromToTest.py::test_bi_SearchFromTo_with_func[originalInput2-1.61-0-4] - TypeError: '<=' not supported between instances of 'int' and 'NoneType'
FAILED mutants/tests/bi_SearchFromToTest.py::test_bi_SearchFromTo_with_func[originalInput3-0.0-0-3] - TypeError: '<=' not supported between instances of 'int' and 'NoneType'
FAILED mutants/tests/bi_SearchFromToTest.py::test_bi_SearchFromTo_with_func[originalInput4-2.5-0-4] - TypeError: '<=' not supported between instances of 'int' and 'NoneType'
FAILED mutants/tests/bi_SearchFromToTest.py::test_bi_SearchFromTo_with_func[originalInput5-1.2-0-2] - TypeError: '<=' not supported between instances of 'int' and 'NoneType'
FAILED mutants/tests/bi_SearchFromToTest.py::test_bi_SearchFromTo_with_func[originalInput6-4.4-0-3] - TypeError: '<=' not supported between instances of 'int' and 'NoneType'
FAILED mutants/tests/bi_SearchFromToTest.py::test_bi_SearchFromTo_with_func[originalInput8-4.1-0-4] - TypeError: '<=' not supported between instances of 'int' and 'NoneType'
FAILED mutants/tests/bi_SearchFromToTest.py::test_bi_SearchFromTo_with_func[originalInput9-1.5-0-5] - TypeError: '<=' not supported between instances of 'int' and 'NoneType'
9 failed, 1 passed, 1 warning in 0.05s
❌ x_bi_SearchFromTo__mutmut_14 存在失败 (退出码 1)

================================================================================
RUNNING bi_SearchFromTo.py :: x_bi_SearchFromTo__mutmut_15  -  2025-10-16T09:58:22.018148
================================================================================

>>> 当前使用的函数: x_bi_SearchFromTo__mutmut_15
函数源码如下：
def x_bi_SearchFromTo__mutmut_15(elements, key, froom, to):

    low = froom
    high = to

    while low <= high:
        mid = (low + high)//2
        midVal = elements[mid]

        if midVal < key:
            low = mid + 1

        else:
            if midVal > key:
                high = mid + 1
            else:
                return mid
    return -(low + 1)


====================================================== warnings summary ======================================================
../../anaconda3/envs/mutmut39/lib/python3.9/site-packages/_pytest/config/__init__.py:1474
  /home/rts/anaconda3/envs/mutmut39/lib/python3.9/site-packages/_pytest/config/__init__.py:1474: PytestConfigWarning: Unknown config option: pytest -vv --tb
  
    self._warn_or_fail_if_strict(f"Unknown config option: {key}\n")

-- Docs: https://docs.pytest.org/en/stable/how-to/capture-warnings.html
!!!!!!!!!!!!!!!!!!!!!!!!!!!!!!!!!!!!!!!!!!!!!!!!!!!!! KeyboardInterrupt !!!!!!!!!!!!!!!!!!!!!!!!!!!!!!!!!!!!!!!!!!!!!!!!!!!!!!
/home/rts/下载/Python_src/mutants/src/bi_SearchFromTo.py:312: KeyboardInterrupt
(to show a full traceback on KeyboardInterrupt use --full-trace)
1 warning in 3.66s
❌ x_bi_SearchFromTo__mutmut_15 存在失败 (退出码 2)

================================================================================
RUNNING bi_SearchFromTo.py :: x_bi_SearchFromTo__mutmut_16  -  2025-10-16T09:58:25.714297
================================================================================

>>> 当前使用的函数: x_bi_SearchFromTo__mutmut_16
函数源码如下：
def x_bi_SearchFromTo__mutmut_16(elements, key, froom, to):

    low = froom
    high = to

    while low <= high:
        mid = (low + high)//2
        midVal = elements[mid]

        if midVal < key:
            low = mid + 1

        else:
            if midVal > key:
                high = mid - 2
            else:
                return mid
    return -(low + 1)



.

.

.

.

.

.

.

.

.

.
====================================================== warnings summary ======================================================
../../anaconda3/envs/mutmut39/lib/python3.9/site-packages/_pytest/config/__init__.py:1474
  /home/rts/anaconda3/envs/mutmut39/lib/python3.9/site-packages/_pytest/config/__init__.py:1474: PytestConfigWarning: Unknown config option: pytest -vv --tb
  
    self._warn_or_fail_if_strict(f"Unknown config option: {key}\n")

-- Docs: https://docs.pytest.org/en/stable/how-to/capture-warnings.html
10 passed, 1 warning in 0.01s
✅ x_bi_SearchFromTo__mutmut_16 所有测试通过

================================================================================
RUNNING bi_SearchFromTo.py :: x_bi_SearchFromTo__mutmut_17  -  2025-10-16T09:58:25.763682
================================================================================

>>> 当前使用的函数: x_bi_SearchFromTo__mutmut_17
函数源码如下：
def x_bi_SearchFromTo__mutmut_17(elements, key, froom, to):

    low = froom
    high = to

    while low <= high:
        mid = (low + high)//2
        midVal = elements[mid]

        if midVal < key:
            low = mid + 1

        else:
            if midVal > key:
                high = mid - 1
            else:
                return mid
    return +(low + 1)



F

F

F

.

F

F

F

.

F

F
========================================================== FAILURES ==========================================================
___________________________________ test_bi_SearchFromTo_with_func[originalInput0-1.2-0-3] ___________________________________

FAILURE: check bool(False): MR4 failed
mutants/tests/bi_SearchFromToTest.py:84 in test_bi_SearchFromTo_with_func() -> applyMR_Assert(originalInput, originalResult, key, from_idx, to_idx)
mutants/tests/bi_SearchFromToTest.py:30 in applyMR_Assert() -> check.is_true(originalResult >= transformResult4, "MR4 failed")

FAILURE: check bool(False): MR13 failed
------------------------------------------------------------
Failed Checks: 2
___________________________________ test_bi_SearchFromTo_with_func[originalInput1-2.0-0-4] ___________________________________

FAILURE: check bool(False): MR4 failed
mutants/tests/bi_SearchFromToTest.py:84 in test_bi_SearchFromTo_with_func() -> applyMR_Assert(originalInput, originalResult, key, from_idx, to_idx)
mutants/tests/bi_SearchFromToTest.py:30 in applyMR_Assert() -> check.is_true(originalResult >= transformResult4, "MR4 failed")

FAILURE: check bool(False): MR10 failed
FAILURE: check bool(False): MR13 failed
------------------------------------------------------------
Failed Checks: 3
__________________________________ test_bi_SearchFromTo_with_func[originalInput2-1.61-0-4] ___________________________________

FAILURE: check bool(False): MR4 failed
mutants/tests/bi_SearchFromToTest.py:84 in test_bi_SearchFromTo_with_func() -> applyMR_Assert(originalInput, originalResult, key, from_idx, to_idx)
mutants/tests/bi_SearchFromToTest.py:30 in applyMR_Assert() -> check.is_true(originalResult >= transformResult4, "MR4 failed")

------------------------------------------------------------
Failed Checks: 1
___________________________________ test_bi_SearchFromTo_with_func[originalInput4-2.5-0-4] ___________________________________

FAILURE: check bool(False): MR4 failed
mutants/tests/bi_SearchFromToTest.py:84 in test_bi_SearchFromTo_with_func() -> applyMR_Assert(originalInput, originalResult, key, from_idx, to_idx)
mutants/tests/bi_SearchFromToTest.py:30 in applyMR_Assert() -> check.is_true(originalResult >= transformResult4, "MR4 failed")

FAILURE: check bool(False): MR10 failed
FAILURE: check bool(False): MR13 failed
------------------------------------------------------------
Failed Checks: 3
___________________________________ test_bi_SearchFromTo_with_func[originalInput5-1.2-0-2] ___________________________________

FAILURE: check bool(False): MR4 failed
mutants/tests/bi_SearchFromToTest.py:84 in test_bi_SearchFromTo_with_func() -> applyMR_Assert(originalInput, originalResult, key, from_idx, to_idx)
mutants/tests/bi_SearchFromToTest.py:30 in applyMR_Assert() -> check.is_true(originalResult >= transformResult4, "MR4 failed")

------------------------------------------------------------
Failed Checks: 1
___________________________________ test_bi_SearchFromTo_with_func[originalInput6-4.4-0-3] ___________________________________

FAILURE: check bool(False): MR4 failed
mutants/tests/bi_SearchFromToTest.py:84 in test_bi_SearchFromTo_with_func() -> applyMR_Assert(originalInput, originalResult, key, from_idx, to_idx)
mutants/tests/bi_SearchFromToTest.py:30 in applyMR_Assert() -> check.is_true(originalResult >= transformResult4, "MR4 failed")

FAILURE: check bool(False): MR11 failed
------------------------------------------------------------
Failed Checks: 2
___________________________________ test_bi_SearchFromTo_with_func[originalInput8-4.1-0-4] ___________________________________

FAILURE: check bool(False): MR4 failed
mutants/tests/bi_SearchFromToTest.py:84 in test_bi_SearchFromTo_with_func() -> applyMR_Assert(originalInput, originalResult, key, from_idx, to_idx)
mutants/tests/bi_SearchFromToTest.py:30 in applyMR_Assert() -> check.is_true(originalResult >= transformResult4, "MR4 failed")

------------------------------------------------------------
Failed Checks: 1
___________________________________ test_bi_SearchFromTo_with_func[originalInput9-1.5-0-5] ___________________________________

FAILURE: check bool(False): MR4 failed
mutants/tests/bi_SearchFromToTest.py:84 in test_bi_SearchFromTo_with_func() -> applyMR_Assert(originalInput, originalResult, key, from_idx, to_idx)
mutants/tests/bi_SearchFromToTest.py:30 in applyMR_Assert() -> check.is_true(originalResult >= transformResult4, "MR4 failed")

FAILURE: check bool(False): MR10 failed
FAILURE: check bool(False): MR13 failed
------------------------------------------------------------
Failed Checks: 3
====================================================== warnings summary ======================================================
../../anaconda3/envs/mutmut39/lib/python3.9/site-packages/_pytest/config/__init__.py:1474
  /home/rts/anaconda3/envs/mutmut39/lib/python3.9/site-packages/_pytest/config/__init__.py:1474: PytestConfigWarning: Unknown config option: pytest -vv --tb
  
    self._warn_or_fail_if_strict(f"Unknown config option: {key}\n")

-- Docs: https://docs.pytest.org/en/stable/how-to/capture-warnings.html
================================================== short test summary info ===================================================
FAILED mutants/tests/bi_SearchFromToTest.py::test_bi_SearchFromTo_with_func[originalInput0-1.2-0-3] - check bool(False): MR4 failed
FAILED mutants/tests/bi_SearchFromToTest.py::test_bi_SearchFromTo_with_func[originalInput1-2.0-0-4] - check bool(False): MR4 failed
FAILED mutants/tests/bi_SearchFromToTest.py::test_bi_SearchFromTo_with_func[originalInput2-1.61-0-4] - check bool(False): MR4 failed
FAILED mutants/tests/bi_SearchFromToTest.py::test_bi_SearchFromTo_with_func[originalInput4-2.5-0-4] - check bool(False): MR4 failed
FAILED mutants/tests/bi_SearchFromToTest.py::test_bi_SearchFromTo_with_func[originalInput5-1.2-0-2] - check bool(False): MR4 failed
FAILED mutants/tests/bi_SearchFromToTest.py::test_bi_SearchFromTo_with_func[originalInput6-4.4-0-3] - check bool(False): MR4 failed
FAILED mutants/tests/bi_SearchFromToTest.py::test_bi_SearchFromTo_with_func[originalInput8-4.1-0-4] - check bool(False): MR4 failed
FAILED mutants/tests/bi_SearchFromToTest.py::test_bi_SearchFromTo_with_func[originalInput9-1.5-0-5] - check bool(False): MR4 failed
8 failed, 2 passed, 1 warning in 0.01s
❌ x_bi_SearchFromTo__mutmut_17 存在失败 (退出码 1)

================================================================================
RUNNING bi_SearchFromTo.py :: x_bi_SearchFromTo__mutmut_18  -  2025-10-16T09:58:25.818575
================================================================================

>>> 当前使用的函数: x_bi_SearchFromTo__mutmut_18
函数源码如下：
def x_bi_SearchFromTo__mutmut_18(elements, key, froom, to):

    low = froom
    high = to

    while low <= high:
        mid = (low + high)//2
        midVal = elements[mid]

        if midVal < key:
            low = mid + 1

        else:
            if midVal > key:
                high = mid - 1
            else:
                return mid
    return -(low - 1)



F

.

.

.

.

.

.

.

.

.
========================================================== FAILURES ==========================================================
___________________________________ test_bi_SearchFromTo_with_func[originalInput0-1.2-0-3] ___________________________________

FAILURE: check bool(False): MR13 failed
mutants/tests/bi_SearchFromToTest.py:84 in test_bi_SearchFromTo_with_func() -> applyMR_Assert(originalInput, originalResult, key, from_idx, to_idx)
mutants/tests/bi_SearchFromToTest.py:60 in applyMR_Assert() -> check.is_true(originalResult >= transformResult13, "MR13 failed")

------------------------------------------------------------
Failed Checks: 1
====================================================== warnings summary ======================================================
../../anaconda3/envs/mutmut39/lib/python3.9/site-packages/_pytest/config/__init__.py:1474
  /home/rts/anaconda3/envs/mutmut39/lib/python3.9/site-packages/_pytest/config/__init__.py:1474: PytestConfigWarning: Unknown config option: pytest -vv --tb
  
    self._warn_or_fail_if_strict(f"Unknown config option: {key}\n")

-- Docs: https://docs.pytest.org/en/stable/how-to/capture-warnings.html
================================================== short test summary info ===================================================
FAILED mutants/tests/bi_SearchFromToTest.py::test_bi_SearchFromTo_with_func[originalInput0-1.2-0-3] - check bool(False): MR13 failed
1 failed, 9 passed, 1 warning in 0.01s
❌ x_bi_SearchFromTo__mutmut_18 存在失败 (退出码 1)

================================================================================
RUNNING bi_SearchFromTo.py :: x_bi_SearchFromTo__mutmut_19  -  2025-10-16T09:58:25.869468
================================================================================

>>> 当前使用的函数: x_bi_SearchFromTo__mutmut_19
函数源码如下：
def x_bi_SearchFromTo__mutmut_19(elements, key, froom, to):

    low = froom
    high = to

    while low <= high:
        mid = (low + high)//2
        midVal = elements[mid]

        if midVal < key:
            low = mid + 1

        else:
            if midVal > key:
                high = mid - 1
            else:
                return mid
    return -(low + 2)



.

.

.

.

.

.

.

.

.

.
====================================================== warnings summary ======================================================
../../anaconda3/envs/mutmut39/lib/python3.9/site-packages/_pytest/config/__init__.py:1474
  /home/rts/anaconda3/envs/mutmut39/lib/python3.9/site-packages/_pytest/config/__init__.py:1474: PytestConfigWarning: Unknown config option: pytest -vv --tb
  
    self._warn_or_fail_if_strict(f"Unknown config option: {key}\n")

-- Docs: https://docs.pytest.org/en/stable/how-to/capture-warnings.html
10 passed, 1 warning in 0.01s
✅ x_bi_SearchFromTo__mutmut_19 所有测试通过

================================================================================
RUNNING bi_SearchFromTo.py :: x_bi_SearchFromTo__mutmut_2  -  2025-10-16T09:58:25.917765
================================================================================

>>> 当前使用的函数: x_bi_SearchFromTo__mutmut_2
函数源码如下：
def x_bi_SearchFromTo__mutmut_2(elements, key, froom, to):

    low = froom
    high = None

    while low <= high:
        mid = (low + high)//2
        midVal = elements[mid]

        if midVal < key:
            low = mid + 1

        else:
            if midVal > key:
                high = mid - 1
            else:
                return mid
    return -(low + 1)

FFFFFFFFFF
========================================================== FAILURES ==========================================================
___________________________________ test_bi_SearchFromTo_with_func[originalInput0-1.2-0-3] ___________________________________
mutants/tests/bi_SearchFromToTest.py:83: in test_bi_SearchFromTo_with_func
    originalResult = func(originalInput, key, from_idx, to_idx)
mutants/src/bi_SearchFromTo.py:74: in x_bi_SearchFromTo__mutmut_2
    while low <= high:
E   TypeError: '<=' not supported between instances of 'int' and 'NoneType'
___________________________________ test_bi_SearchFromTo_with_func[originalInput1-2.0-0-4] ___________________________________
mutants/tests/bi_SearchFromToTest.py:83: in test_bi_SearchFromTo_with_func
    originalResult = func(originalInput, key, from_idx, to_idx)
mutants/src/bi_SearchFromTo.py:74: in x_bi_SearchFromTo__mutmut_2
    while low <= high:
E   TypeError: '<=' not supported between instances of 'int' and 'NoneType'
__________________________________ test_bi_SearchFromTo_with_func[originalInput2-1.61-0-4] ___________________________________
mutants/tests/bi_SearchFromToTest.py:83: in test_bi_SearchFromTo_with_func
    originalResult = func(originalInput, key, from_idx, to_idx)
mutants/src/bi_SearchFromTo.py:74: in x_bi_SearchFromTo__mutmut_2
    while low <= high:
E   TypeError: '<=' not supported between instances of 'int' and 'NoneType'
___________________________________ test_bi_SearchFromTo_with_func[originalInput3-0.0-0-3] ___________________________________
mutants/tests/bi_SearchFromToTest.py:83: in test_bi_SearchFromTo_with_func
    originalResult = func(originalInput, key, from_idx, to_idx)
mutants/src/bi_SearchFromTo.py:74: in x_bi_SearchFromTo__mutmut_2
    while low <= high:
E   TypeError: '<=' not supported between instances of 'int' and 'NoneType'
___________________________________ test_bi_SearchFromTo_with_func[originalInput4-2.5-0-4] ___________________________________
mutants/tests/bi_SearchFromToTest.py:83: in test_bi_SearchFromTo_with_func
    originalResult = func(originalInput, key, from_idx, to_idx)
mutants/src/bi_SearchFromTo.py:74: in x_bi_SearchFromTo__mutmut_2
    while low <= high:
E   TypeError: '<=' not supported between instances of 'int' and 'NoneType'
___________________________________ test_bi_SearchFromTo_with_func[originalInput5-1.2-0-2] ___________________________________
mutants/tests/bi_SearchFromToTest.py:83: in test_bi_SearchFromTo_with_func
    originalResult = func(originalInput, key, from_idx, to_idx)
mutants/src/bi_SearchFromTo.py:74: in x_bi_SearchFromTo__mutmut_2
    while low <= high:
E   TypeError: '<=' not supported between instances of 'int' and 'NoneType'
___________________________________ test_bi_SearchFromTo_with_func[originalInput6-4.4-0-3] ___________________________________
mutants/tests/bi_SearchFromToTest.py:83: in test_bi_SearchFromTo_with_func
    originalResult = func(originalInput, key, from_idx, to_idx)
mutants/src/bi_SearchFromTo.py:74: in x_bi_SearchFromTo__mutmut_2
    while low <= high:
E   TypeError: '<=' not supported between instances of 'int' and 'NoneType'
___________________________________ test_bi_SearchFromTo_with_func[originalInput7-1.2-0-3] ___________________________________
mutants/tests/bi_SearchFromToTest.py:83: in test_bi_SearchFromTo_with_func
    originalResult = func(originalInput, key, from_idx, to_idx)
mutants/src/bi_SearchFromTo.py:74: in x_bi_SearchFromTo__mutmut_2
    while low <= high:
E   TypeError: '<=' not supported between instances of 'int' and 'NoneType'
___________________________________ test_bi_SearchFromTo_with_func[originalInput8-4.1-0-4] ___________________________________
mutants/tests/bi_SearchFromToTest.py:83: in test_bi_SearchFromTo_with_func
    originalResult = func(originalInput, key, from_idx, to_idx)
mutants/src/bi_SearchFromTo.py:74: in x_bi_SearchFromTo__mutmut_2
    while low <= high:
E   TypeError: '<=' not supported between instances of 'int' and 'NoneType'
___________________________________ test_bi_SearchFromTo_with_func[originalInput9-1.5-0-5] ___________________________________
mutants/tests/bi_SearchFromToTest.py:83: in test_bi_SearchFromTo_with_func
    originalResult = func(originalInput, key, from_idx, to_idx)
mutants/src/bi_SearchFromTo.py:74: in x_bi_SearchFromTo__mutmut_2
    while low <= high:
E   TypeError: '<=' not supported between instances of 'int' and 'NoneType'
====================================================== warnings summary ======================================================
../../anaconda3/envs/mutmut39/lib/python3.9/site-packages/_pytest/config/__init__.py:1474
  /home/rts/anaconda3/envs/mutmut39/lib/python3.9/site-packages/_pytest/config/__init__.py:1474: PytestConfigWarning: Unknown config option: pytest -vv --tb
  
    self._warn_or_fail_if_strict(f"Unknown config option: {key}\n")

-- Docs: https://docs.pytest.org/en/stable/how-to/capture-warnings.html
================================================== short test summary info ===================================================
FAILED mutants/tests/bi_SearchFromToTest.py::test_bi_SearchFromTo_with_func[originalInput0-1.2-0-3] - TypeError: '<=' not supported between instances of 'int' and 'NoneType'
FAILED mutants/tests/bi_SearchFromToTest.py::test_bi_SearchFromTo_with_func[originalInput1-2.0-0-4] - TypeError: '<=' not supported between instances of 'int' and 'NoneType'
FAILED mutants/tests/bi_SearchFromToTest.py::test_bi_SearchFromTo_with_func[originalInput2-1.61-0-4] - TypeError: '<=' not supported between instances of 'int' and 'NoneType'
FAILED mutants/tests/bi_SearchFromToTest.py::test_bi_SearchFromTo_with_func[originalInput3-0.0-0-3] - TypeError: '<=' not supported between instances of 'int' and 'NoneType'
FAILED mutants/tests/bi_SearchFromToTest.py::test_bi_SearchFromTo_with_func[originalInput4-2.5-0-4] - TypeError: '<=' not supported between instances of 'int' and 'NoneType'
FAILED mutants/tests/bi_SearchFromToTest.py::test_bi_SearchFromTo_with_func[originalInput5-1.2-0-2] - TypeError: '<=' not supported between instances of 'int' and 'NoneType'
FAILED mutants/tests/bi_SearchFromToTest.py::test_bi_SearchFromTo_with_func[originalInput6-4.4-0-3] - TypeError: '<=' not supported between instances of 'int' and 'NoneType'
FAILED mutants/tests/bi_SearchFromToTest.py::test_bi_SearchFromTo_with_func[originalInput7-1.2-0-3] - TypeError: '<=' not supported between instances of 'int' and 'NoneType'
FAILED mutants/tests/bi_SearchFromToTest.py::test_bi_SearchFromTo_with_func[originalInput8-4.1-0-4] - TypeError: '<=' not supported between instances of 'int' and 'NoneType'
FAILED mutants/tests/bi_SearchFromToTest.py::test_bi_SearchFromTo_with_func[originalInput9-1.5-0-5] - TypeError: '<=' not supported between instances of 'int' and 'NoneType'
10 failed, 1 warning in 0.05s
❌ x_bi_SearchFromTo__mutmut_2 存在失败 (退出码 1)

================================================================================
RUNNING bi_SearchFromTo.py :: x_bi_SearchFromTo__mutmut_3  -  2025-10-16T09:58:26.009373
================================================================================

>>> 当前使用的函数: x_bi_SearchFromTo__mutmut_3
函数源码如下：
def x_bi_SearchFromTo__mutmut_3(elements, key, froom, to):

    low = froom
    high = to

    while low < high:
        mid = (low + high)//2
        midVal = elements[mid]

        if midVal < key:
            low = mid + 1

        else:
            if midVal > key:
                high = mid - 1
            else:
                return mid
    return -(low + 1)



.

.

.

.

.

.

.

.

.

.
====================================================== warnings summary ======================================================
../../anaconda3/envs/mutmut39/lib/python3.9/site-packages/_pytest/config/__init__.py:1474
  /home/rts/anaconda3/envs/mutmut39/lib/python3.9/site-packages/_pytest/config/__init__.py:1474: PytestConfigWarning: Unknown config option: pytest -vv --tb
  
    self._warn_or_fail_if_strict(f"Unknown config option: {key}\n")

-- Docs: https://docs.pytest.org/en/stable/how-to/capture-warnings.html
10 passed, 1 warning in 0.01s
✅ x_bi_SearchFromTo__mutmut_3 所有测试通过

================================================================================
RUNNING bi_SearchFromTo.py :: x_bi_SearchFromTo__mutmut_4  -  2025-10-16T09:58:26.059215
================================================================================

>>> 当前使用的函数: x_bi_SearchFromTo__mutmut_4
函数源码如下：
def x_bi_SearchFromTo__mutmut_4(elements, key, froom, to):

    low = froom
    high = to

    while low <= high:
        mid = None
        midVal = elements[mid]

        if midVal < key:
            low = mid + 1

        else:
            if midVal > key:
                high = mid - 1
            else:
                return mid
    return -(low + 1)

FFFFFFFFFF
========================================================== FAILURES ==========================================================
___________________________________ test_bi_SearchFromTo_with_func[originalInput0-1.2-0-3] ___________________________________
mutants/tests/bi_SearchFromToTest.py:83: in test_bi_SearchFromTo_with_func
    originalResult = func(originalInput, key, from_idx, to_idx)
mutants/src/bi_SearchFromTo.py:112: in x_bi_SearchFromTo__mutmut_4
    midVal = elements[mid]
E   TypeError: list indices must be integers or slices, not NoneType
___________________________________ test_bi_SearchFromTo_with_func[originalInput1-2.0-0-4] ___________________________________
mutants/tests/bi_SearchFromToTest.py:83: in test_bi_SearchFromTo_with_func
    originalResult = func(originalInput, key, from_idx, to_idx)
mutants/src/bi_SearchFromTo.py:112: in x_bi_SearchFromTo__mutmut_4
    midVal = elements[mid]
E   TypeError: list indices must be integers or slices, not NoneType
__________________________________ test_bi_SearchFromTo_with_func[originalInput2-1.61-0-4] ___________________________________
mutants/tests/bi_SearchFromToTest.py:83: in test_bi_SearchFromTo_with_func
    originalResult = func(originalInput, key, from_idx, to_idx)
mutants/src/bi_SearchFromTo.py:112: in x_bi_SearchFromTo__mutmut_4
    midVal = elements[mid]
E   TypeError: list indices must be integers or slices, not NoneType
___________________________________ test_bi_SearchFromTo_with_func[originalInput3-0.0-0-3] ___________________________________
mutants/tests/bi_SearchFromToTest.py:83: in test_bi_SearchFromTo_with_func
    originalResult = func(originalInput, key, from_idx, to_idx)
mutants/src/bi_SearchFromTo.py:112: in x_bi_SearchFromTo__mutmut_4
    midVal = elements[mid]
E   TypeError: list indices must be integers or slices, not NoneType
___________________________________ test_bi_SearchFromTo_with_func[originalInput4-2.5-0-4] ___________________________________
mutants/tests/bi_SearchFromToTest.py:83: in test_bi_SearchFromTo_with_func
    originalResult = func(originalInput, key, from_idx, to_idx)
mutants/src/bi_SearchFromTo.py:112: in x_bi_SearchFromTo__mutmut_4
    midVal = elements[mid]
E   TypeError: list indices must be integers or slices, not NoneType
___________________________________ test_bi_SearchFromTo_with_func[originalInput5-1.2-0-2] ___________________________________
mutants/tests/bi_SearchFromToTest.py:83: in test_bi_SearchFromTo_with_func
    originalResult = func(originalInput, key, from_idx, to_idx)
mutants/src/bi_SearchFromTo.py:112: in x_bi_SearchFromTo__mutmut_4
    midVal = elements[mid]
E   TypeError: list indices must be integers or slices, not NoneType
___________________________________ test_bi_SearchFromTo_with_func[originalInput6-4.4-0-3] ___________________________________
mutants/tests/bi_SearchFromToTest.py:83: in test_bi_SearchFromTo_with_func
    originalResult = func(originalInput, key, from_idx, to_idx)
mutants/src/bi_SearchFromTo.py:112: in x_bi_SearchFromTo__mutmut_4
    midVal = elements[mid]
E   TypeError: list indices must be integers or slices, not NoneType
___________________________________ test_bi_SearchFromTo_with_func[originalInput7-1.2-0-3] ___________________________________
mutants/tests/bi_SearchFromToTest.py:83: in test_bi_SearchFromTo_with_func
    originalResult = func(originalInput, key, from_idx, to_idx)
mutants/src/bi_SearchFromTo.py:112: in x_bi_SearchFromTo__mutmut_4
    midVal = elements[mid]
E   TypeError: list indices must be integers or slices, not NoneType
___________________________________ test_bi_SearchFromTo_with_func[originalInput8-4.1-0-4] ___________________________________
mutants/tests/bi_SearchFromToTest.py:83: in test_bi_SearchFromTo_with_func
    originalResult = func(originalInput, key, from_idx, to_idx)
mutants/src/bi_SearchFromTo.py:112: in x_bi_SearchFromTo__mutmut_4
    midVal = elements[mid]
E   TypeError: list indices must be integers or slices, not NoneType
___________________________________ test_bi_SearchFromTo_with_func[originalInput9-1.5-0-5] ___________________________________
mutants/tests/bi_SearchFromToTest.py:83: in test_bi_SearchFromTo_with_func
    originalResult = func(originalInput, key, from_idx, to_idx)
mutants/src/bi_SearchFromTo.py:112: in x_bi_SearchFromTo__mutmut_4
    midVal = elements[mid]
E   TypeError: list indices must be integers or slices, not NoneType
====================================================== warnings summary ======================================================
../../anaconda3/envs/mutmut39/lib/python3.9/site-packages/_pytest/config/__init__.py:1474
  /home/rts/anaconda3/envs/mutmut39/lib/python3.9/site-packages/_pytest/config/__init__.py:1474: PytestConfigWarning: Unknown config option: pytest -vv --tb
  
    self._warn_or_fail_if_strict(f"Unknown config option: {key}\n")

-- Docs: https://docs.pytest.org/en/stable/how-to/capture-warnings.html
================================================== short test summary info ===================================================
FAILED mutants/tests/bi_SearchFromToTest.py::test_bi_SearchFromTo_with_func[originalInput0-1.2-0-3] - TypeError: list indices must be integers or slices, not NoneType
FAILED mutants/tests/bi_SearchFromToTest.py::test_bi_SearchFromTo_with_func[originalInput1-2.0-0-4] - TypeError: list indices must be integers or slices, not NoneType
FAILED mutants/tests/bi_SearchFromToTest.py::test_bi_SearchFromTo_with_func[originalInput2-1.61-0-4] - TypeError: list indices must be integers or slices, not NoneType
FAILED mutants/tests/bi_SearchFromToTest.py::test_bi_SearchFromTo_with_func[originalInput3-0.0-0-3] - TypeError: list indices must be integers or slices, not NoneType
FAILED mutants/tests/bi_SearchFromToTest.py::test_bi_SearchFromTo_with_func[originalInput4-2.5-0-4] - TypeError: list indices must be integers or slices, not NoneType
FAILED mutants/tests/bi_SearchFromToTest.py::test_bi_SearchFromTo_with_func[originalInput5-1.2-0-2] - TypeError: list indices must be integers or slices, not NoneType
FAILED mutants/tests/bi_SearchFromToTest.py::test_bi_SearchFromTo_with_func[originalInput6-4.4-0-3] - TypeError: list indices must be integers or slices, not NoneType
FAILED mutants/tests/bi_SearchFromToTest.py::test_bi_SearchFromTo_with_func[originalInput7-1.2-0-3] - TypeError: list indices must be integers or slices, not NoneType
FAILED mutants/tests/bi_SearchFromToTest.py::test_bi_SearchFromTo_with_func[originalInput8-4.1-0-4] - TypeError: list indices must be integers or slices, not NoneType
FAILED mutants/tests/bi_SearchFromToTest.py::test_bi_SearchFromTo_with_func[originalInput9-1.5-0-5] - TypeError: list indices must be integers or slices, not NoneType
10 failed, 1 warning in 0.05s
❌ x_bi_SearchFromTo__mutmut_4 存在失败 (退出码 1)

================================================================================
RUNNING bi_SearchFromTo.py :: x_bi_SearchFromTo__mutmut_5  -  2025-10-16T09:58:26.152429
================================================================================

>>> 当前使用的函数: x_bi_SearchFromTo__mutmut_5
函数源码如下：
def x_bi_SearchFromTo__mutmut_5(elements, key, froom, to):

    low = froom
    high = to

    while low <= high:
        mid = (low + high) / 2
        midVal = elements[mid]

        if midVal < key:
            low = mid + 1

        else:
            if midVal > key:
                high = mid - 1
            else:
                return mid
    return -(low + 1)

FFFFFFFFFF
========================================================== FAILURES ==========================================================
___________________________________ test_bi_SearchFromTo_with_func[originalInput0-1.2-0-3] ___________________________________
mutants/tests/bi_SearchFromToTest.py:83: in test_bi_SearchFromTo_with_func
    originalResult = func(originalInput, key, from_idx, to_idx)
mutants/src/bi_SearchFromTo.py:130: in x_bi_SearchFromTo__mutmut_5
    midVal = elements[mid]
E   TypeError: list indices must be integers or slices, not float
___________________________________ test_bi_SearchFromTo_with_func[originalInput1-2.0-0-4] ___________________________________
mutants/tests/bi_SearchFromToTest.py:83: in test_bi_SearchFromTo_with_func
    originalResult = func(originalInput, key, from_idx, to_idx)
mutants/src/bi_SearchFromTo.py:130: in x_bi_SearchFromTo__mutmut_5
    midVal = elements[mid]
E   TypeError: list indices must be integers or slices, not float
__________________________________ test_bi_SearchFromTo_with_func[originalInput2-1.61-0-4] ___________________________________
mutants/tests/bi_SearchFromToTest.py:83: in test_bi_SearchFromTo_with_func
    originalResult = func(originalInput, key, from_idx, to_idx)
mutants/src/bi_SearchFromTo.py:130: in x_bi_SearchFromTo__mutmut_5
    midVal = elements[mid]
E   TypeError: list indices must be integers or slices, not float
___________________________________ test_bi_SearchFromTo_with_func[originalInput3-0.0-0-3] ___________________________________
mutants/tests/bi_SearchFromToTest.py:83: in test_bi_SearchFromTo_with_func
    originalResult = func(originalInput, key, from_idx, to_idx)
mutants/src/bi_SearchFromTo.py:130: in x_bi_SearchFromTo__mutmut_5
    midVal = elements[mid]
E   TypeError: list indices must be integers or slices, not float
___________________________________ test_bi_SearchFromTo_with_func[originalInput4-2.5-0-4] ___________________________________
mutants/tests/bi_SearchFromToTest.py:83: in test_bi_SearchFromTo_with_func
    originalResult = func(originalInput, key, from_idx, to_idx)
mutants/src/bi_SearchFromTo.py:130: in x_bi_SearchFromTo__mutmut_5
    midVal = elements[mid]
E   TypeError: list indices must be integers or slices, not float
___________________________________ test_bi_SearchFromTo_with_func[originalInput5-1.2-0-2] ___________________________________
mutants/tests/bi_SearchFromToTest.py:83: in test_bi_SearchFromTo_with_func
    originalResult = func(originalInput, key, from_idx, to_idx)
mutants/src/bi_SearchFromTo.py:130: in x_bi_SearchFromTo__mutmut_5
    midVal = elements[mid]
E   TypeError: list indices must be integers or slices, not float
___________________________________ test_bi_SearchFromTo_with_func[originalInput6-4.4-0-3] ___________________________________
mutants/tests/bi_SearchFromToTest.py:83: in test_bi_SearchFromTo_with_func
    originalResult = func(originalInput, key, from_idx, to_idx)
mutants/src/bi_SearchFromTo.py:130: in x_bi_SearchFromTo__mutmut_5
    midVal = elements[mid]
E   TypeError: list indices must be integers or slices, not float
___________________________________ test_bi_SearchFromTo_with_func[originalInput7-1.2-0-3] ___________________________________
mutants/tests/bi_SearchFromToTest.py:83: in test_bi_SearchFromTo_with_func
    originalResult = func(originalInput, key, from_idx, to_idx)
mutants/src/bi_SearchFromTo.py:130: in x_bi_SearchFromTo__mutmut_5
    midVal = elements[mid]
E   TypeError: list indices must be integers or slices, not float
___________________________________ test_bi_SearchFromTo_with_func[originalInput8-4.1-0-4] ___________________________________
mutants/tests/bi_SearchFromToTest.py:83: in test_bi_SearchFromTo_with_func
    originalResult = func(originalInput, key, from_idx, to_idx)
mutants/src/bi_SearchFromTo.py:130: in x_bi_SearchFromTo__mutmut_5
    midVal = elements[mid]
E   TypeError: list indices must be integers or slices, not float
___________________________________ test_bi_SearchFromTo_with_func[originalInput9-1.5-0-5] ___________________________________
mutants/tests/bi_SearchFromToTest.py:83: in test_bi_SearchFromTo_with_func
    originalResult = func(originalInput, key, from_idx, to_idx)
mutants/src/bi_SearchFromTo.py:130: in x_bi_SearchFromTo__mutmut_5
    midVal = elements[mid]
E   TypeError: list indices must be integers or slices, not float
====================================================== warnings summary ======================================================
../../anaconda3/envs/mutmut39/lib/python3.9/site-packages/_pytest/config/__init__.py:1474
  /home/rts/anaconda3/envs/mutmut39/lib/python3.9/site-packages/_pytest/config/__init__.py:1474: PytestConfigWarning: Unknown config option: pytest -vv --tb
  
    self._warn_or_fail_if_strict(f"Unknown config option: {key}\n")

-- Docs: https://docs.pytest.org/en/stable/how-to/capture-warnings.html
================================================== short test summary info ===================================================
FAILED mutants/tests/bi_SearchFromToTest.py::test_bi_SearchFromTo_with_func[originalInput0-1.2-0-3] - TypeError: list indices must be integers or slices, not float
FAILED mutants/tests/bi_SearchFromToTest.py::test_bi_SearchFromTo_with_func[originalInput1-2.0-0-4] - TypeError: list indices must be integers or slices, not float
FAILED mutants/tests/bi_SearchFromToTest.py::test_bi_SearchFromTo_with_func[originalInput2-1.61-0-4] - TypeError: list indices must be integers or slices, not float
FAILED mutants/tests/bi_SearchFromToTest.py::test_bi_SearchFromTo_with_func[originalInput3-0.0-0-3] - TypeError: list indices must be integers or slices, not float
FAILED mutants/tests/bi_SearchFromToTest.py::test_bi_SearchFromTo_with_func[originalInput4-2.5-0-4] - TypeError: list indices must be integers or slices, not float
FAILED mutants/tests/bi_SearchFromToTest.py::test_bi_SearchFromTo_with_func[originalInput5-1.2-0-2] - TypeError: list indices must be integers or slices, not float
FAILED mutants/tests/bi_SearchFromToTest.py::test_bi_SearchFromTo_with_func[originalInput6-4.4-0-3] - TypeError: list indices must be integers or slices, not float
FAILED mutants/tests/bi_SearchFromToTest.py::test_bi_SearchFromTo_with_func[originalInput7-1.2-0-3] - TypeError: list indices must be integers or slices, not float
FAILED mutants/tests/bi_SearchFromToTest.py::test_bi_SearchFromTo_with_func[originalInput8-4.1-0-4] - TypeError: list indices must be integers or slices, not float
FAILED mutants/tests/bi_SearchFromToTest.py::test_bi_SearchFromTo_with_func[originalInput9-1.5-0-5] - TypeError: list indices must be integers or slices, not float
10 failed, 1 warning in 0.05s
❌ x_bi_SearchFromTo__mutmut_5 存在失败 (退出码 1)

================================================================================
RUNNING bi_SearchFromTo.py :: x_bi_SearchFromTo__mutmut_6  -  2025-10-16T09:58:26.248080
================================================================================

>>> 当前使用的函数: x_bi_SearchFromTo__mutmut_6
函数源码如下：
def x_bi_SearchFromTo__mutmut_6(elements, key, froom, to):

    low = froom
    high = to

    while low <= high:
        mid = (low - high)//2
        midVal = elements[mid]

        if midVal < key:
            low = mid + 1

        else:
            if midVal > key:
                high = mid - 1
            else:
                return mid
    return -(low + 1)




====================================================== warnings summary ======================================================
../../anaconda3/envs/mutmut39/lib/python3.9/site-packages/_pytest/config/__init__.py:1474
  /home/rts/anaconda3/envs/mutmut39/lib/python3.9/site-packages/_pytest/config/__init__.py:1474: PytestConfigWarning: Unknown config option: pytest -vv --tb
  
    self._warn_or_fail_if_strict(f"Unknown config option: {key}\n")

-- Docs: https://docs.pytest.org/en/stable/how-to/capture-warnings.html
!!!!!!!!!!!!!!!!!!!!!!!!!!!!!!!!!!!!!!!!!!!!!!!!!!!!! KeyboardInterrupt !!!!!!!!!!!!!!!!!!!!!!!!!!!!!!!!!!!!!!!!!!!!!!!!!!!!!!
/home/rts/下载/Python_src/mutants/src/bi_SearchFromTo.py:147: KeyboardInterrupt
(to show a full traceback on KeyboardInterrupt use --full-trace)
1 warning in 1.46s
❌ x_bi_SearchFromTo__mutmut_6 存在失败 (退出码 2)

================================================================================
RUNNING bi_SearchFromTo.py :: x_bi_SearchFromTo__mutmut_7  -  2025-10-16T09:58:27.749170
================================================================================

>>> 当前使用的函数: x_bi_SearchFromTo__mutmut_7
函数源码如下：
def x_bi_SearchFromTo__mutmut_7(elements, key, froom, to):

    low = froom
    high = to

    while low <= high:
        mid = (low + high)//3
        midVal = elements[mid]

        if midVal < key:
            low = mid + 1

        else:
            if midVal > key:
                high = mid - 1
            else:
                return mid
    return -(low + 1)




====================================================== warnings summary ======================================================
../../anaconda3/envs/mutmut39/lib/python3.9/site-packages/_pytest/config/__init__.py:1474
  /home/rts/anaconda3/envs/mutmut39/lib/python3.9/site-packages/_pytest/config/__init__.py:1474: PytestConfigWarning: Unknown config option: pytest -vv --tb
  
    self._warn_or_fail_if_strict(f"Unknown config option: {key}\n")

-- Docs: https://docs.pytest.org/en/stable/how-to/capture-warnings.html
!!!!!!!!!!!!!!!!!!!!!!!!!!!!!!!!!!!!!!!!!!!!!!!!!!!!! KeyboardInterrupt !!!!!!!!!!!!!!!!!!!!!!!!!!!!!!!!!!!!!!!!!!!!!!!!!!!!!!
/home/rts/下载/Python_src/mutants/src/bi_SearchFromTo.py:165: KeyboardInterrupt
(to show a full traceback on KeyboardInterrupt use --full-trace)
1 warning in 1.04s
❌ x_bi_SearchFromTo__mutmut_7 存在失败 (退出码 2)

================================================================================
RUNNING bi_SearchFromTo.py :: x_bi_SearchFromTo__mutmut_8  -  2025-10-16T09:58:28.833947
================================================================================

>>> 当前使用的函数: x_bi_SearchFromTo__mutmut_8
函数源码如下：
def x_bi_SearchFromTo__mutmut_8(elements, key, froom, to):

    low = froom
    high = to

    while low <= high:
        mid = (low + high)//2
        midVal = None

        if midVal < key:
            low = mid + 1

        else:
            if midVal > key:
                high = mid - 1
            else:
                return mid
    return -(low + 1)

FFFFFFFFFF
========================================================== FAILURES ==========================================================
___________________________________ test_bi_SearchFromTo_with_func[originalInput0-1.2-0-3] ___________________________________
mutants/tests/bi_SearchFromToTest.py:83: in test_bi_SearchFromTo_with_func
    originalResult = func(originalInput, key, from_idx, to_idx)
mutants/src/bi_SearchFromTo.py:186: in x_bi_SearchFromTo__mutmut_8
    if midVal < key:
E   TypeError: '<' not supported between instances of 'NoneType' and 'float'
___________________________________ test_bi_SearchFromTo_with_func[originalInput1-2.0-0-4] ___________________________________
mutants/tests/bi_SearchFromToTest.py:83: in test_bi_SearchFromTo_with_func
    originalResult = func(originalInput, key, from_idx, to_idx)
mutants/src/bi_SearchFromTo.py:186: in x_bi_SearchFromTo__mutmut_8
    if midVal < key:
E   TypeError: '<' not supported between instances of 'NoneType' and 'float'
__________________________________ test_bi_SearchFromTo_with_func[originalInput2-1.61-0-4] ___________________________________
mutants/tests/bi_SearchFromToTest.py:83: in test_bi_SearchFromTo_with_func
    originalResult = func(originalInput, key, from_idx, to_idx)
mutants/src/bi_SearchFromTo.py:186: in x_bi_SearchFromTo__mutmut_8
    if midVal < key:
E   TypeError: '<' not supported between instances of 'NoneType' and 'float'
___________________________________ test_bi_SearchFromTo_with_func[originalInput3-0.0-0-3] ___________________________________
mutants/tests/bi_SearchFromToTest.py:83: in test_bi_SearchFromTo_with_func
    originalResult = func(originalInput, key, from_idx, to_idx)
mutants/src/bi_SearchFromTo.py:186: in x_bi_SearchFromTo__mutmut_8
    if midVal < key:
E   TypeError: '<' not supported between instances of 'NoneType' and 'float'
___________________________________ test_bi_SearchFromTo_with_func[originalInput4-2.5-0-4] ___________________________________
mutants/tests/bi_SearchFromToTest.py:83: in test_bi_SearchFromTo_with_func
    originalResult = func(originalInput, key, from_idx, to_idx)
mutants/src/bi_SearchFromTo.py:186: in x_bi_SearchFromTo__mutmut_8
    if midVal < key:
E   TypeError: '<' not supported between instances of 'NoneType' and 'float'
___________________________________ test_bi_SearchFromTo_with_func[originalInput5-1.2-0-2] ___________________________________
mutants/tests/bi_SearchFromToTest.py:83: in test_bi_SearchFromTo_with_func
    originalResult = func(originalInput, key, from_idx, to_idx)
mutants/src/bi_SearchFromTo.py:186: in x_bi_SearchFromTo__mutmut_8
    if midVal < key:
E   TypeError: '<' not supported between instances of 'NoneType' and 'float'
___________________________________ test_bi_SearchFromTo_with_func[originalInput6-4.4-0-3] ___________________________________
mutants/tests/bi_SearchFromToTest.py:83: in test_bi_SearchFromTo_with_func
    originalResult = func(originalInput, key, from_idx, to_idx)
mutants/src/bi_SearchFromTo.py:186: in x_bi_SearchFromTo__mutmut_8
    if midVal < key:
E   TypeError: '<' not supported between instances of 'NoneType' and 'float'
___________________________________ test_bi_SearchFromTo_with_func[originalInput7-1.2-0-3] ___________________________________
mutants/tests/bi_SearchFromToTest.py:83: in test_bi_SearchFromTo_with_func
    originalResult = func(originalInput, key, from_idx, to_idx)
mutants/src/bi_SearchFromTo.py:186: in x_bi_SearchFromTo__mutmut_8
    if midVal < key:
E   TypeError: '<' not supported between instances of 'NoneType' and 'float'
___________________________________ test_bi_SearchFromTo_with_func[originalInput8-4.1-0-4] ___________________________________
mutants/tests/bi_SearchFromToTest.py:83: in test_bi_SearchFromTo_with_func
    originalResult = func(originalInput, key, from_idx, to_idx)
mutants/src/bi_SearchFromTo.py:186: in x_bi_SearchFromTo__mutmut_8
    if midVal < key:
E   TypeError: '<' not supported between instances of 'NoneType' and 'float'
___________________________________ test_bi_SearchFromTo_with_func[originalInput9-1.5-0-5] ___________________________________
mutants/tests/bi_SearchFromToTest.py:83: in test_bi_SearchFromTo_with_func
    originalResult = func(originalInput, key, from_idx, to_idx)
mutants/src/bi_SearchFromTo.py:186: in x_bi_SearchFromTo__mutmut_8
    if midVal < key:
E   TypeError: '<' not supported between instances of 'NoneType' and 'float'
====================================================== warnings summary ======================================================
../../anaconda3/envs/mutmut39/lib/python3.9/site-packages/_pytest/config/__init__.py:1474
  /home/rts/anaconda3/envs/mutmut39/lib/python3.9/site-packages/_pytest/config/__init__.py:1474: PytestConfigWarning: Unknown config option: pytest -vv --tb
  
    self._warn_or_fail_if_strict(f"Unknown config option: {key}\n")

-- Docs: https://docs.pytest.org/en/stable/how-to/capture-warnings.html
================================================== short test summary info ===================================================
FAILED mutants/tests/bi_SearchFromToTest.py::test_bi_SearchFromTo_with_func[originalInput0-1.2-0-3] - TypeError: '<' not supported between instances of 'NoneType' and 'float'
FAILED mutants/tests/bi_SearchFromToTest.py::test_bi_SearchFromTo_with_func[originalInput1-2.0-0-4] - TypeError: '<' not supported between instances of 'NoneType' and 'float'
FAILED mutants/tests/bi_SearchFromToTest.py::test_bi_SearchFromTo_with_func[originalInput2-1.61-0-4] - TypeError: '<' not supported between instances of 'NoneType' and 'float'
FAILED mutants/tests/bi_SearchFromToTest.py::test_bi_SearchFromTo_with_func[originalInput3-0.0-0-3] - TypeError: '<' not supported between instances of 'NoneType' and 'float'
FAILED mutants/tests/bi_SearchFromToTest.py::test_bi_SearchFromTo_with_func[originalInput4-2.5-0-4] - TypeError: '<' not supported between instances of 'NoneType' and 'float'
FAILED mutants/tests/bi_SearchFromToTest.py::test_bi_SearchFromTo_with_func[originalInput5-1.2-0-2] - TypeError: '<' not supported between instances of 'NoneType' and 'float'
FAILED mutants/tests/bi_SearchFromToTest.py::test_bi_SearchFromTo_with_func[originalInput6-4.4-0-3] - TypeError: '<' not supported between instances of 'NoneType' and 'float'
FAILED mutants/tests/bi_SearchFromToTest.py::test_bi_SearchFromTo_with_func[originalInput7-1.2-0-3] - TypeError: '<' not supported between instances of 'NoneType' and 'float'
FAILED mutants/tests/bi_SearchFromToTest.py::test_bi_SearchFromTo_with_func[originalInput8-4.1-0-4] - TypeError: '<' not supported between instances of 'NoneType' and 'float'
FAILED mutants/tests/bi_SearchFromToTest.py::test_bi_SearchFromTo_with_func[originalInput9-1.5-0-5] - TypeError: '<' not supported between instances of 'NoneType' and 'float'
10 failed, 1 warning in 0.05s
❌ x_bi_SearchFromTo__mutmut_8 存在失败 (退出码 1)

================================================================================
RUNNING bi_SearchFromTo.py :: x_bi_SearchFromTo__mutmut_9  -  2025-10-16T09:58:28.925787
================================================================================

>>> 当前使用的函数: x_bi_SearchFromTo__mutmut_9
函数源码如下：
def x_bi_SearchFromTo__mutmut_9(elements, key, froom, to):

    low = froom
    high = to

    while low <= high:
        mid = (low + high)//2
        midVal = elements[mid]

        if midVal <= key:
            low = mid + 1

        else:
            if midVal > key:
                high = mid - 1
            else:
                return mid
    return -(low + 1)



F

F

F

F

F

.

.

.

F

F
========================================================== FAILURES ==========================================================
___________________________________ test_bi_SearchFromTo_with_func[originalInput0-1.2-0-3] ___________________________________

FAILURE: check bool(False): MR13 failed
mutants/tests/bi_SearchFromToTest.py:84 in test_bi_SearchFromTo_with_func() -> applyMR_Assert(originalInput, originalResult, key, from_idx, to_idx)
mutants/tests/bi_SearchFromToTest.py:60 in applyMR_Assert() -> check.is_true(originalResult >= transformResult13, "MR13 failed")

------------------------------------------------------------
Failed Checks: 1
___________________________________ test_bi_SearchFromTo_with_func[originalInput1-2.0-0-4] ___________________________________

FAILURE: check bool(False): MR10 failed
mutants/tests/bi_SearchFromToTest.py:84 in test_bi_SearchFromTo_with_func() -> applyMR_Assert(originalInput, originalResult, key, from_idx, to_idx)
mutants/tests/bi_SearchFromToTest.py:50 in applyMR_Assert() -> check.is_true(originalResult >= transformResult10, "MR10 failed")

FAILURE: check bool(False): MR13 failed
------------------------------------------------------------
Failed Checks: 2
__________________________________ test_bi_SearchFromTo_with_func[originalInput2-1.61-0-4] ___________________________________

FAILURE: check bool(False): MR4 failed
mutants/tests/bi_SearchFromToTest.py:84 in test_bi_SearchFromTo_with_func() -> applyMR_Assert(originalInput, originalResult, key, from_idx, to_idx)
mutants/tests/bi_SearchFromToTest.py:30 in applyMR_Assert() -> check.is_true(originalResult >= transformResult4, "MR4 failed")

FAILURE: check bool(False): MR10 failed
FAILURE: check bool(False): MR13 failed
------------------------------------------------------------
Failed Checks: 3
___________________________________ test_bi_SearchFromTo_with_func[originalInput3-0.0-0-3] ___________________________________

FAILURE: check bool(False): MR10 failed
mutants/tests/bi_SearchFromToTest.py:84 in test_bi_SearchFromTo_with_func() -> applyMR_Assert(originalInput, originalResult, key, from_idx, to_idx)
mutants/tests/bi_SearchFromToTest.py:50 in applyMR_Assert() -> check.is_true(originalResult >= transformResult10, "MR10 failed")

FAILURE: check bool(False): MR13 failed
------------------------------------------------------------
Failed Checks: 2
___________________________________ test_bi_SearchFromTo_with_func[originalInput4-2.5-0-4] ___________________________________

FAILURE: check bool(False): MR10 failed
mutants/tests/bi_SearchFromToTest.py:84 in test_bi_SearchFromTo_with_func() -> applyMR_Assert(originalInput, originalResult, key, from_idx, to_idx)
mutants/tests/bi_SearchFromToTest.py:50 in applyMR_Assert() -> check.is_true(originalResult >= transformResult10, "MR10 failed")

FAILURE: check bool(False): MR13 failed
------------------------------------------------------------
Failed Checks: 2
___________________________________ test_bi_SearchFromTo_with_func[originalInput8-4.1-0-4] ___________________________________

FAILURE: check bool(False): MR10 failed
mutants/tests/bi_SearchFromToTest.py:84 in test_bi_SearchFromTo_with_func() -> applyMR_Assert(originalInput, originalResult, key, from_idx, to_idx)
mutants/tests/bi_SearchFromToTest.py:50 in applyMR_Assert() -> check.is_true(originalResult >= transformResult10, "MR10 failed")

FAILURE: check bool(False): MR13 failed
------------------------------------------------------------
Failed Checks: 2
___________________________________ test_bi_SearchFromTo_with_func[originalInput9-1.5-0-5] ___________________________________

FAILURE: check bool(False): MR10 failed
mutants/tests/bi_SearchFromToTest.py:84 in test_bi_SearchFromTo_with_func() -> applyMR_Assert(originalInput, originalResult, key, from_idx, to_idx)
mutants/tests/bi_SearchFromToTest.py:50 in applyMR_Assert() -> check.is_true(originalResult >= transformResult10, "MR10 failed")

FAILURE: check bool(False): MR13 failed
------------------------------------------------------------
Failed Checks: 2
====================================================== warnings summary ======================================================
../../anaconda3/envs/mutmut39/lib/python3.9/site-packages/_pytest/config/__init__.py:1474
  /home/rts/anaconda3/envs/mutmut39/lib/python3.9/site-packages/_pytest/config/__init__.py:1474: PytestConfigWarning: Unknown config option: pytest -vv --tb
  
    self._warn_or_fail_if_strict(f"Unknown config option: {key}\n")

-- Docs: https://docs.pytest.org/en/stable/how-to/capture-warnings.html
================================================== short test summary info ===================================================
FAILED mutants/tests/bi_SearchFromToTest.py::test_bi_SearchFromTo_with_func[originalInput0-1.2-0-3] - check bool(False): MR13 failed
FAILED mutants/tests/bi_SearchFromToTest.py::test_bi_SearchFromTo_with_func[originalInput1-2.0-0-4] - check bool(False): MR10 failed
FAILED mutants/tests/bi_SearchFromToTest.py::test_bi_SearchFromTo_with_func[originalInput2-1.61-0-4] - check bool(False): MR4 failed
FAILED mutants/tests/bi_SearchFromToTest.py::test_bi_SearchFromTo_with_func[originalInput3-0.0-0-3] - check bool(False): MR10 failed
FAILED mutants/tests/bi_SearchFromToTest.py::test_bi_SearchFromTo_with_func[originalInput4-2.5-0-4] - check bool(False): MR10 failed
FAILED mutants/tests/bi_SearchFromToTest.py::test_bi_SearchFromTo_with_func[originalInput8-4.1-0-4] - check bool(False): MR10 failed
FAILED mutants/tests/bi_SearchFromToTest.py::test_bi_SearchFromTo_with_func[originalInput9-1.5-0-5] - check bool(False): MR10 failed
7 failed, 3 passed, 1 warning in 0.01s
❌ x_bi_SearchFromTo__mutmut_9 存在失败 (退出码 1)

================================================================================
RUNNING bi_SearchFromTo.py :: x_bi_SearchFromTo__mutmut_orig  -  2025-10-16T09:58:28.981952
================================================================================

>>> 当前使用的函数: x_bi_SearchFromTo__mutmut_orig
函数源码如下：
def x_bi_SearchFromTo__mutmut_orig(elements, key, froom, to):

    low = froom
    high = to

    while low <= high:
        mid = (low + high)//2
        midVal = elements[mid]

        if midVal < key:
            low = mid + 1

        else:
            if midVal > key:
                high = mid - 1
            else:
                return mid
    return -(low + 1)



.

.

.

.

.

.

.

.

.

.
====================================================== warnings summary ======================================================
../../anaconda3/envs/mutmut39/lib/python3.9/site-packages/_pytest/config/__init__.py:1474
  /home/rts/anaconda3/envs/mutmut39/lib/python3.9/site-packages/_pytest/config/__init__.py:1474: PytestConfigWarning: Unknown config option: pytest -vv --tb
  
    self._warn_or_fail_if_strict(f"Unknown config option: {key}\n")

-- Docs: https://docs.pytest.org/en/stable/how-to/capture-warnings.html
10 passed, 1 warning in 0.01s
✅ x_bi_SearchFromTo__mutmut_orig 所有测试通过
