
=== Running tests for single mutant file: add_values.py ===
add执行了

================================================================================
RUNNING add_values.py :: _mutmut_signature  -  2025-10-11T21:52:30.053278
================================================================================

>>> 当前使用的函数: _mutmut_signature
函数源码如下：
def signature(obj, *, follow_wrapped=True):
    """Get a signature object for the passed callable."""
    return Signature.from_callable(obj, follow_wrapped=follow_wrapped)

testadd执行了
FFFFFFFFFF
================================================================================= FAILURES ==================================================================================
_________________________________________________________________ test_add_values_with_func[originalInput0] _________________________________________________________________
mutants/tests/test_add_values.py:123: in test_add_values_with_func
    originalResult = func(originalInput)
../../anaconda3/envs/mutmut39/lib/python3.9/inspect.py:3113: in signature
    return Signature.from_callable(obj, follow_wrapped=follow_wrapped)
../../anaconda3/envs/mutmut39/lib/python3.9/inspect.py:2862: in from_callable
    return _signature_from_callable(obj, sigcls=cls,
../../anaconda3/envs/mutmut39/lib/python3.9/inspect.py:2261: in _signature_from_callable
    raise TypeError('{!r} is not a callable object'.format(obj))
E   TypeError: [1, 3, 2, 6, 9] is not a callable object
_________________________________________________________________ test_add_values_with_func[originalInput1] _________________________________________________________________
mutants/tests/test_add_values.py:123: in test_add_values_with_func
    originalResult = func(originalInput)
../../anaconda3/envs/mutmut39/lib/python3.9/inspect.py:3113: in signature
    return Signature.from_callable(obj, follow_wrapped=follow_wrapped)
../../anaconda3/envs/mutmut39/lib/python3.9/inspect.py:2862: in from_callable
    return _signature_from_callable(obj, sigcls=cls,
../../anaconda3/envs/mutmut39/lib/python3.9/inspect.py:2261: in _signature_from_callable
    raise TypeError('{!r} is not a callable object'.format(obj))
E   TypeError: [2, 1, 4, 4, 2] is not a callable object
_________________________________________________________________ test_add_values_with_func[originalInput2] _________________________________________________________________
mutants/tests/test_add_values.py:123: in test_add_values_with_func
    originalResult = func(originalInput)
../../anaconda3/envs/mutmut39/lib/python3.9/inspect.py:3113: in signature
    return Signature.from_callable(obj, follow_wrapped=follow_wrapped)
../../anaconda3/envs/mutmut39/lib/python3.9/inspect.py:2862: in from_callable
    return _signature_from_callable(obj, sigcls=cls,
../../anaconda3/envs/mutmut39/lib/python3.9/inspect.py:2261: in _signature_from_callable
    raise TypeError('{!r} is not a callable object'.format(obj))
E   TypeError: [4, -2, 4, 6, 2] is not a callable object
_________________________________________________________________ test_add_values_with_func[originalInput3] _________________________________________________________________
mutants/tests/test_add_values.py:123: in test_add_values_with_func
    originalResult = func(originalInput)
../../anaconda3/envs/mutmut39/lib/python3.9/inspect.py:3113: in signature
    return Signature.from_callable(obj, follow_wrapped=follow_wrapped)
../../anaconda3/envs/mutmut39/lib/python3.9/inspect.py:2862: in from_callable
    return _signature_from_callable(obj, sigcls=cls,
../../anaconda3/envs/mutmut39/lib/python3.9/inspect.py:2261: in _signature_from_callable
    raise TypeError('{!r} is not a callable object'.format(obj))
E   TypeError: [9, 2, 1, 5, 3, 2] is not a callable object
_________________________________________________________________ test_add_values_with_func[originalInput4] _________________________________________________________________
mutants/tests/test_add_values.py:123: in test_add_values_with_func
    originalResult = func(originalInput)
../../anaconda3/envs/mutmut39/lib/python3.9/inspect.py:3113: in signature
    return Signature.from_callable(obj, follow_wrapped=follow_wrapped)
../../anaconda3/envs/mutmut39/lib/python3.9/inspect.py:2862: in from_callable
    return _signature_from_callable(obj, sigcls=cls,
../../anaconda3/envs/mutmut39/lib/python3.9/inspect.py:2261: in _signature_from_callable
    raise TypeError('{!r} is not a callable object'.format(obj))
E   TypeError: [-1, 9, 1, -3, -3] is not a callable object
_________________________________________________________________ test_add_values_with_func[originalInput5] _________________________________________________________________
mutants/tests/test_add_values.py:123: in test_add_values_with_func
    originalResult = func(originalInput)
../../anaconda3/envs/mutmut39/lib/python3.9/inspect.py:3113: in signature
    return Signature.from_callable(obj, follow_wrapped=follow_wrapped)
../../anaconda3/envs/mutmut39/lib/python3.9/inspect.py:2862: in from_callable
    return _signature_from_callable(obj, sigcls=cls,
../../anaconda3/envs/mutmut39/lib/python3.9/inspect.py:2261: in _signature_from_callable
    raise TypeError('{!r} is not a callable object'.format(obj))
E   TypeError: [8, 3, 2, 6, 2, 3] is not a callable object
_________________________________________________________________ test_add_values_with_func[originalInput6] _________________________________________________________________
mutants/tests/test_add_values.py:123: in test_add_values_with_func
    originalResult = func(originalInput)
../../anaconda3/envs/mutmut39/lib/python3.9/inspect.py:3113: in signature
    return Signature.from_callable(obj, follow_wrapped=follow_wrapped)
../../anaconda3/envs/mutmut39/lib/python3.9/inspect.py:2862: in from_callable
    return _signature_from_callable(obj, sigcls=cls,
../../anaconda3/envs/mutmut39/lib/python3.9/inspect.py:2261: in _signature_from_callable
    raise TypeError('{!r} is not a callable object'.format(obj))
E   TypeError: [1, 2, 3, 4, -5, 6] is not a callable object
_________________________________________________________________ test_add_values_with_func[originalInput7] _________________________________________________________________
mutants/tests/test_add_values.py:123: in test_add_values_with_func
    originalResult = func(originalInput)
../../anaconda3/envs/mutmut39/lib/python3.9/inspect.py:3113: in signature
    return Signature.from_callable(obj, follow_wrapped=follow_wrapped)
../../anaconda3/envs/mutmut39/lib/python3.9/inspect.py:2862: in from_callable
    return _signature_from_callable(obj, sigcls=cls,
../../anaconda3/envs/mutmut39/lib/python3.9/inspect.py:2261: in _signature_from_callable
    raise TypeError('{!r} is not a callable object'.format(obj))
E   TypeError: [1, 2, 4, 2, 7, 5] is not a callable object
_________________________________________________________________ test_add_values_with_func[originalInput8] _________________________________________________________________
mutants/tests/test_add_values.py:123: in test_add_values_with_func
    originalResult = func(originalInput)
../../anaconda3/envs/mutmut39/lib/python3.9/inspect.py:3113: in signature
    return Signature.from_callable(obj, follow_wrapped=follow_wrapped)
../../anaconda3/envs/mutmut39/lib/python3.9/inspect.py:2862: in from_callable
    return _signature_from_callable(obj, sigcls=cls,
../../anaconda3/envs/mutmut39/lib/python3.9/inspect.py:2261: in _signature_from_callable
    raise TypeError('{!r} is not a callable object'.format(obj))
E   TypeError: [1, 1, 2, 4, 1, 2] is not a callable object
_________________________________________________________________ test_add_values_with_func[originalInput9] _________________________________________________________________
mutants/tests/test_add_values.py:123: in test_add_values_with_func
    originalResult = func(originalInput)
../../anaconda3/envs/mutmut39/lib/python3.9/inspect.py:3113: in signature
    return Signature.from_callable(obj, follow_wrapped=follow_wrapped)
../../anaconda3/envs/mutmut39/lib/python3.9/inspect.py:2862: in from_callable
    return _signature_from_callable(obj, sigcls=cls,
../../anaconda3/envs/mutmut39/lib/python3.9/inspect.py:2261: in _signature_from_callable
    raise TypeError('{!r} is not a callable object'.format(obj))
E   TypeError: [-2, 3, 1, 4, 7] is not a callable object
============================================================================= warnings summary ==============================================================================
../../anaconda3/envs/mutmut39/lib/python3.9/site-packages/_pytest/config/__init__.py:1474
  /home/rts/anaconda3/envs/mutmut39/lib/python3.9/site-packages/_pytest/config/__init__.py:1474: PytestConfigWarning: Unknown config option: pytest -vv --tb
  
    self._warn_or_fail_if_strict(f"Unknown config option: {key}\n")

-- Docs: https://docs.pytest.org/en/stable/how-to/capture-warnings.html
========================================================================== short test summary info ==========================================================================
FAILED mutants/tests/test_add_values.py::test_add_values_with_func[originalInput0] - TypeError: [1, 3, 2, 6, 9] is not a callable object
FAILED mutants/tests/test_add_values.py::test_add_values_with_func[originalInput1] - TypeError: [2, 1, 4, 4, 2] is not a callable object
FAILED mutants/tests/test_add_values.py::test_add_values_with_func[originalInput2] - TypeError: [4, -2, 4, 6, 2] is not a callable object
FAILED mutants/tests/test_add_values.py::test_add_values_with_func[originalInput3] - TypeError: [9, 2, 1, 5, 3, 2] is not a callable object
FAILED mutants/tests/test_add_values.py::test_add_values_with_func[originalInput4] - TypeError: [-1, 9, 1, -3, -3] is not a callable object
FAILED mutants/tests/test_add_values.py::test_add_values_with_func[originalInput5] - TypeError: [8, 3, 2, 6, 2, 3] is not a callable object
FAILED mutants/tests/test_add_values.py::test_add_values_with_func[originalInput6] - TypeError: [1, 2, 3, 4, -5, 6] is not a callable object
FAILED mutants/tests/test_add_values.py::test_add_values_with_func[originalInput7] - TypeError: [1, 2, 4, 2, 7, 5] is not a callable object
FAILED mutants/tests/test_add_values.py::test_add_values_with_func[originalInput8] - TypeError: [1, 1, 2, 4, 1, 2] is not a callable object
FAILED mutants/tests/test_add_values.py::test_add_values_with_func[originalInput9] - TypeError: [-2, 3, 1, 4, 7] is not a callable object
10 failed, 1 warning in 0.47s
❌ _mutmut_signature 存在失败 (退出码 1)

================================================================================
RUNNING add_values.py :: _mutmut_trampoline  -  2025-10-11T21:52:30.626354
================================================================================

>>> 当前使用的函数: _mutmut_trampoline
函数源码如下：
def _mutmut_trampoline(orig, mutants, call_args, call_kwargs, self_arg = None):
    """Forward call to original or mutated function, depending on the environment"""
    import os
    mutant_under_test = os.environ['MUTANT_UNDER_TEST']
    if mutant_under_test == 'fail':
        from mutmut.__main__ import MutmutProgrammaticFailException
        raise MutmutProgrammaticFailException('Failed programmatically')      
    elif mutant_under_test == 'stats':
        from mutmut.__main__ import record_trampoline_hit
        record_trampoline_hit(orig.__module__ + '.' + orig.__name__)
        result = orig(*call_args, **call_kwargs)
        return result
    prefix = orig.__module__ + '.' + orig.__name__ + '__mutmut_'
    if not mutant_under_test.startswith(prefix):
        result = orig(*call_args, **call_kwargs)
        return result
    mutant_name = mutant_under_test.rpartition('.')[-1]
    if self_arg:
        # call to a class method where self is not bound
        result = mutants[mutant_name](self_arg, *call_args, **call_kwargs)
    else:
        result = mutants[mutant_name](*call_args, **call_kwargs)
    return result

FFFFFFFFFF
================================================================================= FAILURES ==================================================================================
_________________________________________________________________ test_add_values_with_func[originalInput0] _________________________________________________________________
mutants/tests/test_add_values.py:123: in test_add_values_with_func
    originalResult = func(originalInput)
E   TypeError: _mutmut_trampoline() missing 3 required positional arguments: 'mutants', 'call_args', and 'call_kwargs'
_________________________________________________________________ test_add_values_with_func[originalInput1] _________________________________________________________________
mutants/tests/test_add_values.py:123: in test_add_values_with_func
    originalResult = func(originalInput)
E   TypeError: _mutmut_trampoline() missing 3 required positional arguments: 'mutants', 'call_args', and 'call_kwargs'
_________________________________________________________________ test_add_values_with_func[originalInput2] _________________________________________________________________
mutants/tests/test_add_values.py:123: in test_add_values_with_func
    originalResult = func(originalInput)
E   TypeError: _mutmut_trampoline() missing 3 required positional arguments: 'mutants', 'call_args', and 'call_kwargs'
_________________________________________________________________ test_add_values_with_func[originalInput3] _________________________________________________________________
mutants/tests/test_add_values.py:123: in test_add_values_with_func
    originalResult = func(originalInput)
E   TypeError: _mutmut_trampoline() missing 3 required positional arguments: 'mutants', 'call_args', and 'call_kwargs'
_________________________________________________________________ test_add_values_with_func[originalInput4] _________________________________________________________________
mutants/tests/test_add_values.py:123: in test_add_values_with_func
    originalResult = func(originalInput)
E   TypeError: _mutmut_trampoline() missing 3 required positional arguments: 'mutants', 'call_args', and 'call_kwargs'
_________________________________________________________________ test_add_values_with_func[originalInput5] _________________________________________________________________
mutants/tests/test_add_values.py:123: in test_add_values_with_func
    originalResult = func(originalInput)
E   TypeError: _mutmut_trampoline() missing 3 required positional arguments: 'mutants', 'call_args', and 'call_kwargs'
_________________________________________________________________ test_add_values_with_func[originalInput6] _________________________________________________________________
mutants/tests/test_add_values.py:123: in test_add_values_with_func
    originalResult = func(originalInput)
E   TypeError: _mutmut_trampoline() missing 3 required positional arguments: 'mutants', 'call_args', and 'call_kwargs'
_________________________________________________________________ test_add_values_with_func[originalInput7] _________________________________________________________________
mutants/tests/test_add_values.py:123: in test_add_values_with_func
    originalResult = func(originalInput)
E   TypeError: _mutmut_trampoline() missing 3 required positional arguments: 'mutants', 'call_args', and 'call_kwargs'
_________________________________________________________________ test_add_values_with_func[originalInput8] _________________________________________________________________
mutants/tests/test_add_values.py:123: in test_add_values_with_func
    originalResult = func(originalInput)
E   TypeError: _mutmut_trampoline() missing 3 required positional arguments: 'mutants', 'call_args', and 'call_kwargs'
_________________________________________________________________ test_add_values_with_func[originalInput9] _________________________________________________________________
mutants/tests/test_add_values.py:123: in test_add_values_with_func
    originalResult = func(originalInput)
E   TypeError: _mutmut_trampoline() missing 3 required positional arguments: 'mutants', 'call_args', and 'call_kwargs'
============================================================================= warnings summary ==============================================================================
../../anaconda3/envs/mutmut39/lib/python3.9/site-packages/_pytest/config/__init__.py:1474
  /home/rts/anaconda3/envs/mutmut39/lib/python3.9/site-packages/_pytest/config/__init__.py:1474: PytestConfigWarning: Unknown config option: pytest -vv --tb
  
    self._warn_or_fail_if_strict(f"Unknown config option: {key}\n")

-- Docs: https://docs.pytest.org/en/stable/how-to/capture-warnings.html
========================================================================== short test summary info ==========================================================================
FAILED mutants/tests/test_add_values.py::test_add_values_with_func[originalInput0] - TypeError: _mutmut_trampoline() missing 3 required positional arguments: 'mutants', 'call_args', and 'call_kwargs'
FAILED mutants/tests/test_add_values.py::test_add_values_with_func[originalInput1] - TypeError: _mutmut_trampoline() missing 3 required positional arguments: 'mutants', 'call_args', and 'call_kwargs'
FAILED mutants/tests/test_add_values.py::test_add_values_with_func[originalInput2] - TypeError: _mutmut_trampoline() missing 3 required positional arguments: 'mutants', 'call_args', and 'call_kwargs'
FAILED mutants/tests/test_add_values.py::test_add_values_with_func[originalInput3] - TypeError: _mutmut_trampoline() missing 3 required positional arguments: 'mutants', 'call_args', and 'call_kwargs'
FAILED mutants/tests/test_add_values.py::test_add_values_with_func[originalInput4] - TypeError: _mutmut_trampoline() missing 3 required positional arguments: 'mutants', 'call_args', and 'call_kwargs'
FAILED mutants/tests/test_add_values.py::test_add_values_with_func[originalInput5] - TypeError: _mutmut_trampoline() missing 3 required positional arguments: 'mutants', 'call_args', and 'call_kwargs'
FAILED mutants/tests/test_add_values.py::test_add_values_with_func[originalInput6] - TypeError: _mutmut_trampoline() missing 3 required positional arguments: 'mutants', 'call_args', and 'call_kwargs'
FAILED mutants/tests/test_add_values.py::test_add_values_with_func[originalInput7] - TypeError: _mutmut_trampoline() missing 3 required positional arguments: 'mutants', 'call_args', and 'call_kwargs'
FAILED mutants/tests/test_add_values.py::test_add_values_with_func[originalInput8] - TypeError: _mutmut_trampoline() missing 3 required positional arguments: 'mutants', 'call_args', and 'call_kwargs'
FAILED mutants/tests/test_add_values.py::test_add_values_with_func[originalInput9] - TypeError: _mutmut_trampoline() missing 3 required positional arguments: 'mutants', 'call_args', and 'call_kwargs'
10 failed, 1 warning in 0.02s
❌ _mutmut_trampoline 存在失败 (退出码 1)

================================================================================
RUNNING add_values.py :: add_values  -  2025-10-11T21:52:30.700863
================================================================================

>>> 当前使用的函数: add_values
函数源码如下：
def add_values(*args, **kwargs):
    result = _mutmut_trampoline(x_add_values__mutmut_orig, x_add_values__mutmut_mutants, args, kwargs)
    return result 

FFFFFFFFFF
================================================================================= FAILURES ==================================================================================
_________________________________________________________________ test_add_values_with_func[originalInput0] _________________________________________________________________
mutants/tests/test_add_values.py:123: in test_add_values_with_func
    originalResult = func(originalInput)
mutants/src/add_values.py:66: in add_values
    result = _mutmut_trampoline(x_add_values__mutmut_orig, x_add_values__mutmut_mutants, args, kwargs)
mutants/src/add_values.py:12: in _mutmut_trampoline
    mutant_under_test = os.environ['MUTANT_UNDER_TEST']
../../anaconda3/envs/mutmut39/lib/python3.9/os.py:679: in __getitem__
    raise KeyError(key) from None
E   KeyError: 'MUTANT_UNDER_TEST'
_________________________________________________________________ test_add_values_with_func[originalInput1] _________________________________________________________________
mutants/tests/test_add_values.py:123: in test_add_values_with_func
    originalResult = func(originalInput)
mutants/src/add_values.py:66: in add_values
    result = _mutmut_trampoline(x_add_values__mutmut_orig, x_add_values__mutmut_mutants, args, kwargs)
mutants/src/add_values.py:12: in _mutmut_trampoline
    mutant_under_test = os.environ['MUTANT_UNDER_TEST']
../../anaconda3/envs/mutmut39/lib/python3.9/os.py:679: in __getitem__
    raise KeyError(key) from None
E   KeyError: 'MUTANT_UNDER_TEST'
_________________________________________________________________ test_add_values_with_func[originalInput2] _________________________________________________________________
mutants/tests/test_add_values.py:123: in test_add_values_with_func
    originalResult = func(originalInput)
mutants/src/add_values.py:66: in add_values
    result = _mutmut_trampoline(x_add_values__mutmut_orig, x_add_values__mutmut_mutants, args, kwargs)
mutants/src/add_values.py:12: in _mutmut_trampoline
    mutant_under_test = os.environ['MUTANT_UNDER_TEST']
../../anaconda3/envs/mutmut39/lib/python3.9/os.py:679: in __getitem__
    raise KeyError(key) from None
E   KeyError: 'MUTANT_UNDER_TEST'
_________________________________________________________________ test_add_values_with_func[originalInput3] _________________________________________________________________
mutants/tests/test_add_values.py:123: in test_add_values_with_func
    originalResult = func(originalInput)
mutants/src/add_values.py:66: in add_values
    result = _mutmut_trampoline(x_add_values__mutmut_orig, x_add_values__mutmut_mutants, args, kwargs)
mutants/src/add_values.py:12: in _mutmut_trampoline
    mutant_under_test = os.environ['MUTANT_UNDER_TEST']
../../anaconda3/envs/mutmut39/lib/python3.9/os.py:679: in __getitem__
    raise KeyError(key) from None
E   KeyError: 'MUTANT_UNDER_TEST'
_________________________________________________________________ test_add_values_with_func[originalInput4] _________________________________________________________________
mutants/tests/test_add_values.py:123: in test_add_values_with_func
    originalResult = func(originalInput)
mutants/src/add_values.py:66: in add_values
    result = _mutmut_trampoline(x_add_values__mutmut_orig, x_add_values__mutmut_mutants, args, kwargs)
mutants/src/add_values.py:12: in _mutmut_trampoline
    mutant_under_test = os.environ['MUTANT_UNDER_TEST']
../../anaconda3/envs/mutmut39/lib/python3.9/os.py:679: in __getitem__
    raise KeyError(key) from None
E   KeyError: 'MUTANT_UNDER_TEST'
_________________________________________________________________ test_add_values_with_func[originalInput5] _________________________________________________________________
mutants/tests/test_add_values.py:123: in test_add_values_with_func
    originalResult = func(originalInput)
mutants/src/add_values.py:66: in add_values
    result = _mutmut_trampoline(x_add_values__mutmut_orig, x_add_values__mutmut_mutants, args, kwargs)
mutants/src/add_values.py:12: in _mutmut_trampoline
    mutant_under_test = os.environ['MUTANT_UNDER_TEST']
../../anaconda3/envs/mutmut39/lib/python3.9/os.py:679: in __getitem__
    raise KeyError(key) from None
E   KeyError: 'MUTANT_UNDER_TEST'
_________________________________________________________________ test_add_values_with_func[originalInput6] _________________________________________________________________
mutants/tests/test_add_values.py:123: in test_add_values_with_func
    originalResult = func(originalInput)
mutants/src/add_values.py:66: in add_values
    result = _mutmut_trampoline(x_add_values__mutmut_orig, x_add_values__mutmut_mutants, args, kwargs)
mutants/src/add_values.py:12: in _mutmut_trampoline
    mutant_under_test = os.environ['MUTANT_UNDER_TEST']
../../anaconda3/envs/mutmut39/lib/python3.9/os.py:679: in __getitem__
    raise KeyError(key) from None
E   KeyError: 'MUTANT_UNDER_TEST'
_________________________________________________________________ test_add_values_with_func[originalInput7] _________________________________________________________________
mutants/tests/test_add_values.py:123: in test_add_values_with_func
    originalResult = func(originalInput)
mutants/src/add_values.py:66: in add_values
    result = _mutmut_trampoline(x_add_values__mutmut_orig, x_add_values__mutmut_mutants, args, kwargs)
mutants/src/add_values.py:12: in _mutmut_trampoline
    mutant_under_test = os.environ['MUTANT_UNDER_TEST']
../../anaconda3/envs/mutmut39/lib/python3.9/os.py:679: in __getitem__
    raise KeyError(key) from None
E   KeyError: 'MUTANT_UNDER_TEST'
_________________________________________________________________ test_add_values_with_func[originalInput8] _________________________________________________________________
mutants/tests/test_add_values.py:123: in test_add_values_with_func
    originalResult = func(originalInput)
mutants/src/add_values.py:66: in add_values
    result = _mutmut_trampoline(x_add_values__mutmut_orig, x_add_values__mutmut_mutants, args, kwargs)
mutants/src/add_values.py:12: in _mutmut_trampoline
    mutant_under_test = os.environ['MUTANT_UNDER_TEST']
../../anaconda3/envs/mutmut39/lib/python3.9/os.py:679: in __getitem__
    raise KeyError(key) from None
E   KeyError: 'MUTANT_UNDER_TEST'
_________________________________________________________________ test_add_values_with_func[originalInput9] _________________________________________________________________
mutants/tests/test_add_values.py:123: in test_add_values_with_func
    originalResult = func(originalInput)
mutants/src/add_values.py:66: in add_values
    result = _mutmut_trampoline(x_add_values__mutmut_orig, x_add_values__mutmut_mutants, args, kwargs)
mutants/src/add_values.py:12: in _mutmut_trampoline
    mutant_under_test = os.environ['MUTANT_UNDER_TEST']
../../anaconda3/envs/mutmut39/lib/python3.9/os.py:679: in __getitem__
    raise KeyError(key) from None
E   KeyError: 'MUTANT_UNDER_TEST'
============================================================================= warnings summary ==============================================================================
../../anaconda3/envs/mutmut39/lib/python3.9/site-packages/_pytest/config/__init__.py:1474
  /home/rts/anaconda3/envs/mutmut39/lib/python3.9/site-packages/_pytest/config/__init__.py:1474: PytestConfigWarning: Unknown config option: pytest -vv --tb
  
    self._warn_or_fail_if_strict(f"Unknown config option: {key}\n")

-- Docs: https://docs.pytest.org/en/stable/how-to/capture-warnings.html
========================================================================== short test summary info ==========================================================================
FAILED mutants/tests/test_add_values.py::test_add_values_with_func[originalInput0] - KeyError: 'MUTANT_UNDER_TEST'
FAILED mutants/tests/test_add_values.py::test_add_values_with_func[originalInput1] - KeyError: 'MUTANT_UNDER_TEST'
FAILED mutants/tests/test_add_values.py::test_add_values_with_func[originalInput2] - KeyError: 'MUTANT_UNDER_TEST'
FAILED mutants/tests/test_add_values.py::test_add_values_with_func[originalInput3] - KeyError: 'MUTANT_UNDER_TEST'
FAILED mutants/tests/test_add_values.py::test_add_values_with_func[originalInput4] - KeyError: 'MUTANT_UNDER_TEST'
FAILED mutants/tests/test_add_values.py::test_add_values_with_func[originalInput5] - KeyError: 'MUTANT_UNDER_TEST'
FAILED mutants/tests/test_add_values.py::test_add_values_with_func[originalInput6] - KeyError: 'MUTANT_UNDER_TEST'
FAILED mutants/tests/test_add_values.py::test_add_values_with_func[originalInput7] - KeyError: 'MUTANT_UNDER_TEST'
FAILED mutants/tests/test_add_values.py::test_add_values_with_func[originalInput8] - KeyError: 'MUTANT_UNDER_TEST'
FAILED mutants/tests/test_add_values.py::test_add_values_with_func[originalInput9] - KeyError: 'MUTANT_UNDER_TEST'
10 failed, 1 warning in 0.09s
❌ add_values 存在失败 (退出码 1)

================================================================================
RUNNING add_values.py :: x_add_values__mutmut_1  -  2025-10-11T21:52:30.848254
================================================================================

>>> 当前使用的函数: x_add_values__mutmut_1
函数源码如下：
def x_add_values__mutmut_1(data):
    sum = None
    for i in data:
        sum += i
    return sum

FFFFFFFFFF
================================================================================= FAILURES ==================================================================================
_________________________________________________________________ test_add_values_with_func[originalInput0] _________________________________________________________________
mutants/tests/test_add_values.py:123: in test_add_values_with_func
    originalResult = func(originalInput)
mutants/src/add_values.py:40: in x_add_values__mutmut_1
    sum += i
E   TypeError: unsupported operand type(s) for +=: 'NoneType' and 'int'
_________________________________________________________________ test_add_values_with_func[originalInput1] _________________________________________________________________
mutants/tests/test_add_values.py:123: in test_add_values_with_func
    originalResult = func(originalInput)
mutants/src/add_values.py:40: in x_add_values__mutmut_1
    sum += i
E   TypeError: unsupported operand type(s) for +=: 'NoneType' and 'int'
_________________________________________________________________ test_add_values_with_func[originalInput2] _________________________________________________________________
mutants/tests/test_add_values.py:123: in test_add_values_with_func
    originalResult = func(originalInput)
mutants/src/add_values.py:40: in x_add_values__mutmut_1
    sum += i
E   TypeError: unsupported operand type(s) for +=: 'NoneType' and 'int'
_________________________________________________________________ test_add_values_with_func[originalInput3] _________________________________________________________________
mutants/tests/test_add_values.py:123: in test_add_values_with_func
    originalResult = func(originalInput)
mutants/src/add_values.py:40: in x_add_values__mutmut_1
    sum += i
E   TypeError: unsupported operand type(s) for +=: 'NoneType' and 'int'
_________________________________________________________________ test_add_values_with_func[originalInput4] _________________________________________________________________
mutants/tests/test_add_values.py:123: in test_add_values_with_func
    originalResult = func(originalInput)
mutants/src/add_values.py:40: in x_add_values__mutmut_1
    sum += i
E   TypeError: unsupported operand type(s) for +=: 'NoneType' and 'int'
_________________________________________________________________ test_add_values_with_func[originalInput5] _________________________________________________________________
mutants/tests/test_add_values.py:123: in test_add_values_with_func
    originalResult = func(originalInput)
mutants/src/add_values.py:40: in x_add_values__mutmut_1
    sum += i
E   TypeError: unsupported operand type(s) for +=: 'NoneType' and 'int'
_________________________________________________________________ test_add_values_with_func[originalInput6] _________________________________________________________________
mutants/tests/test_add_values.py:123: in test_add_values_with_func
    originalResult = func(originalInput)
mutants/src/add_values.py:40: in x_add_values__mutmut_1
    sum += i
E   TypeError: unsupported operand type(s) for +=: 'NoneType' and 'int'
_________________________________________________________________ test_add_values_with_func[originalInput7] _________________________________________________________________
mutants/tests/test_add_values.py:123: in test_add_values_with_func
    originalResult = func(originalInput)
mutants/src/add_values.py:40: in x_add_values__mutmut_1
    sum += i
E   TypeError: unsupported operand type(s) for +=: 'NoneType' and 'int'
_________________________________________________________________ test_add_values_with_func[originalInput8] _________________________________________________________________
mutants/tests/test_add_values.py:123: in test_add_values_with_func
    originalResult = func(originalInput)
mutants/src/add_values.py:40: in x_add_values__mutmut_1
    sum += i
E   TypeError: unsupported operand type(s) for +=: 'NoneType' and 'int'
_________________________________________________________________ test_add_values_with_func[originalInput9] _________________________________________________________________
mutants/tests/test_add_values.py:123: in test_add_values_with_func
    originalResult = func(originalInput)
mutants/src/add_values.py:40: in x_add_values__mutmut_1
    sum += i
E   TypeError: unsupported operand type(s) for +=: 'NoneType' and 'int'
============================================================================= warnings summary ==============================================================================
../../anaconda3/envs/mutmut39/lib/python3.9/site-packages/_pytest/config/__init__.py:1474
  /home/rts/anaconda3/envs/mutmut39/lib/python3.9/site-packages/_pytest/config/__init__.py:1474: PytestConfigWarning: Unknown config option: pytest -vv --tb
  
    self._warn_or_fail_if_strict(f"Unknown config option: {key}\n")

-- Docs: https://docs.pytest.org/en/stable/how-to/capture-warnings.html
========================================================================== short test summary info ==========================================================================
FAILED mutants/tests/test_add_values.py::test_add_values_with_func[originalInput0] - TypeError: unsupported operand type(s) for +=: 'NoneType' and 'int'
FAILED mutants/tests/test_add_values.py::test_add_values_with_func[originalInput1] - TypeError: unsupported operand type(s) for +=: 'NoneType' and 'int'
FAILED mutants/tests/test_add_values.py::test_add_values_with_func[originalInput2] - TypeError: unsupported operand type(s) for +=: 'NoneType' and 'int'
FAILED mutants/tests/test_add_values.py::test_add_values_with_func[originalInput3] - TypeError: unsupported operand type(s) for +=: 'NoneType' and 'int'
FAILED mutants/tests/test_add_values.py::test_add_values_with_func[originalInput4] - TypeError: unsupported operand type(s) for +=: 'NoneType' and 'int'
FAILED mutants/tests/test_add_values.py::test_add_values_with_func[originalInput5] - TypeError: unsupported operand type(s) for +=: 'NoneType' and 'int'
FAILED mutants/tests/test_add_values.py::test_add_values_with_func[originalInput6] - TypeError: unsupported operand type(s) for +=: 'NoneType' and 'int'
FAILED mutants/tests/test_add_values.py::test_add_values_with_func[originalInput7] - TypeError: unsupported operand type(s) for +=: 'NoneType' and 'int'
FAILED mutants/tests/test_add_values.py::test_add_values_with_func[originalInput8] - TypeError: unsupported operand type(s) for +=: 'NoneType' and 'int'
FAILED mutants/tests/test_add_values.py::test_add_values_with_func[originalInput9] - TypeError: unsupported operand type(s) for +=: 'NoneType' and 'int'
10 failed, 1 warning in 0.03s
❌ x_add_values__mutmut_1 存在失败 (退出码 1)

================================================================================
RUNNING add_values.py :: x_add_values__mutmut_2  -  2025-10-11T21:52:30.937191
================================================================================

>>> 当前使用的函数: x_add_values__mutmut_2
函数源码如下：
def x_add_values__mutmut_2(data):
    sum = 1
    for i in data:
        sum += i
    return sum

FFFFFFFFFF
================================================================================= FAILURES ==================================================================================
_________________________________________________________________ test_add_values_with_func[originalInput0] _________________________________________________________________

FAILURE: check 44 == 43: MR5 failed
mutants/tests/test_add_values.py:124 in test_add_values_with_func() -> applyMR_Assert(originalInput, originalResult)
mutants/tests/test_add_values.py:93 in applyMR_Assert() -> check.equal(originalResult * 2, transformResult5, "MR5 failed")

FAILURE: check 44 == 43: MR8 failed
FAILURE: check 66 == 64: MR9 failed
FAILURE: check -22 == -20: MR12 failed
------------------------------------------------------------
Failed Checks: 4
_________________________________________________________________ test_add_values_with_func[originalInput1] _________________________________________________________________

FAILURE: check 28 == 27: MR5 failed
mutants/tests/test_add_values.py:124 in test_add_values_with_func() -> applyMR_Assert(originalInput, originalResult)
mutants/tests/test_add_values.py:93 in applyMR_Assert() -> check.equal(originalResult * 2, transformResult5, "MR5 failed")

FAILURE: check 28 == 27: MR8 failed
FAILURE: check 42 == 40: MR9 failed
FAILURE: check -14 == -12: MR12 failed
------------------------------------------------------------
Failed Checks: 4
_________________________________________________________________ test_add_values_with_func[originalInput2] _________________________________________________________________

FAILURE: check 30 == 29: MR5 failed
mutants/tests/test_add_values.py:124 in test_add_values_with_func() -> applyMR_Assert(originalInput, originalResult)
mutants/tests/test_add_values.py:93 in applyMR_Assert() -> check.equal(originalResult * 2, transformResult5, "MR5 failed")

FAILURE: check 30 == 29: MR8 failed
FAILURE: check 45 == 43: MR9 failed
FAILURE: check -15 == -13: MR12 failed
------------------------------------------------------------
Failed Checks: 4
_________________________________________________________________ test_add_values_with_func[originalInput3] _________________________________________________________________

FAILURE: check 46 == 45: MR5 failed
mutants/tests/test_add_values.py:124 in test_add_values_with_func() -> applyMR_Assert(originalInput, originalResult)
mutants/tests/test_add_values.py:93 in applyMR_Assert() -> check.equal(originalResult * 2, transformResult5, "MR5 failed")

FAILURE: check 46 == 45: MR8 failed
FAILURE: check 69 == 67: MR9 failed
FAILURE: check -23 == -21: MR12 failed
------------------------------------------------------------
Failed Checks: 4
_________________________________________________________________ test_add_values_with_func[originalInput4] _________________________________________________________________

FAILURE: check 8 == 7: MR5 failed
mutants/tests/test_add_values.py:124 in test_add_values_with_func() -> applyMR_Assert(originalInput, originalResult)
mutants/tests/test_add_values.py:93 in applyMR_Assert() -> check.equal(originalResult * 2, transformResult5, "MR5 failed")

FAILURE: check 8 == 7: MR8 failed
FAILURE: check 12 == 10: MR9 failed
FAILURE: check -4 == -2: MR12 failed
------------------------------------------------------------
Failed Checks: 4
_________________________________________________________________ test_add_values_with_func[originalInput5] _________________________________________________________________

FAILURE: check 50 == 49: MR5 failed
mutants/tests/test_add_values.py:124 in test_add_values_with_func() -> applyMR_Assert(originalInput, originalResult)
mutants/tests/test_add_values.py:93 in applyMR_Assert() -> check.equal(originalResult * 2, transformResult5, "MR5 failed")

FAILURE: check 50 == 49: MR8 failed
FAILURE: check 75 == 73: MR9 failed
FAILURE: check -25 == -23: MR12 failed
------------------------------------------------------------
Failed Checks: 4
_________________________________________________________________ test_add_values_with_func[originalInput6] _________________________________________________________________

FAILURE: check 24 == 23: MR5 failed
mutants/tests/test_add_values.py:124 in test_add_values_with_func() -> applyMR_Assert(originalInput, originalResult)
mutants/tests/test_add_values.py:93 in applyMR_Assert() -> check.equal(originalResult * 2, transformResult5, "MR5 failed")

FAILURE: check 24 == 23: MR8 failed
FAILURE: check 36 == 34: MR9 failed
FAILURE: check -12 == -10: MR12 failed
------------------------------------------------------------
Failed Checks: 4
_________________________________________________________________ test_add_values_with_func[originalInput7] _________________________________________________________________

FAILURE: check 44 == 43: MR5 failed
mutants/tests/test_add_values.py:124 in test_add_values_with_func() -> applyMR_Assert(originalInput, originalResult)
mutants/tests/test_add_values.py:93 in applyMR_Assert() -> check.equal(originalResult * 2, transformResult5, "MR5 failed")

FAILURE: check 44 == 43: MR8 failed
FAILURE: check 66 == 64: MR9 failed
FAILURE: check -22 == -20: MR12 failed
------------------------------------------------------------
Failed Checks: 4
_________________________________________________________________ test_add_values_with_func[originalInput8] _________________________________________________________________

FAILURE: check 24 == 23: MR5 failed
mutants/tests/test_add_values.py:124 in test_add_values_with_func() -> applyMR_Assert(originalInput, originalResult)
mutants/tests/test_add_values.py:93 in applyMR_Assert() -> check.equal(originalResult * 2, transformResult5, "MR5 failed")

FAILURE: check 24 == 23: MR8 failed
FAILURE: check 36 == 34: MR9 failed
FAILURE: check -12 == -10: MR12 failed
------------------------------------------------------------
Failed Checks: 4
_________________________________________________________________ test_add_values_with_func[originalInput9] _________________________________________________________________

FAILURE: check 28 == 27: MR5 failed
mutants/tests/test_add_values.py:124 in test_add_values_with_func() -> applyMR_Assert(originalInput, originalResult)
mutants/tests/test_add_values.py:93 in applyMR_Assert() -> check.equal(originalResult * 2, transformResult5, "MR5 failed")

FAILURE: check 28 == 27: MR8 failed
FAILURE: check 42 == 40: MR9 failed
FAILURE: check -14 == -12: MR12 failed
------------------------------------------------------------
Failed Checks: 4
============================================================================= warnings summary ==============================================================================
../../anaconda3/envs/mutmut39/lib/python3.9/site-packages/_pytest/config/__init__.py:1474
  /home/rts/anaconda3/envs/mutmut39/lib/python3.9/site-packages/_pytest/config/__init__.py:1474: PytestConfigWarning: Unknown config option: pytest -vv --tb
  
    self._warn_or_fail_if_strict(f"Unknown config option: {key}\n")

-- Docs: https://docs.pytest.org/en/stable/how-to/capture-warnings.html
========================================================================== short test summary info ==========================================================================
FAILED mutants/tests/test_add_values.py::test_add_values_with_func[originalInput0] - check 44 == 43: MR5 failed
FAILED mutants/tests/test_add_values.py::test_add_values_with_func[originalInput1] - check 28 == 27: MR5 failed
FAILED mutants/tests/test_add_values.py::test_add_values_with_func[originalInput2] - check 30 == 29: MR5 failed
FAILED mutants/tests/test_add_values.py::test_add_values_with_func[originalInput3] - check 46 == 45: MR5 failed
FAILED mutants/tests/test_add_values.py::test_add_values_with_func[originalInput4] - check 8 == 7: MR5 failed
FAILED mutants/tests/test_add_values.py::test_add_values_with_func[originalInput5] - check 50 == 49: MR5 failed
FAILED mutants/tests/test_add_values.py::test_add_values_with_func[originalInput6] - check 24 == 23: MR5 failed
FAILED mutants/tests/test_add_values.py::test_add_values_with_func[originalInput7] - check 44 == 43: MR5 failed
FAILED mutants/tests/test_add_values.py::test_add_values_with_func[originalInput8] - check 24 == 23: MR5 failed
FAILED mutants/tests/test_add_values.py::test_add_values_with_func[originalInput9] - check 28 == 27: MR5 failed
10 failed, 1 warning in 0.01s
❌ x_add_values__mutmut_2 存在失败 (退出码 1)

================================================================================
RUNNING add_values.py :: x_add_values__mutmut_3  -  2025-10-11T21:52:31.003359
================================================================================

>>> 当前使用的函数: x_add_values__mutmut_3
函数源码如下：
def x_add_values__mutmut_3(data):
    sum = 0
    for i in data:
        sum = i
    return sum

FFFFFFFFFF
================================================================================= FAILURES ==================================================================================
_________________________________________________________________ test_add_values_with_func[originalInput0] _________________________________________________________________

FAILURE: check 24 == 12: MR2 failed
mutants/tests/test_add_values.py:124 in test_add_values_with_func() -> applyMR_Assert(originalInput, originalResult)
mutants/tests/test_add_values.py:89 in applyMR_Assert() -> check.equal(originalResult + len(originalInput) * 3, transformResult2, "MR2 failed")

FAILURE: check 9 == 0: MR3_1 failed
FAILURE: check 10 == 1: MR3_2 failed
FAILURE: check 9 == 1: MR6 failed
FAILURE: check 18 == 9: MR8 failed
------------------------------------------------------------
Failed Checks: 5
_________________________________________________________________ test_add_values_with_func[originalInput1] _________________________________________________________________

FAILURE: check 17 == 5: MR2 failed
mutants/tests/test_add_values.py:124 in test_add_values_with_func() -> applyMR_Assert(originalInput, originalResult)
mutants/tests/test_add_values.py:89 in applyMR_Assert() -> check.equal(originalResult + len(originalInput) * 3, transformResult2, "MR2 failed")

FAILURE: check 2 == 0: MR3_1 failed
FAILURE: check 3 == 1: MR3_2 failed
FAILURE: check 4 == 2: MR8 failed
FAILURE: check 6 == 12: MR9 failed
------------------------------------------------------------
Failed Checks: 5
_________________________________________________________________ test_add_values_with_func[originalInput2] _________________________________________________________________

FAILURE: check 17 == 5: MR2 failed
mutants/tests/test_add_values.py:124 in test_add_values_with_func() -> applyMR_Assert(originalInput, originalResult)
mutants/tests/test_add_values.py:89 in applyMR_Assert() -> check.equal(originalResult + len(originalInput) * 3, transformResult2, "MR2 failed")

FAILURE: check 2 == 0: MR3_1 failed
FAILURE: check 3 == 1: MR3_2 failed
FAILURE: check 2 == 4: MR6 failed
FAILURE: check 4 == 2: MR8 failed
FAILURE: check 6 == 18: MR9 failed
------------------------------------------------------------
Failed Checks: 6
_________________________________________________________________ test_add_values_with_func[originalInput3] _________________________________________________________________

FAILURE: check 20 == 5: MR2 failed
mutants/tests/test_add_values.py:124 in test_add_values_with_func() -> applyMR_Assert(originalInput, originalResult)
mutants/tests/test_add_values.py:89 in applyMR_Assert() -> check.equal(originalResult + len(originalInput) * 3, transformResult2, "MR2 failed")

FAILURE: check 2 == 0: MR3_1 failed
FAILURE: check 3 == 1: MR3_2 failed
FAILURE: check 2 == 9: MR6 failed
FAILURE: check 4 == 2: MR8 failed
FAILURE: check 6 == 27: MR9 failed
------------------------------------------------------------
Failed Checks: 6
_________________________________________________________________ test_add_values_with_func[originalInput4] _________________________________________________________________

FAILURE: check 12 == 0: MR2 failed
mutants/tests/test_add_values.py:124 in test_add_values_with_func() -> applyMR_Assert(originalInput, originalResult)
mutants/tests/test_add_values.py:89 in applyMR_Assert() -> check.equal(originalResult + len(originalInput) * 3, transformResult2, "MR2 failed")

FAILURE: check -3 == 0: MR3_1 failed
FAILURE: check -2 == 1: MR3_2 failed
FAILURE: check bool(False): MR4 failed
FAILURE: check -3 == -1: MR6 failed
FAILURE: check -6 == -3: MR8 failed
FAILURE: check -9 == 27: MR9 failed
------------------------------------------------------------
Failed Checks: 7
_________________________________________________________________ test_add_values_with_func[originalInput5] _________________________________________________________________

FAILURE: check 21 == 6: MR2 failed
mutants/tests/test_add_values.py:124 in test_add_values_with_func() -> applyMR_Assert(originalInput, originalResult)
mutants/tests/test_add_values.py:89 in applyMR_Assert() -> check.equal(originalResult + len(originalInput) * 3, transformResult2, "MR2 failed")

FAILURE: check 3 == 0: MR3_1 failed
FAILURE: check 4 == 1: MR3_2 failed
FAILURE: check 3 == 8: MR6 failed
FAILURE: check 6 == 3: MR8 failed
FAILURE: check 9 == 24: MR9 failed
------------------------------------------------------------
Failed Checks: 6
_________________________________________________________________ test_add_values_with_func[originalInput6] _________________________________________________________________

FAILURE: check 24 == 9: MR2 failed
mutants/tests/test_add_values.py:124 in test_add_values_with_func() -> applyMR_Assert(originalInput, originalResult)
mutants/tests/test_add_values.py:89 in applyMR_Assert() -> check.equal(originalResult + len(originalInput) * 3, transformResult2, "MR2 failed")

FAILURE: check 6 == 0: MR3_1 failed
FAILURE: check 7 == 1: MR3_2 failed
FAILURE: check 6 == 1: MR6 failed
FAILURE: check 12 == 6: MR8 failed
------------------------------------------------------------
Failed Checks: 5
_________________________________________________________________ test_add_values_with_func[originalInput7] _________________________________________________________________

FAILURE: check 23 == 8: MR2 failed
mutants/tests/test_add_values.py:124 in test_add_values_with_func() -> applyMR_Assert(originalInput, originalResult)
mutants/tests/test_add_values.py:89 in applyMR_Assert() -> check.equal(originalResult + len(originalInput) * 3, transformResult2, "MR2 failed")

FAILURE: check 5 == 0: MR3_1 failed
FAILURE: check 6 == 1: MR3_2 failed
FAILURE: check 5 == 1: MR6 failed
FAILURE: check 10 == 5: MR8 failed
FAILURE: check 15 == 21: MR9 failed
------------------------------------------------------------
Failed Checks: 6
_________________________________________________________________ test_add_values_with_func[originalInput8] _________________________________________________________________

FAILURE: check 20 == 5: MR2 failed
mutants/tests/test_add_values.py:124 in test_add_values_with_func() -> applyMR_Assert(originalInput, originalResult)
mutants/tests/test_add_values.py:89 in applyMR_Assert() -> check.equal(originalResult + len(originalInput) * 3, transformResult2, "MR2 failed")

FAILURE: check 2 == 0: MR3_1 failed
FAILURE: check 3 == 1: MR3_2 failed
FAILURE: check 2 == 1: MR6 failed
FAILURE: check 4 == 2: MR8 failed
FAILURE: check 6 == 12: MR9 failed
------------------------------------------------------------
Failed Checks: 6
_________________________________________________________________ test_add_values_with_func[originalInput9] _________________________________________________________________

FAILURE: check 22 == 10: MR2 failed
mutants/tests/test_add_values.py:124 in test_add_values_with_func() -> applyMR_Assert(originalInput, originalResult)
mutants/tests/test_add_values.py:89 in applyMR_Assert() -> check.equal(originalResult + len(originalInput) * 3, transformResult2, "MR2 failed")

FAILURE: check 7 == 0: MR3_1 failed
FAILURE: check 8 == 1: MR3_2 failed
FAILURE: check 7 == -2: MR6 failed
FAILURE: check 14 == 7: MR8 failed
------------------------------------------------------------
Failed Checks: 5
============================================================================= warnings summary ==============================================================================
../../anaconda3/envs/mutmut39/lib/python3.9/site-packages/_pytest/config/__init__.py:1474
  /home/rts/anaconda3/envs/mutmut39/lib/python3.9/site-packages/_pytest/config/__init__.py:1474: PytestConfigWarning: Unknown config option: pytest -vv --tb
  
    self._warn_or_fail_if_strict(f"Unknown config option: {key}\n")

-- Docs: https://docs.pytest.org/en/stable/how-to/capture-warnings.html
========================================================================== short test summary info ==========================================================================
FAILED mutants/tests/test_add_values.py::test_add_values_with_func[originalInput0] - check 24 == 12: MR2 failed
FAILED mutants/tests/test_add_values.py::test_add_values_with_func[originalInput1] - check 17 == 5: MR2 failed
FAILED mutants/tests/test_add_values.py::test_add_values_with_func[originalInput2] - check 17 == 5: MR2 failed
FAILED mutants/tests/test_add_values.py::test_add_values_with_func[originalInput3] - check 20 == 5: MR2 failed
FAILED mutants/tests/test_add_values.py::test_add_values_with_func[originalInput4] - check 12 == 0: MR2 failed
FAILED mutants/tests/test_add_values.py::test_add_values_with_func[originalInput5] - check 21 == 6: MR2 failed
FAILED mutants/tests/test_add_values.py::test_add_values_with_func[originalInput6] - check 24 == 9: MR2 failed
FAILED mutants/tests/test_add_values.py::test_add_values_with_func[originalInput7] - check 23 == 8: MR2 failed
FAILED mutants/tests/test_add_values.py::test_add_values_with_func[originalInput8] - check 20 == 5: MR2 failed
FAILED mutants/tests/test_add_values.py::test_add_values_with_func[originalInput9] - check 22 == 10: MR2 failed
10 failed, 1 warning in 0.01s
❌ x_add_values__mutmut_3 存在失败 (退出码 1)

================================================================================
RUNNING add_values.py :: x_add_values__mutmut_4  -  2025-10-11T21:52:31.069537
================================================================================

>>> 当前使用的函数: x_add_values__mutmut_4
函数源码如下：
def x_add_values__mutmut_4(data):
    sum = 0
    for i in data:
        sum -= i
    return sum

FFFFFFFFFF
================================================================================= FAILURES ==================================================================================
_________________________________________________________________ test_add_values_with_func[originalInput0] _________________________________________________________________

FAILURE: check -6 == -36: MR2 failed
mutants/tests/test_add_values.py:124 in test_add_values_with_func() -> applyMR_Assert(originalInput, originalResult)
mutants/tests/test_add_values.py:89 in applyMR_Assert() -> check.equal(originalResult + len(originalInput) * 3, transformResult2, "MR2 failed")

FAILURE: check -20 == -22: MR3_2 failed
FAILURE: check bool(False): MR4 failed
FAILURE: check bool(False): MR10 failed
FAILURE: check bool(False): MR11 failed
FAILURE: check bool(False): MR14 failed
------------------------------------------------------------
Failed Checks: 6
_________________________________________________________________ test_add_values_with_func[originalInput1] _________________________________________________________________

FAILURE: check 2 == -28: MR2 failed
mutants/tests/test_add_values.py:124 in test_add_values_with_func() -> applyMR_Assert(originalInput, originalResult)
mutants/tests/test_add_values.py:89 in applyMR_Assert() -> check.equal(originalResult + len(originalInput) * 3, transformResult2, "MR2 failed")

FAILURE: check -12 == -14: MR3_2 failed
FAILURE: check bool(False): MR4 failed
FAILURE: check bool(False): MR10 failed
FAILURE: check bool(False): MR11 failed
FAILURE: check bool(False): MR14 failed
------------------------------------------------------------
Failed Checks: 6
_________________________________________________________________ test_add_values_with_func[originalInput2] _________________________________________________________________

FAILURE: check 1 == -29: MR2 failed
mutants/tests/test_add_values.py:124 in test_add_values_with_func() -> applyMR_Assert(originalInput, originalResult)
mutants/tests/test_add_values.py:89 in applyMR_Assert() -> check.equal(originalResult + len(originalInput) * 3, transformResult2, "MR2 failed")

FAILURE: check -13 == -15: MR3_2 failed
FAILURE: check bool(False): MR4 failed
FAILURE: check bool(False): MR10 failed
FAILURE: check bool(False): MR11 failed
FAILURE: check bool(False): MR13 failed
FAILURE: check bool(False): MR14 failed
------------------------------------------------------------
Failed Checks: 7
_________________________________________________________________ test_add_values_with_func[originalInput3] _________________________________________________________________

FAILURE: check -4 == -40: MR2 failed
mutants/tests/test_add_values.py:124 in test_add_values_with_func() -> applyMR_Assert(originalInput, originalResult)
mutants/tests/test_add_values.py:89 in applyMR_Assert() -> check.equal(originalResult + len(originalInput) * 3, transformResult2, "MR2 failed")

FAILURE: check -21 == -23: MR3_2 failed
FAILURE: check bool(False): MR4 failed
FAILURE: check bool(False): MR10 failed
FAILURE: check bool(False): MR11 failed
FAILURE: check bool(False): MR14 failed
------------------------------------------------------------
Failed Checks: 6
_________________________________________________________________ test_add_values_with_func[originalInput4] _________________________________________________________________

FAILURE: check 12 == -18: MR2 failed
mutants/tests/test_add_values.py:124 in test_add_values_with_func() -> applyMR_Assert(originalInput, originalResult)
mutants/tests/test_add_values.py:89 in applyMR_Assert() -> check.equal(originalResult + len(originalInput) * 3, transformResult2, "MR2 failed")

FAILURE: check -2 == -4: MR3_2 failed
FAILURE: check bool(False): MR4 failed
FAILURE: check bool(False): MR10 failed
FAILURE: check bool(False): MR11 failed
FAILURE: check bool(False): MR13 failed
FAILURE: check bool(False): MR14 failed
------------------------------------------------------------
Failed Checks: 7
_________________________________________________________________ test_add_values_with_func[originalInput5] _________________________________________________________________

FAILURE: check -6 == -42: MR2 failed
mutants/tests/test_add_values.py:124 in test_add_values_with_func() -> applyMR_Assert(originalInput, originalResult)
mutants/tests/test_add_values.py:89 in applyMR_Assert() -> check.equal(originalResult + len(originalInput) * 3, transformResult2, "MR2 failed")

FAILURE: check -23 == -25: MR3_2 failed
FAILURE: check bool(False): MR4 failed
FAILURE: check bool(False): MR10 failed
FAILURE: check bool(False): MR11 failed
FAILURE: check bool(False): MR14 failed
------------------------------------------------------------
Failed Checks: 6
_________________________________________________________________ test_add_values_with_func[originalInput6] _________________________________________________________________

FAILURE: check 7 == -29: MR2 failed
mutants/tests/test_add_values.py:124 in test_add_values_with_func() -> applyMR_Assert(originalInput, originalResult)
mutants/tests/test_add_values.py:89 in applyMR_Assert() -> check.equal(originalResult + len(originalInput) * 3, transformResult2, "MR2 failed")

FAILURE: check -10 == -12: MR3_2 failed
FAILURE: check bool(False): MR4 failed
FAILURE: check bool(False): MR10 failed
FAILURE: check bool(False): MR11 failed
FAILURE: check bool(False): MR13 failed
FAILURE: check bool(False): MR14 failed
------------------------------------------------------------
Failed Checks: 7
_________________________________________________________________ test_add_values_with_func[originalInput7] _________________________________________________________________

FAILURE: check -3 == -39: MR2 failed
mutants/tests/test_add_values.py:124 in test_add_values_with_func() -> applyMR_Assert(originalInput, originalResult)
mutants/tests/test_add_values.py:89 in applyMR_Assert() -> check.equal(originalResult + len(originalInput) * 3, transformResult2, "MR2 failed")

FAILURE: check -20 == -22: MR3_2 failed
FAILURE: check bool(False): MR4 failed
FAILURE: check bool(False): MR10 failed
FAILURE: check bool(False): MR11 failed
FAILURE: check bool(False): MR14 failed
------------------------------------------------------------
Failed Checks: 6
_________________________________________________________________ test_add_values_with_func[originalInput8] _________________________________________________________________

FAILURE: check 7 == -29: MR2 failed
mutants/tests/test_add_values.py:124 in test_add_values_with_func() -> applyMR_Assert(originalInput, originalResult)
mutants/tests/test_add_values.py:89 in applyMR_Assert() -> check.equal(originalResult + len(originalInput) * 3, transformResult2, "MR2 failed")

FAILURE: check -10 == -12: MR3_2 failed
FAILURE: check bool(False): MR4 failed
FAILURE: check bool(False): MR10 failed
FAILURE: check bool(False): MR11 failed
FAILURE: check bool(False): MR14 failed
------------------------------------------------------------
Failed Checks: 6
_________________________________________________________________ test_add_values_with_func[originalInput9] _________________________________________________________________

FAILURE: check 2 == -28: MR2 failed
mutants/tests/test_add_values.py:124 in test_add_values_with_func() -> applyMR_Assert(originalInput, originalResult)
mutants/tests/test_add_values.py:89 in applyMR_Assert() -> check.equal(originalResult + len(originalInput) * 3, transformResult2, "MR2 failed")

FAILURE: check -12 == -14: MR3_2 failed
FAILURE: check bool(False): MR4 failed
FAILURE: check bool(False): MR10 failed
FAILURE: check bool(False): MR11 failed
FAILURE: check bool(False): MR13 failed
FAILURE: check bool(False): MR14 failed
------------------------------------------------------------
Failed Checks: 7
============================================================================= warnings summary ==============================================================================
../../anaconda3/envs/mutmut39/lib/python3.9/site-packages/_pytest/config/__init__.py:1474
  /home/rts/anaconda3/envs/mutmut39/lib/python3.9/site-packages/_pytest/config/__init__.py:1474: PytestConfigWarning: Unknown config option: pytest -vv --tb
  
    self._warn_or_fail_if_strict(f"Unknown config option: {key}\n")

-- Docs: https://docs.pytest.org/en/stable/how-to/capture-warnings.html
========================================================================== short test summary info ==========================================================================
FAILED mutants/tests/test_add_values.py::test_add_values_with_func[originalInput0] - check -6 == -36: MR2 failed
FAILED mutants/tests/test_add_values.py::test_add_values_with_func[originalInput1] - check 2 == -28: MR2 failed
FAILED mutants/tests/test_add_values.py::test_add_values_with_func[originalInput2] - check 1 == -29: MR2 failed
FAILED mutants/tests/test_add_values.py::test_add_values_with_func[originalInput3] - check -4 == -40: MR2 failed
FAILED mutants/tests/test_add_values.py::test_add_values_with_func[originalInput4] - check 12 == -18: MR2 failed
FAILED mutants/tests/test_add_values.py::test_add_values_with_func[originalInput5] - check -6 == -42: MR2 failed
FAILED mutants/tests/test_add_values.py::test_add_values_with_func[originalInput6] - check 7 == -29: MR2 failed
FAILED mutants/tests/test_add_values.py::test_add_values_with_func[originalInput7] - check -3 == -39: MR2 failed
FAILED mutants/tests/test_add_values.py::test_add_values_with_func[originalInput8] - check 7 == -29: MR2 failed
FAILED mutants/tests/test_add_values.py::test_add_values_with_func[originalInput9] - check 2 == -28: MR2 failed
10 failed, 1 warning in 0.01s
❌ x_add_values__mutmut_4 存在失败 (退出码 1)

================================================================================
RUNNING add_values.py :: x_add_values__mutmut_orig  -  2025-10-11T21:52:31.133320
================================================================================

>>> 当前使用的函数: x_add_values__mutmut_orig
函数源码如下：
def x_add_values__mutmut_orig(data):
    sum = 0
    for i in data:
        sum += i
    return sum

..........
============================================================================= warnings summary ==============================================================================
../../anaconda3/envs/mutmut39/lib/python3.9/site-packages/_pytest/config/__init__.py:1474
  /home/rts/anaconda3/envs/mutmut39/lib/python3.9/site-packages/_pytest/config/__init__.py:1474: PytestConfigWarning: Unknown config option: pytest -vv --tb
  
    self._warn_or_fail_if_strict(f"Unknown config option: {key}\n")

-- Docs: https://docs.pytest.org/en/stable/how-to/capture-warnings.html
10 passed, 1 warning in 0.01s
✅ x_add_values__mutmut_orig 所有测试通过
