
=== Running tests for single mutant file: array_calc.py ===

================================================================================
RUNNING array_calc.py :: x_array_calc__mutmut_1  -  2025-10-11T22:14:55.849102
================================================================================

>>> 当前使用的函数: x_array_calc__mutmut_1
函数源码如下：
def x_array_calc__mutmut_1(a, k):
    b = None
    for i in range(0, len(a)):
        b.append(a[i]/k)
    return b

test_array_calc 执行了
FFFFFFFFFF
================================================================================= FAILURES ==================================================================================
________________________________________________________________ test_array_calc_with_func[originalInput0-2] ________________________________________________________________
mutants/tests/array_calcTest.py:159: in test_array_calc_with_func
    originalResult = func(originalInput, k)
mutants/src/array_calc.py:41: in x_array_calc__mutmut_1
    b.append(a[i]/k)
E   AttributeError: 'NoneType' object has no attribute 'append'
________________________________________________________________ test_array_calc_with_func[originalInput1-2] ________________________________________________________________
mutants/tests/array_calcTest.py:159: in test_array_calc_with_func
    originalResult = func(originalInput, k)
mutants/src/array_calc.py:41: in x_array_calc__mutmut_1
    b.append(a[i]/k)
E   AttributeError: 'NoneType' object has no attribute 'append'
________________________________________________________________ test_array_calc_with_func[originalInput2-2] ________________________________________________________________
mutants/tests/array_calcTest.py:159: in test_array_calc_with_func
    originalResult = func(originalInput, k)
mutants/src/array_calc.py:41: in x_array_calc__mutmut_1
    b.append(a[i]/k)
E   AttributeError: 'NoneType' object has no attribute 'append'
________________________________________________________________ test_array_calc_with_func[originalInput3-2] ________________________________________________________________
mutants/tests/array_calcTest.py:159: in test_array_calc_with_func
    originalResult = func(originalInput, k)
mutants/src/array_calc.py:41: in x_array_calc__mutmut_1
    b.append(a[i]/k)
E   AttributeError: 'NoneType' object has no attribute 'append'
________________________________________________________________ test_array_calc_with_func[originalInput4-1] ________________________________________________________________
mutants/tests/array_calcTest.py:159: in test_array_calc_with_func
    originalResult = func(originalInput, k)
mutants/src/array_calc.py:41: in x_array_calc__mutmut_1
    b.append(a[i]/k)
E   AttributeError: 'NoneType' object has no attribute 'append'
________________________________________________________________ test_array_calc_with_func[originalInput5-3] ________________________________________________________________
mutants/tests/array_calcTest.py:159: in test_array_calc_with_func
    originalResult = func(originalInput, k)
mutants/src/array_calc.py:41: in x_array_calc__mutmut_1
    b.append(a[i]/k)
E   AttributeError: 'NoneType' object has no attribute 'append'
________________________________________________________________ test_array_calc_with_func[originalInput6-4] ________________________________________________________________
mutants/tests/array_calcTest.py:159: in test_array_calc_with_func
    originalResult = func(originalInput, k)
mutants/src/array_calc.py:41: in x_array_calc__mutmut_1
    b.append(a[i]/k)
E   AttributeError: 'NoneType' object has no attribute 'append'
________________________________________________________________ test_array_calc_with_func[originalInput7-2] ________________________________________________________________
mutants/tests/array_calcTest.py:159: in test_array_calc_with_func
    originalResult = func(originalInput, k)
mutants/src/array_calc.py:41: in x_array_calc__mutmut_1
    b.append(a[i]/k)
E   AttributeError: 'NoneType' object has no attribute 'append'
________________________________________________________________ test_array_calc_with_func[originalInput8-2] ________________________________________________________________
mutants/tests/array_calcTest.py:159: in test_array_calc_with_func
    originalResult = func(originalInput, k)
mutants/src/array_calc.py:41: in x_array_calc__mutmut_1
    b.append(a[i]/k)
E   AttributeError: 'NoneType' object has no attribute 'append'
________________________________________________________________ test_array_calc_with_func[originalInput9-2] ________________________________________________________________
mutants/tests/array_calcTest.py:159: in test_array_calc_with_func
    originalResult = func(originalInput, k)
mutants/src/array_calc.py:41: in x_array_calc__mutmut_1
    b.append(a[i]/k)
E   AttributeError: 'NoneType' object has no attribute 'append'
============================================================================= warnings summary ==============================================================================
../../anaconda3/envs/mutmut39/lib/python3.9/site-packages/_pytest/config/__init__.py:1474
  /home/rts/anaconda3/envs/mutmut39/lib/python3.9/site-packages/_pytest/config/__init__.py:1474: PytestConfigWarning: Unknown config option: pytest -vv --tb
  
    self._warn_or_fail_if_strict(f"Unknown config option: {key}\n")

-- Docs: https://docs.pytest.org/en/stable/how-to/capture-warnings.html
========================================================================== short test summary info ==========================================================================
FAILED mutants/tests/array_calcTest.py::test_array_calc_with_func[originalInput0-2] - AttributeError: 'NoneType' object has no attribute 'append'
FAILED mutants/tests/array_calcTest.py::test_array_calc_with_func[originalInput1-2] - AttributeError: 'NoneType' object has no attribute 'append'
FAILED mutants/tests/array_calcTest.py::test_array_calc_with_func[originalInput2-2] - AttributeError: 'NoneType' object has no attribute 'append'
FAILED mutants/tests/array_calcTest.py::test_array_calc_with_func[originalInput3-2] - AttributeError: 'NoneType' object has no attribute 'append'
FAILED mutants/tests/array_calcTest.py::test_array_calc_with_func[originalInput4-1] - AttributeError: 'NoneType' object has no attribute 'append'
FAILED mutants/tests/array_calcTest.py::test_array_calc_with_func[originalInput5-3] - AttributeError: 'NoneType' object has no attribute 'append'
FAILED mutants/tests/array_calcTest.py::test_array_calc_with_func[originalInput6-4] - AttributeError: 'NoneType' object has no attribute 'append'
FAILED mutants/tests/array_calcTest.py::test_array_calc_with_func[originalInput7-2] - AttributeError: 'NoneType' object has no attribute 'append'
FAILED mutants/tests/array_calcTest.py::test_array_calc_with_func[originalInput8-2] - AttributeError: 'NoneType' object has no attribute 'append'
FAILED mutants/tests/array_calcTest.py::test_array_calc_with_func[originalInput9-2] - AttributeError: 'NoneType' object has no attribute 'append'
10 failed, 1 warning in 0.06s
❌ x_array_calc__mutmut_1 存在失败 (退出码 1)

================================================================================
RUNNING array_calc.py :: x_array_calc__mutmut_2  -  2025-10-11T22:14:55.984076
================================================================================

>>> 当前使用的函数: x_array_calc__mutmut_2
函数源码如下：
def x_array_calc__mutmut_2(a, k):
    b = []
    for i in range(None, len(a)):
        b.append(a[i]/k)
    return b

FFFFFFFFFF
================================================================================= FAILURES ==================================================================================
________________________________________________________________ test_array_calc_with_func[originalInput0-2] ________________________________________________________________
mutants/tests/array_calcTest.py:159: in test_array_calc_with_func
    originalResult = func(originalInput, k)
mutants/src/array_calc.py:45: in x_array_calc__mutmut_2
    for i in range(None, len(a)):
E   TypeError: 'NoneType' object cannot be interpreted as an integer
________________________________________________________________ test_array_calc_with_func[originalInput1-2] ________________________________________________________________
mutants/tests/array_calcTest.py:159: in test_array_calc_with_func
    originalResult = func(originalInput, k)
mutants/src/array_calc.py:45: in x_array_calc__mutmut_2
    for i in range(None, len(a)):
E   TypeError: 'NoneType' object cannot be interpreted as an integer
________________________________________________________________ test_array_calc_with_func[originalInput2-2] ________________________________________________________________
mutants/tests/array_calcTest.py:159: in test_array_calc_with_func
    originalResult = func(originalInput, k)
mutants/src/array_calc.py:45: in x_array_calc__mutmut_2
    for i in range(None, len(a)):
E   TypeError: 'NoneType' object cannot be interpreted as an integer
________________________________________________________________ test_array_calc_with_func[originalInput3-2] ________________________________________________________________
mutants/tests/array_calcTest.py:159: in test_array_calc_with_func
    originalResult = func(originalInput, k)
mutants/src/array_calc.py:45: in x_array_calc__mutmut_2
    for i in range(None, len(a)):
E   TypeError: 'NoneType' object cannot be interpreted as an integer
________________________________________________________________ test_array_calc_with_func[originalInput4-1] ________________________________________________________________
mutants/tests/array_calcTest.py:159: in test_array_calc_with_func
    originalResult = func(originalInput, k)
mutants/src/array_calc.py:45: in x_array_calc__mutmut_2
    for i in range(None, len(a)):
E   TypeError: 'NoneType' object cannot be interpreted as an integer
________________________________________________________________ test_array_calc_with_func[originalInput5-3] ________________________________________________________________
mutants/tests/array_calcTest.py:159: in test_array_calc_with_func
    originalResult = func(originalInput, k)
mutants/src/array_calc.py:45: in x_array_calc__mutmut_2
    for i in range(None, len(a)):
E   TypeError: 'NoneType' object cannot be interpreted as an integer
________________________________________________________________ test_array_calc_with_func[originalInput6-4] ________________________________________________________________
mutants/tests/array_calcTest.py:159: in test_array_calc_with_func
    originalResult = func(originalInput, k)
mutants/src/array_calc.py:45: in x_array_calc__mutmut_2
    for i in range(None, len(a)):
E   TypeError: 'NoneType' object cannot be interpreted as an integer
________________________________________________________________ test_array_calc_with_func[originalInput7-2] ________________________________________________________________
mutants/tests/array_calcTest.py:159: in test_array_calc_with_func
    originalResult = func(originalInput, k)
mutants/src/array_calc.py:45: in x_array_calc__mutmut_2
    for i in range(None, len(a)):
E   TypeError: 'NoneType' object cannot be interpreted as an integer
________________________________________________________________ test_array_calc_with_func[originalInput8-2] ________________________________________________________________
mutants/tests/array_calcTest.py:159: in test_array_calc_with_func
    originalResult = func(originalInput, k)
mutants/src/array_calc.py:45: in x_array_calc__mutmut_2
    for i in range(None, len(a)):
E   TypeError: 'NoneType' object cannot be interpreted as an integer
________________________________________________________________ test_array_calc_with_func[originalInput9-2] ________________________________________________________________
mutants/tests/array_calcTest.py:159: in test_array_calc_with_func
    originalResult = func(originalInput, k)
mutants/src/array_calc.py:45: in x_array_calc__mutmut_2
    for i in range(None, len(a)):
E   TypeError: 'NoneType' object cannot be interpreted as an integer
============================================================================= warnings summary ==============================================================================
../../anaconda3/envs/mutmut39/lib/python3.9/site-packages/_pytest/config/__init__.py:1474
  /home/rts/anaconda3/envs/mutmut39/lib/python3.9/site-packages/_pytest/config/__init__.py:1474: PytestConfigWarning: Unknown config option: pytest -vv --tb
  
    self._warn_or_fail_if_strict(f"Unknown config option: {key}\n")

-- Docs: https://docs.pytest.org/en/stable/how-to/capture-warnings.html
========================================================================== short test summary info ==========================================================================
FAILED mutants/tests/array_calcTest.py::test_array_calc_with_func[originalInput0-2] - TypeError: 'NoneType' object cannot be interpreted as an integer
FAILED mutants/tests/array_calcTest.py::test_array_calc_with_func[originalInput1-2] - TypeError: 'NoneType' object cannot be interpreted as an integer
FAILED mutants/tests/array_calcTest.py::test_array_calc_with_func[originalInput2-2] - TypeError: 'NoneType' object cannot be interpreted as an integer
FAILED mutants/tests/array_calcTest.py::test_array_calc_with_func[originalInput3-2] - TypeError: 'NoneType' object cannot be interpreted as an integer
FAILED mutants/tests/array_calcTest.py::test_array_calc_with_func[originalInput4-1] - TypeError: 'NoneType' object cannot be interpreted as an integer
FAILED mutants/tests/array_calcTest.py::test_array_calc_with_func[originalInput5-3] - TypeError: 'NoneType' object cannot be interpreted as an integer
FAILED mutants/tests/array_calcTest.py::test_array_calc_with_func[originalInput6-4] - TypeError: 'NoneType' object cannot be interpreted as an integer
FAILED mutants/tests/array_calcTest.py::test_array_calc_with_func[originalInput7-2] - TypeError: 'NoneType' object cannot be interpreted as an integer
FAILED mutants/tests/array_calcTest.py::test_array_calc_with_func[originalInput8-2] - TypeError: 'NoneType' object cannot be interpreted as an integer
FAILED mutants/tests/array_calcTest.py::test_array_calc_with_func[originalInput9-2] - TypeError: 'NoneType' object cannot be interpreted as an integer
10 failed, 1 warning in 0.03s
❌ x_array_calc__mutmut_2 存在失败 (退出码 1)

================================================================================
RUNNING array_calc.py :: x_array_calc__mutmut_3  -  2025-10-11T22:14:56.056004
================================================================================

>>> 当前使用的函数: x_array_calc__mutmut_3
函数源码如下：
def x_array_calc__mutmut_3(a, k):
    b = []
    for i in range(0, None):
        b.append(a[i]/k)
    return b

FFFFFFFFFF
================================================================================= FAILURES ==================================================================================
________________________________________________________________ test_array_calc_with_func[originalInput0-2] ________________________________________________________________
mutants/tests/array_calcTest.py:159: in test_array_calc_with_func
    originalResult = func(originalInput, k)
mutants/src/array_calc.py:50: in x_array_calc__mutmut_3
    for i in range(0, None):
E   TypeError: 'NoneType' object cannot be interpreted as an integer
________________________________________________________________ test_array_calc_with_func[originalInput1-2] ________________________________________________________________
mutants/tests/array_calcTest.py:159: in test_array_calc_with_func
    originalResult = func(originalInput, k)
mutants/src/array_calc.py:50: in x_array_calc__mutmut_3
    for i in range(0, None):
E   TypeError: 'NoneType' object cannot be interpreted as an integer
________________________________________________________________ test_array_calc_with_func[originalInput2-2] ________________________________________________________________
mutants/tests/array_calcTest.py:159: in test_array_calc_with_func
    originalResult = func(originalInput, k)
mutants/src/array_calc.py:50: in x_array_calc__mutmut_3
    for i in range(0, None):
E   TypeError: 'NoneType' object cannot be interpreted as an integer
________________________________________________________________ test_array_calc_with_func[originalInput3-2] ________________________________________________________________
mutants/tests/array_calcTest.py:159: in test_array_calc_with_func
    originalResult = func(originalInput, k)
mutants/src/array_calc.py:50: in x_array_calc__mutmut_3
    for i in range(0, None):
E   TypeError: 'NoneType' object cannot be interpreted as an integer
________________________________________________________________ test_array_calc_with_func[originalInput4-1] ________________________________________________________________
mutants/tests/array_calcTest.py:159: in test_array_calc_with_func
    originalResult = func(originalInput, k)
mutants/src/array_calc.py:50: in x_array_calc__mutmut_3
    for i in range(0, None):
E   TypeError: 'NoneType' object cannot be interpreted as an integer
________________________________________________________________ test_array_calc_with_func[originalInput5-3] ________________________________________________________________
mutants/tests/array_calcTest.py:159: in test_array_calc_with_func
    originalResult = func(originalInput, k)
mutants/src/array_calc.py:50: in x_array_calc__mutmut_3
    for i in range(0, None):
E   TypeError: 'NoneType' object cannot be interpreted as an integer
________________________________________________________________ test_array_calc_with_func[originalInput6-4] ________________________________________________________________
mutants/tests/array_calcTest.py:159: in test_array_calc_with_func
    originalResult = func(originalInput, k)
mutants/src/array_calc.py:50: in x_array_calc__mutmut_3
    for i in range(0, None):
E   TypeError: 'NoneType' object cannot be interpreted as an integer
________________________________________________________________ test_array_calc_with_func[originalInput7-2] ________________________________________________________________
mutants/tests/array_calcTest.py:159: in test_array_calc_with_func
    originalResult = func(originalInput, k)
mutants/src/array_calc.py:50: in x_array_calc__mutmut_3
    for i in range(0, None):
E   TypeError: 'NoneType' object cannot be interpreted as an integer
________________________________________________________________ test_array_calc_with_func[originalInput8-2] ________________________________________________________________
mutants/tests/array_calcTest.py:159: in test_array_calc_with_func
    originalResult = func(originalInput, k)
mutants/src/array_calc.py:50: in x_array_calc__mutmut_3
    for i in range(0, None):
E   TypeError: 'NoneType' object cannot be interpreted as an integer
________________________________________________________________ test_array_calc_with_func[originalInput9-2] ________________________________________________________________
mutants/tests/array_calcTest.py:159: in test_array_calc_with_func
    originalResult = func(originalInput, k)
mutants/src/array_calc.py:50: in x_array_calc__mutmut_3
    for i in range(0, None):
E   TypeError: 'NoneType' object cannot be interpreted as an integer
============================================================================= warnings summary ==============================================================================
../../anaconda3/envs/mutmut39/lib/python3.9/site-packages/_pytest/config/__init__.py:1474
  /home/rts/anaconda3/envs/mutmut39/lib/python3.9/site-packages/_pytest/config/__init__.py:1474: PytestConfigWarning: Unknown config option: pytest -vv --tb
  
    self._warn_or_fail_if_strict(f"Unknown config option: {key}\n")

-- Docs: https://docs.pytest.org/en/stable/how-to/capture-warnings.html
========================================================================== short test summary info ==========================================================================
FAILED mutants/tests/array_calcTest.py::test_array_calc_with_func[originalInput0-2] - TypeError: 'NoneType' object cannot be interpreted as an integer
FAILED mutants/tests/array_calcTest.py::test_array_calc_with_func[originalInput1-2] - TypeError: 'NoneType' object cannot be interpreted as an integer
FAILED mutants/tests/array_calcTest.py::test_array_calc_with_func[originalInput2-2] - TypeError: 'NoneType' object cannot be interpreted as an integer
FAILED mutants/tests/array_calcTest.py::test_array_calc_with_func[originalInput3-2] - TypeError: 'NoneType' object cannot be interpreted as an integer
FAILED mutants/tests/array_calcTest.py::test_array_calc_with_func[originalInput4-1] - TypeError: 'NoneType' object cannot be interpreted as an integer
FAILED mutants/tests/array_calcTest.py::test_array_calc_with_func[originalInput5-3] - TypeError: 'NoneType' object cannot be interpreted as an integer
FAILED mutants/tests/array_calcTest.py::test_array_calc_with_func[originalInput6-4] - TypeError: 'NoneType' object cannot be interpreted as an integer
FAILED mutants/tests/array_calcTest.py::test_array_calc_with_func[originalInput7-2] - TypeError: 'NoneType' object cannot be interpreted as an integer
FAILED mutants/tests/array_calcTest.py::test_array_calc_with_func[originalInput8-2] - TypeError: 'NoneType' object cannot be interpreted as an integer
FAILED mutants/tests/array_calcTest.py::test_array_calc_with_func[originalInput9-2] - TypeError: 'NoneType' object cannot be interpreted as an integer
10 failed, 1 warning in 0.03s
❌ x_array_calc__mutmut_3 存在失败 (退出码 1)

================================================================================
RUNNING array_calc.py :: x_array_calc__mutmut_4  -  2025-10-11T22:14:56.126859
================================================================================

>>> 当前使用的函数: x_array_calc__mutmut_4
函数源码如下：
def x_array_calc__mutmut_4(a, k):
    b = []
    for i in range(len(a)):
        b.append(a[i]/k)
    return b

..........
============================================================================= warnings summary ==============================================================================
../../anaconda3/envs/mutmut39/lib/python3.9/site-packages/_pytest/config/__init__.py:1474
  /home/rts/anaconda3/envs/mutmut39/lib/python3.9/site-packages/_pytest/config/__init__.py:1474: PytestConfigWarning: Unknown config option: pytest -vv --tb
  
    self._warn_or_fail_if_strict(f"Unknown config option: {key}\n")

-- Docs: https://docs.pytest.org/en/stable/how-to/capture-warnings.html
10 passed, 1 warning in 0.01s
✅ x_array_calc__mutmut_4 所有测试通过

================================================================================
RUNNING array_calc.py :: x_array_calc__mutmut_5  -  2025-10-11T22:14:56.174109
================================================================================

>>> 当前使用的函数: x_array_calc__mutmut_5
函数源码如下：
def x_array_calc__mutmut_5(a, k):
    b = []
    for i in range(0, ):
        b.append(a[i]/k)
    return b

..........
============================================================================= warnings summary ==============================================================================
../../anaconda3/envs/mutmut39/lib/python3.9/site-packages/_pytest/config/__init__.py:1474
  /home/rts/anaconda3/envs/mutmut39/lib/python3.9/site-packages/_pytest/config/__init__.py:1474: PytestConfigWarning: Unknown config option: pytest -vv --tb
  
    self._warn_or_fail_if_strict(f"Unknown config option: {key}\n")

-- Docs: https://docs.pytest.org/en/stable/how-to/capture-warnings.html
10 passed, 1 warning in 0.01s
✅ x_array_calc__mutmut_5 所有测试通过

================================================================================
RUNNING array_calc.py :: x_array_calc__mutmut_6  -  2025-10-11T22:14:56.221791
================================================================================

>>> 当前使用的函数: x_array_calc__mutmut_6
函数源码如下：
def x_array_calc__mutmut_6(a, k):
    b = []
    for i in range(1, len(a)):
        b.append(a[i]/k)
    return b

..........
============================================================================= warnings summary ==============================================================================
../../anaconda3/envs/mutmut39/lib/python3.9/site-packages/_pytest/config/__init__.py:1474
  /home/rts/anaconda3/envs/mutmut39/lib/python3.9/site-packages/_pytest/config/__init__.py:1474: PytestConfigWarning: Unknown config option: pytest -vv --tb
  
    self._warn_or_fail_if_strict(f"Unknown config option: {key}\n")

-- Docs: https://docs.pytest.org/en/stable/how-to/capture-warnings.html
10 passed, 1 warning in 0.01s
✅ x_array_calc__mutmut_6 所有测试通过

================================================================================
RUNNING array_calc.py :: x_array_calc__mutmut_7  -  2025-10-11T22:14:56.267849
================================================================================

>>> 当前使用的函数: x_array_calc__mutmut_7
函数源码如下：
def x_array_calc__mutmut_7(a, k):
    b = []
    for i in range(0, len(a)):
        b.append(None)
    return b

..........
============================================================================= warnings summary ==============================================================================
../../anaconda3/envs/mutmut39/lib/python3.9/site-packages/_pytest/config/__init__.py:1474
  /home/rts/anaconda3/envs/mutmut39/lib/python3.9/site-packages/_pytest/config/__init__.py:1474: PytestConfigWarning: Unknown config option: pytest -vv --tb
  
    self._warn_or_fail_if_strict(f"Unknown config option: {key}\n")

-- Docs: https://docs.pytest.org/en/stable/how-to/capture-warnings.html
10 passed, 1 warning in 0.01s
✅ x_array_calc__mutmut_7 所有测试通过

================================================================================
RUNNING array_calc.py :: x_array_calc__mutmut_8  -  2025-10-11T22:14:56.313828
================================================================================

>>> 当前使用的函数: x_array_calc__mutmut_8
函数源码如下：
def x_array_calc__mutmut_8(a, k):
    b = []
    for i in range(0, len(a)):
        b.append(a[i] * k)
    return b

..........
============================================================================= warnings summary ==============================================================================
../../anaconda3/envs/mutmut39/lib/python3.9/site-packages/_pytest/config/__init__.py:1474
  /home/rts/anaconda3/envs/mutmut39/lib/python3.9/site-packages/_pytest/config/__init__.py:1474: PytestConfigWarning: Unknown config option: pytest -vv --tb
  
    self._warn_or_fail_if_strict(f"Unknown config option: {key}\n")

-- Docs: https://docs.pytest.org/en/stable/how-to/capture-warnings.html
10 passed, 1 warning in 0.01s
✅ x_array_calc__mutmut_8 所有测试通过

================================================================================
RUNNING array_calc.py :: x_array_calc__mutmut_orig  -  2025-10-11T22:14:56.363805
================================================================================

>>> 当前使用的函数: x_array_calc__mutmut_orig
函数源码如下：
def x_array_calc__mutmut_orig(a, k):
    b = []
    for i in range(0, len(a)):
        b.append(a[i]/k)
    return b

..........
============================================================================= warnings summary ==============================================================================
../../anaconda3/envs/mutmut39/lib/python3.9/site-packages/_pytest/config/__init__.py:1474
  /home/rts/anaconda3/envs/mutmut39/lib/python3.9/site-packages/_pytest/config/__init__.py:1474: PytestConfigWarning: Unknown config option: pytest -vv --tb
  
    self._warn_or_fail_if_strict(f"Unknown config option: {key}\n")

-- Docs: https://docs.pytest.org/en/stable/how-to/capture-warnings.html
10 passed, 1 warning in 0.01s
✅ x_array_calc__mutmut_orig 所有测试通过
