
=== Running tests for single mutant file: clip.py ===

================================================================================
RUNNING clip.py :: x_clip__mutmut_1  -  2025-10-16T10:01:14.228693
================================================================================

>>> 当前使用的函数: x_clip__mutmut_1
函数源码如下：
def x_clip__mutmut_1(a, loweLim, upperLim):
    r = None
    for i in range(0, len(a)):
        if a[i] < loweLim:
            r[i] = loweLim
        else:
            if a[i] > upperLim:
                r[i] = upperLim
            else:
                r[i] = a[i]

    return r

FFFFFFFFFF
========================================================== FAILURES ==========================================================
____________________________________________ test_clip_with_func[originalInput0] _____________________________________________
mutants/tests/clipTest.py:119: in test_clip_with_func
    originalResult = func(originalInput)
E   TypeError: x_clip__mutmut_1() missing 2 required positional arguments: 'loweLim' and 'upperLim'
____________________________________________ test_clip_with_func[originalInput1] _____________________________________________
mutants/tests/clipTest.py:119: in test_clip_with_func
    originalResult = func(originalInput)
E   TypeError: x_clip__mutmut_1() missing 2 required positional arguments: 'loweLim' and 'upperLim'
____________________________________________ test_clip_with_func[originalInput2] _____________________________________________
mutants/tests/clipTest.py:119: in test_clip_with_func
    originalResult = func(originalInput)
E   TypeError: x_clip__mutmut_1() missing 2 required positional arguments: 'loweLim' and 'upperLim'
____________________________________________ test_clip_with_func[originalInput3] _____________________________________________
mutants/tests/clipTest.py:119: in test_clip_with_func
    originalResult = func(originalInput)
E   TypeError: x_clip__mutmut_1() missing 2 required positional arguments: 'loweLim' and 'upperLim'
____________________________________________ test_clip_with_func[originalInput4] _____________________________________________
mutants/tests/clipTest.py:119: in test_clip_with_func
    originalResult = func(originalInput)
E   TypeError: x_clip__mutmut_1() missing 2 required positional arguments: 'loweLim' and 'upperLim'
____________________________________________ test_clip_with_func[originalInput5] _____________________________________________
mutants/tests/clipTest.py:119: in test_clip_with_func
    originalResult = func(originalInput)
E   TypeError: x_clip__mutmut_1() missing 2 required positional arguments: 'loweLim' and 'upperLim'
____________________________________________ test_clip_with_func[originalInput6] _____________________________________________
mutants/tests/clipTest.py:119: in test_clip_with_func
    originalResult = func(originalInput)
E   TypeError: x_clip__mutmut_1() missing 2 required positional arguments: 'loweLim' and 'upperLim'
____________________________________________ test_clip_with_func[originalInput7] _____________________________________________
mutants/tests/clipTest.py:119: in test_clip_with_func
    originalResult = func(originalInput)
E   TypeError: x_clip__mutmut_1() missing 2 required positional arguments: 'loweLim' and 'upperLim'
____________________________________________ test_clip_with_func[originalInput8] _____________________________________________
mutants/tests/clipTest.py:119: in test_clip_with_func
    originalResult = func(originalInput)
E   TypeError: x_clip__mutmut_1() missing 2 required positional arguments: 'loweLim' and 'upperLim'
____________________________________________ test_clip_with_func[originalInput9] _____________________________________________
mutants/tests/clipTest.py:119: in test_clip_with_func
    originalResult = func(originalInput)
E   TypeError: x_clip__mutmut_1() missing 2 required positional arguments: 'loweLim' and 'upperLim'
====================================================== warnings summary ======================================================
../../anaconda3/envs/mutmut39/lib/python3.9/site-packages/_pytest/config/__init__.py:1474
  /home/rts/anaconda3/envs/mutmut39/lib/python3.9/site-packages/_pytest/config/__init__.py:1474: PytestConfigWarning: Unknown config option: pytest -vv --tb
  
    self._warn_or_fail_if_strict(f"Unknown config option: {key}\n")

-- Docs: https://docs.pytest.org/en/stable/how-to/capture-warnings.html
================================================== short test summary info ===================================================
FAILED mutants/tests/clipTest.py::test_clip_with_func[originalInput0] - TypeError: x_clip__mutmut_1() missing 2 required positional arguments: 'loweLim' and 'upperLim'
FAILED mutants/tests/clipTest.py::test_clip_with_func[originalInput1] - TypeError: x_clip__mutmut_1() missing 2 required positional arguments: 'loweLim' and 'upperLim'
FAILED mutants/tests/clipTest.py::test_clip_with_func[originalInput2] - TypeError: x_clip__mutmut_1() missing 2 required positional arguments: 'loweLim' and 'upperLim'
FAILED mutants/tests/clipTest.py::test_clip_with_func[originalInput3] - TypeError: x_clip__mutmut_1() missing 2 required positional arguments: 'loweLim' and 'upperLim'
FAILED mutants/tests/clipTest.py::test_clip_with_func[originalInput4] - TypeError: x_clip__mutmut_1() missing 2 required positional arguments: 'loweLim' and 'upperLim'
FAILED mutants/tests/clipTest.py::test_clip_with_func[originalInput5] - TypeError: x_clip__mutmut_1() missing 2 required positional arguments: 'loweLim' and 'upperLim'
FAILED mutants/tests/clipTest.py::test_clip_with_func[originalInput6] - TypeError: x_clip__mutmut_1() missing 2 required positional arguments: 'loweLim' and 'upperLim'
FAILED mutants/tests/clipTest.py::test_clip_with_func[originalInput7] - TypeError: x_clip__mutmut_1() missing 2 required positional arguments: 'loweLim' and 'upperLim'
FAILED mutants/tests/clipTest.py::test_clip_with_func[originalInput8] - TypeError: x_clip__mutmut_1() missing 2 required positional arguments: 'loweLim' and 'upperLim'
FAILED mutants/tests/clipTest.py::test_clip_with_func[originalInput9] - TypeError: x_clip__mutmut_1() missing 2 required positional arguments: 'loweLim' and 'upperLim'
10 failed, 1 warning in 0.05s
❌ x_clip__mutmut_1 存在失败 (退出码 1)

================================================================================
RUNNING clip.py :: x_clip__mutmut_10  -  2025-10-16T10:01:14.354849
================================================================================

>>> 当前使用的函数: x_clip__mutmut_10
函数源码如下：
def x_clip__mutmut_10(a, loweLim, upperLim):
    r = []
    for i in range(0, len(a)):
        if a[i] < loweLim:
            r[i] = loweLim
        else:
            if a[i] > upperLim:
                r[i] = None
            else:
                r[i] = a[i]

    return r

FFFFFFFFFF
========================================================== FAILURES ==========================================================
____________________________________________ test_clip_with_func[originalInput0] _____________________________________________
mutants/tests/clipTest.py:119: in test_clip_with_func
    originalResult = func(originalInput)
E   TypeError: x_clip__mutmut_10() missing 2 required positional arguments: 'loweLim' and 'upperLim'
____________________________________________ test_clip_with_func[originalInput1] _____________________________________________
mutants/tests/clipTest.py:119: in test_clip_with_func
    originalResult = func(originalInput)
E   TypeError: x_clip__mutmut_10() missing 2 required positional arguments: 'loweLim' and 'upperLim'
____________________________________________ test_clip_with_func[originalInput2] _____________________________________________
mutants/tests/clipTest.py:119: in test_clip_with_func
    originalResult = func(originalInput)
E   TypeError: x_clip__mutmut_10() missing 2 required positional arguments: 'loweLim' and 'upperLim'
____________________________________________ test_clip_with_func[originalInput3] _____________________________________________
mutants/tests/clipTest.py:119: in test_clip_with_func
    originalResult = func(originalInput)
E   TypeError: x_clip__mutmut_10() missing 2 required positional arguments: 'loweLim' and 'upperLim'
____________________________________________ test_clip_with_func[originalInput4] _____________________________________________
mutants/tests/clipTest.py:119: in test_clip_with_func
    originalResult = func(originalInput)
E   TypeError: x_clip__mutmut_10() missing 2 required positional arguments: 'loweLim' and 'upperLim'
____________________________________________ test_clip_with_func[originalInput5] _____________________________________________
mutants/tests/clipTest.py:119: in test_clip_with_func
    originalResult = func(originalInput)
E   TypeError: x_clip__mutmut_10() missing 2 required positional arguments: 'loweLim' and 'upperLim'
____________________________________________ test_clip_with_func[originalInput6] _____________________________________________
mutants/tests/clipTest.py:119: in test_clip_with_func
    originalResult = func(originalInput)
E   TypeError: x_clip__mutmut_10() missing 2 required positional arguments: 'loweLim' and 'upperLim'
____________________________________________ test_clip_with_func[originalInput7] _____________________________________________
mutants/tests/clipTest.py:119: in test_clip_with_func
    originalResult = func(originalInput)
E   TypeError: x_clip__mutmut_10() missing 2 required positional arguments: 'loweLim' and 'upperLim'
____________________________________________ test_clip_with_func[originalInput8] _____________________________________________
mutants/tests/clipTest.py:119: in test_clip_with_func
    originalResult = func(originalInput)
E   TypeError: x_clip__mutmut_10() missing 2 required positional arguments: 'loweLim' and 'upperLim'
____________________________________________ test_clip_with_func[originalInput9] _____________________________________________
mutants/tests/clipTest.py:119: in test_clip_with_func
    originalResult = func(originalInput)
E   TypeError: x_clip__mutmut_10() missing 2 required positional arguments: 'loweLim' and 'upperLim'
====================================================== warnings summary ======================================================
../../anaconda3/envs/mutmut39/lib/python3.9/site-packages/_pytest/config/__init__.py:1474
  /home/rts/anaconda3/envs/mutmut39/lib/python3.9/site-packages/_pytest/config/__init__.py:1474: PytestConfigWarning: Unknown config option: pytest -vv --tb
  
    self._warn_or_fail_if_strict(f"Unknown config option: {key}\n")

-- Docs: https://docs.pytest.org/en/stable/how-to/capture-warnings.html
================================================== short test summary info ===================================================
FAILED mutants/tests/clipTest.py::test_clip_with_func[originalInput0] - TypeError: x_clip__mutmut_10() missing 2 required positional arguments: 'loweLim' and 'upperLim'
FAILED mutants/tests/clipTest.py::test_clip_with_func[originalInput1] - TypeError: x_clip__mutmut_10() missing 2 required positional arguments: 'loweLim' and 'upperLim'
FAILED mutants/tests/clipTest.py::test_clip_with_func[originalInput2] - TypeError: x_clip__mutmut_10() missing 2 required positional arguments: 'loweLim' and 'upperLim'
FAILED mutants/tests/clipTest.py::test_clip_with_func[originalInput3] - TypeError: x_clip__mutmut_10() missing 2 required positional arguments: 'loweLim' and 'upperLim'
FAILED mutants/tests/clipTest.py::test_clip_with_func[originalInput4] - TypeError: x_clip__mutmut_10() missing 2 required positional arguments: 'loweLim' and 'upperLim'
FAILED mutants/tests/clipTest.py::test_clip_with_func[originalInput5] - TypeError: x_clip__mutmut_10() missing 2 required positional arguments: 'loweLim' and 'upperLim'
FAILED mutants/tests/clipTest.py::test_clip_with_func[originalInput6] - TypeError: x_clip__mutmut_10() missing 2 required positional arguments: 'loweLim' and 'upperLim'
FAILED mutants/tests/clipTest.py::test_clip_with_func[originalInput7] - TypeError: x_clip__mutmut_10() missing 2 required positional arguments: 'loweLim' and 'upperLim'
FAILED mutants/tests/clipTest.py::test_clip_with_func[originalInput8] - TypeError: x_clip__mutmut_10() missing 2 required positional arguments: 'loweLim' and 'upperLim'
FAILED mutants/tests/clipTest.py::test_clip_with_func[originalInput9] - TypeError: x_clip__mutmut_10() missing 2 required positional arguments: 'loweLim' and 'upperLim'
10 failed, 1 warning in 0.02s
❌ x_clip__mutmut_10 存在失败 (退出码 1)

================================================================================
RUNNING clip.py :: x_clip__mutmut_11  -  2025-10-16T10:01:14.415898
================================================================================

>>> 当前使用的函数: x_clip__mutmut_11
函数源码如下：
def x_clip__mutmut_11(a, loweLim, upperLim):
    r = []
    for i in range(0, len(a)):
        if a[i] < loweLim:
            r[i] = loweLim
        else:
            if a[i] > upperLim:
                r[i] = upperLim
            else:
                r[i] = None

    return r

FFFFFFFFFF
========================================================== FAILURES ==========================================================
____________________________________________ test_clip_with_func[originalInput0] _____________________________________________
mutants/tests/clipTest.py:119: in test_clip_with_func
    originalResult = func(originalInput)
E   TypeError: x_clip__mutmut_11() missing 2 required positional arguments: 'loweLim' and 'upperLim'
____________________________________________ test_clip_with_func[originalInput1] _____________________________________________
mutants/tests/clipTest.py:119: in test_clip_with_func
    originalResult = func(originalInput)
E   TypeError: x_clip__mutmut_11() missing 2 required positional arguments: 'loweLim' and 'upperLim'
____________________________________________ test_clip_with_func[originalInput2] _____________________________________________
mutants/tests/clipTest.py:119: in test_clip_with_func
    originalResult = func(originalInput)
E   TypeError: x_clip__mutmut_11() missing 2 required positional arguments: 'loweLim' and 'upperLim'
____________________________________________ test_clip_with_func[originalInput3] _____________________________________________
mutants/tests/clipTest.py:119: in test_clip_with_func
    originalResult = func(originalInput)
E   TypeError: x_clip__mutmut_11() missing 2 required positional arguments: 'loweLim' and 'upperLim'
____________________________________________ test_clip_with_func[originalInput4] _____________________________________________
mutants/tests/clipTest.py:119: in test_clip_with_func
    originalResult = func(originalInput)
E   TypeError: x_clip__mutmut_11() missing 2 required positional arguments: 'loweLim' and 'upperLim'
____________________________________________ test_clip_with_func[originalInput5] _____________________________________________
mutants/tests/clipTest.py:119: in test_clip_with_func
    originalResult = func(originalInput)
E   TypeError: x_clip__mutmut_11() missing 2 required positional arguments: 'loweLim' and 'upperLim'
____________________________________________ test_clip_with_func[originalInput6] _____________________________________________
mutants/tests/clipTest.py:119: in test_clip_with_func
    originalResult = func(originalInput)
E   TypeError: x_clip__mutmut_11() missing 2 required positional arguments: 'loweLim' and 'upperLim'
____________________________________________ test_clip_with_func[originalInput7] _____________________________________________
mutants/tests/clipTest.py:119: in test_clip_with_func
    originalResult = func(originalInput)
E   TypeError: x_clip__mutmut_11() missing 2 required positional arguments: 'loweLim' and 'upperLim'
____________________________________________ test_clip_with_func[originalInput8] _____________________________________________
mutants/tests/clipTest.py:119: in test_clip_with_func
    originalResult = func(originalInput)
E   TypeError: x_clip__mutmut_11() missing 2 required positional arguments: 'loweLim' and 'upperLim'
____________________________________________ test_clip_with_func[originalInput9] _____________________________________________
mutants/tests/clipTest.py:119: in test_clip_with_func
    originalResult = func(originalInput)
E   TypeError: x_clip__mutmut_11() missing 2 required positional arguments: 'loweLim' and 'upperLim'
====================================================== warnings summary ======================================================
../../anaconda3/envs/mutmut39/lib/python3.9/site-packages/_pytest/config/__init__.py:1474
  /home/rts/anaconda3/envs/mutmut39/lib/python3.9/site-packages/_pytest/config/__init__.py:1474: PytestConfigWarning: Unknown config option: pytest -vv --tb
  
    self._warn_or_fail_if_strict(f"Unknown config option: {key}\n")

-- Docs: https://docs.pytest.org/en/stable/how-to/capture-warnings.html
================================================== short test summary info ===================================================
FAILED mutants/tests/clipTest.py::test_clip_with_func[originalInput0] - TypeError: x_clip__mutmut_11() missing 2 required positional arguments: 'loweLim' and 'upperLim'
FAILED mutants/tests/clipTest.py::test_clip_with_func[originalInput1] - TypeError: x_clip__mutmut_11() missing 2 required positional arguments: 'loweLim' and 'upperLim'
FAILED mutants/tests/clipTest.py::test_clip_with_func[originalInput2] - TypeError: x_clip__mutmut_11() missing 2 required positional arguments: 'loweLim' and 'upperLim'
FAILED mutants/tests/clipTest.py::test_clip_with_func[originalInput3] - TypeError: x_clip__mutmut_11() missing 2 required positional arguments: 'loweLim' and 'upperLim'
FAILED mutants/tests/clipTest.py::test_clip_with_func[originalInput4] - TypeError: x_clip__mutmut_11() missing 2 required positional arguments: 'loweLim' and 'upperLim'
FAILED mutants/tests/clipTest.py::test_clip_with_func[originalInput5] - TypeError: x_clip__mutmut_11() missing 2 required positional arguments: 'loweLim' and 'upperLim'
FAILED mutants/tests/clipTest.py::test_clip_with_func[originalInput6] - TypeError: x_clip__mutmut_11() missing 2 required positional arguments: 'loweLim' and 'upperLim'
FAILED mutants/tests/clipTest.py::test_clip_with_func[originalInput7] - TypeError: x_clip__mutmut_11() missing 2 required positional arguments: 'loweLim' and 'upperLim'
FAILED mutants/tests/clipTest.py::test_clip_with_func[originalInput8] - TypeError: x_clip__mutmut_11() missing 2 required positional arguments: 'loweLim' and 'upperLim'
FAILED mutants/tests/clipTest.py::test_clip_with_func[originalInput9] - TypeError: x_clip__mutmut_11() missing 2 required positional arguments: 'loweLim' and 'upperLim'
10 failed, 1 warning in 0.02s
❌ x_clip__mutmut_11 存在失败 (退出码 1)

================================================================================
RUNNING clip.py :: x_clip__mutmut_2  -  2025-10-16T10:01:14.479066
================================================================================

>>> 当前使用的函数: x_clip__mutmut_2
函数源码如下：
def x_clip__mutmut_2(a, loweLim, upperLim):
    r = []
    for i in range(None, len(a)):
        if a[i] < loweLim:
            r[i] = loweLim
        else:
            if a[i] > upperLim:
                r[i] = upperLim
            else:
                r[i] = a[i]

    return r

FFFFFFFFFF
========================================================== FAILURES ==========================================================
____________________________________________ test_clip_with_func[originalInput0] _____________________________________________
mutants/tests/clipTest.py:119: in test_clip_with_func
    originalResult = func(originalInput)
E   TypeError: x_clip__mutmut_2() missing 2 required positional arguments: 'loweLim' and 'upperLim'
____________________________________________ test_clip_with_func[originalInput1] _____________________________________________
mutants/tests/clipTest.py:119: in test_clip_with_func
    originalResult = func(originalInput)
E   TypeError: x_clip__mutmut_2() missing 2 required positional arguments: 'loweLim' and 'upperLim'
____________________________________________ test_clip_with_func[originalInput2] _____________________________________________
mutants/tests/clipTest.py:119: in test_clip_with_func
    originalResult = func(originalInput)
E   TypeError: x_clip__mutmut_2() missing 2 required positional arguments: 'loweLim' and 'upperLim'
____________________________________________ test_clip_with_func[originalInput3] _____________________________________________
mutants/tests/clipTest.py:119: in test_clip_with_func
    originalResult = func(originalInput)
E   TypeError: x_clip__mutmut_2() missing 2 required positional arguments: 'loweLim' and 'upperLim'
____________________________________________ test_clip_with_func[originalInput4] _____________________________________________
mutants/tests/clipTest.py:119: in test_clip_with_func
    originalResult = func(originalInput)
E   TypeError: x_clip__mutmut_2() missing 2 required positional arguments: 'loweLim' and 'upperLim'
____________________________________________ test_clip_with_func[originalInput5] _____________________________________________
mutants/tests/clipTest.py:119: in test_clip_with_func
    originalResult = func(originalInput)
E   TypeError: x_clip__mutmut_2() missing 2 required positional arguments: 'loweLim' and 'upperLim'
____________________________________________ test_clip_with_func[originalInput6] _____________________________________________
mutants/tests/clipTest.py:119: in test_clip_with_func
    originalResult = func(originalInput)
E   TypeError: x_clip__mutmut_2() missing 2 required positional arguments: 'loweLim' and 'upperLim'
____________________________________________ test_clip_with_func[originalInput7] _____________________________________________
mutants/tests/clipTest.py:119: in test_clip_with_func
    originalResult = func(originalInput)
E   TypeError: x_clip__mutmut_2() missing 2 required positional arguments: 'loweLim' and 'upperLim'
____________________________________________ test_clip_with_func[originalInput8] _____________________________________________
mutants/tests/clipTest.py:119: in test_clip_with_func
    originalResult = func(originalInput)
E   TypeError: x_clip__mutmut_2() missing 2 required positional arguments: 'loweLim' and 'upperLim'
____________________________________________ test_clip_with_func[originalInput9] _____________________________________________
mutants/tests/clipTest.py:119: in test_clip_with_func
    originalResult = func(originalInput)
E   TypeError: x_clip__mutmut_2() missing 2 required positional arguments: 'loweLim' and 'upperLim'
====================================================== warnings summary ======================================================
../../anaconda3/envs/mutmut39/lib/python3.9/site-packages/_pytest/config/__init__.py:1474
  /home/rts/anaconda3/envs/mutmut39/lib/python3.9/site-packages/_pytest/config/__init__.py:1474: PytestConfigWarning: Unknown config option: pytest -vv --tb
  
    self._warn_or_fail_if_strict(f"Unknown config option: {key}\n")

-- Docs: https://docs.pytest.org/en/stable/how-to/capture-warnings.html
================================================== short test summary info ===================================================
FAILED mutants/tests/clipTest.py::test_clip_with_func[originalInput0] - TypeError: x_clip__mutmut_2() missing 2 required positional arguments: 'loweLim' and 'upperLim'
FAILED mutants/tests/clipTest.py::test_clip_with_func[originalInput1] - TypeError: x_clip__mutmut_2() missing 2 required positional arguments: 'loweLim' and 'upperLim'
FAILED mutants/tests/clipTest.py::test_clip_with_func[originalInput2] - TypeError: x_clip__mutmut_2() missing 2 required positional arguments: 'loweLim' and 'upperLim'
FAILED mutants/tests/clipTest.py::test_clip_with_func[originalInput3] - TypeError: x_clip__mutmut_2() missing 2 required positional arguments: 'loweLim' and 'upperLim'
FAILED mutants/tests/clipTest.py::test_clip_with_func[originalInput4] - TypeError: x_clip__mutmut_2() missing 2 required positional arguments: 'loweLim' and 'upperLim'
FAILED mutants/tests/clipTest.py::test_clip_with_func[originalInput5] - TypeError: x_clip__mutmut_2() missing 2 required positional arguments: 'loweLim' and 'upperLim'
FAILED mutants/tests/clipTest.py::test_clip_with_func[originalInput6] - TypeError: x_clip__mutmut_2() missing 2 required positional arguments: 'loweLim' and 'upperLim'
FAILED mutants/tests/clipTest.py::test_clip_with_func[originalInput7] - TypeError: x_clip__mutmut_2() missing 2 required positional arguments: 'loweLim' and 'upperLim'
FAILED mutants/tests/clipTest.py::test_clip_with_func[originalInput8] - TypeError: x_clip__mutmut_2() missing 2 required positional arguments: 'loweLim' and 'upperLim'
FAILED mutants/tests/clipTest.py::test_clip_with_func[originalInput9] - TypeError: x_clip__mutmut_2() missing 2 required positional arguments: 'loweLim' and 'upperLim'
10 failed, 1 warning in 0.02s
❌ x_clip__mutmut_2 存在失败 (退出码 1)

================================================================================
RUNNING clip.py :: x_clip__mutmut_3  -  2025-10-16T10:01:14.542149
================================================================================

>>> 当前使用的函数: x_clip__mutmut_3
函数源码如下：
def x_clip__mutmut_3(a, loweLim, upperLim):
    r = []
    for i in range(0, None):
        if a[i] < loweLim:
            r[i] = loweLim
        else:
            if a[i] > upperLim:
                r[i] = upperLim
            else:
                r[i] = a[i]

    return r

FFFFFFFFFF
========================================================== FAILURES ==========================================================
____________________________________________ test_clip_with_func[originalInput0] _____________________________________________
mutants/tests/clipTest.py:119: in test_clip_with_func
    originalResult = func(originalInput)
E   TypeError: x_clip__mutmut_3() missing 2 required positional arguments: 'loweLim' and 'upperLim'
____________________________________________ test_clip_with_func[originalInput1] _____________________________________________
mutants/tests/clipTest.py:119: in test_clip_with_func
    originalResult = func(originalInput)
E   TypeError: x_clip__mutmut_3() missing 2 required positional arguments: 'loweLim' and 'upperLim'
____________________________________________ test_clip_with_func[originalInput2] _____________________________________________
mutants/tests/clipTest.py:119: in test_clip_with_func
    originalResult = func(originalInput)
E   TypeError: x_clip__mutmut_3() missing 2 required positional arguments: 'loweLim' and 'upperLim'
____________________________________________ test_clip_with_func[originalInput3] _____________________________________________
mutants/tests/clipTest.py:119: in test_clip_with_func
    originalResult = func(originalInput)
E   TypeError: x_clip__mutmut_3() missing 2 required positional arguments: 'loweLim' and 'upperLim'
____________________________________________ test_clip_with_func[originalInput4] _____________________________________________
mutants/tests/clipTest.py:119: in test_clip_with_func
    originalResult = func(originalInput)
E   TypeError: x_clip__mutmut_3() missing 2 required positional arguments: 'loweLim' and 'upperLim'
____________________________________________ test_clip_with_func[originalInput5] _____________________________________________
mutants/tests/clipTest.py:119: in test_clip_with_func
    originalResult = func(originalInput)
E   TypeError: x_clip__mutmut_3() missing 2 required positional arguments: 'loweLim' and 'upperLim'
____________________________________________ test_clip_with_func[originalInput6] _____________________________________________
mutants/tests/clipTest.py:119: in test_clip_with_func
    originalResult = func(originalInput)
E   TypeError: x_clip__mutmut_3() missing 2 required positional arguments: 'loweLim' and 'upperLim'
____________________________________________ test_clip_with_func[originalInput7] _____________________________________________
mutants/tests/clipTest.py:119: in test_clip_with_func
    originalResult = func(originalInput)
E   TypeError: x_clip__mutmut_3() missing 2 required positional arguments: 'loweLim' and 'upperLim'
____________________________________________ test_clip_with_func[originalInput8] _____________________________________________
mutants/tests/clipTest.py:119: in test_clip_with_func
    originalResult = func(originalInput)
E   TypeError: x_clip__mutmut_3() missing 2 required positional arguments: 'loweLim' and 'upperLim'
____________________________________________ test_clip_with_func[originalInput9] _____________________________________________
mutants/tests/clipTest.py:119: in test_clip_with_func
    originalResult = func(originalInput)
E   TypeError: x_clip__mutmut_3() missing 2 required positional arguments: 'loweLim' and 'upperLim'
====================================================== warnings summary ======================================================
../../anaconda3/envs/mutmut39/lib/python3.9/site-packages/_pytest/config/__init__.py:1474
  /home/rts/anaconda3/envs/mutmut39/lib/python3.9/site-packages/_pytest/config/__init__.py:1474: PytestConfigWarning: Unknown config option: pytest -vv --tb
  
    self._warn_or_fail_if_strict(f"Unknown config option: {key}\n")

-- Docs: https://docs.pytest.org/en/stable/how-to/capture-warnings.html
================================================== short test summary info ===================================================
FAILED mutants/tests/clipTest.py::test_clip_with_func[originalInput0] - TypeError: x_clip__mutmut_3() missing 2 required positional arguments: 'loweLim' and 'upperLim'
FAILED mutants/tests/clipTest.py::test_clip_with_func[originalInput1] - TypeError: x_clip__mutmut_3() missing 2 required positional arguments: 'loweLim' and 'upperLim'
FAILED mutants/tests/clipTest.py::test_clip_with_func[originalInput2] - TypeError: x_clip__mutmut_3() missing 2 required positional arguments: 'loweLim' and 'upperLim'
FAILED mutants/tests/clipTest.py::test_clip_with_func[originalInput3] - TypeError: x_clip__mutmut_3() missing 2 required positional arguments: 'loweLim' and 'upperLim'
FAILED mutants/tests/clipTest.py::test_clip_with_func[originalInput4] - TypeError: x_clip__mutmut_3() missing 2 required positional arguments: 'loweLim' and 'upperLim'
FAILED mutants/tests/clipTest.py::test_clip_with_func[originalInput5] - TypeError: x_clip__mutmut_3() missing 2 required positional arguments: 'loweLim' and 'upperLim'
FAILED mutants/tests/clipTest.py::test_clip_with_func[originalInput6] - TypeError: x_clip__mutmut_3() missing 2 required positional arguments: 'loweLim' and 'upperLim'
FAILED mutants/tests/clipTest.py::test_clip_with_func[originalInput7] - TypeError: x_clip__mutmut_3() missing 2 required positional arguments: 'loweLim' and 'upperLim'
FAILED mutants/tests/clipTest.py::test_clip_with_func[originalInput8] - TypeError: x_clip__mutmut_3() missing 2 required positional arguments: 'loweLim' and 'upperLim'
FAILED mutants/tests/clipTest.py::test_clip_with_func[originalInput9] - TypeError: x_clip__mutmut_3() missing 2 required positional arguments: 'loweLim' and 'upperLim'
10 failed, 1 warning in 0.02s
❌ x_clip__mutmut_3 存在失败 (退出码 1)

================================================================================
RUNNING clip.py :: x_clip__mutmut_4  -  2025-10-16T10:01:14.606461
================================================================================

>>> 当前使用的函数: x_clip__mutmut_4
函数源码如下：
def x_clip__mutmut_4(a, loweLim, upperLim):
    r = []
    for i in range(len(a)):
        if a[i] < loweLim:
            r[i] = loweLim
        else:
            if a[i] > upperLim:
                r[i] = upperLim
            else:
                r[i] = a[i]

    return r

FFFFFFFFFF
========================================================== FAILURES ==========================================================
____________________________________________ test_clip_with_func[originalInput0] _____________________________________________
mutants/tests/clipTest.py:119: in test_clip_with_func
    originalResult = func(originalInput)
E   TypeError: x_clip__mutmut_4() missing 2 required positional arguments: 'loweLim' and 'upperLim'
____________________________________________ test_clip_with_func[originalInput1] _____________________________________________
mutants/tests/clipTest.py:119: in test_clip_with_func
    originalResult = func(originalInput)
E   TypeError: x_clip__mutmut_4() missing 2 required positional arguments: 'loweLim' and 'upperLim'
____________________________________________ test_clip_with_func[originalInput2] _____________________________________________
mutants/tests/clipTest.py:119: in test_clip_with_func
    originalResult = func(originalInput)
E   TypeError: x_clip__mutmut_4() missing 2 required positional arguments: 'loweLim' and 'upperLim'
____________________________________________ test_clip_with_func[originalInput3] _____________________________________________
mutants/tests/clipTest.py:119: in test_clip_with_func
    originalResult = func(originalInput)
E   TypeError: x_clip__mutmut_4() missing 2 required positional arguments: 'loweLim' and 'upperLim'
____________________________________________ test_clip_with_func[originalInput4] _____________________________________________
mutants/tests/clipTest.py:119: in test_clip_with_func
    originalResult = func(originalInput)
E   TypeError: x_clip__mutmut_4() missing 2 required positional arguments: 'loweLim' and 'upperLim'
____________________________________________ test_clip_with_func[originalInput5] _____________________________________________
mutants/tests/clipTest.py:119: in test_clip_with_func
    originalResult = func(originalInput)
E   TypeError: x_clip__mutmut_4() missing 2 required positional arguments: 'loweLim' and 'upperLim'
____________________________________________ test_clip_with_func[originalInput6] _____________________________________________
mutants/tests/clipTest.py:119: in test_clip_with_func
    originalResult = func(originalInput)
E   TypeError: x_clip__mutmut_4() missing 2 required positional arguments: 'loweLim' and 'upperLim'
____________________________________________ test_clip_with_func[originalInput7] _____________________________________________
mutants/tests/clipTest.py:119: in test_clip_with_func
    originalResult = func(originalInput)
E   TypeError: x_clip__mutmut_4() missing 2 required positional arguments: 'loweLim' and 'upperLim'
____________________________________________ test_clip_with_func[originalInput8] _____________________________________________
mutants/tests/clipTest.py:119: in test_clip_with_func
    originalResult = func(originalInput)
E   TypeError: x_clip__mutmut_4() missing 2 required positional arguments: 'loweLim' and 'upperLim'
____________________________________________ test_clip_with_func[originalInput9] _____________________________________________
mutants/tests/clipTest.py:119: in test_clip_with_func
    originalResult = func(originalInput)
E   TypeError: x_clip__mutmut_4() missing 2 required positional arguments: 'loweLim' and 'upperLim'
====================================================== warnings summary ======================================================
../../anaconda3/envs/mutmut39/lib/python3.9/site-packages/_pytest/config/__init__.py:1474
  /home/rts/anaconda3/envs/mutmut39/lib/python3.9/site-packages/_pytest/config/__init__.py:1474: PytestConfigWarning: Unknown config option: pytest -vv --tb
  
    self._warn_or_fail_if_strict(f"Unknown config option: {key}\n")

-- Docs: https://docs.pytest.org/en/stable/how-to/capture-warnings.html
================================================== short test summary info ===================================================
FAILED mutants/tests/clipTest.py::test_clip_with_func[originalInput0] - TypeError: x_clip__mutmut_4() missing 2 required positional arguments: 'loweLim' and 'upperLim'
FAILED mutants/tests/clipTest.py::test_clip_with_func[originalInput1] - TypeError: x_clip__mutmut_4() missing 2 required positional arguments: 'loweLim' and 'upperLim'
FAILED mutants/tests/clipTest.py::test_clip_with_func[originalInput2] - TypeError: x_clip__mutmut_4() missing 2 required positional arguments: 'loweLim' and 'upperLim'
FAILED mutants/tests/clipTest.py::test_clip_with_func[originalInput3] - TypeError: x_clip__mutmut_4() missing 2 required positional arguments: 'loweLim' and 'upperLim'
FAILED mutants/tests/clipTest.py::test_clip_with_func[originalInput4] - TypeError: x_clip__mutmut_4() missing 2 required positional arguments: 'loweLim' and 'upperLim'
FAILED mutants/tests/clipTest.py::test_clip_with_func[originalInput5] - TypeError: x_clip__mutmut_4() missing 2 required positional arguments: 'loweLim' and 'upperLim'
FAILED mutants/tests/clipTest.py::test_clip_with_func[originalInput6] - TypeError: x_clip__mutmut_4() missing 2 required positional arguments: 'loweLim' and 'upperLim'
FAILED mutants/tests/clipTest.py::test_clip_with_func[originalInput7] - TypeError: x_clip__mutmut_4() missing 2 required positional arguments: 'loweLim' and 'upperLim'
FAILED mutants/tests/clipTest.py::test_clip_with_func[originalInput8] - TypeError: x_clip__mutmut_4() missing 2 required positional arguments: 'loweLim' and 'upperLim'
FAILED mutants/tests/clipTest.py::test_clip_with_func[originalInput9] - TypeError: x_clip__mutmut_4() missing 2 required positional arguments: 'loweLim' and 'upperLim'
10 failed, 1 warning in 0.02s
❌ x_clip__mutmut_4 存在失败 (退出码 1)

================================================================================
RUNNING clip.py :: x_clip__mutmut_5  -  2025-10-16T10:01:14.668944
================================================================================

>>> 当前使用的函数: x_clip__mutmut_5
函数源码如下：
def x_clip__mutmut_5(a, loweLim, upperLim):
    r = []
    for i in range(0, ):
        if a[i] < loweLim:
            r[i] = loweLim
        else:
            if a[i] > upperLim:
                r[i] = upperLim
            else:
                r[i] = a[i]

    return r

FFFFFFFFFF
========================================================== FAILURES ==========================================================
____________________________________________ test_clip_with_func[originalInput0] _____________________________________________
mutants/tests/clipTest.py:119: in test_clip_with_func
    originalResult = func(originalInput)
E   TypeError: x_clip__mutmut_5() missing 2 required positional arguments: 'loweLim' and 'upperLim'
____________________________________________ test_clip_with_func[originalInput1] _____________________________________________
mutants/tests/clipTest.py:119: in test_clip_with_func
    originalResult = func(originalInput)
E   TypeError: x_clip__mutmut_5() missing 2 required positional arguments: 'loweLim' and 'upperLim'
____________________________________________ test_clip_with_func[originalInput2] _____________________________________________
mutants/tests/clipTest.py:119: in test_clip_with_func
    originalResult = func(originalInput)
E   TypeError: x_clip__mutmut_5() missing 2 required positional arguments: 'loweLim' and 'upperLim'
____________________________________________ test_clip_with_func[originalInput3] _____________________________________________
mutants/tests/clipTest.py:119: in test_clip_with_func
    originalResult = func(originalInput)
E   TypeError: x_clip__mutmut_5() missing 2 required positional arguments: 'loweLim' and 'upperLim'
____________________________________________ test_clip_with_func[originalInput4] _____________________________________________
mutants/tests/clipTest.py:119: in test_clip_with_func
    originalResult = func(originalInput)
E   TypeError: x_clip__mutmut_5() missing 2 required positional arguments: 'loweLim' and 'upperLim'
____________________________________________ test_clip_with_func[originalInput5] _____________________________________________
mutants/tests/clipTest.py:119: in test_clip_with_func
    originalResult = func(originalInput)
E   TypeError: x_clip__mutmut_5() missing 2 required positional arguments: 'loweLim' and 'upperLim'
____________________________________________ test_clip_with_func[originalInput6] _____________________________________________
mutants/tests/clipTest.py:119: in test_clip_with_func
    originalResult = func(originalInput)
E   TypeError: x_clip__mutmut_5() missing 2 required positional arguments: 'loweLim' and 'upperLim'
____________________________________________ test_clip_with_func[originalInput7] _____________________________________________
mutants/tests/clipTest.py:119: in test_clip_with_func
    originalResult = func(originalInput)
E   TypeError: x_clip__mutmut_5() missing 2 required positional arguments: 'loweLim' and 'upperLim'
____________________________________________ test_clip_with_func[originalInput8] _____________________________________________
mutants/tests/clipTest.py:119: in test_clip_with_func
    originalResult = func(originalInput)
E   TypeError: x_clip__mutmut_5() missing 2 required positional arguments: 'loweLim' and 'upperLim'
____________________________________________ test_clip_with_func[originalInput9] _____________________________________________
mutants/tests/clipTest.py:119: in test_clip_with_func
    originalResult = func(originalInput)
E   TypeError: x_clip__mutmut_5() missing 2 required positional arguments: 'loweLim' and 'upperLim'
====================================================== warnings summary ======================================================
../../anaconda3/envs/mutmut39/lib/python3.9/site-packages/_pytest/config/__init__.py:1474
  /home/rts/anaconda3/envs/mutmut39/lib/python3.9/site-packages/_pytest/config/__init__.py:1474: PytestConfigWarning: Unknown config option: pytest -vv --tb
  
    self._warn_or_fail_if_strict(f"Unknown config option: {key}\n")

-- Docs: https://docs.pytest.org/en/stable/how-to/capture-warnings.html
================================================== short test summary info ===================================================
FAILED mutants/tests/clipTest.py::test_clip_with_func[originalInput0] - TypeError: x_clip__mutmut_5() missing 2 required positional arguments: 'loweLim' and 'upperLim'
FAILED mutants/tests/clipTest.py::test_clip_with_func[originalInput1] - TypeError: x_clip__mutmut_5() missing 2 required positional arguments: 'loweLim' and 'upperLim'
FAILED mutants/tests/clipTest.py::test_clip_with_func[originalInput2] - TypeError: x_clip__mutmut_5() missing 2 required positional arguments: 'loweLim' and 'upperLim'
FAILED mutants/tests/clipTest.py::test_clip_with_func[originalInput3] - TypeError: x_clip__mutmut_5() missing 2 required positional arguments: 'loweLim' and 'upperLim'
FAILED mutants/tests/clipTest.py::test_clip_with_func[originalInput4] - TypeError: x_clip__mutmut_5() missing 2 required positional arguments: 'loweLim' and 'upperLim'
FAILED mutants/tests/clipTest.py::test_clip_with_func[originalInput5] - TypeError: x_clip__mutmut_5() missing 2 required positional arguments: 'loweLim' and 'upperLim'
FAILED mutants/tests/clipTest.py::test_clip_with_func[originalInput6] - TypeError: x_clip__mutmut_5() missing 2 required positional arguments: 'loweLim' and 'upperLim'
FAILED mutants/tests/clipTest.py::test_clip_with_func[originalInput7] - TypeError: x_clip__mutmut_5() missing 2 required positional arguments: 'loweLim' and 'upperLim'
FAILED mutants/tests/clipTest.py::test_clip_with_func[originalInput8] - TypeError: x_clip__mutmut_5() missing 2 required positional arguments: 'loweLim' and 'upperLim'
FAILED mutants/tests/clipTest.py::test_clip_with_func[originalInput9] - TypeError: x_clip__mutmut_5() missing 2 required positional arguments: 'loweLim' and 'upperLim'
10 failed, 1 warning in 0.02s
❌ x_clip__mutmut_5 存在失败 (退出码 1)

================================================================================
RUNNING clip.py :: x_clip__mutmut_6  -  2025-10-16T10:01:14.732095
================================================================================

>>> 当前使用的函数: x_clip__mutmut_6
函数源码如下：
def x_clip__mutmut_6(a, loweLim, upperLim):
    r = []
    for i in range(1, len(a)):
        if a[i] < loweLim:
            r[i] = loweLim
        else:
            if a[i] > upperLim:
                r[i] = upperLim
            else:
                r[i] = a[i]

    return r

FFFFFFFFFF
========================================================== FAILURES ==========================================================
____________________________________________ test_clip_with_func[originalInput0] _____________________________________________
mutants/tests/clipTest.py:119: in test_clip_with_func
    originalResult = func(originalInput)
E   TypeError: x_clip__mutmut_6() missing 2 required positional arguments: 'loweLim' and 'upperLim'
____________________________________________ test_clip_with_func[originalInput1] _____________________________________________
mutants/tests/clipTest.py:119: in test_clip_with_func
    originalResult = func(originalInput)
E   TypeError: x_clip__mutmut_6() missing 2 required positional arguments: 'loweLim' and 'upperLim'
____________________________________________ test_clip_with_func[originalInput2] _____________________________________________
mutants/tests/clipTest.py:119: in test_clip_with_func
    originalResult = func(originalInput)
E   TypeError: x_clip__mutmut_6() missing 2 required positional arguments: 'loweLim' and 'upperLim'
____________________________________________ test_clip_with_func[originalInput3] _____________________________________________
mutants/tests/clipTest.py:119: in test_clip_with_func
    originalResult = func(originalInput)
E   TypeError: x_clip__mutmut_6() missing 2 required positional arguments: 'loweLim' and 'upperLim'
____________________________________________ test_clip_with_func[originalInput4] _____________________________________________
mutants/tests/clipTest.py:119: in test_clip_with_func
    originalResult = func(originalInput)
E   TypeError: x_clip__mutmut_6() missing 2 required positional arguments: 'loweLim' and 'upperLim'
____________________________________________ test_clip_with_func[originalInput5] _____________________________________________
mutants/tests/clipTest.py:119: in test_clip_with_func
    originalResult = func(originalInput)
E   TypeError: x_clip__mutmut_6() missing 2 required positional arguments: 'loweLim' and 'upperLim'
____________________________________________ test_clip_with_func[originalInput6] _____________________________________________
mutants/tests/clipTest.py:119: in test_clip_with_func
    originalResult = func(originalInput)
E   TypeError: x_clip__mutmut_6() missing 2 required positional arguments: 'loweLim' and 'upperLim'
____________________________________________ test_clip_with_func[originalInput7] _____________________________________________
mutants/tests/clipTest.py:119: in test_clip_with_func
    originalResult = func(originalInput)
E   TypeError: x_clip__mutmut_6() missing 2 required positional arguments: 'loweLim' and 'upperLim'
____________________________________________ test_clip_with_func[originalInput8] _____________________________________________
mutants/tests/clipTest.py:119: in test_clip_with_func
    originalResult = func(originalInput)
E   TypeError: x_clip__mutmut_6() missing 2 required positional arguments: 'loweLim' and 'upperLim'
____________________________________________ test_clip_with_func[originalInput9] _____________________________________________
mutants/tests/clipTest.py:119: in test_clip_with_func
    originalResult = func(originalInput)
E   TypeError: x_clip__mutmut_6() missing 2 required positional arguments: 'loweLim' and 'upperLim'
====================================================== warnings summary ======================================================
../../anaconda3/envs/mutmut39/lib/python3.9/site-packages/_pytest/config/__init__.py:1474
  /home/rts/anaconda3/envs/mutmut39/lib/python3.9/site-packages/_pytest/config/__init__.py:1474: PytestConfigWarning: Unknown config option: pytest -vv --tb
  
    self._warn_or_fail_if_strict(f"Unknown config option: {key}\n")

-- Docs: https://docs.pytest.org/en/stable/how-to/capture-warnings.html
================================================== short test summary info ===================================================
FAILED mutants/tests/clipTest.py::test_clip_with_func[originalInput0] - TypeError: x_clip__mutmut_6() missing 2 required positional arguments: 'loweLim' and 'upperLim'
FAILED mutants/tests/clipTest.py::test_clip_with_func[originalInput1] - TypeError: x_clip__mutmut_6() missing 2 required positional arguments: 'loweLim' and 'upperLim'
FAILED mutants/tests/clipTest.py::test_clip_with_func[originalInput2] - TypeError: x_clip__mutmut_6() missing 2 required positional arguments: 'loweLim' and 'upperLim'
FAILED mutants/tests/clipTest.py::test_clip_with_func[originalInput3] - TypeError: x_clip__mutmut_6() missing 2 required positional arguments: 'loweLim' and 'upperLim'
FAILED mutants/tests/clipTest.py::test_clip_with_func[originalInput4] - TypeError: x_clip__mutmut_6() missing 2 required positional arguments: 'loweLim' and 'upperLim'
FAILED mutants/tests/clipTest.py::test_clip_with_func[originalInput5] - TypeError: x_clip__mutmut_6() missing 2 required positional arguments: 'loweLim' and 'upperLim'
FAILED mutants/tests/clipTest.py::test_clip_with_func[originalInput6] - TypeError: x_clip__mutmut_6() missing 2 required positional arguments: 'loweLim' and 'upperLim'
FAILED mutants/tests/clipTest.py::test_clip_with_func[originalInput7] - TypeError: x_clip__mutmut_6() missing 2 required positional arguments: 'loweLim' and 'upperLim'
FAILED mutants/tests/clipTest.py::test_clip_with_func[originalInput8] - TypeError: x_clip__mutmut_6() missing 2 required positional arguments: 'loweLim' and 'upperLim'
FAILED mutants/tests/clipTest.py::test_clip_with_func[originalInput9] - TypeError: x_clip__mutmut_6() missing 2 required positional arguments: 'loweLim' and 'upperLim'
10 failed, 1 warning in 0.02s
❌ x_clip__mutmut_6 存在失败 (退出码 1)

================================================================================
RUNNING clip.py :: x_clip__mutmut_7  -  2025-10-16T10:01:14.796223
================================================================================

>>> 当前使用的函数: x_clip__mutmut_7
函数源码如下：
def x_clip__mutmut_7(a, loweLim, upperLim):
    r = []
    for i in range(0, len(a)):
        if a[i] <= loweLim:
            r[i] = loweLim
        else:
            if a[i] > upperLim:
                r[i] = upperLim
            else:
                r[i] = a[i]

    return r

FFFFFFFFFF
========================================================== FAILURES ==========================================================
____________________________________________ test_clip_with_func[originalInput0] _____________________________________________
mutants/tests/clipTest.py:119: in test_clip_with_func
    originalResult = func(originalInput)
E   TypeError: x_clip__mutmut_7() missing 2 required positional arguments: 'loweLim' and 'upperLim'
____________________________________________ test_clip_with_func[originalInput1] _____________________________________________
mutants/tests/clipTest.py:119: in test_clip_with_func
    originalResult = func(originalInput)
E   TypeError: x_clip__mutmut_7() missing 2 required positional arguments: 'loweLim' and 'upperLim'
____________________________________________ test_clip_with_func[originalInput2] _____________________________________________
mutants/tests/clipTest.py:119: in test_clip_with_func
    originalResult = func(originalInput)
E   TypeError: x_clip__mutmut_7() missing 2 required positional arguments: 'loweLim' and 'upperLim'
____________________________________________ test_clip_with_func[originalInput3] _____________________________________________
mutants/tests/clipTest.py:119: in test_clip_with_func
    originalResult = func(originalInput)
E   TypeError: x_clip__mutmut_7() missing 2 required positional arguments: 'loweLim' and 'upperLim'
____________________________________________ test_clip_with_func[originalInput4] _____________________________________________
mutants/tests/clipTest.py:119: in test_clip_with_func
    originalResult = func(originalInput)
E   TypeError: x_clip__mutmut_7() missing 2 required positional arguments: 'loweLim' and 'upperLim'
____________________________________________ test_clip_with_func[originalInput5] _____________________________________________
mutants/tests/clipTest.py:119: in test_clip_with_func
    originalResult = func(originalInput)
E   TypeError: x_clip__mutmut_7() missing 2 required positional arguments: 'loweLim' and 'upperLim'
____________________________________________ test_clip_with_func[originalInput6] _____________________________________________
mutants/tests/clipTest.py:119: in test_clip_with_func
    originalResult = func(originalInput)
E   TypeError: x_clip__mutmut_7() missing 2 required positional arguments: 'loweLim' and 'upperLim'
____________________________________________ test_clip_with_func[originalInput7] _____________________________________________
mutants/tests/clipTest.py:119: in test_clip_with_func
    originalResult = func(originalInput)
E   TypeError: x_clip__mutmut_7() missing 2 required positional arguments: 'loweLim' and 'upperLim'
____________________________________________ test_clip_with_func[originalInput8] _____________________________________________
mutants/tests/clipTest.py:119: in test_clip_with_func
    originalResult = func(originalInput)
E   TypeError: x_clip__mutmut_7() missing 2 required positional arguments: 'loweLim' and 'upperLim'
____________________________________________ test_clip_with_func[originalInput9] _____________________________________________
mutants/tests/clipTest.py:119: in test_clip_with_func
    originalResult = func(originalInput)
E   TypeError: x_clip__mutmut_7() missing 2 required positional arguments: 'loweLim' and 'upperLim'
====================================================== warnings summary ======================================================
../../anaconda3/envs/mutmut39/lib/python3.9/site-packages/_pytest/config/__init__.py:1474
  /home/rts/anaconda3/envs/mutmut39/lib/python3.9/site-packages/_pytest/config/__init__.py:1474: PytestConfigWarning: Unknown config option: pytest -vv --tb
  
    self._warn_or_fail_if_strict(f"Unknown config option: {key}\n")

-- Docs: https://docs.pytest.org/en/stable/how-to/capture-warnings.html
================================================== short test summary info ===================================================
FAILED mutants/tests/clipTest.py::test_clip_with_func[originalInput0] - TypeError: x_clip__mutmut_7() missing 2 required positional arguments: 'loweLim' and 'upperLim'
FAILED mutants/tests/clipTest.py::test_clip_with_func[originalInput1] - TypeError: x_clip__mutmut_7() missing 2 required positional arguments: 'loweLim' and 'upperLim'
FAILED mutants/tests/clipTest.py::test_clip_with_func[originalInput2] - TypeError: x_clip__mutmut_7() missing 2 required positional arguments: 'loweLim' and 'upperLim'
FAILED mutants/tests/clipTest.py::test_clip_with_func[originalInput3] - TypeError: x_clip__mutmut_7() missing 2 required positional arguments: 'loweLim' and 'upperLim'
FAILED mutants/tests/clipTest.py::test_clip_with_func[originalInput4] - TypeError: x_clip__mutmut_7() missing 2 required positional arguments: 'loweLim' and 'upperLim'
FAILED mutants/tests/clipTest.py::test_clip_with_func[originalInput5] - TypeError: x_clip__mutmut_7() missing 2 required positional arguments: 'loweLim' and 'upperLim'
FAILED mutants/tests/clipTest.py::test_clip_with_func[originalInput6] - TypeError: x_clip__mutmut_7() missing 2 required positional arguments: 'loweLim' and 'upperLim'
FAILED mutants/tests/clipTest.py::test_clip_with_func[originalInput7] - TypeError: x_clip__mutmut_7() missing 2 required positional arguments: 'loweLim' and 'upperLim'
FAILED mutants/tests/clipTest.py::test_clip_with_func[originalInput8] - TypeError: x_clip__mutmut_7() missing 2 required positional arguments: 'loweLim' and 'upperLim'
FAILED mutants/tests/clipTest.py::test_clip_with_func[originalInput9] - TypeError: x_clip__mutmut_7() missing 2 required positional arguments: 'loweLim' and 'upperLim'
10 failed, 1 warning in 0.02s
❌ x_clip__mutmut_7 存在失败 (退出码 1)

================================================================================
RUNNING clip.py :: x_clip__mutmut_8  -  2025-10-16T10:01:14.858982
================================================================================

>>> 当前使用的函数: x_clip__mutmut_8
函数源码如下：
def x_clip__mutmut_8(a, loweLim, upperLim):
    r = []
    for i in range(0, len(a)):
        if a[i] < loweLim:
            r[i] = None
        else:
            if a[i] > upperLim:
                r[i] = upperLim
            else:
                r[i] = a[i]

    return r

FFFFFFFFFF
========================================================== FAILURES ==========================================================
____________________________________________ test_clip_with_func[originalInput0] _____________________________________________
mutants/tests/clipTest.py:119: in test_clip_with_func
    originalResult = func(originalInput)
E   TypeError: x_clip__mutmut_8() missing 2 required positional arguments: 'loweLim' and 'upperLim'
____________________________________________ test_clip_with_func[originalInput1] _____________________________________________
mutants/tests/clipTest.py:119: in test_clip_with_func
    originalResult = func(originalInput)
E   TypeError: x_clip__mutmut_8() missing 2 required positional arguments: 'loweLim' and 'upperLim'
____________________________________________ test_clip_with_func[originalInput2] _____________________________________________
mutants/tests/clipTest.py:119: in test_clip_with_func
    originalResult = func(originalInput)
E   TypeError: x_clip__mutmut_8() missing 2 required positional arguments: 'loweLim' and 'upperLim'
____________________________________________ test_clip_with_func[originalInput3] _____________________________________________
mutants/tests/clipTest.py:119: in test_clip_with_func
    originalResult = func(originalInput)
E   TypeError: x_clip__mutmut_8() missing 2 required positional arguments: 'loweLim' and 'upperLim'
____________________________________________ test_clip_with_func[originalInput4] _____________________________________________
mutants/tests/clipTest.py:119: in test_clip_with_func
    originalResult = func(originalInput)
E   TypeError: x_clip__mutmut_8() missing 2 required positional arguments: 'loweLim' and 'upperLim'
____________________________________________ test_clip_with_func[originalInput5] _____________________________________________
mutants/tests/clipTest.py:119: in test_clip_with_func
    originalResult = func(originalInput)
E   TypeError: x_clip__mutmut_8() missing 2 required positional arguments: 'loweLim' and 'upperLim'
____________________________________________ test_clip_with_func[originalInput6] _____________________________________________
mutants/tests/clipTest.py:119: in test_clip_with_func
    originalResult = func(originalInput)
E   TypeError: x_clip__mutmut_8() missing 2 required positional arguments: 'loweLim' and 'upperLim'
____________________________________________ test_clip_with_func[originalInput7] _____________________________________________
mutants/tests/clipTest.py:119: in test_clip_with_func
    originalResult = func(originalInput)
E   TypeError: x_clip__mutmut_8() missing 2 required positional arguments: 'loweLim' and 'upperLim'
____________________________________________ test_clip_with_func[originalInput8] _____________________________________________
mutants/tests/clipTest.py:119: in test_clip_with_func
    originalResult = func(originalInput)
E   TypeError: x_clip__mutmut_8() missing 2 required positional arguments: 'loweLim' and 'upperLim'
____________________________________________ test_clip_with_func[originalInput9] _____________________________________________
mutants/tests/clipTest.py:119: in test_clip_with_func
    originalResult = func(originalInput)
E   TypeError: x_clip__mutmut_8() missing 2 required positional arguments: 'loweLim' and 'upperLim'
====================================================== warnings summary ======================================================
../../anaconda3/envs/mutmut39/lib/python3.9/site-packages/_pytest/config/__init__.py:1474
  /home/rts/anaconda3/envs/mutmut39/lib/python3.9/site-packages/_pytest/config/__init__.py:1474: PytestConfigWarning: Unknown config option: pytest -vv --tb
  
    self._warn_or_fail_if_strict(f"Unknown config option: {key}\n")

-- Docs: https://docs.pytest.org/en/stable/how-to/capture-warnings.html
================================================== short test summary info ===================================================
FAILED mutants/tests/clipTest.py::test_clip_with_func[originalInput0] - TypeError: x_clip__mutmut_8() missing 2 required positional arguments: 'loweLim' and 'upperLim'
FAILED mutants/tests/clipTest.py::test_clip_with_func[originalInput1] - TypeError: x_clip__mutmut_8() missing 2 required positional arguments: 'loweLim' and 'upperLim'
FAILED mutants/tests/clipTest.py::test_clip_with_func[originalInput2] - TypeError: x_clip__mutmut_8() missing 2 required positional arguments: 'loweLim' and 'upperLim'
FAILED mutants/tests/clipTest.py::test_clip_with_func[originalInput3] - TypeError: x_clip__mutmut_8() missing 2 required positional arguments: 'loweLim' and 'upperLim'
FAILED mutants/tests/clipTest.py::test_clip_with_func[originalInput4] - TypeError: x_clip__mutmut_8() missing 2 required positional arguments: 'loweLim' and 'upperLim'
FAILED mutants/tests/clipTest.py::test_clip_with_func[originalInput5] - TypeError: x_clip__mutmut_8() missing 2 required positional arguments: 'loweLim' and 'upperLim'
FAILED mutants/tests/clipTest.py::test_clip_with_func[originalInput6] - TypeError: x_clip__mutmut_8() missing 2 required positional arguments: 'loweLim' and 'upperLim'
FAILED mutants/tests/clipTest.py::test_clip_with_func[originalInput7] - TypeError: x_clip__mutmut_8() missing 2 required positional arguments: 'loweLim' and 'upperLim'
FAILED mutants/tests/clipTest.py::test_clip_with_func[originalInput8] - TypeError: x_clip__mutmut_8() missing 2 required positional arguments: 'loweLim' and 'upperLim'
FAILED mutants/tests/clipTest.py::test_clip_with_func[originalInput9] - TypeError: x_clip__mutmut_8() missing 2 required positional arguments: 'loweLim' and 'upperLim'
10 failed, 1 warning in 0.02s
❌ x_clip__mutmut_8 存在失败 (退出码 1)

================================================================================
RUNNING clip.py :: x_clip__mutmut_9  -  2025-10-16T10:01:14.922816
================================================================================

>>> 当前使用的函数: x_clip__mutmut_9
函数源码如下：
def x_clip__mutmut_9(a, loweLim, upperLim):
    r = []
    for i in range(0, len(a)):
        if a[i] < loweLim:
            r[i] = loweLim
        else:
            if a[i] >= upperLim:
                r[i] = upperLim
            else:
                r[i] = a[i]

    return r

FFFFFFFFFF
========================================================== FAILURES ==========================================================
____________________________________________ test_clip_with_func[originalInput0] _____________________________________________
mutants/tests/clipTest.py:119: in test_clip_with_func
    originalResult = func(originalInput)
E   TypeError: x_clip__mutmut_9() missing 2 required positional arguments: 'loweLim' and 'upperLim'
____________________________________________ test_clip_with_func[originalInput1] _____________________________________________
mutants/tests/clipTest.py:119: in test_clip_with_func
    originalResult = func(originalInput)
E   TypeError: x_clip__mutmut_9() missing 2 required positional arguments: 'loweLim' and 'upperLim'
____________________________________________ test_clip_with_func[originalInput2] _____________________________________________
mutants/tests/clipTest.py:119: in test_clip_with_func
    originalResult = func(originalInput)
E   TypeError: x_clip__mutmut_9() missing 2 required positional arguments: 'loweLim' and 'upperLim'
____________________________________________ test_clip_with_func[originalInput3] _____________________________________________
mutants/tests/clipTest.py:119: in test_clip_with_func
    originalResult = func(originalInput)
E   TypeError: x_clip__mutmut_9() missing 2 required positional arguments: 'loweLim' and 'upperLim'
____________________________________________ test_clip_with_func[originalInput4] _____________________________________________
mutants/tests/clipTest.py:119: in test_clip_with_func
    originalResult = func(originalInput)
E   TypeError: x_clip__mutmut_9() missing 2 required positional arguments: 'loweLim' and 'upperLim'
____________________________________________ test_clip_with_func[originalInput5] _____________________________________________
mutants/tests/clipTest.py:119: in test_clip_with_func
    originalResult = func(originalInput)
E   TypeError: x_clip__mutmut_9() missing 2 required positional arguments: 'loweLim' and 'upperLim'
____________________________________________ test_clip_with_func[originalInput6] _____________________________________________
mutants/tests/clipTest.py:119: in test_clip_with_func
    originalResult = func(originalInput)
E   TypeError: x_clip__mutmut_9() missing 2 required positional arguments: 'loweLim' and 'upperLim'
____________________________________________ test_clip_with_func[originalInput7] _____________________________________________
mutants/tests/clipTest.py:119: in test_clip_with_func
    originalResult = func(originalInput)
E   TypeError: x_clip__mutmut_9() missing 2 required positional arguments: 'loweLim' and 'upperLim'
____________________________________________ test_clip_with_func[originalInput8] _____________________________________________
mutants/tests/clipTest.py:119: in test_clip_with_func
    originalResult = func(originalInput)
E   TypeError: x_clip__mutmut_9() missing 2 required positional arguments: 'loweLim' and 'upperLim'
____________________________________________ test_clip_with_func[originalInput9] _____________________________________________
mutants/tests/clipTest.py:119: in test_clip_with_func
    originalResult = func(originalInput)
E   TypeError: x_clip__mutmut_9() missing 2 required positional arguments: 'loweLim' and 'upperLim'
====================================================== warnings summary ======================================================
../../anaconda3/envs/mutmut39/lib/python3.9/site-packages/_pytest/config/__init__.py:1474
  /home/rts/anaconda3/envs/mutmut39/lib/python3.9/site-packages/_pytest/config/__init__.py:1474: PytestConfigWarning: Unknown config option: pytest -vv --tb
  
    self._warn_or_fail_if_strict(f"Unknown config option: {key}\n")

-- Docs: https://docs.pytest.org/en/stable/how-to/capture-warnings.html
================================================== short test summary info ===================================================
FAILED mutants/tests/clipTest.py::test_clip_with_func[originalInput0] - TypeError: x_clip__mutmut_9() missing 2 required positional arguments: 'loweLim' and 'upperLim'
FAILED mutants/tests/clipTest.py::test_clip_with_func[originalInput1] - TypeError: x_clip__mutmut_9() missing 2 required positional arguments: 'loweLim' and 'upperLim'
FAILED mutants/tests/clipTest.py::test_clip_with_func[originalInput2] - TypeError: x_clip__mutmut_9() missing 2 required positional arguments: 'loweLim' and 'upperLim'
FAILED mutants/tests/clipTest.py::test_clip_with_func[originalInput3] - TypeError: x_clip__mutmut_9() missing 2 required positional arguments: 'loweLim' and 'upperLim'
FAILED mutants/tests/clipTest.py::test_clip_with_func[originalInput4] - TypeError: x_clip__mutmut_9() missing 2 required positional arguments: 'loweLim' and 'upperLim'
FAILED mutants/tests/clipTest.py::test_clip_with_func[originalInput5] - TypeError: x_clip__mutmut_9() missing 2 required positional arguments: 'loweLim' and 'upperLim'
FAILED mutants/tests/clipTest.py::test_clip_with_func[originalInput6] - TypeError: x_clip__mutmut_9() missing 2 required positional arguments: 'loweLim' and 'upperLim'
FAILED mutants/tests/clipTest.py::test_clip_with_func[originalInput7] - TypeError: x_clip__mutmut_9() missing 2 required positional arguments: 'loweLim' and 'upperLim'
FAILED mutants/tests/clipTest.py::test_clip_with_func[originalInput8] - TypeError: x_clip__mutmut_9() missing 2 required positional arguments: 'loweLim' and 'upperLim'
FAILED mutants/tests/clipTest.py::test_clip_with_func[originalInput9] - TypeError: x_clip__mutmut_9() missing 2 required positional arguments: 'loweLim' and 'upperLim'
10 failed, 1 warning in 0.03s
❌ x_clip__mutmut_9 存在失败 (退出码 1)

================================================================================
RUNNING clip.py :: x_clip__mutmut_orig  -  2025-10-16T10:01:14.988268
================================================================================

>>> 当前使用的函数: x_clip__mutmut_orig
函数源码如下：
def x_clip__mutmut_orig(a, loweLim, upperLim):
    r = []
    for i in range(0, len(a)):
        if a[i] < loweLim:
            r[i] = loweLim
        else:
            if a[i] > upperLim:
                r[i] = upperLim
            else:
                r[i] = a[i]

    return r

FFFFFFFFFF
========================================================== FAILURES ==========================================================
____________________________________________ test_clip_with_func[originalInput0] _____________________________________________
mutants/tests/clipTest.py:119: in test_clip_with_func
    originalResult = func(originalInput)
E   TypeError: x_clip__mutmut_orig() missing 2 required positional arguments: 'loweLim' and 'upperLim'
____________________________________________ test_clip_with_func[originalInput1] _____________________________________________
mutants/tests/clipTest.py:119: in test_clip_with_func
    originalResult = func(originalInput)
E   TypeError: x_clip__mutmut_orig() missing 2 required positional arguments: 'loweLim' and 'upperLim'
____________________________________________ test_clip_with_func[originalInput2] _____________________________________________
mutants/tests/clipTest.py:119: in test_clip_with_func
    originalResult = func(originalInput)
E   TypeError: x_clip__mutmut_orig() missing 2 required positional arguments: 'loweLim' and 'upperLim'
____________________________________________ test_clip_with_func[originalInput3] _____________________________________________
mutants/tests/clipTest.py:119: in test_clip_with_func
    originalResult = func(originalInput)
E   TypeError: x_clip__mutmut_orig() missing 2 required positional arguments: 'loweLim' and 'upperLim'
____________________________________________ test_clip_with_func[originalInput4] _____________________________________________
mutants/tests/clipTest.py:119: in test_clip_with_func
    originalResult = func(originalInput)
E   TypeError: x_clip__mutmut_orig() missing 2 required positional arguments: 'loweLim' and 'upperLim'
____________________________________________ test_clip_with_func[originalInput5] _____________________________________________
mutants/tests/clipTest.py:119: in test_clip_with_func
    originalResult = func(originalInput)
E   TypeError: x_clip__mutmut_orig() missing 2 required positional arguments: 'loweLim' and 'upperLim'
____________________________________________ test_clip_with_func[originalInput6] _____________________________________________
mutants/tests/clipTest.py:119: in test_clip_with_func
    originalResult = func(originalInput)
E   TypeError: x_clip__mutmut_orig() missing 2 required positional arguments: 'loweLim' and 'upperLim'
____________________________________________ test_clip_with_func[originalInput7] _____________________________________________
mutants/tests/clipTest.py:119: in test_clip_with_func
    originalResult = func(originalInput)
E   TypeError: x_clip__mutmut_orig() missing 2 required positional arguments: 'loweLim' and 'upperLim'
____________________________________________ test_clip_with_func[originalInput8] _____________________________________________
mutants/tests/clipTest.py:119: in test_clip_with_func
    originalResult = func(originalInput)
E   TypeError: x_clip__mutmut_orig() missing 2 required positional arguments: 'loweLim' and 'upperLim'
____________________________________________ test_clip_with_func[originalInput9] _____________________________________________
mutants/tests/clipTest.py:119: in test_clip_with_func
    originalResult = func(originalInput)
E   TypeError: x_clip__mutmut_orig() missing 2 required positional arguments: 'loweLim' and 'upperLim'
====================================================== warnings summary ======================================================
../../anaconda3/envs/mutmut39/lib/python3.9/site-packages/_pytest/config/__init__.py:1474
  /home/rts/anaconda3/envs/mutmut39/lib/python3.9/site-packages/_pytest/config/__init__.py:1474: PytestConfigWarning: Unknown config option: pytest -vv --tb
  
    self._warn_or_fail_if_strict(f"Unknown config option: {key}\n")

-- Docs: https://docs.pytest.org/en/stable/how-to/capture-warnings.html
================================================== short test summary info ===================================================
FAILED mutants/tests/clipTest.py::test_clip_with_func[originalInput0] - TypeError: x_clip__mutmut_orig() missing 2 required positional arguments: 'loweLim' and 'upperLim'
FAILED mutants/tests/clipTest.py::test_clip_with_func[originalInput1] - TypeError: x_clip__mutmut_orig() missing 2 required positional arguments: 'loweLim' and 'upperLim'
FAILED mutants/tests/clipTest.py::test_clip_with_func[originalInput2] - TypeError: x_clip__mutmut_orig() missing 2 required positional arguments: 'loweLim' and 'upperLim'
FAILED mutants/tests/clipTest.py::test_clip_with_func[originalInput3] - TypeError: x_clip__mutmut_orig() missing 2 required positional arguments: 'loweLim' and 'upperLim'
FAILED mutants/tests/clipTest.py::test_clip_with_func[originalInput4] - TypeError: x_clip__mutmut_orig() missing 2 required positional arguments: 'loweLim' and 'upperLim'
FAILED mutants/tests/clipTest.py::test_clip_with_func[originalInput5] - TypeError: x_clip__mutmut_orig() missing 2 required positional arguments: 'loweLim' and 'upperLim'
FAILED mutants/tests/clipTest.py::test_clip_with_func[originalInput6] - TypeError: x_clip__mutmut_orig() missing 2 required positional arguments: 'loweLim' and 'upperLim'
FAILED mutants/tests/clipTest.py::test_clip_with_func[originalInput7] - TypeError: x_clip__mutmut_orig() missing 2 required positional arguments: 'loweLim' and 'upperLim'
FAILED mutants/tests/clipTest.py::test_clip_with_func[originalInput8] - TypeError: x_clip__mutmut_orig() missing 2 required positional arguments: 'loweLim' and 'upperLim'
FAILED mutants/tests/clipTest.py::test_clip_with_func[originalInput9] - TypeError: x_clip__mutmut_orig() missing 2 required positional arguments: 'loweLim' and 'upperLim'
10 failed, 1 warning in 0.03s
❌ x_clip__mutmut_orig 存在失败 (退出码 1)
