
=== Running tests for single mutant file: cal_Diff.py ===

================================================================================
RUNNING cal_Diff.py :: x_cal_Diff__mutmut_1  -  2025-10-16T09:59:11.096221
================================================================================

>>> 当前使用的函数: x_cal_Diff__mutmut_1
函数源码如下：
def x_cal_Diff__mutmut_1(x, y):
    z = None

    for i in range(0, len(x)):
        z.append(y[i] - x[i])

    return z

FFFFFFFFFF
========================================================== FAILURES ==========================================================
________________________________ test_cal_Diff_with_func[originalInput1_10-originalInput1_20] ________________________________
mutants/tests/cal_DiffTest.py:174: in test_cal_Diff_with_func
    originalResult = func(originalInput1_1, originalInput1_2)
mutants/src/cal_Diff.py:44: in x_cal_Diff__mutmut_1
    z.append(y[i] - x[i])
E   AttributeError: 'NoneType' object has no attribute 'append'
________________________________ test_cal_Diff_with_func[originalInput1_11-originalInput1_21] ________________________________
mutants/tests/cal_DiffTest.py:174: in test_cal_Diff_with_func
    originalResult = func(originalInput1_1, originalInput1_2)
mutants/src/cal_Diff.py:44: in x_cal_Diff__mutmut_1
    z.append(y[i] - x[i])
E   AttributeError: 'NoneType' object has no attribute 'append'
________________________________ test_cal_Diff_with_func[originalInput1_12-originalInput1_22] ________________________________
mutants/tests/cal_DiffTest.py:174: in test_cal_Diff_with_func
    originalResult = func(originalInput1_1, originalInput1_2)
mutants/src/cal_Diff.py:44: in x_cal_Diff__mutmut_1
    z.append(y[i] - x[i])
E   AttributeError: 'NoneType' object has no attribute 'append'
________________________________ test_cal_Diff_with_func[originalInput1_13-originalInput1_23] ________________________________
mutants/tests/cal_DiffTest.py:174: in test_cal_Diff_with_func
    originalResult = func(originalInput1_1, originalInput1_2)
mutants/src/cal_Diff.py:44: in x_cal_Diff__mutmut_1
    z.append(y[i] - x[i])
E   AttributeError: 'NoneType' object has no attribute 'append'
________________________________ test_cal_Diff_with_func[originalInput1_14-originalInput1_24] ________________________________
mutants/tests/cal_DiffTest.py:174: in test_cal_Diff_with_func
    originalResult = func(originalInput1_1, originalInput1_2)
mutants/src/cal_Diff.py:44: in x_cal_Diff__mutmut_1
    z.append(y[i] - x[i])
E   AttributeError: 'NoneType' object has no attribute 'append'
________________________________ test_cal_Diff_with_func[originalInput1_15-originalInput1_25] ________________________________
mutants/tests/cal_DiffTest.py:174: in test_cal_Diff_with_func
    originalResult = func(originalInput1_1, originalInput1_2)
mutants/src/cal_Diff.py:44: in x_cal_Diff__mutmut_1
    z.append(y[i] - x[i])
E   AttributeError: 'NoneType' object has no attribute 'append'
________________________________ test_cal_Diff_with_func[originalInput1_16-originalInput1_26] ________________________________
mutants/tests/cal_DiffTest.py:174: in test_cal_Diff_with_func
    originalResult = func(originalInput1_1, originalInput1_2)
mutants/src/cal_Diff.py:44: in x_cal_Diff__mutmut_1
    z.append(y[i] - x[i])
E   AttributeError: 'NoneType' object has no attribute 'append'
________________________________ test_cal_Diff_with_func[originalInput1_17-originalInput1_27] ________________________________
mutants/tests/cal_DiffTest.py:174: in test_cal_Diff_with_func
    originalResult = func(originalInput1_1, originalInput1_2)
mutants/src/cal_Diff.py:44: in x_cal_Diff__mutmut_1
    z.append(y[i] - x[i])
E   AttributeError: 'NoneType' object has no attribute 'append'
________________________________ test_cal_Diff_with_func[originalInput1_18-originalInput1_28] ________________________________
mutants/tests/cal_DiffTest.py:174: in test_cal_Diff_with_func
    originalResult = func(originalInput1_1, originalInput1_2)
mutants/src/cal_Diff.py:44: in x_cal_Diff__mutmut_1
    z.append(y[i] - x[i])
E   AttributeError: 'NoneType' object has no attribute 'append'
________________________________ test_cal_Diff_with_func[originalInput1_19-originalInput1_29] ________________________________
mutants/tests/cal_DiffTest.py:174: in test_cal_Diff_with_func
    originalResult = func(originalInput1_1, originalInput1_2)
mutants/src/cal_Diff.py:44: in x_cal_Diff__mutmut_1
    z.append(y[i] - x[i])
E   AttributeError: 'NoneType' object has no attribute 'append'
====================================================== warnings summary ======================================================
../../anaconda3/envs/mutmut39/lib/python3.9/site-packages/_pytest/config/__init__.py:1474
  /home/rts/anaconda3/envs/mutmut39/lib/python3.9/site-packages/_pytest/config/__init__.py:1474: PytestConfigWarning: Unknown config option: pytest -vv --tb
  
    self._warn_or_fail_if_strict(f"Unknown config option: {key}\n")

-- Docs: https://docs.pytest.org/en/stable/how-to/capture-warnings.html
================================================== short test summary info ===================================================
FAILED mutants/tests/cal_DiffTest.py::test_cal_Diff_with_func[originalInput1_10-originalInput1_20] - AttributeError: 'NoneType' object has no attribute 'append'
FAILED mutants/tests/cal_DiffTest.py::test_cal_Diff_with_func[originalInput1_11-originalInput1_21] - AttributeError: 'NoneType' object has no attribute 'append'
FAILED mutants/tests/cal_DiffTest.py::test_cal_Diff_with_func[originalInput1_12-originalInput1_22] - AttributeError: 'NoneType' object has no attribute 'append'
FAILED mutants/tests/cal_DiffTest.py::test_cal_Diff_with_func[originalInput1_13-originalInput1_23] - AttributeError: 'NoneType' object has no attribute 'append'
FAILED mutants/tests/cal_DiffTest.py::test_cal_Diff_with_func[originalInput1_14-originalInput1_24] - AttributeError: 'NoneType' object has no attribute 'append'
FAILED mutants/tests/cal_DiffTest.py::test_cal_Diff_with_func[originalInput1_15-originalInput1_25] - AttributeError: 'NoneType' object has no attribute 'append'
FAILED mutants/tests/cal_DiffTest.py::test_cal_Diff_with_func[originalInput1_16-originalInput1_26] - AttributeError: 'NoneType' object has no attribute 'append'
FAILED mutants/tests/cal_DiffTest.py::test_cal_Diff_with_func[originalInput1_17-originalInput1_27] - AttributeError: 'NoneType' object has no attribute 'append'
FAILED mutants/tests/cal_DiffTest.py::test_cal_Diff_with_func[originalInput1_18-originalInput1_28] - AttributeError: 'NoneType' object has no attribute 'append'
FAILED mutants/tests/cal_DiffTest.py::test_cal_Diff_with_func[originalInput1_19-originalInput1_29] - AttributeError: 'NoneType' object has no attribute 'append'
10 failed, 1 warning in 0.08s
❌ x_cal_Diff__mutmut_1 存在失败 (退出码 1)

================================================================================
RUNNING cal_Diff.py :: x_cal_Diff__mutmut_2  -  2025-10-16T09:59:11.247550
================================================================================

>>> 当前使用的函数: x_cal_Diff__mutmut_2
函数源码如下：
def x_cal_Diff__mutmut_2(x, y):
    z = []

    for i in range(None, len(x)):
        z.append(y[i] - x[i])

    return z

FFFFFFFFFF
========================================================== FAILURES ==========================================================
________________________________ test_cal_Diff_with_func[originalInput1_10-originalInput1_20] ________________________________
mutants/tests/cal_DiffTest.py:174: in test_cal_Diff_with_func
    originalResult = func(originalInput1_1, originalInput1_2)
mutants/src/cal_Diff.py:50: in x_cal_Diff__mutmut_2
    for i in range(None, len(x)):
E   TypeError: 'NoneType' object cannot be interpreted as an integer
________________________________ test_cal_Diff_with_func[originalInput1_11-originalInput1_21] ________________________________
mutants/tests/cal_DiffTest.py:174: in test_cal_Diff_with_func
    originalResult = func(originalInput1_1, originalInput1_2)
mutants/src/cal_Diff.py:50: in x_cal_Diff__mutmut_2
    for i in range(None, len(x)):
E   TypeError: 'NoneType' object cannot be interpreted as an integer
________________________________ test_cal_Diff_with_func[originalInput1_12-originalInput1_22] ________________________________
mutants/tests/cal_DiffTest.py:174: in test_cal_Diff_with_func
    originalResult = func(originalInput1_1, originalInput1_2)
mutants/src/cal_Diff.py:50: in x_cal_Diff__mutmut_2
    for i in range(None, len(x)):
E   TypeError: 'NoneType' object cannot be interpreted as an integer
________________________________ test_cal_Diff_with_func[originalInput1_13-originalInput1_23] ________________________________
mutants/tests/cal_DiffTest.py:174: in test_cal_Diff_with_func
    originalResult = func(originalInput1_1, originalInput1_2)
mutants/src/cal_Diff.py:50: in x_cal_Diff__mutmut_2
    for i in range(None, len(x)):
E   TypeError: 'NoneType' object cannot be interpreted as an integer
________________________________ test_cal_Diff_with_func[originalInput1_14-originalInput1_24] ________________________________
mutants/tests/cal_DiffTest.py:174: in test_cal_Diff_with_func
    originalResult = func(originalInput1_1, originalInput1_2)
mutants/src/cal_Diff.py:50: in x_cal_Diff__mutmut_2
    for i in range(None, len(x)):
E   TypeError: 'NoneType' object cannot be interpreted as an integer
________________________________ test_cal_Diff_with_func[originalInput1_15-originalInput1_25] ________________________________
mutants/tests/cal_DiffTest.py:174: in test_cal_Diff_with_func
    originalResult = func(originalInput1_1, originalInput1_2)
mutants/src/cal_Diff.py:50: in x_cal_Diff__mutmut_2
    for i in range(None, len(x)):
E   TypeError: 'NoneType' object cannot be interpreted as an integer
________________________________ test_cal_Diff_with_func[originalInput1_16-originalInput1_26] ________________________________
mutants/tests/cal_DiffTest.py:174: in test_cal_Diff_with_func
    originalResult = func(originalInput1_1, originalInput1_2)
mutants/src/cal_Diff.py:50: in x_cal_Diff__mutmut_2
    for i in range(None, len(x)):
E   TypeError: 'NoneType' object cannot be interpreted as an integer
________________________________ test_cal_Diff_with_func[originalInput1_17-originalInput1_27] ________________________________
mutants/tests/cal_DiffTest.py:174: in test_cal_Diff_with_func
    originalResult = func(originalInput1_1, originalInput1_2)
mutants/src/cal_Diff.py:50: in x_cal_Diff__mutmut_2
    for i in range(None, len(x)):
E   TypeError: 'NoneType' object cannot be interpreted as an integer
________________________________ test_cal_Diff_with_func[originalInput1_18-originalInput1_28] ________________________________
mutants/tests/cal_DiffTest.py:174: in test_cal_Diff_with_func
    originalResult = func(originalInput1_1, originalInput1_2)
mutants/src/cal_Diff.py:50: in x_cal_Diff__mutmut_2
    for i in range(None, len(x)):
E   TypeError: 'NoneType' object cannot be interpreted as an integer
________________________________ test_cal_Diff_with_func[originalInput1_19-originalInput1_29] ________________________________
mutants/tests/cal_DiffTest.py:174: in test_cal_Diff_with_func
    originalResult = func(originalInput1_1, originalInput1_2)
mutants/src/cal_Diff.py:50: in x_cal_Diff__mutmut_2
    for i in range(None, len(x)):
E   TypeError: 'NoneType' object cannot be interpreted as an integer
====================================================== warnings summary ======================================================
../../anaconda3/envs/mutmut39/lib/python3.9/site-packages/_pytest/config/__init__.py:1474
  /home/rts/anaconda3/envs/mutmut39/lib/python3.9/site-packages/_pytest/config/__init__.py:1474: PytestConfigWarning: Unknown config option: pytest -vv --tb
  
    self._warn_or_fail_if_strict(f"Unknown config option: {key}\n")

-- Docs: https://docs.pytest.org/en/stable/how-to/capture-warnings.html
================================================== short test summary info ===================================================
FAILED mutants/tests/cal_DiffTest.py::test_cal_Diff_with_func[originalInput1_10-originalInput1_20] - TypeError: 'NoneType' object cannot be interpreted as an integer
FAILED mutants/tests/cal_DiffTest.py::test_cal_Diff_with_func[originalInput1_11-originalInput1_21] - TypeError: 'NoneType' object cannot be interpreted as an integer
FAILED mutants/tests/cal_DiffTest.py::test_cal_Diff_with_func[originalInput1_12-originalInput1_22] - TypeError: 'NoneType' object cannot be interpreted as an integer
FAILED mutants/tests/cal_DiffTest.py::test_cal_Diff_with_func[originalInput1_13-originalInput1_23] - TypeError: 'NoneType' object cannot be interpreted as an integer
FAILED mutants/tests/cal_DiffTest.py::test_cal_Diff_with_func[originalInput1_14-originalInput1_24] - TypeError: 'NoneType' object cannot be interpreted as an integer
FAILED mutants/tests/cal_DiffTest.py::test_cal_Diff_with_func[originalInput1_15-originalInput1_25] - TypeError: 'NoneType' object cannot be interpreted as an integer
FAILED mutants/tests/cal_DiffTest.py::test_cal_Diff_with_func[originalInput1_16-originalInput1_26] - TypeError: 'NoneType' object cannot be interpreted as an integer
FAILED mutants/tests/cal_DiffTest.py::test_cal_Diff_with_func[originalInput1_17-originalInput1_27] - TypeError: 'NoneType' object cannot be interpreted as an integer
FAILED mutants/tests/cal_DiffTest.py::test_cal_Diff_with_func[originalInput1_18-originalInput1_28] - TypeError: 'NoneType' object cannot be interpreted as an integer
FAILED mutants/tests/cal_DiffTest.py::test_cal_Diff_with_func[originalInput1_19-originalInput1_29] - TypeError: 'NoneType' object cannot be interpreted as an integer
10 failed, 1 warning in 0.04s
❌ x_cal_Diff__mutmut_2 存在失败 (退出码 1)

================================================================================
RUNNING cal_Diff.py :: x_cal_Diff__mutmut_3  -  2025-10-16T09:59:11.328649
================================================================================

>>> 当前使用的函数: x_cal_Diff__mutmut_3
函数源码如下：
def x_cal_Diff__mutmut_3(x, y):
    z = []

    for i in range(0, None):
        z.append(y[i] - x[i])

    return z

FFFFFFFFFF
========================================================== FAILURES ==========================================================
________________________________ test_cal_Diff_with_func[originalInput1_10-originalInput1_20] ________________________________
mutants/tests/cal_DiffTest.py:174: in test_cal_Diff_with_func
    originalResult = func(originalInput1_1, originalInput1_2)
mutants/src/cal_Diff.py:57: in x_cal_Diff__mutmut_3
    for i in range(0, None):
E   TypeError: 'NoneType' object cannot be interpreted as an integer
________________________________ test_cal_Diff_with_func[originalInput1_11-originalInput1_21] ________________________________
mutants/tests/cal_DiffTest.py:174: in test_cal_Diff_with_func
    originalResult = func(originalInput1_1, originalInput1_2)
mutants/src/cal_Diff.py:57: in x_cal_Diff__mutmut_3
    for i in range(0, None):
E   TypeError: 'NoneType' object cannot be interpreted as an integer
________________________________ test_cal_Diff_with_func[originalInput1_12-originalInput1_22] ________________________________
mutants/tests/cal_DiffTest.py:174: in test_cal_Diff_with_func
    originalResult = func(originalInput1_1, originalInput1_2)
mutants/src/cal_Diff.py:57: in x_cal_Diff__mutmut_3
    for i in range(0, None):
E   TypeError: 'NoneType' object cannot be interpreted as an integer
________________________________ test_cal_Diff_with_func[originalInput1_13-originalInput1_23] ________________________________
mutants/tests/cal_DiffTest.py:174: in test_cal_Diff_with_func
    originalResult = func(originalInput1_1, originalInput1_2)
mutants/src/cal_Diff.py:57: in x_cal_Diff__mutmut_3
    for i in range(0, None):
E   TypeError: 'NoneType' object cannot be interpreted as an integer
________________________________ test_cal_Diff_with_func[originalInput1_14-originalInput1_24] ________________________________
mutants/tests/cal_DiffTest.py:174: in test_cal_Diff_with_func
    originalResult = func(originalInput1_1, originalInput1_2)
mutants/src/cal_Diff.py:57: in x_cal_Diff__mutmut_3
    for i in range(0, None):
E   TypeError: 'NoneType' object cannot be interpreted as an integer
________________________________ test_cal_Diff_with_func[originalInput1_15-originalInput1_25] ________________________________
mutants/tests/cal_DiffTest.py:174: in test_cal_Diff_with_func
    originalResult = func(originalInput1_1, originalInput1_2)
mutants/src/cal_Diff.py:57: in x_cal_Diff__mutmut_3
    for i in range(0, None):
E   TypeError: 'NoneType' object cannot be interpreted as an integer
________________________________ test_cal_Diff_with_func[originalInput1_16-originalInput1_26] ________________________________
mutants/tests/cal_DiffTest.py:174: in test_cal_Diff_with_func
    originalResult = func(originalInput1_1, originalInput1_2)
mutants/src/cal_Diff.py:57: in x_cal_Diff__mutmut_3
    for i in range(0, None):
E   TypeError: 'NoneType' object cannot be interpreted as an integer
________________________________ test_cal_Diff_with_func[originalInput1_17-originalInput1_27] ________________________________
mutants/tests/cal_DiffTest.py:174: in test_cal_Diff_with_func
    originalResult = func(originalInput1_1, originalInput1_2)
mutants/src/cal_Diff.py:57: in x_cal_Diff__mutmut_3
    for i in range(0, None):
E   TypeError: 'NoneType' object cannot be interpreted as an integer
________________________________ test_cal_Diff_with_func[originalInput1_18-originalInput1_28] ________________________________
mutants/tests/cal_DiffTest.py:174: in test_cal_Diff_with_func
    originalResult = func(originalInput1_1, originalInput1_2)
mutants/src/cal_Diff.py:57: in x_cal_Diff__mutmut_3
    for i in range(0, None):
E   TypeError: 'NoneType' object cannot be interpreted as an integer
________________________________ test_cal_Diff_with_func[originalInput1_19-originalInput1_29] ________________________________
mutants/tests/cal_DiffTest.py:174: in test_cal_Diff_with_func
    originalResult = func(originalInput1_1, originalInput1_2)
mutants/src/cal_Diff.py:57: in x_cal_Diff__mutmut_3
    for i in range(0, None):
E   TypeError: 'NoneType' object cannot be interpreted as an integer
====================================================== warnings summary ======================================================
../../anaconda3/envs/mutmut39/lib/python3.9/site-packages/_pytest/config/__init__.py:1474
  /home/rts/anaconda3/envs/mutmut39/lib/python3.9/site-packages/_pytest/config/__init__.py:1474: PytestConfigWarning: Unknown config option: pytest -vv --tb
  
    self._warn_or_fail_if_strict(f"Unknown config option: {key}\n")

-- Docs: https://docs.pytest.org/en/stable/how-to/capture-warnings.html
================================================== short test summary info ===================================================
FAILED mutants/tests/cal_DiffTest.py::test_cal_Diff_with_func[originalInput1_10-originalInput1_20] - TypeError: 'NoneType' object cannot be interpreted as an integer
FAILED mutants/tests/cal_DiffTest.py::test_cal_Diff_with_func[originalInput1_11-originalInput1_21] - TypeError: 'NoneType' object cannot be interpreted as an integer
FAILED mutants/tests/cal_DiffTest.py::test_cal_Diff_with_func[originalInput1_12-originalInput1_22] - TypeError: 'NoneType' object cannot be interpreted as an integer
FAILED mutants/tests/cal_DiffTest.py::test_cal_Diff_with_func[originalInput1_13-originalInput1_23] - TypeError: 'NoneType' object cannot be interpreted as an integer
FAILED mutants/tests/cal_DiffTest.py::test_cal_Diff_with_func[originalInput1_14-originalInput1_24] - TypeError: 'NoneType' object cannot be interpreted as an integer
FAILED mutants/tests/cal_DiffTest.py::test_cal_Diff_with_func[originalInput1_15-originalInput1_25] - TypeError: 'NoneType' object cannot be interpreted as an integer
FAILED mutants/tests/cal_DiffTest.py::test_cal_Diff_with_func[originalInput1_16-originalInput1_26] - TypeError: 'NoneType' object cannot be interpreted as an integer
FAILED mutants/tests/cal_DiffTest.py::test_cal_Diff_with_func[originalInput1_17-originalInput1_27] - TypeError: 'NoneType' object cannot be interpreted as an integer
FAILED mutants/tests/cal_DiffTest.py::test_cal_Diff_with_func[originalInput1_18-originalInput1_28] - TypeError: 'NoneType' object cannot be interpreted as an integer
FAILED mutants/tests/cal_DiffTest.py::test_cal_Diff_with_func[originalInput1_19-originalInput1_29] - TypeError: 'NoneType' object cannot be interpreted as an integer
10 failed, 1 warning in 0.05s
❌ x_cal_Diff__mutmut_3 存在失败 (退出码 1)

================================================================================
RUNNING cal_Diff.py :: x_cal_Diff__mutmut_4  -  2025-10-16T09:59:11.413443
================================================================================

>>> 当前使用的函数: x_cal_Diff__mutmut_4
函数源码如下：
def x_cal_Diff__mutmut_4(x, y):
    z = []

    for i in range(len(x)):
        z.append(y[i] - x[i])

    return z

FFFFFFFFFF
========================================================== FAILURES ==========================================================
________________________________ test_cal_Diff_with_func[originalInput1_10-originalInput1_20] ________________________________

FAILURE: check [2.3, 2.3, 2.3, 2.3, 2.3] == [3.3, 0.3, -1.7, 3.3, 6.3]: OR1 failed (MR1)
mutants/tests/cal_DiffTest.py:175 in test_cal_Diff_with_func() -> applyMR_Assert(originalInput1_1, originalInput1_2, originalResult)
mutants/tests/cal_DiffTest.py:142 in applyMR_Assert() -> check.equal(format_array(originalResult, 2), format_array(transformResult1, 2), "OR1 failed (MR1)")

------------------------------------------------------------
Failed Checks: 1
________________________________ test_cal_Diff_with_func[originalInput1_11-originalInput1_21] ________________________________

FAILURE: check [-4.6, -13.6, -22.6, -31.6] == [-1.6, -23.6, -12.6, -34.6]: OR1 failed (MR1)
mutants/tests/cal_DiffTest.py:175 in test_cal_Diff_with_func() -> applyMR_Assert(originalInput1_1, originalInput1_2, originalResult)
mutants/tests/cal_DiffTest.py:142 in applyMR_Assert() -> check.equal(format_array(originalResult, 2), format_array(transformResult1, 2), "OR1 failed (MR1)")

------------------------------------------------------------
Failed Checks: 1
________________________________ test_cal_Diff_with_func[originalInput1_12-originalInput1_22] ________________________________

FAILURE: check [-2.95, -3.58, -6.85, -16.0] == [-17.94, -1.01, -2.47, -7.96]: OR1 failed (MR1)
mutants/tests/cal_DiffTest.py:175 in test_cal_Diff_with_func() -> applyMR_Assert(originalInput1_1, originalInput1_2, originalResult)
mutants/tests/cal_DiffTest.py:142 in applyMR_Assert() -> check.equal(format_array(originalResult, 2), format_array(transformResult1, 2), "OR1 failed (MR1)")

------------------------------------------------------------
Failed Checks: 1
________________________________ test_cal_Diff_with_func[originalInput1_13-originalInput1_23] ________________________________

FAILURE: check [4.93, 2.77, 1.79, 0.23, -0.83] == [2.77, 4.93, -0.36, 2.38, -0.83]: OR1 failed (MR1)
mutants/tests/cal_DiffTest.py:175 in test_cal_Diff_with_func() -> applyMR_Assert(originalInput1_1, originalInput1_2, originalResult)
mutants/tests/cal_DiffTest.py:142 in applyMR_Assert() -> check.equal(format_array(originalResult, 2), format_array(transformResult1, 2), "OR1 failed (MR1)")

------------------------------------------------------------
Failed Checks: 1
________________________________ test_cal_Diff_with_func[originalInput1_14-originalInput1_24] ________________________________

FAILURE: check [0.99, 3.69, 2.62, -3.34] == [5.63, -3.34, 4.8, -3.13]: OR1 failed (MR1)
mutants/tests/cal_DiffTest.py:175 in test_cal_Diff_with_func() -> applyMR_Assert(originalInput1_1, originalInput1_2, originalResult)
mutants/tests/cal_DiffTest.py:142 in applyMR_Assert() -> check.equal(format_array(originalResult, 2), format_array(transformResult1, 2), "OR1 failed (MR1)")

------------------------------------------------------------
Failed Checks: 1
________________________________ test_cal_Diff_with_func[originalInput1_15-originalInput1_25] ________________________________

FAILURE: check [-7.59, -12.95, -21.84, -35.65] == [-25.65, -37.59, -2.95, -11.84]: OR1 failed (MR1)
mutants/tests/cal_DiffTest.py:175 in test_cal_Diff_with_func() -> applyMR_Assert(originalInput1_1, originalInput1_2, originalResult)
mutants/tests/cal_DiffTest.py:142 in applyMR_Assert() -> check.equal(format_array(originalResult, 2), format_array(transformResult1, 2), "OR1 failed (MR1)")

------------------------------------------------------------
Failed Checks: 1
________________________________ test_cal_Diff_with_func[originalInput1_16-originalInput1_26] ________________________________

FAILURE: check [-2.18, -1.24, -0.06, 1.09, 2.16] == [2.09, 2.16, 1.94, -5.18, -1.24]: OR1 failed (MR1)
mutants/tests/cal_DiffTest.py:175 in test_cal_Diff_with_func() -> applyMR_Assert(originalInput1_1, originalInput1_2, originalResult)
mutants/tests/cal_DiffTest.py:142 in applyMR_Assert() -> check.equal(format_array(originalResult, 2), format_array(transformResult1, 2), "OR1 failed (MR1)")

------------------------------------------------------------
Failed Checks: 1
________________________________ test_cal_Diff_with_func[originalInput1_17-originalInput1_27] ________________________________

FAILURE: check [-1.76, 2.24, -1.76] == [-3.76, 2.24, 0.24]: OR1 failed (MR1)
mutants/tests/cal_DiffTest.py:175 in test_cal_Diff_with_func() -> applyMR_Assert(originalInput1_1, originalInput1_2, originalResult)
mutants/tests/cal_DiffTest.py:142 in applyMR_Assert() -> check.equal(format_array(originalResult, 2), format_array(transformResult1, 2), "OR1 failed (MR1)")

------------------------------------------------------------
Failed Checks: 1
________________________________ test_cal_Diff_with_func[originalInput1_18-originalInput1_28] ________________________________

FAILURE: check [-97.25, -92.98, -93.07, -98.0] == [-93.07, -95.31, -95.3, -97.62]: OR1 failed (MR1)
mutants/tests/cal_DiffTest.py:175 in test_cal_Diff_with_func() -> applyMR_Assert(originalInput1_1, originalInput1_2, originalResult)
mutants/tests/cal_DiffTest.py:142 in applyMR_Assert() -> check.equal(format_array(originalResult, 2), format_array(transformResult1, 2), "OR1 failed (MR1)")

------------------------------------------------------------
Failed Checks: 1
________________________________ test_cal_Diff_with_func[originalInput1_19-originalInput1_29] ________________________________

FAILURE: check [1.76, -2.24, 1.76] == [3.76, 0.76, -3.24]: OR1 failed (MR1)
mutants/tests/cal_DiffTest.py:175 in test_cal_Diff_with_func() -> applyMR_Assert(originalInput1_1, originalInput1_2, originalResult)
mutants/tests/cal_DiffTest.py:142 in applyMR_Assert() -> check.equal(format_array(originalResult, 2), format_array(transformResult1, 2), "OR1 failed (MR1)")

------------------------------------------------------------
Failed Checks: 1
====================================================== warnings summary ======================================================
../../anaconda3/envs/mutmut39/lib/python3.9/site-packages/_pytest/config/__init__.py:1474
  /home/rts/anaconda3/envs/mutmut39/lib/python3.9/site-packages/_pytest/config/__init__.py:1474: PytestConfigWarning: Unknown config option: pytest -vv --tb
  
    self._warn_or_fail_if_strict(f"Unknown config option: {key}\n")

-- Docs: https://docs.pytest.org/en/stable/how-to/capture-warnings.html
================================================== short test summary info ===================================================
FAILED mutants/tests/cal_DiffTest.py::test_cal_Diff_with_func[originalInput1_10-originalInput1_20] - check [2.3, 2.3, 2.3, 2.3, 2.3] == [3.3, 0.3, -1.7, 3.3, 6.3]: OR1 failed (MR1)
FAILED mutants/tests/cal_DiffTest.py::test_cal_Diff_with_func[originalInput1_11-originalInput1_21] - check [-4.6, -13.6, -22.6, -31.6] == [-1.6, -23.6, -12.6, -34.6]: OR1 failed (MR1)
FAILED mutants/tests/cal_DiffTest.py::test_cal_Diff_with_func[originalInput1_12-originalInput1_22] - check [-2.95, -3.58, -6.85, -16.0] == [-17.94, -1.01, -2.47, -7.96]: OR1 failed (MR1)
FAILED mutants/tests/cal_DiffTest.py::test_cal_Diff_with_func[originalInput1_13-originalInput1_23] - check [4.93, 2.77, 1.79, 0.23, -0.83] == [2.77, 4.93, -0.36, 2.38, -0.83]: OR1 failed (MR1)
FAILED mutants/tests/cal_DiffTest.py::test_cal_Diff_with_func[originalInput1_14-originalInput1_24] - check [0.99, 3.69, 2.62, -3.34] == [5.63, -3.34, 4.8, -3.13]: OR1 failed (MR1)
FAILED mutants/tests/cal_DiffTest.py::test_cal_Diff_with_func[originalInput1_15-originalInput1_25] - check [-7.59, -12.95, -21.84, -35.65] == [-25.65, -37.59, -2.95, -11.84]: OR1 failed (MR1)
FAILED mutants/tests/cal_DiffTest.py::test_cal_Diff_with_func[originalInput1_16-originalInput1_26] - check [-2.18, -1.24, -0.06, 1.09, 2.16] == [2.09, 2.16, 1.94, -5.18, -1.24]: OR1 failed (MR1)
FAILED mutants/tests/cal_DiffTest.py::test_cal_Diff_with_func[originalInput1_17-originalInput1_27] - check [-1.76, 2.24, -1.76] == [-3.76, 2.24, 0.24]: OR1 failed (MR1)
FAILED mutants/tests/cal_DiffTest.py::test_cal_Diff_with_func[originalInput1_18-originalInput1_28] - check [-97.25, -92.98, -93.07, -98.0] == [-93.07, -95.31, -95.3, -97.62]: OR1 failed (MR1)
FAILED mutants/tests/cal_DiffTest.py::test_cal_Diff_with_func[originalInput1_19-originalInput1_29] - check [1.76, -2.24, 1.76] == [3.76, 0.76, -3.24]: OR1 failed (MR1)
10 failed, 1 warning in 0.02s
❌ x_cal_Diff__mutmut_4 存在失败 (退出码 1)

================================================================================
RUNNING cal_Diff.py :: x_cal_Diff__mutmut_5  -  2025-10-16T09:59:11.468811
================================================================================

>>> 当前使用的函数: x_cal_Diff__mutmut_5
函数源码如下：
def x_cal_Diff__mutmut_5(x, y):
    z = []

    for i in range(0, ):
        z.append(y[i] - x[i])

    return z

FFFFFFFFFF
========================================================== FAILURES ==========================================================
________________________________ test_cal_Diff_with_func[originalInput1_10-originalInput1_20] ________________________________

FAILURE: check bool(False): OR15 failed (MR15)
mutants/tests/cal_DiffTest.py:175 in test_cal_Diff_with_func() -> applyMR_Assert(originalInput1_1, originalInput1_2, originalResult)
mutants/tests/cal_DiffTest.py:154 in applyMR_Assert() -> check.is_true(array_negation(format_array(originalResult, 2), format_array(transformResult15, 2)),

------------------------------------------------------------
Failed Checks: 1
________________________________ test_cal_Diff_with_func[originalInput1_11-originalInput1_21] ________________________________

FAILURE: check bool(False): OR15 failed (MR15)
mutants/tests/cal_DiffTest.py:175 in test_cal_Diff_with_func() -> applyMR_Assert(originalInput1_1, originalInput1_2, originalResult)
mutants/tests/cal_DiffTest.py:154 in applyMR_Assert() -> check.is_true(array_negation(format_array(originalResult, 2), format_array(transformResult15, 2)),

------------------------------------------------------------
Failed Checks: 1
________________________________ test_cal_Diff_with_func[originalInput1_12-originalInput1_22] ________________________________

FAILURE: check bool(False): OR15 failed (MR15)
mutants/tests/cal_DiffTest.py:175 in test_cal_Diff_with_func() -> applyMR_Assert(originalInput1_1, originalInput1_2, originalResult)
mutants/tests/cal_DiffTest.py:154 in applyMR_Assert() -> check.is_true(array_negation(format_array(originalResult, 2), format_array(transformResult15, 2)),

------------------------------------------------------------
Failed Checks: 1
________________________________ test_cal_Diff_with_func[originalInput1_13-originalInput1_23] ________________________________

FAILURE: check bool(False): OR15 failed (MR15)
mutants/tests/cal_DiffTest.py:175 in test_cal_Diff_with_func() -> applyMR_Assert(originalInput1_1, originalInput1_2, originalResult)
mutants/tests/cal_DiffTest.py:154 in applyMR_Assert() -> check.is_true(array_negation(format_array(originalResult, 2), format_array(transformResult15, 2)),

------------------------------------------------------------
Failed Checks: 1
________________________________ test_cal_Diff_with_func[originalInput1_14-originalInput1_24] ________________________________

FAILURE: check bool(False): OR15 failed (MR15)
mutants/tests/cal_DiffTest.py:175 in test_cal_Diff_with_func() -> applyMR_Assert(originalInput1_1, originalInput1_2, originalResult)
mutants/tests/cal_DiffTest.py:154 in applyMR_Assert() -> check.is_true(array_negation(format_array(originalResult, 2), format_array(transformResult15, 2)),

------------------------------------------------------------
Failed Checks: 1
________________________________ test_cal_Diff_with_func[originalInput1_15-originalInput1_25] ________________________________

FAILURE: check bool(False): OR15 failed (MR15)
mutants/tests/cal_DiffTest.py:175 in test_cal_Diff_with_func() -> applyMR_Assert(originalInput1_1, originalInput1_2, originalResult)
mutants/tests/cal_DiffTest.py:154 in applyMR_Assert() -> check.is_true(array_negation(format_array(originalResult, 2), format_array(transformResult15, 2)),

------------------------------------------------------------
Failed Checks: 1
________________________________ test_cal_Diff_with_func[originalInput1_16-originalInput1_26] ________________________________

FAILURE: check bool(False): OR15 failed (MR15)
mutants/tests/cal_DiffTest.py:175 in test_cal_Diff_with_func() -> applyMR_Assert(originalInput1_1, originalInput1_2, originalResult)
mutants/tests/cal_DiffTest.py:154 in applyMR_Assert() -> check.is_true(array_negation(format_array(originalResult, 2), format_array(transformResult15, 2)),

------------------------------------------------------------
Failed Checks: 1
________________________________ test_cal_Diff_with_func[originalInput1_17-originalInput1_27] ________________________________

FAILURE: check bool(False): OR15 failed (MR15)
mutants/tests/cal_DiffTest.py:175 in test_cal_Diff_with_func() -> applyMR_Assert(originalInput1_1, originalInput1_2, originalResult)
mutants/tests/cal_DiffTest.py:154 in applyMR_Assert() -> check.is_true(array_negation(format_array(originalResult, 2), format_array(transformResult15, 2)),

------------------------------------------------------------
Failed Checks: 1
________________________________ test_cal_Diff_with_func[originalInput1_18-originalInput1_28] ________________________________

FAILURE: check bool(False): OR15 failed (MR15)
mutants/tests/cal_DiffTest.py:175 in test_cal_Diff_with_func() -> applyMR_Assert(originalInput1_1, originalInput1_2, originalResult)
mutants/tests/cal_DiffTest.py:154 in applyMR_Assert() -> check.is_true(array_negation(format_array(originalResult, 2), format_array(transformResult15, 2)),

------------------------------------------------------------
Failed Checks: 1
________________________________ test_cal_Diff_with_func[originalInput1_19-originalInput1_29] ________________________________

FAILURE: check bool(False): OR15 failed (MR15)
mutants/tests/cal_DiffTest.py:175 in test_cal_Diff_with_func() -> applyMR_Assert(originalInput1_1, originalInput1_2, originalResult)
mutants/tests/cal_DiffTest.py:154 in applyMR_Assert() -> check.is_true(array_negation(format_array(originalResult, 2), format_array(transformResult15, 2)),

------------------------------------------------------------
Failed Checks: 1
====================================================== warnings summary ======================================================
../../anaconda3/envs/mutmut39/lib/python3.9/site-packages/_pytest/config/__init__.py:1474
  /home/rts/anaconda3/envs/mutmut39/lib/python3.9/site-packages/_pytest/config/__init__.py:1474: PytestConfigWarning: Unknown config option: pytest -vv --tb
  
    self._warn_or_fail_if_strict(f"Unknown config option: {key}\n")

-- Docs: https://docs.pytest.org/en/stable/how-to/capture-warnings.html
================================================== short test summary info ===================================================
FAILED mutants/tests/cal_DiffTest.py::test_cal_Diff_with_func[originalInput1_10-originalInput1_20] - check bool(False): OR15 failed (MR15)
FAILED mutants/tests/cal_DiffTest.py::test_cal_Diff_with_func[originalInput1_11-originalInput1_21] - check bool(False): OR15 failed (MR15)
FAILED mutants/tests/cal_DiffTest.py::test_cal_Diff_with_func[originalInput1_12-originalInput1_22] - check bool(False): OR15 failed (MR15)
FAILED mutants/tests/cal_DiffTest.py::test_cal_Diff_with_func[originalInput1_13-originalInput1_23] - check bool(False): OR15 failed (MR15)
FAILED mutants/tests/cal_DiffTest.py::test_cal_Diff_with_func[originalInput1_14-originalInput1_24] - check bool(False): OR15 failed (MR15)
FAILED mutants/tests/cal_DiffTest.py::test_cal_Diff_with_func[originalInput1_15-originalInput1_25] - check bool(False): OR15 failed (MR15)
FAILED mutants/tests/cal_DiffTest.py::test_cal_Diff_with_func[originalInput1_16-originalInput1_26] - check bool(False): OR15 failed (MR15)
FAILED mutants/tests/cal_DiffTest.py::test_cal_Diff_with_func[originalInput1_17-originalInput1_27] - check bool(False): OR15 failed (MR15)
FAILED mutants/tests/cal_DiffTest.py::test_cal_Diff_with_func[originalInput1_18-originalInput1_28] - check bool(False): OR15 failed (MR15)
FAILED mutants/tests/cal_DiffTest.py::test_cal_Diff_with_func[originalInput1_19-originalInput1_29] - check bool(False): OR15 failed (MR15)
10 failed, 1 warning in 0.01s
❌ x_cal_Diff__mutmut_5 存在失败 (退出码 1)

================================================================================
RUNNING cal_Diff.py :: x_cal_Diff__mutmut_6  -  2025-10-16T09:59:11.521532
================================================================================

>>> 当前使用的函数: x_cal_Diff__mutmut_6
函数源码如下：
def x_cal_Diff__mutmut_6(x, y):
    z = []

    for i in range(1, len(x)):
        z.append(y[i] - x[i])

    return z

FFFFFFFFFF
========================================================== FAILURES ==========================================================
________________________________ test_cal_Diff_with_func[originalInput1_10-originalInput1_20] ________________________________

FAILURE: check [2.3, 2.3, 2.3, 2.3] == [4.3, 3.3, 0.3, 2.3]: OR1 failed (MR1)
mutants/tests/cal_DiffTest.py:175 in test_cal_Diff_with_func() -> applyMR_Assert(originalInput1_1, originalInput1_2, originalResult)
mutants/tests/cal_DiffTest.py:142 in applyMR_Assert() -> check.equal(format_array(originalResult, 2), format_array(transformResult1, 2), "OR1 failed (MR1)")

------------------------------------------------------------
Failed Checks: 1
________________________________ test_cal_Diff_with_func[originalInput1_11-originalInput1_21] ________________________________

FAILURE: check [-13.6, -22.6, -31.6] == [-11.6, -2.6, -33.6]: OR1 failed (MR1)
mutants/tests/cal_DiffTest.py:175 in test_cal_Diff_with_func() -> applyMR_Assert(originalInput1_1, originalInput1_2, originalResult)
mutants/tests/cal_DiffTest.py:142 in applyMR_Assert() -> check.equal(format_array(originalResult, 2), format_array(transformResult1, 2), "OR1 failed (MR1)")

------------------------------------------------------------
Failed Checks: 1
________________________________ test_cal_Diff_with_func[originalInput1_12-originalInput1_22] ________________________________

FAILURE: check [-3.58, -6.85, -16.0] == [2.8, -7.96, -17.94]: OR1 failed (MR1)
mutants/tests/cal_DiffTest.py:175 in test_cal_Diff_with_func() -> applyMR_Assert(originalInput1_1, originalInput1_2, originalResult)
mutants/tests/cal_DiffTest.py:142 in applyMR_Assert() -> check.equal(format_array(originalResult, 2), format_array(transformResult1, 2), "OR1 failed (MR1)")

------------------------------------------------------------
Failed Checks: 1
________________________________ test_cal_Diff_with_func[originalInput1_13-originalInput1_23] ________________________________

FAILURE: check [2.77, 1.79, 0.23, -0.83] == [-0.36, -0.83, 6.5, 2.99]: OR1 failed (MR1)
mutants/tests/cal_DiffTest.py:175 in test_cal_Diff_with_func() -> applyMR_Assert(originalInput1_1, originalInput1_2, originalResult)
mutants/tests/cal_DiffTest.py:142 in applyMR_Assert() -> check.equal(format_array(originalResult, 2), format_array(transformResult1, 2), "OR1 failed (MR1)")

------------------------------------------------------------
Failed Checks: 1
________________________________ test_cal_Diff_with_func[originalInput1_14-originalInput1_24] ________________________________

FAILURE: check [3.69, 2.62, -3.34] == [2.93, -5.28, 2.62]: OR1 failed (MR1)
mutants/tests/cal_DiffTest.py:175 in test_cal_Diff_with_func() -> applyMR_Assert(originalInput1_1, originalInput1_2, originalResult)
mutants/tests/cal_DiffTest.py:142 in applyMR_Assert() -> check.equal(format_array(originalResult, 2), format_array(transformResult1, 2), "OR1 failed (MR1)")

------------------------------------------------------------
Failed Checks: 1
________________________________ test_cal_Diff_with_func[originalInput1_15-originalInput1_25] ________________________________

FAILURE: check [-12.95, -21.84, -35.65] == [-32.95, -5.65, -21.84]: OR1 failed (MR1)
mutants/tests/cal_DiffTest.py:175 in test_cal_Diff_with_func() -> applyMR_Assert(originalInput1_1, originalInput1_2, originalResult)
mutants/tests/cal_DiffTest.py:142 in applyMR_Assert() -> check.equal(format_array(originalResult, 2), format_array(transformResult1, 2), "OR1 failed (MR1)")

------------------------------------------------------------
Failed Checks: 1
________________________________ test_cal_Diff_with_func[originalInput1_16-originalInput1_26] ________________________________

FAILURE: check [-1.24, -0.06, 1.09, 2.16] == [-0.24, -6.18, -0.06, 1.09]: OR1 failed (MR1)
mutants/tests/cal_DiffTest.py:175 in test_cal_Diff_with_func() -> applyMR_Assert(originalInput1_1, originalInput1_2, originalResult)
mutants/tests/cal_DiffTest.py:142 in applyMR_Assert() -> check.equal(format_array(originalResult, 2), format_array(transformResult1, 2), "OR1 failed (MR1)")

------------------------------------------------------------
Failed Checks: 1
________________________________ test_cal_Diff_with_func[originalInput1_17-originalInput1_27] ________________________________

FAILURE: check [2.24, -1.76] == [1.24, -0.76]: OR1 failed (MR1)
mutants/tests/cal_DiffTest.py:175 in test_cal_Diff_with_func() -> applyMR_Assert(originalInput1_1, originalInput1_2, originalResult)
mutants/tests/cal_DiffTest.py:142 in applyMR_Assert() -> check.equal(format_array(originalResult, 2), format_array(transformResult1, 2), "OR1 failed (MR1)")

------------------------------------------------------------
Failed Checks: 1
________________________________ test_cal_Diff_with_func[originalInput1_18-originalInput1_28] ________________________________

FAILURE: check [-92.98, -93.07, -98.0] == [-98.0, -91.5, -92.98]: OR1 failed (MR1)
mutants/tests/cal_DiffTest.py:175 in test_cal_Diff_with_func() -> applyMR_Assert(originalInput1_1, originalInput1_2, originalResult)
mutants/tests/cal_DiffTest.py:142 in applyMR_Assert() -> check.equal(format_array(originalResult, 2), format_array(transformResult1, 2), "OR1 failed (MR1)")

------------------------------------------------------------
Failed Checks: 1
________________________________ test_cal_Diff_with_func[originalInput1_19-originalInput1_29] ________________________________

FAILURE: check [-2.24, 1.76] == [-1.24, 0.76]: OR1 failed (MR1)
mutants/tests/cal_DiffTest.py:175 in test_cal_Diff_with_func() -> applyMR_Assert(originalInput1_1, originalInput1_2, originalResult)
mutants/tests/cal_DiffTest.py:142 in applyMR_Assert() -> check.equal(format_array(originalResult, 2), format_array(transformResult1, 2), "OR1 failed (MR1)")

------------------------------------------------------------
Failed Checks: 1
====================================================== warnings summary ======================================================
../../anaconda3/envs/mutmut39/lib/python3.9/site-packages/_pytest/config/__init__.py:1474
  /home/rts/anaconda3/envs/mutmut39/lib/python3.9/site-packages/_pytest/config/__init__.py:1474: PytestConfigWarning: Unknown config option: pytest -vv --tb
  
    self._warn_or_fail_if_strict(f"Unknown config option: {key}\n")

-- Docs: https://docs.pytest.org/en/stable/how-to/capture-warnings.html
================================================== short test summary info ===================================================
FAILED mutants/tests/cal_DiffTest.py::test_cal_Diff_with_func[originalInput1_10-originalInput1_20] - check [2.3, 2.3, 2.3, 2.3] == [4.3, 3.3, 0.3, 2.3]: OR1 failed (MR1)
FAILED mutants/tests/cal_DiffTest.py::test_cal_Diff_with_func[originalInput1_11-originalInput1_21] - check [-13.6, -22.6, -31.6] == [-11.6, -2.6, -33.6]: OR1 failed (MR1)
FAILED mutants/tests/cal_DiffTest.py::test_cal_Diff_with_func[originalInput1_12-originalInput1_22] - check [-3.58, -6.85, -16.0] == [2.8, -7.96, -17.94]: OR1 failed (MR1)
FAILED mutants/tests/cal_DiffTest.py::test_cal_Diff_with_func[originalInput1_13-originalInput1_23] - check [2.77, 1.79, 0.23, -0.83] == [-0.36, -0.83, 6.5, 2.99]: OR1 failed (MR1)
FAILED mutants/tests/cal_DiffTest.py::test_cal_Diff_with_func[originalInput1_14-originalInput1_24] - check [3.69, 2.62, -3.34] == [2.93, -5.28, 2.62]: OR1 failed (MR1)
FAILED mutants/tests/cal_DiffTest.py::test_cal_Diff_with_func[originalInput1_15-originalInput1_25] - check [-12.95, -21.84, -35.65] == [-32.95, -5.65, -21.84]: OR1 failed (MR1)
FAILED mutants/tests/cal_DiffTest.py::test_cal_Diff_with_func[originalInput1_16-originalInput1_26] - check [-1.24, -0.06, 1.09, 2.16] == [-0.24, -6.18, -0.06, 1.09]: OR1 failed (MR1)
FAILED mutants/tests/cal_DiffTest.py::test_cal_Diff_with_func[originalInput1_17-originalInput1_27] - check [2.24, -1.76] == [1.24, -0.76]: OR1 failed (MR1)
FAILED mutants/tests/cal_DiffTest.py::test_cal_Diff_with_func[originalInput1_18-originalInput1_28] - check [-92.98, -93.07, -98.0] == [-98.0, -91.5, -92.98]: OR1 failed (MR1)
FAILED mutants/tests/cal_DiffTest.py::test_cal_Diff_with_func[originalInput1_19-originalInput1_29] - check [-2.24, 1.76] == [-1.24, 0.76]: OR1 failed (MR1)
10 failed, 1 warning in 0.02s
❌ x_cal_Diff__mutmut_6 存在失败 (退出码 1)

================================================================================
RUNNING cal_Diff.py :: x_cal_Diff__mutmut_7  -  2025-10-16T09:59:11.576920
================================================================================

>>> 当前使用的函数: x_cal_Diff__mutmut_7
函数源码如下：
def x_cal_Diff__mutmut_7(x, y):
    z = []

    for i in range(0, len(x)):
        z.append(None)

    return z

FFFFFFFFFF
========================================================== FAILURES ==========================================================
________________________________ test_cal_Diff_with_func[originalInput1_10-originalInput1_20] ________________________________
mutants/tests/cal_DiffTest.py:175: in test_cal_Diff_with_func
    applyMR_Assert(originalInput1_1, originalInput1_2, originalResult)
mutants/tests/cal_DiffTest.py:142: in applyMR_Assert
    check.equal(format_array(originalResult, 2), format_array(transformResult1, 2), "OR1 failed (MR1)")
mutants/tests/cal_DiffTest.py:14: in format_array
    return [round(x * factor) / factor for x in arr]
mutants/tests/cal_DiffTest.py:14: in <listcomp>
    return [round(x * factor) / factor for x in arr]
E   TypeError: unsupported operand type(s) for *: 'NoneType' and 'int'
________________________________ test_cal_Diff_with_func[originalInput1_11-originalInput1_21] ________________________________
mutants/tests/cal_DiffTest.py:175: in test_cal_Diff_with_func
    applyMR_Assert(originalInput1_1, originalInput1_2, originalResult)
mutants/tests/cal_DiffTest.py:142: in applyMR_Assert
    check.equal(format_array(originalResult, 2), format_array(transformResult1, 2), "OR1 failed (MR1)")
mutants/tests/cal_DiffTest.py:14: in format_array
    return [round(x * factor) / factor for x in arr]
mutants/tests/cal_DiffTest.py:14: in <listcomp>
    return [round(x * factor) / factor for x in arr]
E   TypeError: unsupported operand type(s) for *: 'NoneType' and 'int'
________________________________ test_cal_Diff_with_func[originalInput1_12-originalInput1_22] ________________________________
mutants/tests/cal_DiffTest.py:175: in test_cal_Diff_with_func
    applyMR_Assert(originalInput1_1, originalInput1_2, originalResult)
mutants/tests/cal_DiffTest.py:142: in applyMR_Assert
    check.equal(format_array(originalResult, 2), format_array(transformResult1, 2), "OR1 failed (MR1)")
mutants/tests/cal_DiffTest.py:14: in format_array
    return [round(x * factor) / factor for x in arr]
mutants/tests/cal_DiffTest.py:14: in <listcomp>
    return [round(x * factor) / factor for x in arr]
E   TypeError: unsupported operand type(s) for *: 'NoneType' and 'int'
________________________________ test_cal_Diff_with_func[originalInput1_13-originalInput1_23] ________________________________
mutants/tests/cal_DiffTest.py:175: in test_cal_Diff_with_func
    applyMR_Assert(originalInput1_1, originalInput1_2, originalResult)
mutants/tests/cal_DiffTest.py:142: in applyMR_Assert
    check.equal(format_array(originalResult, 2), format_array(transformResult1, 2), "OR1 failed (MR1)")
mutants/tests/cal_DiffTest.py:14: in format_array
    return [round(x * factor) / factor for x in arr]
mutants/tests/cal_DiffTest.py:14: in <listcomp>
    return [round(x * factor) / factor for x in arr]
E   TypeError: unsupported operand type(s) for *: 'NoneType' and 'int'
________________________________ test_cal_Diff_with_func[originalInput1_14-originalInput1_24] ________________________________
mutants/tests/cal_DiffTest.py:175: in test_cal_Diff_with_func
    applyMR_Assert(originalInput1_1, originalInput1_2, originalResult)
mutants/tests/cal_DiffTest.py:142: in applyMR_Assert
    check.equal(format_array(originalResult, 2), format_array(transformResult1, 2), "OR1 failed (MR1)")
mutants/tests/cal_DiffTest.py:14: in format_array
    return [round(x * factor) / factor for x in arr]
mutants/tests/cal_DiffTest.py:14: in <listcomp>
    return [round(x * factor) / factor for x in arr]
E   TypeError: unsupported operand type(s) for *: 'NoneType' and 'int'
________________________________ test_cal_Diff_with_func[originalInput1_15-originalInput1_25] ________________________________
mutants/tests/cal_DiffTest.py:175: in test_cal_Diff_with_func
    applyMR_Assert(originalInput1_1, originalInput1_2, originalResult)
mutants/tests/cal_DiffTest.py:142: in applyMR_Assert
    check.equal(format_array(originalResult, 2), format_array(transformResult1, 2), "OR1 failed (MR1)")
mutants/tests/cal_DiffTest.py:14: in format_array
    return [round(x * factor) / factor for x in arr]
mutants/tests/cal_DiffTest.py:14: in <listcomp>
    return [round(x * factor) / factor for x in arr]
E   TypeError: unsupported operand type(s) for *: 'NoneType' and 'int'
________________________________ test_cal_Diff_with_func[originalInput1_16-originalInput1_26] ________________________________
mutants/tests/cal_DiffTest.py:175: in test_cal_Diff_with_func
    applyMR_Assert(originalInput1_1, originalInput1_2, originalResult)
mutants/tests/cal_DiffTest.py:142: in applyMR_Assert
    check.equal(format_array(originalResult, 2), format_array(transformResult1, 2), "OR1 failed (MR1)")
mutants/tests/cal_DiffTest.py:14: in format_array
    return [round(x * factor) / factor for x in arr]
mutants/tests/cal_DiffTest.py:14: in <listcomp>
    return [round(x * factor) / factor for x in arr]
E   TypeError: unsupported operand type(s) for *: 'NoneType' and 'int'
________________________________ test_cal_Diff_with_func[originalInput1_17-originalInput1_27] ________________________________
mutants/tests/cal_DiffTest.py:175: in test_cal_Diff_with_func
    applyMR_Assert(originalInput1_1, originalInput1_2, originalResult)
mutants/tests/cal_DiffTest.py:142: in applyMR_Assert
    check.equal(format_array(originalResult, 2), format_array(transformResult1, 2), "OR1 failed (MR1)")
mutants/tests/cal_DiffTest.py:14: in format_array
    return [round(x * factor) / factor for x in arr]
mutants/tests/cal_DiffTest.py:14: in <listcomp>
    return [round(x * factor) / factor for x in arr]
E   TypeError: unsupported operand type(s) for *: 'NoneType' and 'int'
________________________________ test_cal_Diff_with_func[originalInput1_18-originalInput1_28] ________________________________
mutants/tests/cal_DiffTest.py:175: in test_cal_Diff_with_func
    applyMR_Assert(originalInput1_1, originalInput1_2, originalResult)
mutants/tests/cal_DiffTest.py:142: in applyMR_Assert
    check.equal(format_array(originalResult, 2), format_array(transformResult1, 2), "OR1 failed (MR1)")
mutants/tests/cal_DiffTest.py:14: in format_array
    return [round(x * factor) / factor for x in arr]
mutants/tests/cal_DiffTest.py:14: in <listcomp>
    return [round(x * factor) / factor for x in arr]
E   TypeError: unsupported operand type(s) for *: 'NoneType' and 'int'
________________________________ test_cal_Diff_with_func[originalInput1_19-originalInput1_29] ________________________________
mutants/tests/cal_DiffTest.py:175: in test_cal_Diff_with_func
    applyMR_Assert(originalInput1_1, originalInput1_2, originalResult)
mutants/tests/cal_DiffTest.py:142: in applyMR_Assert
    check.equal(format_array(originalResult, 2), format_array(transformResult1, 2), "OR1 failed (MR1)")
mutants/tests/cal_DiffTest.py:14: in format_array
    return [round(x * factor) / factor for x in arr]
mutants/tests/cal_DiffTest.py:14: in <listcomp>
    return [round(x * factor) / factor for x in arr]
E   TypeError: unsupported operand type(s) for *: 'NoneType' and 'int'
====================================================== warnings summary ======================================================
../../anaconda3/envs/mutmut39/lib/python3.9/site-packages/_pytest/config/__init__.py:1474
  /home/rts/anaconda3/envs/mutmut39/lib/python3.9/site-packages/_pytest/config/__init__.py:1474: PytestConfigWarning: Unknown config option: pytest -vv --tb
  
    self._warn_or_fail_if_strict(f"Unknown config option: {key}\n")

-- Docs: https://docs.pytest.org/en/stable/how-to/capture-warnings.html
================================================== short test summary info ===================================================
FAILED mutants/tests/cal_DiffTest.py::test_cal_Diff_with_func[originalInput1_10-originalInput1_20] - TypeError: unsupported operand type(s) for *: 'NoneType' and 'int'
FAILED mutants/tests/cal_DiffTest.py::test_cal_Diff_with_func[originalInput1_11-originalInput1_21] - TypeError: unsupported operand type(s) for *: 'NoneType' and 'int'
FAILED mutants/tests/cal_DiffTest.py::test_cal_Diff_with_func[originalInput1_12-originalInput1_22] - TypeError: unsupported operand type(s) for *: 'NoneType' and 'int'
FAILED mutants/tests/cal_DiffTest.py::test_cal_Diff_with_func[originalInput1_13-originalInput1_23] - TypeError: unsupported operand type(s) for *: 'NoneType' and 'int'
FAILED mutants/tests/cal_DiffTest.py::test_cal_Diff_with_func[originalInput1_14-originalInput1_24] - TypeError: unsupported operand type(s) for *: 'NoneType' and 'int'
FAILED mutants/tests/cal_DiffTest.py::test_cal_Diff_with_func[originalInput1_15-originalInput1_25] - TypeError: unsupported operand type(s) for *: 'NoneType' and 'int'
FAILED mutants/tests/cal_DiffTest.py::test_cal_Diff_with_func[originalInput1_16-originalInput1_26] - TypeError: unsupported operand type(s) for *: 'NoneType' and 'int'
FAILED mutants/tests/cal_DiffTest.py::test_cal_Diff_with_func[originalInput1_17-originalInput1_27] - TypeError: unsupported operand type(s) for *: 'NoneType' and 'int'
FAILED mutants/tests/cal_DiffTest.py::test_cal_Diff_with_func[originalInput1_18-originalInput1_28] - TypeError: unsupported operand type(s) for *: 'NoneType' and 'int'
FAILED mutants/tests/cal_DiffTest.py::test_cal_Diff_with_func[originalInput1_19-originalInput1_29] - TypeError: unsupported operand type(s) for *: 'NoneType' and 'int'
10 failed, 1 warning in 0.06s
❌ x_cal_Diff__mutmut_7 存在失败 (退出码 1)

================================================================================
RUNNING cal_Diff.py :: x_cal_Diff__mutmut_8  -  2025-10-16T09:59:11.675586
================================================================================

>>> 当前使用的函数: x_cal_Diff__mutmut_8
函数源码如下：
def x_cal_Diff__mutmut_8(x, y):
    z = []

    for i in range(0, len(x)):
        z.append(y[i] + x[i])

    return z

FFFFFFFFFF
========================================================== FAILURES ==========================================================
________________________________ test_cal_Diff_with_func[originalInput1_10-originalInput1_20] ________________________________

FAILURE: check [5.3, 7.3, 9.3, 11.3, 13.3] == [10.3, 6.3, 10.3, 9.3, 10.3]: OR1 failed (MR1)
mutants/tests/cal_DiffTest.py:175 in test_cal_Diff_with_func() -> applyMR_Assert(originalInput1_1, originalInput1_2, originalResult)
mutants/tests/cal_DiffTest.py:142 in applyMR_Assert() -> check.equal(format_array(originalResult, 2), format_array(transformResult1, 2), "OR1 failed (MR1)")

FAILURE: check [5.3, 7.3, 9.3, 11.3, 13.3] == [11.3, 13.3, 15.3, 17.3, 19.3]: OR2 failed (MR2)
FAILURE: check [5.3, 7.3, 9.3, 11.3, 13.3] == [5.3, 9.3, 13.3, 17.3, 21.3]: OR10 failed (MR10)
FAILURE: check bool(False): OR15 failed (MR15)
------------------------------------------------------------
Failed Checks: 4
________________________________ test_cal_Diff_with_func[originalInput1_11-originalInput1_21] ________________________________

FAILURE: check [15.8, 26.8, 37.8, 48.8] == [38.8, 17.8, 45.8, 26.8]: OR1 failed (MR1)
mutants/tests/cal_DiffTest.py:175 in test_cal_Diff_with_func() -> applyMR_Assert(originalInput1_1, originalInput1_2, originalResult)
mutants/tests/cal_DiffTest.py:142 in applyMR_Assert() -> check.equal(format_array(originalResult, 2), format_array(transformResult1, 2), "OR1 failed (MR1)")

FAILURE: check [15.8, 26.8, 37.8, 48.8] == [21.8, 32.8, 43.8, 54.8]: OR2 failed (MR2)
FAILURE: check [15.8, 26.8, 37.8, 48.8] == [15.8, 28.8, 41.8, 54.8]: OR10 failed (MR10)
FAILURE: check bool(False): OR15 failed (MR15)
------------------------------------------------------------
Failed Checks: 4
________________________________ test_cal_Diff_with_func[originalInput1_12-originalInput1_22] ________________________________

FAILURE: check [8.17, 18.08, 23.57, 25.1] == [19.19, 19.76, 12.81, 23.16]: OR1 failed (MR1)
mutants/tests/cal_DiffTest.py:175 in test_cal_Diff_with_func() -> applyMR_Assert(originalInput1_1, originalInput1_2, originalResult)
mutants/tests/cal_DiffTest.py:142 in applyMR_Assert() -> check.equal(format_array(originalResult, 2), format_array(transformResult1, 2), "OR1 failed (MR1)")

FAILURE: check [8.17, 18.08, 23.57, 25.1] == [14.17, 24.08, 29.57, 31.1]: OR2 failed (MR2)
FAILURE: check [8.17, 18.08, 23.57, 25.1] == [8.17, 20.08, 27.57, 31.1]: OR10 failed (MR10)
FAILURE: check bool(False): OR15 failed (MR15)
------------------------------------------------------------
Failed Checks: 4
________________________________ test_cal_Diff_with_func[originalInput1_13-originalInput1_23] ________________________________

FAILURE: check [8.17, 9.89, 13.27, 16.01, 19.09] == [9.15, 18.08, 12.69, 12.07, 14.44]: OR1 failed (MR1)
mutants/tests/cal_DiffTest.py:175 in test_cal_Diff_with_func() -> applyMR_Assert(originalInput1_1, originalInput1_2, originalResult)
mutants/tests/cal_DiffTest.py:142 in applyMR_Assert() -> check.equal(format_array(originalResult, 2), format_array(transformResult1, 2), "OR1 failed (MR1)")

FAILURE: check [8.17, 9.89, 13.27, 16.01, 19.09] == [14.17, 15.89, 19.27, 22.01, 25.09]: OR2 failed (MR2)
FAILURE: check [8.17, 9.89, 13.27, 16.01, 19.09] == [8.17, 11.89, 17.27, 22.01, 27.09]: OR10 failed (MR10)
FAILURE: check bool(False): OR15 failed (MR15)
------------------------------------------------------------
Failed Checks: 4
________________________________ test_cal_Diff_with_func[originalInput1_14-originalInput1_24] ________________________________

FAILURE: check [4.23, 10.81, 14.1, 12.44] == [6.17, 12.44, 8.87, 14.1]: OR1 failed (MR1)
mutants/tests/cal_DiffTest.py:175 in test_cal_Diff_with_func() -> applyMR_Assert(originalInput1_1, originalInput1_2, originalResult)
mutants/tests/cal_DiffTest.py:142 in applyMR_Assert() -> check.equal(format_array(originalResult, 2), format_array(transformResult1, 2), "OR1 failed (MR1)")

FAILURE: check [4.23, 10.81, 14.1, 12.44] == [10.23, 16.81, 20.1, 18.44]: OR2 failed (MR2)
FAILURE: check [4.23, 10.81, 14.1, 12.44] == [4.23, 12.81, 18.1, 18.44]: OR10 failed (MR10)
FAILURE: check bool(False): OR15 failed (MR15)
------------------------------------------------------------
Failed Checks: 4
________________________________ test_cal_Diff_with_func[originalInput1_15-originalInput1_25] ________________________________

FAILURE: check [12.81, 27.45, 38.56, 44.75] == [47.45, 12.81, 28.56, 34.75]: OR1 failed (MR1)
mutants/tests/cal_DiffTest.py:175 in test_cal_Diff_with_func() -> applyMR_Assert(originalInput1_1, originalInput1_2, originalResult)
mutants/tests/cal_DiffTest.py:142 in applyMR_Assert() -> check.equal(format_array(originalResult, 2), format_array(transformResult1, 2), "OR1 failed (MR1)")

FAILURE: check [12.81, 27.45, 38.56, 44.75] == [18.81, 33.45, 44.56, 50.75]: OR2 failed (MR2)
FAILURE: check [12.81, 27.45, 38.56, 44.75] == [12.81, 29.45, 42.56, 50.75]: OR10 failed (MR10)
FAILURE: check bool(False): OR15 failed (MR15)
------------------------------------------------------------
Failed Checks: 4
________________________________ test_cal_Diff_with_func[originalInput1_16-originalInput1_26] ________________________________

FAILURE: check [5.42, 8.36, 11.54, 14.69, 17.76] == [11.69, 12.54, 15.76, 6.42, 11.36]: OR1 failed (MR1)
mutants/tests/cal_DiffTest.py:175 in test_cal_Diff_with_func() -> applyMR_Assert(originalInput1_1, originalInput1_2, originalResult)
mutants/tests/cal_DiffTest.py:142 in applyMR_Assert() -> check.equal(format_array(originalResult, 2), format_array(transformResult1, 2), "OR1 failed (MR1)")

FAILURE: check [5.42, 8.36, 11.54, 14.69, 17.76] == [11.42, 14.36, 17.54, 20.69, 23.76]: OR2 failed (MR2)
FAILURE: check [5.42, 8.36, 11.54, 14.69, 17.76] == [5.42, 10.36, 15.54, 20.69, 25.76]: OR10 failed (MR10)
FAILURE: check bool(False): OR15 failed (MR15)
------------------------------------------------------------
Failed Checks: 4
________________________________ test_cal_Diff_with_func[originalInput1_17-originalInput1_27] ________________________________

FAILURE: check [9.36, 7.36, 13.36] == [8.36, 10.36, 11.36]: OR1 failed (MR1)
mutants/tests/cal_DiffTest.py:175 in test_cal_Diff_with_func() -> applyMR_Assert(originalInput1_1, originalInput1_2, originalResult)
mutants/tests/cal_DiffTest.py:142 in applyMR_Assert() -> check.equal(format_array(originalResult, 2), format_array(transformResult1, 2), "OR1 failed (MR1)")

FAILURE: check [9.36, 7.36, 13.36] == [15.36, 13.36, 19.36]: OR2 failed (MR2)
FAILURE: check [9.36, 7.36, 13.36] == [9.36, 9.36, 17.36]: OR10 failed (MR10)
FAILURE: check bool(False): OR15 failed (MR15)
------------------------------------------------------------
Failed Checks: 4
________________________________ test_cal_Diff_with_func[originalInput1_18-originalInput1_28] ________________________________

FAILURE: check [102.47, 107.48, 109.79, 107.1] == [104.78, 104.04, 109.8, 108.22]: OR1 failed (MR1)
mutants/tests/cal_DiffTest.py:175 in test_cal_Diff_with_func() -> applyMR_Assert(originalInput1_1, originalInput1_2, originalResult)
mutants/tests/cal_DiffTest.py:142 in applyMR_Assert() -> check.equal(format_array(originalResult, 2), format_array(transformResult1, 2), "OR1 failed (MR1)")

FAILURE: check [102.47, 107.48, 109.79, 107.1] == [108.47, 113.48, 115.79, 113.1]: OR2 failed (MR2)
FAILURE: check [102.47, 107.48, 109.79, 107.1] == [102.47, 109.48, 113.79, 113.1]: OR10 failed (MR10)
FAILURE: check bool(False): OR15 failed (MR15)
------------------------------------------------------------
Failed Checks: 4
________________________________ test_cal_Diff_with_func[originalInput1_19-originalInput1_29] ________________________________

FAILURE: check [9.36, 7.36, 13.36] == [11.36, 6.36, 12.36]: OR1 failed (MR1)
mutants/tests/cal_DiffTest.py:175 in test_cal_Diff_with_func() -> applyMR_Assert(originalInput1_1, originalInput1_2, originalResult)
mutants/tests/cal_DiffTest.py:142 in applyMR_Assert() -> check.equal(format_array(originalResult, 2), format_array(transformResult1, 2), "OR1 failed (MR1)")

FAILURE: check [9.36, 7.36, 13.36] == [15.36, 13.36, 19.36]: OR2 failed (MR2)
FAILURE: check [9.36, 7.36, 13.36] == [9.36, 9.36, 17.36]: OR10 failed (MR10)
FAILURE: check bool(False): OR15 failed (MR15)
------------------------------------------------------------
Failed Checks: 4
====================================================== warnings summary ======================================================
../../anaconda3/envs/mutmut39/lib/python3.9/site-packages/_pytest/config/__init__.py:1474
  /home/rts/anaconda3/envs/mutmut39/lib/python3.9/site-packages/_pytest/config/__init__.py:1474: PytestConfigWarning: Unknown config option: pytest -vv --tb
  
    self._warn_or_fail_if_strict(f"Unknown config option: {key}\n")

-- Docs: https://docs.pytest.org/en/stable/how-to/capture-warnings.html
================================================== short test summary info ===================================================
FAILED mutants/tests/cal_DiffTest.py::test_cal_Diff_with_func[originalInput1_10-originalInput1_20] - check [5.3, 7.3, 9.3, 11.3, 13.3] == [10.3, 6.3, 10.3, 9.3, 10.3]: OR1 failed (MR1)
FAILED mutants/tests/cal_DiffTest.py::test_cal_Diff_with_func[originalInput1_11-originalInput1_21] - check [15.8, 26.8, 37.8, 48.8] == [38.8, 17.8, 45.8, 26.8]: OR1 failed (MR1)
FAILED mutants/tests/cal_DiffTest.py::test_cal_Diff_with_func[originalInput1_12-originalInput1_22] - check [8.17, 18.08, 23.57, 25.1] == [19.19, 19.76, 12.81, 23.16]: OR1 failed (MR1)
FAILED mutants/tests/cal_DiffTest.py::test_cal_Diff_with_func[originalInput1_13-originalInput1_23] - check [8.17, 9.89, 13.27, 16.01, 19.09] == [9.15, 18.08, 12.69, 12.07, 14.44]: OR1 failed (MR1)
FAILED mutants/tests/cal_DiffTest.py::test_cal_Diff_with_func[originalInput1_14-originalInput1_24] - check [4.23, 10.81, 14.1, 12.44] == [6.17, 12.44, 8.87, 14.1]: OR1 failed (MR1)
FAILED mutants/tests/cal_DiffTest.py::test_cal_Diff_with_func[originalInput1_15-originalInput1_25] - check [12.81, 27.45, 38.56, 44.75] == [47.45, 12.81, 28.56, 34.75]: OR1 failed (MR1)
FAILED mutants/tests/cal_DiffTest.py::test_cal_Diff_with_func[originalInput1_16-originalInput1_26] - check [5.42, 8.36, 11.54, 14.69, 17.76] == [11.69, 12.54, 15.76, 6.42, 11.36]: OR1 failed (MR1)
FAILED mutants/tests/cal_DiffTest.py::test_cal_Diff_with_func[originalInput1_17-originalInput1_27] - check [9.36, 7.36, 13.36] == [8.36, 10.36, 11.36]: OR1 failed (MR1)
FAILED mutants/tests/cal_DiffTest.py::test_cal_Diff_with_func[originalInput1_18-originalInput1_28] - check [102.47, 107.48, 109.79, 107.1] == [104.78, 104.04, 109.8, 108.22]: OR1 failed (MR1)
FAILED mutants/tests/cal_DiffTest.py::test_cal_Diff_with_func[originalInput1_19-originalInput1_29] - check [9.36, 7.36, 13.36] == [11.36, 6.36, 12.36]: OR1 failed (MR1)
10 failed, 1 warning in 0.02s
❌ x_cal_Diff__mutmut_8 存在失败 (退出码 1)

================================================================================
RUNNING cal_Diff.py :: x_cal_Diff__mutmut_orig  -  2025-10-16T09:59:11.730940
================================================================================

>>> 当前使用的函数: x_cal_Diff__mutmut_orig
函数源码如下：
def x_cal_Diff__mutmut_orig(x, y):
    z = []

    for i in range(0, len(x)):
        z.append(y[i] - x[i])

    return z

FFFFFFFFFF
========================================================== FAILURES ==========================================================
________________________________ test_cal_Diff_with_func[originalInput1_10-originalInput1_20] ________________________________

FAILURE: check [2.3, 2.3, 2.3, 2.3, 2.3] == [4.3, 3.3, 3.3, 0.3, 0.3]: OR1 failed (MR1)
mutants/tests/cal_DiffTest.py:175 in test_cal_Diff_with_func() -> applyMR_Assert(originalInput1_1, originalInput1_2, originalResult)
mutants/tests/cal_DiffTest.py:142 in applyMR_Assert() -> check.equal(format_array(originalResult, 2), format_array(transformResult1, 2), "OR1 failed (MR1)")

------------------------------------------------------------
Failed Checks: 1
________________________________ test_cal_Diff_with_func[originalInput1_11-originalInput1_21] ________________________________

FAILURE: check [-4.6, -13.6, -22.6, -31.6] == [-11.6, -23.6, -4.6, -32.6]: OR1 failed (MR1)
mutants/tests/cal_DiffTest.py:175 in test_cal_Diff_with_func() -> applyMR_Assert(originalInput1_1, originalInput1_2, originalResult)
mutants/tests/cal_DiffTest.py:142 in applyMR_Assert() -> check.equal(format_array(originalResult, 2), format_array(transformResult1, 2), "OR1 failed (MR1)")

------------------------------------------------------------
Failed Checks: 1
________________________________ test_cal_Diff_with_func[originalInput1_12-originalInput1_22] ________________________________

FAILURE: check [-2.95, -3.58, -6.85, -16.0] == [-10.66, -2.95, -2.47, -13.3]: OR1 failed (MR1)
mutants/tests/cal_DiffTest.py:175 in test_cal_Diff_with_func() -> applyMR_Assert(originalInput1_1, originalInput1_2, originalResult)
mutants/tests/cal_DiffTest.py:142 in applyMR_Assert() -> check.equal(format_array(originalResult, 2), format_array(transformResult1, 2), "OR1 failed (MR1)")

------------------------------------------------------------
Failed Checks: 1
________________________________ test_cal_Diff_with_func[originalInput1_13-originalInput1_23] ________________________________

FAILURE: check [4.93, 2.77, 1.79, 0.23, -0.83] == [-1.56, 3.39, 4.56, 4.93, -2.43]: OR1 failed (MR1)
mutants/tests/cal_DiffTest.py:175 in test_cal_Diff_with_func() -> applyMR_Assert(originalInput1_1, originalInput1_2, originalResult)
mutants/tests/cal_DiffTest.py:142 in applyMR_Assert() -> check.equal(format_array(originalResult, 2), format_array(transformResult1, 2), "OR1 failed (MR1)")

------------------------------------------------------------
Failed Checks: 1
________________________________ test_cal_Diff_with_func[originalInput1_14-originalInput1_24] ________________________________

FAILURE: check [0.99, 3.69, 2.62, -3.34] == [-3.34, 3.69, 0.99, 2.62]: OR1 failed (MR1)
mutants/tests/cal_DiffTest.py:175 in test_cal_Diff_with_func() -> applyMR_Assert(originalInput1_1, originalInput1_2, originalResult)
mutants/tests/cal_DiffTest.py:142 in applyMR_Assert() -> check.equal(format_array(originalResult, 2), format_array(transformResult1, 2), "OR1 failed (MR1)")

------------------------------------------------------------
Failed Checks: 1
________________________________ test_cal_Diff_with_func[originalInput1_15-originalInput1_25] ________________________________

FAILURE: check [-7.59, -12.95, -21.84, -35.65] == [-11.84, -37.59, -22.95, -5.65]: OR1 failed (MR1)
mutants/tests/cal_DiffTest.py:175 in test_cal_Diff_with_func() -> applyMR_Assert(originalInput1_1, originalInput1_2, originalResult)
mutants/tests/cal_DiffTest.py:142 in applyMR_Assert() -> check.equal(format_array(originalResult, 2), format_array(transformResult1, 2), "OR1 failed (MR1)")

------------------------------------------------------------
Failed Checks: 1
________________________________ test_cal_Diff_with_func[originalInput1_16-originalInput1_26] ________________________________

FAILURE: check [-2.18, -1.24, -0.06, 1.09, 2.16] == [4.09, -1.06, -4.18, -1.24, 2.16]: OR1 failed (MR1)
mutants/tests/cal_DiffTest.py:175 in test_cal_Diff_with_func() -> applyMR_Assert(originalInput1_1, originalInput1_2, originalResult)
mutants/tests/cal_DiffTest.py:142 in applyMR_Assert() -> check.equal(format_array(originalResult, 2), format_array(transformResult1, 2), "OR1 failed (MR1)")

------------------------------------------------------------
Failed Checks: 1
________________________________ test_cal_Diff_with_func[originalInput1_17-originalInput1_27] ________________________________

FAILURE: check [-1.76, 2.24, -1.76] == [2.24, -1.76, -1.76]: OR1 failed (MR1)
mutants/tests/cal_DiffTest.py:175 in test_cal_Diff_with_func() -> applyMR_Assert(originalInput1_1, originalInput1_2, originalResult)
mutants/tests/cal_DiffTest.py:142 in applyMR_Assert() -> check.equal(format_array(originalResult, 2), format_array(transformResult1, 2), "OR1 failed (MR1)")

------------------------------------------------------------
Failed Checks: 1
________________________________ test_cal_Diff_with_func[originalInput1_18-originalInput1_28] ________________________________

FAILURE: check [-97.25, -92.98, -93.07, -98.0] == [-98.82, -91.5, -95.68, -95.3]: OR1 failed (MR1)
mutants/tests/cal_DiffTest.py:175 in test_cal_Diff_with_func() -> applyMR_Assert(originalInput1_1, originalInput1_2, originalResult)
mutants/tests/cal_DiffTest.py:142 in applyMR_Assert() -> check.equal(format_array(originalResult, 2), format_array(transformResult1, 2), "OR1 failed (MR1)")

------------------------------------------------------------
Failed Checks: 1
________________________________ test_cal_Diff_with_func[originalInput1_19-originalInput1_29] ________________________________

FAILURE: check [1.76, -2.24, 1.76] == [0.76, -1.24, 1.76]: OR1 failed (MR1)
mutants/tests/cal_DiffTest.py:175 in test_cal_Diff_with_func() -> applyMR_Assert(originalInput1_1, originalInput1_2, originalResult)
mutants/tests/cal_DiffTest.py:142 in applyMR_Assert() -> check.equal(format_array(originalResult, 2), format_array(transformResult1, 2), "OR1 failed (MR1)")

------------------------------------------------------------
Failed Checks: 1
====================================================== warnings summary ======================================================
../../anaconda3/envs/mutmut39/lib/python3.9/site-packages/_pytest/config/__init__.py:1474
  /home/rts/anaconda3/envs/mutmut39/lib/python3.9/site-packages/_pytest/config/__init__.py:1474: PytestConfigWarning: Unknown config option: pytest -vv --tb
  
    self._warn_or_fail_if_strict(f"Unknown config option: {key}\n")

-- Docs: https://docs.pytest.org/en/stable/how-to/capture-warnings.html
================================================== short test summary info ===================================================
FAILED mutants/tests/cal_DiffTest.py::test_cal_Diff_with_func[originalInput1_10-originalInput1_20] - check [2.3, 2.3, 2.3, 2.3, 2.3] == [4.3, 3.3, 3.3, 0.3, 0.3]: OR1 failed (MR1)
FAILED mutants/tests/cal_DiffTest.py::test_cal_Diff_with_func[originalInput1_11-originalInput1_21] - check [-4.6, -13.6, -22.6, -31.6] == [-11.6, -23.6, -4.6, -32.6]: OR1 failed (MR1)
FAILED mutants/tests/cal_DiffTest.py::test_cal_Diff_with_func[originalInput1_12-originalInput1_22] - check [-2.95, -3.58, -6.85, -16.0] == [-10.66, -2.95, -2.47, -13.3]: OR1 failed (MR1)
FAILED mutants/tests/cal_DiffTest.py::test_cal_Diff_with_func[originalInput1_13-originalInput1_23] - check [4.93, 2.77, 1.79, 0.23, -0.83] == [-1.56, 3.39, 4.56, 4.93, -2.43]: OR1 failed (MR1)
FAILED mutants/tests/cal_DiffTest.py::test_cal_Diff_with_func[originalInput1_14-originalInput1_24] - check [0.99, 3.69, 2.62, -3.34] == [-3.34, 3.69, 0.99, 2.62]: OR1 failed (MR1)
FAILED mutants/tests/cal_DiffTest.py::test_cal_Diff_with_func[originalInput1_15-originalInput1_25] - check [-7.59, -12.95, -21.84, -35.65] == [-11.84, -37.59, -22.95, -5.65]: OR1 failed (MR1)
FAILED mutants/tests/cal_DiffTest.py::test_cal_Diff_with_func[originalInput1_16-originalInput1_26] - check [-2.18, -1.24, -0.06, 1.09, 2.16] == [4.09, -1.06, -4.18, -1.24, 2.16]: OR1 failed (MR1)
FAILED mutants/tests/cal_DiffTest.py::test_cal_Diff_with_func[originalInput1_17-originalInput1_27] - check [-1.76, 2.24, -1.76] == [2.24, -1.76, -1.76]: OR1 failed (MR1)
FAILED mutants/tests/cal_DiffTest.py::test_cal_Diff_with_func[originalInput1_18-originalInput1_28] - check [-97.25, -92.98, -93.07, -98.0] == [-98.82, -91.5, -95.68, -95.3]: OR1 failed (MR1)
FAILED mutants/tests/cal_DiffTest.py::test_cal_Diff_with_func[originalInput1_19-originalInput1_29] - check [1.76, -2.24, 1.76] == [0.76, -1.24, 1.76]: OR1 failed (MR1)
10 failed, 1 warning in 0.02s
❌ x_cal_Diff__mutmut_orig 存在失败 (退出码 1)
