
=== Running tests for single mutant file: count_k.py ===

================================================================================
RUNNING count_k.py :: x_count_k__mutmut_1  -  2025-10-17T20:12:10.842021
================================================================================

>>> 当前使用的函数: x_count_k__mutmut_1
函数源码如下：
def x_count_k__mutmut_1(a, k):
    cnt = None
    for i in range(0, len(a)):
        if a[i] == k:
            cnt += 1

    return cnt

============================================= test session starts =============================================
platform linux -- Python 3.9.12, pytest-8.4.2, pluggy-1.6.0 -- /home/rts/anaconda3/envs/mutmut39/bin/python
cachedir: .pytest_cache
metadata: {'Python': '3.9.12', 'Platform': 'Linux-5.4.0-150-generic-x86_64-with-glibc2.27', 'Packages': {'pytest': '8.4.2', 'pluggy': '1.6.0'}, 'Plugins': {'metadata': '3.1.1', 'html': '4.1.1', 'check': '2.5.3', 'json-report': '1.5.0'}}
rootdir: /home/rts/下载/Python_src/mutants
configfile: pytest.ini
plugins: metadata-3.1.1, html-4.1.1, check-2.5.3, json-report-1.5.0
collecting ... collected 10 items                                                                                            

mutants/tests/count_kTest.py::test_count_k_with_func[originalInput0-2] FAILED
mutants/tests/count_kTest.py::test_count_k_with_func[originalInput1-0] FAILED
mutants/tests/count_kTest.py::test_count_k_with_func[originalInput2-0] FAILED
mutants/tests/count_kTest.py::test_count_k_with_func[originalInput3-0] FAILED
mutants/tests/count_kTest.py::test_count_k_with_func[originalInput4-0] FAILED
mutants/tests/count_kTest.py::test_count_k_with_func[originalInput5-0] FAILED
mutants/tests/count_kTest.py::test_count_k_with_func[originalInput6-1] FAILED
mutants/tests/count_kTest.py::test_count_k_with_func[originalInput7-0] FAILED
mutants/tests/count_kTest.py::test_count_k_with_func[originalInput8-2] FAILED
mutants/tests/count_kTest.py::test_count_k_with_func[originalInput9-1] FAILED

================================================== FAILURES ===================================================
__________________________________ test_count_k_with_func[originalInput0-2] ___________________________________
mutants/tests/count_kTest.py:125: in test_count_k_with_func
    originalResult = func(originalInput, k)
mutants/src/count_k.py:44: in x_count_k__mutmut_1
    cnt += 1
E   TypeError: unsupported operand type(s) for +=: 'NoneType' and 'int'
__________________________________ test_count_k_with_func[originalInput1-0] ___________________________________
mutants/tests/count_kTest.py:125: in test_count_k_with_func
    originalResult = func(originalInput, k)
mutants/src/count_k.py:44: in x_count_k__mutmut_1
    cnt += 1
E   TypeError: unsupported operand type(s) for +=: 'NoneType' and 'int'
__________________________________ test_count_k_with_func[originalInput2-0] ___________________________________
mutants/tests/count_kTest.py:125: in test_count_k_with_func
    originalResult = func(originalInput, k)
mutants/src/count_k.py:44: in x_count_k__mutmut_1
    cnt += 1
E   TypeError: unsupported operand type(s) for +=: 'NoneType' and 'int'
__________________________________ test_count_k_with_func[originalInput3-0] ___________________________________
mutants/tests/count_kTest.py:126: in test_count_k_with_func
    applyMR_Assert(originalInput, k, originalResult)
mutants/tests/count_kTest.py:21: in applyMR_Assert
    transformResult3_1 = func(transformInput3_1, k)
mutants/src/count_k.py:44: in x_count_k__mutmut_1
    cnt += 1
E   TypeError: unsupported operand type(s) for +=: 'NoneType' and 'int'
__________________________________ test_count_k_with_func[originalInput4-0] ___________________________________
mutants/tests/count_kTest.py:126: in test_count_k_with_func
    applyMR_Assert(originalInput, k, originalResult)
mutants/tests/count_kTest.py:21: in applyMR_Assert
    transformResult3_1 = func(transformInput3_1, k)
mutants/src/count_k.py:44: in x_count_k__mutmut_1
    cnt += 1
E   TypeError: unsupported operand type(s) for +=: 'NoneType' and 'int'
__________________________________ test_count_k_with_func[originalInput5-0] ___________________________________
mutants/tests/count_kTest.py:126: in test_count_k_with_func
    applyMR_Assert(originalInput, k, originalResult)
mutants/tests/count_kTest.py:21: in applyMR_Assert
    transformResult3_1 = func(transformInput3_1, k)
mutants/src/count_k.py:44: in x_count_k__mutmut_1
    cnt += 1
E   TypeError: unsupported operand type(s) for +=: 'NoneType' and 'int'
__________________________________ test_count_k_with_func[originalInput6-1] ___________________________________
mutants/tests/count_kTest.py:126: in test_count_k_with_func
    applyMR_Assert(originalInput, k, originalResult)
mutants/tests/count_kTest.py:25: in applyMR_Assert
    transformResult3_2 = func(transformInput3_2, k)
mutants/src/count_k.py:44: in x_count_k__mutmut_1
    cnt += 1
E   TypeError: unsupported operand type(s) for +=: 'NoneType' and 'int'
__________________________________ test_count_k_with_func[originalInput7-0] ___________________________________
mutants/tests/count_kTest.py:125: in test_count_k_with_func
    originalResult = func(originalInput, k)
mutants/src/count_k.py:44: in x_count_k__mutmut_1
    cnt += 1
E   TypeError: unsupported operand type(s) for +=: 'NoneType' and 'int'
__________________________________ test_count_k_with_func[originalInput8-2] ___________________________________
mutants/tests/count_kTest.py:125: in test_count_k_with_func
    originalResult = func(originalInput, k)
mutants/src/count_k.py:44: in x_count_k__mutmut_1
    cnt += 1
E   TypeError: unsupported operand type(s) for +=: 'NoneType' and 'int'
__________________________________ test_count_k_with_func[originalInput9-1] ___________________________________
mutants/tests/count_kTest.py:125: in test_count_k_with_func
    originalResult = func(originalInput, k)
mutants/src/count_k.py:44: in x_count_k__mutmut_1
    cnt += 1
E   TypeError: unsupported operand type(s) for +=: 'NoneType' and 'int'
------------------------------------------------- JSON report -------------------------------------------------
report saved to: pytest_mutationen_report.json
=========================================== short test summary info ===========================================
FAILED mutants/tests/count_kTest.py::test_count_k_with_func[originalInput0-2] - TypeError: unsupported operand type(s) for +=: 'NoneType' and 'int'
FAILED mutants/tests/count_kTest.py::test_count_k_with_func[originalInput1-0] - TypeError: unsupported operand type(s) for +=: 'NoneType' and 'int'
FAILED mutants/tests/count_kTest.py::test_count_k_with_func[originalInput2-0] - TypeError: unsupported operand type(s) for +=: 'NoneType' and 'int'
FAILED mutants/tests/count_kTest.py::test_count_k_with_func[originalInput3-0] - TypeError: unsupported operand type(s) for +=: 'NoneType' and 'int'
FAILED mutants/tests/count_kTest.py::test_count_k_with_func[originalInput4-0] - TypeError: unsupported operand type(s) for +=: 'NoneType' and 'int'
FAILED mutants/tests/count_kTest.py::test_count_k_with_func[originalInput5-0] - TypeError: unsupported operand type(s) for +=: 'NoneType' and 'int'
FAILED mutants/tests/count_kTest.py::test_count_k_with_func[originalInput6-1] - TypeError: unsupported operand type(s) for +=: 'NoneType' and 'int'
FAILED mutants/tests/count_kTest.py::test_count_k_with_func[originalInput7-0] - TypeError: unsupported operand type(s) for +=: 'NoneType' and 'int'
FAILED mutants/tests/count_kTest.py::test_count_k_with_func[originalInput8-2] - TypeError: unsupported operand type(s) for +=: 'NoneType' and 'int'
FAILED mutants/tests/count_kTest.py::test_count_k_with_func[originalInput9-1] - TypeError: unsupported operand type(s) for +=: 'NoneType' and 'int'
============================================= 10 failed in 0.08s ==============================================
❌ x_count_k__mutmut_1 存在失败 (退出码 1)

================================================================================
RUNNING count_k.py :: x_count_k__mutmut_10  -  2025-10-17T20:12:11.029559
================================================================================

>>> 当前使用的函数: x_count_k__mutmut_10
函数源码如下：
def x_count_k__mutmut_10(a, k):
    cnt = 0
    for i in range(0, len(a)):
        if a[i] == k:
            cnt -= 1

    return cnt

============================================= test session starts =============================================
platform linux -- Python 3.9.12, pytest-8.4.2, pluggy-1.6.0 -- /home/rts/anaconda3/envs/mutmut39/bin/python
cachedir: .pytest_cache
metadata: {'Python': '3.9.12', 'Platform': 'Linux-5.4.0-150-generic-x86_64-with-glibc2.27', 'Packages': {'pytest': '8.4.2', 'pluggy': '1.6.0'}, 'Plugins': {'metadata': '3.1.1', 'html': '4.1.1', 'check': '2.5.3', 'json-report': '1.5.0'}}
rootdir: /home/rts/下载/Python_src/mutants
configfile: pytest.ini
plugins: metadata-3.1.1, html-4.1.1, check-2.5.3, json-report-1.5.0
collecting ... collected 10 items                                                                                            

mutants/tests/count_kTest.py::test_count_k_with_func[originalInput0-2] PASSED
mutants/tests/count_kTest.py::test_count_k_with_func[originalInput1-0] PASSED
mutants/tests/count_kTest.py::test_count_k_with_func[originalInput2-0] PASSED
mutants/tests/count_kTest.py::test_count_k_with_func[originalInput3-0] PASSED
mutants/tests/count_kTest.py::test_count_k_with_func[originalInput4-0] PASSED
mutants/tests/count_kTest.py::test_count_k_with_func[originalInput5-0] PASSED
mutants/tests/count_kTest.py::test_count_k_with_func[originalInput6-1] PASSED
mutants/tests/count_kTest.py::test_count_k_with_func[originalInput7-0] PASSED
mutants/tests/count_kTest.py::test_count_k_with_func[originalInput8-2] PASSED
mutants/tests/count_kTest.py::test_count_k_with_func[originalInput9-1] PASSED

------------------------------------------------- JSON report -------------------------------------------------
report saved to: pytest_mutationen_report.json
============================================= 10 passed in 0.01s ==============================================
✅ x_count_k__mutmut_10 所有测试通过

================================================================================
RUNNING count_k.py :: x_count_k__mutmut_11  -  2025-10-17T20:12:11.085166
================================================================================

>>> 当前使用的函数: x_count_k__mutmut_11
函数源码如下：
def x_count_k__mutmut_11(a, k):
    cnt = 0
    for i in range(0, len(a)):
        if a[i] == k:
            cnt += 2

    return cnt

============================================= test session starts =============================================
platform linux -- Python 3.9.12, pytest-8.4.2, pluggy-1.6.0 -- /home/rts/anaconda3/envs/mutmut39/bin/python
cachedir: .pytest_cache
metadata: {'Python': '3.9.12', 'Platform': 'Linux-5.4.0-150-generic-x86_64-with-glibc2.27', 'Packages': {'pytest': '8.4.2', 'pluggy': '1.6.0'}, 'Plugins': {'metadata': '3.1.1', 'html': '4.1.1', 'check': '2.5.3', 'json-report': '1.5.0'}}
rootdir: /home/rts/下载/Python_src/mutants
configfile: pytest.ini
plugins: metadata-3.1.1, html-4.1.1, check-2.5.3, json-report-1.5.0
collecting ... collected 10 items                                                                                            

mutants/tests/count_kTest.py::test_count_k_with_func[originalInput0-2] PASSED
mutants/tests/count_kTest.py::test_count_k_with_func[originalInput1-0] PASSED
mutants/tests/count_kTest.py::test_count_k_with_func[originalInput2-0] PASSED
mutants/tests/count_kTest.py::test_count_k_with_func[originalInput3-0] PASSED
mutants/tests/count_kTest.py::test_count_k_with_func[originalInput4-0] PASSED
mutants/tests/count_kTest.py::test_count_k_with_func[originalInput5-0] PASSED
mutants/tests/count_kTest.py::test_count_k_with_func[originalInput6-1] PASSED
mutants/tests/count_kTest.py::test_count_k_with_func[originalInput7-0] PASSED
mutants/tests/count_kTest.py::test_count_k_with_func[originalInput8-2] PASSED
mutants/tests/count_kTest.py::test_count_k_with_func[originalInput9-1] PASSED

------------------------------------------------- JSON report -------------------------------------------------
report saved to: pytest_mutationen_report.json
============================================= 10 passed in 0.01s ==============================================
✅ x_count_k__mutmut_11 所有测试通过

================================================================================
RUNNING count_k.py :: x_count_k__mutmut_2  -  2025-10-17T20:12:11.137840
================================================================================

>>> 当前使用的函数: x_count_k__mutmut_2
函数源码如下：
def x_count_k__mutmut_2(a, k):
    cnt = 1
    for i in range(0, len(a)):
        if a[i] == k:
            cnt += 1

    return cnt

============================================= test session starts =============================================
platform linux -- Python 3.9.12, pytest-8.4.2, pluggy-1.6.0 -- /home/rts/anaconda3/envs/mutmut39/bin/python
cachedir: .pytest_cache
metadata: {'Python': '3.9.12', 'Platform': 'Linux-5.4.0-150-generic-x86_64-with-glibc2.27', 'Packages': {'pytest': '8.4.2', 'pluggy': '1.6.0'}, 'Plugins': {'metadata': '3.1.1', 'html': '4.1.1', 'check': '2.5.3', 'json-report': '1.5.0'}}
rootdir: /home/rts/下载/Python_src/mutants
configfile: pytest.ini
plugins: metadata-3.1.1, html-4.1.1, check-2.5.3, json-report-1.5.0
collecting ... collected 10 items                                                                                            

mutants/tests/count_kTest.py::test_count_k_with_func[originalInput0-2] PASSED
mutants/tests/count_kTest.py::test_count_k_with_func[originalInput1-0] PASSED
mutants/tests/count_kTest.py::test_count_k_with_func[originalInput2-0] PASSED
mutants/tests/count_kTest.py::test_count_k_with_func[originalInput3-0] PASSED
mutants/tests/count_kTest.py::test_count_k_with_func[originalInput4-0] PASSED
mutants/tests/count_kTest.py::test_count_k_with_func[originalInput5-0] PASSED
mutants/tests/count_kTest.py::test_count_k_with_func[originalInput6-1] PASSED
mutants/tests/count_kTest.py::test_count_k_with_func[originalInput7-0] PASSED
mutants/tests/count_kTest.py::test_count_k_with_func[originalInput8-2] PASSED
mutants/tests/count_kTest.py::test_count_k_with_func[originalInput9-1] PASSED

------------------------------------------------- JSON report -------------------------------------------------
report saved to: pytest_mutationen_report.json
============================================= 10 passed in 0.01s ==============================================
✅ x_count_k__mutmut_2 所有测试通过

================================================================================
RUNNING count_k.py :: x_count_k__mutmut_3  -  2025-10-17T20:12:11.188786
================================================================================

>>> 当前使用的函数: x_count_k__mutmut_3
函数源码如下：
def x_count_k__mutmut_3(a, k):
    cnt = 0
    for i in range(None, len(a)):
        if a[i] == k:
            cnt += 1

    return cnt

============================================= test session starts =============================================
platform linux -- Python 3.9.12, pytest-8.4.2, pluggy-1.6.0 -- /home/rts/anaconda3/envs/mutmut39/bin/python
cachedir: .pytest_cache
metadata: {'Python': '3.9.12', 'Platform': 'Linux-5.4.0-150-generic-x86_64-with-glibc2.27', 'Packages': {'pytest': '8.4.2', 'pluggy': '1.6.0'}, 'Plugins': {'metadata': '3.1.1', 'html': '4.1.1', 'check': '2.5.3', 'json-report': '1.5.0'}}
rootdir: /home/rts/下载/Python_src/mutants
configfile: pytest.ini
plugins: metadata-3.1.1, html-4.1.1, check-2.5.3, json-report-1.5.0
collecting ... collected 10 items                                                                                            

mutants/tests/count_kTest.py::test_count_k_with_func[originalInput0-2] FAILED
mutants/tests/count_kTest.py::test_count_k_with_func[originalInput1-0] FAILED
mutants/tests/count_kTest.py::test_count_k_with_func[originalInput2-0] FAILED
mutants/tests/count_kTest.py::test_count_k_with_func[originalInput3-0] FAILED
mutants/tests/count_kTest.py::test_count_k_with_func[originalInput4-0] FAILED
mutants/tests/count_kTest.py::test_count_k_with_func[originalInput5-0] FAILED
mutants/tests/count_kTest.py::test_count_k_with_func[originalInput6-1] FAILED
mutants/tests/count_kTest.py::test_count_k_with_func[originalInput7-0] FAILED
mutants/tests/count_kTest.py::test_count_k_with_func[originalInput8-2] FAILED
mutants/tests/count_kTest.py::test_count_k_with_func[originalInput9-1] FAILED

================================================== FAILURES ===================================================
__________________________________ test_count_k_with_func[originalInput0-2] ___________________________________
mutants/tests/count_kTest.py:125: in test_count_k_with_func
    originalResult = func(originalInput, k)
mutants/src/count_k.py:56: in x_count_k__mutmut_3
    for i in range(None, len(a)):
E   TypeError: 'NoneType' object cannot be interpreted as an integer
__________________________________ test_count_k_with_func[originalInput1-0] ___________________________________
mutants/tests/count_kTest.py:125: in test_count_k_with_func
    originalResult = func(originalInput, k)
mutants/src/count_k.py:56: in x_count_k__mutmut_3
    for i in range(None, len(a)):
E   TypeError: 'NoneType' object cannot be interpreted as an integer
__________________________________ test_count_k_with_func[originalInput2-0] ___________________________________
mutants/tests/count_kTest.py:125: in test_count_k_with_func
    originalResult = func(originalInput, k)
mutants/src/count_k.py:56: in x_count_k__mutmut_3
    for i in range(None, len(a)):
E   TypeError: 'NoneType' object cannot be interpreted as an integer
__________________________________ test_count_k_with_func[originalInput3-0] ___________________________________
mutants/tests/count_kTest.py:125: in test_count_k_with_func
    originalResult = func(originalInput, k)
mutants/src/count_k.py:56: in x_count_k__mutmut_3
    for i in range(None, len(a)):
E   TypeError: 'NoneType' object cannot be interpreted as an integer
__________________________________ test_count_k_with_func[originalInput4-0] ___________________________________
mutants/tests/count_kTest.py:125: in test_count_k_with_func
    originalResult = func(originalInput, k)
mutants/src/count_k.py:56: in x_count_k__mutmut_3
    for i in range(None, len(a)):
E   TypeError: 'NoneType' object cannot be interpreted as an integer
__________________________________ test_count_k_with_func[originalInput5-0] ___________________________________
mutants/tests/count_kTest.py:125: in test_count_k_with_func
    originalResult = func(originalInput, k)
mutants/src/count_k.py:56: in x_count_k__mutmut_3
    for i in range(None, len(a)):
E   TypeError: 'NoneType' object cannot be interpreted as an integer
__________________________________ test_count_k_with_func[originalInput6-1] ___________________________________
mutants/tests/count_kTest.py:125: in test_count_k_with_func
    originalResult = func(originalInput, k)
mutants/src/count_k.py:56: in x_count_k__mutmut_3
    for i in range(None, len(a)):
E   TypeError: 'NoneType' object cannot be interpreted as an integer
__________________________________ test_count_k_with_func[originalInput7-0] ___________________________________
mutants/tests/count_kTest.py:125: in test_count_k_with_func
    originalResult = func(originalInput, k)
mutants/src/count_k.py:56: in x_count_k__mutmut_3
    for i in range(None, len(a)):
E   TypeError: 'NoneType' object cannot be interpreted as an integer
__________________________________ test_count_k_with_func[originalInput8-2] ___________________________________
mutants/tests/count_kTest.py:125: in test_count_k_with_func
    originalResult = func(originalInput, k)
mutants/src/count_k.py:56: in x_count_k__mutmut_3
    for i in range(None, len(a)):
E   TypeError: 'NoneType' object cannot be interpreted as an integer
__________________________________ test_count_k_with_func[originalInput9-1] ___________________________________
mutants/tests/count_kTest.py:125: in test_count_k_with_func
    originalResult = func(originalInput, k)
mutants/src/count_k.py:56: in x_count_k__mutmut_3
    for i in range(None, len(a)):
E   TypeError: 'NoneType' object cannot be interpreted as an integer
------------------------------------------------- JSON report -------------------------------------------------
report saved to: pytest_mutationen_report.json
=========================================== short test summary info ===========================================
FAILED mutants/tests/count_kTest.py::test_count_k_with_func[originalInput0-2] - TypeError: 'NoneType' object cannot be interpreted as an integer
FAILED mutants/tests/count_kTest.py::test_count_k_with_func[originalInput1-0] - TypeError: 'NoneType' object cannot be interpreted as an integer
FAILED mutants/tests/count_kTest.py::test_count_k_with_func[originalInput2-0] - TypeError: 'NoneType' object cannot be interpreted as an integer
FAILED mutants/tests/count_kTest.py::test_count_k_with_func[originalInput3-0] - TypeError: 'NoneType' object cannot be interpreted as an integer
FAILED mutants/tests/count_kTest.py::test_count_k_with_func[originalInput4-0] - TypeError: 'NoneType' object cannot be interpreted as an integer
FAILED mutants/tests/count_kTest.py::test_count_k_with_func[originalInput5-0] - TypeError: 'NoneType' object cannot be interpreted as an integer
FAILED mutants/tests/count_kTest.py::test_count_k_with_func[originalInput6-1] - TypeError: 'NoneType' object cannot be interpreted as an integer
FAILED mutants/tests/count_kTest.py::test_count_k_with_func[originalInput7-0] - TypeError: 'NoneType' object cannot be interpreted as an integer
FAILED mutants/tests/count_kTest.py::test_count_k_with_func[originalInput8-2] - TypeError: 'NoneType' object cannot be interpreted as an integer
FAILED mutants/tests/count_kTest.py::test_count_k_with_func[originalInput9-1] - TypeError: 'NoneType' object cannot be interpreted as an integer
============================================= 10 failed in 0.04s ==============================================
❌ x_count_k__mutmut_3 存在失败 (退出码 1)

================================================================================
RUNNING count_k.py :: x_count_k__mutmut_4  -  2025-10-17T20:12:11.268491
================================================================================

>>> 当前使用的函数: x_count_k__mutmut_4
函数源码如下：
def x_count_k__mutmut_4(a, k):
    cnt = 0
    for i in range(0, None):
        if a[i] == k:
            cnt += 1

    return cnt

============================================= test session starts =============================================
platform linux -- Python 3.9.12, pytest-8.4.2, pluggy-1.6.0 -- /home/rts/anaconda3/envs/mutmut39/bin/python
cachedir: .pytest_cache
metadata: {'Python': '3.9.12', 'Platform': 'Linux-5.4.0-150-generic-x86_64-with-glibc2.27', 'Packages': {'pytest': '8.4.2', 'pluggy': '1.6.0'}, 'Plugins': {'metadata': '3.1.1', 'html': '4.1.1', 'check': '2.5.3', 'json-report': '1.5.0'}}
rootdir: /home/rts/下载/Python_src/mutants
configfile: pytest.ini
plugins: metadata-3.1.1, html-4.1.1, check-2.5.3, json-report-1.5.0
collecting ... collected 10 items                                                                                            

mutants/tests/count_kTest.py::test_count_k_with_func[originalInput0-2] FAILED
mutants/tests/count_kTest.py::test_count_k_with_func[originalInput1-0] FAILED
mutants/tests/count_kTest.py::test_count_k_with_func[originalInput2-0] FAILED
mutants/tests/count_kTest.py::test_count_k_with_func[originalInput3-0] FAILED
mutants/tests/count_kTest.py::test_count_k_with_func[originalInput4-0] FAILED
mutants/tests/count_kTest.py::test_count_k_with_func[originalInput5-0] FAILED
mutants/tests/count_kTest.py::test_count_k_with_func[originalInput6-1] FAILED
mutants/tests/count_kTest.py::test_count_k_with_func[originalInput7-0] FAILED
mutants/tests/count_kTest.py::test_count_k_with_func[originalInput8-2] FAILED
mutants/tests/count_kTest.py::test_count_k_with_func[originalInput9-1] FAILED

================================================== FAILURES ===================================================
__________________________________ test_count_k_with_func[originalInput0-2] ___________________________________
mutants/tests/count_kTest.py:125: in test_count_k_with_func
    originalResult = func(originalInput, k)
mutants/src/count_k.py:63: in x_count_k__mutmut_4
    for i in range(0, None):
E   TypeError: 'NoneType' object cannot be interpreted as an integer
__________________________________ test_count_k_with_func[originalInput1-0] ___________________________________
mutants/tests/count_kTest.py:125: in test_count_k_with_func
    originalResult = func(originalInput, k)
mutants/src/count_k.py:63: in x_count_k__mutmut_4
    for i in range(0, None):
E   TypeError: 'NoneType' object cannot be interpreted as an integer
__________________________________ test_count_k_with_func[originalInput2-0] ___________________________________
mutants/tests/count_kTest.py:125: in test_count_k_with_func
    originalResult = func(originalInput, k)
mutants/src/count_k.py:63: in x_count_k__mutmut_4
    for i in range(0, None):
E   TypeError: 'NoneType' object cannot be interpreted as an integer
__________________________________ test_count_k_with_func[originalInput3-0] ___________________________________
mutants/tests/count_kTest.py:125: in test_count_k_with_func
    originalResult = func(originalInput, k)
mutants/src/count_k.py:63: in x_count_k__mutmut_4
    for i in range(0, None):
E   TypeError: 'NoneType' object cannot be interpreted as an integer
__________________________________ test_count_k_with_func[originalInput4-0] ___________________________________
mutants/tests/count_kTest.py:125: in test_count_k_with_func
    originalResult = func(originalInput, k)
mutants/src/count_k.py:63: in x_count_k__mutmut_4
    for i in range(0, None):
E   TypeError: 'NoneType' object cannot be interpreted as an integer
__________________________________ test_count_k_with_func[originalInput5-0] ___________________________________
mutants/tests/count_kTest.py:125: in test_count_k_with_func
    originalResult = func(originalInput, k)
mutants/src/count_k.py:63: in x_count_k__mutmut_4
    for i in range(0, None):
E   TypeError: 'NoneType' object cannot be interpreted as an integer
__________________________________ test_count_k_with_func[originalInput6-1] ___________________________________
mutants/tests/count_kTest.py:125: in test_count_k_with_func
    originalResult = func(originalInput, k)
mutants/src/count_k.py:63: in x_count_k__mutmut_4
    for i in range(0, None):
E   TypeError: 'NoneType' object cannot be interpreted as an integer
__________________________________ test_count_k_with_func[originalInput7-0] ___________________________________
mutants/tests/count_kTest.py:125: in test_count_k_with_func
    originalResult = func(originalInput, k)
mutants/src/count_k.py:63: in x_count_k__mutmut_4
    for i in range(0, None):
E   TypeError: 'NoneType' object cannot be interpreted as an integer
__________________________________ test_count_k_with_func[originalInput8-2] ___________________________________
mutants/tests/count_kTest.py:125: in test_count_k_with_func
    originalResult = func(originalInput, k)
mutants/src/count_k.py:63: in x_count_k__mutmut_4
    for i in range(0, None):
E   TypeError: 'NoneType' object cannot be interpreted as an integer
__________________________________ test_count_k_with_func[originalInput9-1] ___________________________________
mutants/tests/count_kTest.py:125: in test_count_k_with_func
    originalResult = func(originalInput, k)
mutants/src/count_k.py:63: in x_count_k__mutmut_4
    for i in range(0, None):
E   TypeError: 'NoneType' object cannot be interpreted as an integer
------------------------------------------------- JSON report -------------------------------------------------
report saved to: pytest_mutationen_report.json
=========================================== short test summary info ===========================================
FAILED mutants/tests/count_kTest.py::test_count_k_with_func[originalInput0-2] - TypeError: 'NoneType' object cannot be interpreted as an integer
FAILED mutants/tests/count_kTest.py::test_count_k_with_func[originalInput1-0] - TypeError: 'NoneType' object cannot be interpreted as an integer
FAILED mutants/tests/count_kTest.py::test_count_k_with_func[originalInput2-0] - TypeError: 'NoneType' object cannot be interpreted as an integer
FAILED mutants/tests/count_kTest.py::test_count_k_with_func[originalInput3-0] - TypeError: 'NoneType' object cannot be interpreted as an integer
FAILED mutants/tests/count_kTest.py::test_count_k_with_func[originalInput4-0] - TypeError: 'NoneType' object cannot be interpreted as an integer
FAILED mutants/tests/count_kTest.py::test_count_k_with_func[originalInput5-0] - TypeError: 'NoneType' object cannot be interpreted as an integer
FAILED mutants/tests/count_kTest.py::test_count_k_with_func[originalInput6-1] - TypeError: 'NoneType' object cannot be interpreted as an integer
FAILED mutants/tests/count_kTest.py::test_count_k_with_func[originalInput7-0] - TypeError: 'NoneType' object cannot be interpreted as an integer
FAILED mutants/tests/count_kTest.py::test_count_k_with_func[originalInput8-2] - TypeError: 'NoneType' object cannot be interpreted as an integer
FAILED mutants/tests/count_kTest.py::test_count_k_with_func[originalInput9-1] - TypeError: 'NoneType' object cannot be interpreted as an integer
============================================= 10 failed in 0.04s ==============================================
❌ x_count_k__mutmut_4 存在失败 (退出码 1)

================================================================================
RUNNING count_k.py :: x_count_k__mutmut_5  -  2025-10-17T20:12:11.349688
================================================================================

>>> 当前使用的函数: x_count_k__mutmut_5
函数源码如下：
def x_count_k__mutmut_5(a, k):
    cnt = 0
    for i in range(len(a)):
        if a[i] == k:
            cnt += 1

    return cnt

============================================= test session starts =============================================
platform linux -- Python 3.9.12, pytest-8.4.2, pluggy-1.6.0 -- /home/rts/anaconda3/envs/mutmut39/bin/python
cachedir: .pytest_cache
metadata: {'Python': '3.9.12', 'Platform': 'Linux-5.4.0-150-generic-x86_64-with-glibc2.27', 'Packages': {'pytest': '8.4.2', 'pluggy': '1.6.0'}, 'Plugins': {'metadata': '3.1.1', 'html': '4.1.1', 'check': '2.5.3', 'json-report': '1.5.0'}}
rootdir: /home/rts/下载/Python_src/mutants
configfile: pytest.ini
plugins: metadata-3.1.1, html-4.1.1, check-2.5.3, json-report-1.5.0
collecting ... collected 10 items                                                                                            

mutants/tests/count_kTest.py::test_count_k_with_func[originalInput0-2] PASSED
mutants/tests/count_kTest.py::test_count_k_with_func[originalInput1-0] PASSED
mutants/tests/count_kTest.py::test_count_k_with_func[originalInput2-0] PASSED
mutants/tests/count_kTest.py::test_count_k_with_func[originalInput3-0] PASSED
mutants/tests/count_kTest.py::test_count_k_with_func[originalInput4-0] PASSED
mutants/tests/count_kTest.py::test_count_k_with_func[originalInput5-0] PASSED
mutants/tests/count_kTest.py::test_count_k_with_func[originalInput6-1] PASSED
mutants/tests/count_kTest.py::test_count_k_with_func[originalInput7-0] PASSED
mutants/tests/count_kTest.py::test_count_k_with_func[originalInput8-2] PASSED
mutants/tests/count_kTest.py::test_count_k_with_func[originalInput9-1] PASSED

------------------------------------------------- JSON report -------------------------------------------------
report saved to: pytest_mutationen_report.json
============================================= 10 passed in 0.01s ==============================================
✅ x_count_k__mutmut_5 所有测试通过

================================================================================
RUNNING count_k.py :: x_count_k__mutmut_6  -  2025-10-17T20:12:11.401784
================================================================================

>>> 当前使用的函数: x_count_k__mutmut_6
函数源码如下：
def x_count_k__mutmut_6(a, k):
    cnt = 0
    for i in range(0, ):
        if a[i] == k:
            cnt += 1

    return cnt

============================================= test session starts =============================================
platform linux -- Python 3.9.12, pytest-8.4.2, pluggy-1.6.0 -- /home/rts/anaconda3/envs/mutmut39/bin/python
cachedir: .pytest_cache
metadata: {'Python': '3.9.12', 'Platform': 'Linux-5.4.0-150-generic-x86_64-with-glibc2.27', 'Packages': {'pytest': '8.4.2', 'pluggy': '1.6.0'}, 'Plugins': {'metadata': '3.1.1', 'html': '4.1.1', 'check': '2.5.3', 'json-report': '1.5.0'}}
rootdir: /home/rts/下载/Python_src/mutants
configfile: pytest.ini
plugins: metadata-3.1.1, html-4.1.1, check-2.5.3, json-report-1.5.0
collecting ... collected 10 items                                                                                            

mutants/tests/count_kTest.py::test_count_k_with_func[originalInput0-2] PASSED
mutants/tests/count_kTest.py::test_count_k_with_func[originalInput1-0] PASSED
mutants/tests/count_kTest.py::test_count_k_with_func[originalInput2-0] PASSED
mutants/tests/count_kTest.py::test_count_k_with_func[originalInput3-0] PASSED
mutants/tests/count_kTest.py::test_count_k_with_func[originalInput4-0] PASSED
mutants/tests/count_kTest.py::test_count_k_with_func[originalInput5-0] PASSED
mutants/tests/count_kTest.py::test_count_k_with_func[originalInput6-1] PASSED
mutants/tests/count_kTest.py::test_count_k_with_func[originalInput7-0] PASSED
mutants/tests/count_kTest.py::test_count_k_with_func[originalInput8-2] PASSED
mutants/tests/count_kTest.py::test_count_k_with_func[originalInput9-1] PASSED

------------------------------------------------- JSON report -------------------------------------------------
report saved to: pytest_mutationen_report.json
============================================= 10 passed in 0.01s ==============================================
✅ x_count_k__mutmut_6 所有测试通过

================================================================================
RUNNING count_k.py :: x_count_k__mutmut_7  -  2025-10-17T20:12:11.453355
================================================================================

>>> 当前使用的函数: x_count_k__mutmut_7
函数源码如下：
def x_count_k__mutmut_7(a, k):
    cnt = 0
    for i in range(1, len(a)):
        if a[i] == k:
            cnt += 1

    return cnt

============================================= test session starts =============================================
platform linux -- Python 3.9.12, pytest-8.4.2, pluggy-1.6.0 -- /home/rts/anaconda3/envs/mutmut39/bin/python
cachedir: .pytest_cache
metadata: {'Python': '3.9.12', 'Platform': 'Linux-5.4.0-150-generic-x86_64-with-glibc2.27', 'Packages': {'pytest': '8.4.2', 'pluggy': '1.6.0'}, 'Plugins': {'metadata': '3.1.1', 'html': '4.1.1', 'check': '2.5.3', 'json-report': '1.5.0'}}
rootdir: /home/rts/下载/Python_src/mutants
configfile: pytest.ini
plugins: metadata-3.1.1, html-4.1.1, check-2.5.3, json-report-1.5.0
collecting ... collected 10 items                                                                                            

mutants/tests/count_kTest.py::test_count_k_with_func[originalInput0-2] FAILED
mutants/tests/count_kTest.py::test_count_k_with_func[originalInput1-0] PASSED
mutants/tests/count_kTest.py::test_count_k_with_func[originalInput2-0] FAILED
mutants/tests/count_kTest.py::test_count_k_with_func[originalInput3-0] PASSED
mutants/tests/count_kTest.py::test_count_k_with_func[originalInput4-0] PASSED
mutants/tests/count_kTest.py::test_count_k_with_func[originalInput5-0] PASSED
mutants/tests/count_kTest.py::test_count_k_with_func[originalInput6-1] PASSED
mutants/tests/count_kTest.py::test_count_k_with_func[originalInput7-0] FAILED
mutants/tests/count_kTest.py::test_count_k_with_func[originalInput8-2] FAILED
mutants/tests/count_kTest.py::test_count_k_with_func[originalInput9-1] FAILED

================================================== FAILURES ===================================================
__________________________________ test_count_k_with_func[originalInput0-2] ___________________________________

FAILURE: check 2 == 1: MR1 failed
mutants/tests/count_kTest.py:126 in test_count_k_with_func() -> applyMR_Assert(originalInput, k, originalResult)
mutants/tests/count_kTest.py:91 in applyMR_Assert() -> check.equal(originalResult, transformResult1, "MR1 failed")

FAILURE: check 2 == 1: MR6 failed
------------------------------------------------------------
Failed Checks: 2
__________________________________ test_count_k_with_func[originalInput2-0] ___________________________________

FAILURE: check 2 == 1: MR6 failed
mutants/tests/count_kTest.py:126 in test_count_k_with_func() -> applyMR_Assert(originalInput, k, originalResult)
mutants/tests/count_kTest.py:97 in applyMR_Assert() -> check.equal(originalResult, transformResult6, "MR6 failed")

------------------------------------------------------------
Failed Checks: 1
__________________________________ test_count_k_with_func[originalInput7-0] ___________________________________

FAILURE: check 1 == 2: MR6 failed
mutants/tests/count_kTest.py:126 in test_count_k_with_func() -> applyMR_Assert(originalInput, k, originalResult)
mutants/tests/count_kTest.py:97 in applyMR_Assert() -> check.equal(originalResult, transformResult6, "MR6 failed")

------------------------------------------------------------
Failed Checks: 1
__________________________________ test_count_k_with_func[originalInput8-2] ___________________________________

FAILURE: check 1 == 2: MR6 failed
mutants/tests/count_kTest.py:126 in test_count_k_with_func() -> applyMR_Assert(originalInput, k, originalResult)
mutants/tests/count_kTest.py:97 in applyMR_Assert() -> check.equal(originalResult, transformResult6, "MR6 failed")

------------------------------------------------------------
Failed Checks: 1
__________________________________ test_count_k_with_func[originalInput9-1] ___________________________________

FAILURE: check 1 == 0: MR1 failed
mutants/tests/count_kTest.py:126 in test_count_k_with_func() -> applyMR_Assert(originalInput, k, originalResult)
mutants/tests/count_kTest.py:91 in applyMR_Assert() -> check.equal(originalResult, transformResult1, "MR1 failed")

FAILURE: check 1 == 0: MR6 failed
------------------------------------------------------------
Failed Checks: 2
------------------------------------------------- JSON report -------------------------------------------------
report saved to: pytest_mutationen_report.json
=========================================== short test summary info ===========================================
FAILED mutants/tests/count_kTest.py::test_count_k_with_func[originalInput0-2] - check 2 == 1: MR1 failed
FAILED mutants/tests/count_kTest.py::test_count_k_with_func[originalInput2-0] - check 2 == 1: MR6 failed
FAILED mutants/tests/count_kTest.py::test_count_k_with_func[originalInput7-0] - check 1 == 2: MR6 failed
FAILED mutants/tests/count_kTest.py::test_count_k_with_func[originalInput8-2] - check 1 == 2: MR6 failed
FAILED mutants/tests/count_kTest.py::test_count_k_with_func[originalInput9-1] - check 1 == 0: MR1 failed
========================================= 5 failed, 5 passed in 0.02s =========================================
❌ x_count_k__mutmut_7 存在失败 (退出码 1)

================================================================================
RUNNING count_k.py :: x_count_k__mutmut_8  -  2025-10-17T20:12:11.510179
================================================================================

>>> 当前使用的函数: x_count_k__mutmut_8
函数源码如下：
def x_count_k__mutmut_8(a, k):
    cnt = 0
    for i in range(0, len(a)):
        if a[i] != k:
            cnt += 1

    return cnt

============================================= test session starts =============================================
platform linux -- Python 3.9.12, pytest-8.4.2, pluggy-1.6.0 -- /home/rts/anaconda3/envs/mutmut39/bin/python
cachedir: .pytest_cache
metadata: {'Python': '3.9.12', 'Platform': 'Linux-5.4.0-150-generic-x86_64-with-glibc2.27', 'Packages': {'pytest': '8.4.2', 'pluggy': '1.6.0'}, 'Plugins': {'metadata': '3.1.1', 'html': '4.1.1', 'check': '2.5.3', 'json-report': '1.5.0'}}
rootdir: /home/rts/下载/Python_src/mutants
configfile: pytest.ini
plugins: metadata-3.1.1, html-4.1.1, check-2.5.3, json-report-1.5.0
collecting ... collected 10 items                                                                                            

mutants/tests/count_kTest.py::test_count_k_with_func[originalInput0-2] PASSED
mutants/tests/count_kTest.py::test_count_k_with_func[originalInput1-0] PASSED
mutants/tests/count_kTest.py::test_count_k_with_func[originalInput2-0] PASSED
mutants/tests/count_kTest.py::test_count_k_with_func[originalInput3-0] PASSED
mutants/tests/count_kTest.py::test_count_k_with_func[originalInput4-0] PASSED
mutants/tests/count_kTest.py::test_count_k_with_func[originalInput5-0] PASSED
mutants/tests/count_kTest.py::test_count_k_with_func[originalInput6-1] PASSED
mutants/tests/count_kTest.py::test_count_k_with_func[originalInput7-0] PASSED
mutants/tests/count_kTest.py::test_count_k_with_func[originalInput8-2] PASSED
mutants/tests/count_kTest.py::test_count_k_with_func[originalInput9-1] PASSED

------------------------------------------------- JSON report -------------------------------------------------
report saved to: pytest_mutationen_report.json
============================================= 10 passed in 0.01s ==============================================
✅ x_count_k__mutmut_8 所有测试通过

================================================================================
RUNNING count_k.py :: x_count_k__mutmut_9  -  2025-10-17T20:12:11.561955
================================================================================

>>> 当前使用的函数: x_count_k__mutmut_9
函数源码如下：
def x_count_k__mutmut_9(a, k):
    cnt = 0
    for i in range(0, len(a)):
        if a[i] == k:
            cnt = 1

    return cnt

============================================= test session starts =============================================
platform linux -- Python 3.9.12, pytest-8.4.2, pluggy-1.6.0 -- /home/rts/anaconda3/envs/mutmut39/bin/python
cachedir: .pytest_cache
metadata: {'Python': '3.9.12', 'Platform': 'Linux-5.4.0-150-generic-x86_64-with-glibc2.27', 'Packages': {'pytest': '8.4.2', 'pluggy': '1.6.0'}, 'Plugins': {'metadata': '3.1.1', 'html': '4.1.1', 'check': '2.5.3', 'json-report': '1.5.0'}}
rootdir: /home/rts/下载/Python_src/mutants
configfile: pytest.ini
plugins: metadata-3.1.1, html-4.1.1, check-2.5.3, json-report-1.5.0
collecting ... collected 10 items                                                                                            

mutants/tests/count_kTest.py::test_count_k_with_func[originalInput0-2] PASSED
mutants/tests/count_kTest.py::test_count_k_with_func[originalInput1-0] PASSED
mutants/tests/count_kTest.py::test_count_k_with_func[originalInput2-0] PASSED
mutants/tests/count_kTest.py::test_count_k_with_func[originalInput3-0] PASSED
mutants/tests/count_kTest.py::test_count_k_with_func[originalInput4-0] PASSED
mutants/tests/count_kTest.py::test_count_k_with_func[originalInput5-0] PASSED
mutants/tests/count_kTest.py::test_count_k_with_func[originalInput6-1] PASSED
mutants/tests/count_kTest.py::test_count_k_with_func[originalInput7-0] PASSED
mutants/tests/count_kTest.py::test_count_k_with_func[originalInput8-2] PASSED
mutants/tests/count_kTest.py::test_count_k_with_func[originalInput9-1] PASSED

------------------------------------------------- JSON report -------------------------------------------------
report saved to: pytest_mutationen_report.json
============================================= 10 passed in 0.01s ==============================================
✅ x_count_k__mutmut_9 所有测试通过

================================================================================
RUNNING count_k.py :: x_count_k__mutmut_orig  -  2025-10-17T20:12:11.612268
================================================================================

>>> 当前使用的函数: x_count_k__mutmut_orig
函数源码如下：
def x_count_k__mutmut_orig(a, k):
    cnt = 0
    for i in range(0, len(a)):
        if a[i] == k:
            cnt += 1

    return cnt

============================================= test session starts =============================================
platform linux -- Python 3.9.12, pytest-8.4.2, pluggy-1.6.0 -- /home/rts/anaconda3/envs/mutmut39/bin/python
cachedir: .pytest_cache
metadata: {'Python': '3.9.12', 'Platform': 'Linux-5.4.0-150-generic-x86_64-with-glibc2.27', 'Packages': {'pytest': '8.4.2', 'pluggy': '1.6.0'}, 'Plugins': {'metadata': '3.1.1', 'html': '4.1.1', 'check': '2.5.3', 'json-report': '1.5.0'}}
rootdir: /home/rts/下载/Python_src/mutants
configfile: pytest.ini
plugins: metadata-3.1.1, html-4.1.1, check-2.5.3, json-report-1.5.0
collecting ... collected 10 items                                                                                            

mutants/tests/count_kTest.py::test_count_k_with_func[originalInput0-2] PASSED
mutants/tests/count_kTest.py::test_count_k_with_func[originalInput1-0] PASSED
mutants/tests/count_kTest.py::test_count_k_with_func[originalInput2-0] PASSED
mutants/tests/count_kTest.py::test_count_k_with_func[originalInput3-0] PASSED
mutants/tests/count_kTest.py::test_count_k_with_func[originalInput4-0] PASSED
mutants/tests/count_kTest.py::test_count_k_with_func[originalInput5-0] PASSED
mutants/tests/count_kTest.py::test_count_k_with_func[originalInput6-1] PASSED
mutants/tests/count_kTest.py::test_count_k_with_func[originalInput7-0] PASSED
mutants/tests/count_kTest.py::test_count_k_with_func[originalInput8-2] PASSED
mutants/tests/count_kTest.py::test_count_k_with_func[originalInput9-1] PASSED

------------------------------------------------- JSON report -------------------------------------------------
report saved to: pytest_mutationen_report.json
============================================= 10 passed in 0.01s ==============================================
✅ x_count_k__mutmut_orig 所有测试通过
