
=== Running tests for single mutant file: check_equal.py ===

================================================================================
RUNNING check_equal.py :: x_check_equal__mutmut_1  -  2025-10-16T10:00:12.521212
================================================================================

>>> 当前使用的函数: x_check_equal__mutmut_1
函数源码如下：
def x_check_equal__mutmut_1(a, b):

    if len(a) == len(b):
        return False

    for i in range(0, len(a)):
        if a[i] != b[i]:
            return False

    return True

FFFFFFFFFF
========================================================== FAILURES ==========================================================
_________________________________________ test_check_equal_with_func[originalInput0] _________________________________________
mutants/tests/check_equalTest.py:126: in test_check_equal_with_func
    originalResult = func(originalInput)
E   TypeError: x_check_equal__mutmut_1() missing 1 required positional argument: 'b'
_________________________________________ test_check_equal_with_func[originalInput1] _________________________________________
mutants/tests/check_equalTest.py:126: in test_check_equal_with_func
    originalResult = func(originalInput)
E   TypeError: x_check_equal__mutmut_1() missing 1 required positional argument: 'b'
_________________________________________ test_check_equal_with_func[originalInput2] _________________________________________
mutants/tests/check_equalTest.py:126: in test_check_equal_with_func
    originalResult = func(originalInput)
E   TypeError: x_check_equal__mutmut_1() missing 1 required positional argument: 'b'
_________________________________________ test_check_equal_with_func[originalInput3] _________________________________________
mutants/tests/check_equalTest.py:126: in test_check_equal_with_func
    originalResult = func(originalInput)
E   TypeError: x_check_equal__mutmut_1() missing 1 required positional argument: 'b'
_________________________________________ test_check_equal_with_func[originalInput4] _________________________________________
mutants/tests/check_equalTest.py:126: in test_check_equal_with_func
    originalResult = func(originalInput)
E   TypeError: x_check_equal__mutmut_1() missing 1 required positional argument: 'b'
_________________________________________ test_check_equal_with_func[originalInput5] _________________________________________
mutants/tests/check_equalTest.py:126: in test_check_equal_with_func
    originalResult = func(originalInput)
E   TypeError: x_check_equal__mutmut_1() missing 1 required positional argument: 'b'
_________________________________________ test_check_equal_with_func[originalInput6] _________________________________________
mutants/tests/check_equalTest.py:126: in test_check_equal_with_func
    originalResult = func(originalInput)
E   TypeError: x_check_equal__mutmut_1() missing 1 required positional argument: 'b'
_________________________________________ test_check_equal_with_func[originalInput7] _________________________________________
mutants/tests/check_equalTest.py:126: in test_check_equal_with_func
    originalResult = func(originalInput)
E   TypeError: x_check_equal__mutmut_1() missing 1 required positional argument: 'b'
_________________________________________ test_check_equal_with_func[originalInput8] _________________________________________
mutants/tests/check_equalTest.py:126: in test_check_equal_with_func
    originalResult = func(originalInput)
E   TypeError: x_check_equal__mutmut_1() missing 1 required positional argument: 'b'
_________________________________________ test_check_equal_with_func[originalInput9] _________________________________________
mutants/tests/check_equalTest.py:126: in test_check_equal_with_func
    originalResult = func(originalInput)
E   TypeError: x_check_equal__mutmut_1() missing 1 required positional argument: 'b'
====================================================== warnings summary ======================================================
../../anaconda3/envs/mutmut39/lib/python3.9/site-packages/_pytest/config/__init__.py:1474
  /home/rts/anaconda3/envs/mutmut39/lib/python3.9/site-packages/_pytest/config/__init__.py:1474: PytestConfigWarning: Unknown config option: pytest -vv --tb
  
    self._warn_or_fail_if_strict(f"Unknown config option: {key}\n")

-- Docs: https://docs.pytest.org/en/stable/how-to/capture-warnings.html
================================================== short test summary info ===================================================
FAILED mutants/tests/check_equalTest.py::test_check_equal_with_func[originalInput0] - TypeError: x_check_equal__mutmut_1() missing 1 required positional argument: 'b'
FAILED mutants/tests/check_equalTest.py::test_check_equal_with_func[originalInput1] - TypeError: x_check_equal__mutmut_1() missing 1 required positional argument: 'b'
FAILED mutants/tests/check_equalTest.py::test_check_equal_with_func[originalInput2] - TypeError: x_check_equal__mutmut_1() missing 1 required positional argument: 'b'
FAILED mutants/tests/check_equalTest.py::test_check_equal_with_func[originalInput3] - TypeError: x_check_equal__mutmut_1() missing 1 required positional argument: 'b'
FAILED mutants/tests/check_equalTest.py::test_check_equal_with_func[originalInput4] - TypeError: x_check_equal__mutmut_1() missing 1 required positional argument: 'b'
FAILED mutants/tests/check_equalTest.py::test_check_equal_with_func[originalInput5] - TypeError: x_check_equal__mutmut_1() missing 1 required positional argument: 'b'
FAILED mutants/tests/check_equalTest.py::test_check_equal_with_func[originalInput6] - TypeError: x_check_equal__mutmut_1() missing 1 required positional argument: 'b'
FAILED mutants/tests/check_equalTest.py::test_check_equal_with_func[originalInput7] - TypeError: x_check_equal__mutmut_1() missing 1 required positional argument: 'b'
FAILED mutants/tests/check_equalTest.py::test_check_equal_with_func[originalInput8] - TypeError: x_check_equal__mutmut_1() missing 1 required positional argument: 'b'
FAILED mutants/tests/check_equalTest.py::test_check_equal_with_func[originalInput9] - TypeError: x_check_equal__mutmut_1() missing 1 required positional argument: 'b'
10 failed, 1 warning in 0.05s
❌ x_check_equal__mutmut_1 存在失败 (退出码 1)

================================================================================
RUNNING check_equal.py :: x_check_equal__mutmut_10  -  2025-10-16T10:00:12.650373
================================================================================

>>> 当前使用的函数: x_check_equal__mutmut_10
函数源码如下：
def x_check_equal__mutmut_10(a, b):

    if len(a) != len(b):
        return False

    for i in range(0, len(a)):
        if a[i] != b[i]:
            return False

    return False

FFFFFFFFFF
========================================================== FAILURES ==========================================================
_________________________________________ test_check_equal_with_func[originalInput0] _________________________________________
mutants/tests/check_equalTest.py:126: in test_check_equal_with_func
    originalResult = func(originalInput)
E   TypeError: x_check_equal__mutmut_10() missing 1 required positional argument: 'b'
_________________________________________ test_check_equal_with_func[originalInput1] _________________________________________
mutants/tests/check_equalTest.py:126: in test_check_equal_with_func
    originalResult = func(originalInput)
E   TypeError: x_check_equal__mutmut_10() missing 1 required positional argument: 'b'
_________________________________________ test_check_equal_with_func[originalInput2] _________________________________________
mutants/tests/check_equalTest.py:126: in test_check_equal_with_func
    originalResult = func(originalInput)
E   TypeError: x_check_equal__mutmut_10() missing 1 required positional argument: 'b'
_________________________________________ test_check_equal_with_func[originalInput3] _________________________________________
mutants/tests/check_equalTest.py:126: in test_check_equal_with_func
    originalResult = func(originalInput)
E   TypeError: x_check_equal__mutmut_10() missing 1 required positional argument: 'b'
_________________________________________ test_check_equal_with_func[originalInput4] _________________________________________
mutants/tests/check_equalTest.py:126: in test_check_equal_with_func
    originalResult = func(originalInput)
E   TypeError: x_check_equal__mutmut_10() missing 1 required positional argument: 'b'
_________________________________________ test_check_equal_with_func[originalInput5] _________________________________________
mutants/tests/check_equalTest.py:126: in test_check_equal_with_func
    originalResult = func(originalInput)
E   TypeError: x_check_equal__mutmut_10() missing 1 required positional argument: 'b'
_________________________________________ test_check_equal_with_func[originalInput6] _________________________________________
mutants/tests/check_equalTest.py:126: in test_check_equal_with_func
    originalResult = func(originalInput)
E   TypeError: x_check_equal__mutmut_10() missing 1 required positional argument: 'b'
_________________________________________ test_check_equal_with_func[originalInput7] _________________________________________
mutants/tests/check_equalTest.py:126: in test_check_equal_with_func
    originalResult = func(originalInput)
E   TypeError: x_check_equal__mutmut_10() missing 1 required positional argument: 'b'
_________________________________________ test_check_equal_with_func[originalInput8] _________________________________________
mutants/tests/check_equalTest.py:126: in test_check_equal_with_func
    originalResult = func(originalInput)
E   TypeError: x_check_equal__mutmut_10() missing 1 required positional argument: 'b'
_________________________________________ test_check_equal_with_func[originalInput9] _________________________________________
mutants/tests/check_equalTest.py:126: in test_check_equal_with_func
    originalResult = func(originalInput)
E   TypeError: x_check_equal__mutmut_10() missing 1 required positional argument: 'b'
====================================================== warnings summary ======================================================
../../anaconda3/envs/mutmut39/lib/python3.9/site-packages/_pytest/config/__init__.py:1474
  /home/rts/anaconda3/envs/mutmut39/lib/python3.9/site-packages/_pytest/config/__init__.py:1474: PytestConfigWarning: Unknown config option: pytest -vv --tb
  
    self._warn_or_fail_if_strict(f"Unknown config option: {key}\n")

-- Docs: https://docs.pytest.org/en/stable/how-to/capture-warnings.html
================================================== short test summary info ===================================================
FAILED mutants/tests/check_equalTest.py::test_check_equal_with_func[originalInput0] - TypeError: x_check_equal__mutmut_10() missing 1 required positional argument: 'b'
FAILED mutants/tests/check_equalTest.py::test_check_equal_with_func[originalInput1] - TypeError: x_check_equal__mutmut_10() missing 1 required positional argument: 'b'
FAILED mutants/tests/check_equalTest.py::test_check_equal_with_func[originalInput2] - TypeError: x_check_equal__mutmut_10() missing 1 required positional argument: 'b'
FAILED mutants/tests/check_equalTest.py::test_check_equal_with_func[originalInput3] - TypeError: x_check_equal__mutmut_10() missing 1 required positional argument: 'b'
FAILED mutants/tests/check_equalTest.py::test_check_equal_with_func[originalInput4] - TypeError: x_check_equal__mutmut_10() missing 1 required positional argument: 'b'
FAILED mutants/tests/check_equalTest.py::test_check_equal_with_func[originalInput5] - TypeError: x_check_equal__mutmut_10() missing 1 required positional argument: 'b'
FAILED mutants/tests/check_equalTest.py::test_check_equal_with_func[originalInput6] - TypeError: x_check_equal__mutmut_10() missing 1 required positional argument: 'b'
FAILED mutants/tests/check_equalTest.py::test_check_equal_with_func[originalInput7] - TypeError: x_check_equal__mutmut_10() missing 1 required positional argument: 'b'
FAILED mutants/tests/check_equalTest.py::test_check_equal_with_func[originalInput8] - TypeError: x_check_equal__mutmut_10() missing 1 required positional argument: 'b'
FAILED mutants/tests/check_equalTest.py::test_check_equal_with_func[originalInput9] - TypeError: x_check_equal__mutmut_10() missing 1 required positional argument: 'b'
10 failed, 1 warning in 0.03s
❌ x_check_equal__mutmut_10 存在失败 (退出码 1)

================================================================================
RUNNING check_equal.py :: x_check_equal__mutmut_2  -  2025-10-16T10:00:12.715014
================================================================================

>>> 当前使用的函数: x_check_equal__mutmut_2
函数源码如下：
def x_check_equal__mutmut_2(a, b):

    if len(a) != len(b):
        return True

    for i in range(0, len(a)):
        if a[i] != b[i]:
            return False

    return True

FFFFFFFFFF
========================================================== FAILURES ==========================================================
_________________________________________ test_check_equal_with_func[originalInput0] _________________________________________
mutants/tests/check_equalTest.py:126: in test_check_equal_with_func
    originalResult = func(originalInput)
E   TypeError: x_check_equal__mutmut_2() missing 1 required positional argument: 'b'
_________________________________________ test_check_equal_with_func[originalInput1] _________________________________________
mutants/tests/check_equalTest.py:126: in test_check_equal_with_func
    originalResult = func(originalInput)
E   TypeError: x_check_equal__mutmut_2() missing 1 required positional argument: 'b'
_________________________________________ test_check_equal_with_func[originalInput2] _________________________________________
mutants/tests/check_equalTest.py:126: in test_check_equal_with_func
    originalResult = func(originalInput)
E   TypeError: x_check_equal__mutmut_2() missing 1 required positional argument: 'b'
_________________________________________ test_check_equal_with_func[originalInput3] _________________________________________
mutants/tests/check_equalTest.py:126: in test_check_equal_with_func
    originalResult = func(originalInput)
E   TypeError: x_check_equal__mutmut_2() missing 1 required positional argument: 'b'
_________________________________________ test_check_equal_with_func[originalInput4] _________________________________________
mutants/tests/check_equalTest.py:126: in test_check_equal_with_func
    originalResult = func(originalInput)
E   TypeError: x_check_equal__mutmut_2() missing 1 required positional argument: 'b'
_________________________________________ test_check_equal_with_func[originalInput5] _________________________________________
mutants/tests/check_equalTest.py:126: in test_check_equal_with_func
    originalResult = func(originalInput)
E   TypeError: x_check_equal__mutmut_2() missing 1 required positional argument: 'b'
_________________________________________ test_check_equal_with_func[originalInput6] _________________________________________
mutants/tests/check_equalTest.py:126: in test_check_equal_with_func
    originalResult = func(originalInput)
E   TypeError: x_check_equal__mutmut_2() missing 1 required positional argument: 'b'
_________________________________________ test_check_equal_with_func[originalInput7] _________________________________________
mutants/tests/check_equalTest.py:126: in test_check_equal_with_func
    originalResult = func(originalInput)
E   TypeError: x_check_equal__mutmut_2() missing 1 required positional argument: 'b'
_________________________________________ test_check_equal_with_func[originalInput8] _________________________________________
mutants/tests/check_equalTest.py:126: in test_check_equal_with_func
    originalResult = func(originalInput)
E   TypeError: x_check_equal__mutmut_2() missing 1 required positional argument: 'b'
_________________________________________ test_check_equal_with_func[originalInput9] _________________________________________
mutants/tests/check_equalTest.py:126: in test_check_equal_with_func
    originalResult = func(originalInput)
E   TypeError: x_check_equal__mutmut_2() missing 1 required positional argument: 'b'
====================================================== warnings summary ======================================================
../../anaconda3/envs/mutmut39/lib/python3.9/site-packages/_pytest/config/__init__.py:1474
  /home/rts/anaconda3/envs/mutmut39/lib/python3.9/site-packages/_pytest/config/__init__.py:1474: PytestConfigWarning: Unknown config option: pytest -vv --tb
  
    self._warn_or_fail_if_strict(f"Unknown config option: {key}\n")

-- Docs: https://docs.pytest.org/en/stable/how-to/capture-warnings.html
================================================== short test summary info ===================================================
FAILED mutants/tests/check_equalTest.py::test_check_equal_with_func[originalInput0] - TypeError: x_check_equal__mutmut_2() missing 1 required positional argument: 'b'
FAILED mutants/tests/check_equalTest.py::test_check_equal_with_func[originalInput1] - TypeError: x_check_equal__mutmut_2() missing 1 required positional argument: 'b'
FAILED mutants/tests/check_equalTest.py::test_check_equal_with_func[originalInput2] - TypeError: x_check_equal__mutmut_2() missing 1 required positional argument: 'b'
FAILED mutants/tests/check_equalTest.py::test_check_equal_with_func[originalInput3] - TypeError: x_check_equal__mutmut_2() missing 1 required positional argument: 'b'
FAILED mutants/tests/check_equalTest.py::test_check_equal_with_func[originalInput4] - TypeError: x_check_equal__mutmut_2() missing 1 required positional argument: 'b'
FAILED mutants/tests/check_equalTest.py::test_check_equal_with_func[originalInput5] - TypeError: x_check_equal__mutmut_2() missing 1 required positional argument: 'b'
FAILED mutants/tests/check_equalTest.py::test_check_equal_with_func[originalInput6] - TypeError: x_check_equal__mutmut_2() missing 1 required positional argument: 'b'
FAILED mutants/tests/check_equalTest.py::test_check_equal_with_func[originalInput7] - TypeError: x_check_equal__mutmut_2() missing 1 required positional argument: 'b'
FAILED mutants/tests/check_equalTest.py::test_check_equal_with_func[originalInput8] - TypeError: x_check_equal__mutmut_2() missing 1 required positional argument: 'b'
FAILED mutants/tests/check_equalTest.py::test_check_equal_with_func[originalInput9] - TypeError: x_check_equal__mutmut_2() missing 1 required positional argument: 'b'
10 failed, 1 warning in 0.03s
❌ x_check_equal__mutmut_2 存在失败 (退出码 1)

================================================================================
RUNNING check_equal.py :: x_check_equal__mutmut_3  -  2025-10-16T10:00:12.782438
================================================================================

>>> 当前使用的函数: x_check_equal__mutmut_3
函数源码如下：
def x_check_equal__mutmut_3(a, b):

    if len(a) != len(b):
        return False

    for i in range(None, len(a)):
        if a[i] != b[i]:
            return False

    return True

FFFFFFFFFF
========================================================== FAILURES ==========================================================
_________________________________________ test_check_equal_with_func[originalInput0] _________________________________________
mutants/tests/check_equalTest.py:126: in test_check_equal_with_func
    originalResult = func(originalInput)
E   TypeError: x_check_equal__mutmut_3() missing 1 required positional argument: 'b'
_________________________________________ test_check_equal_with_func[originalInput1] _________________________________________
mutants/tests/check_equalTest.py:126: in test_check_equal_with_func
    originalResult = func(originalInput)
E   TypeError: x_check_equal__mutmut_3() missing 1 required positional argument: 'b'
_________________________________________ test_check_equal_with_func[originalInput2] _________________________________________
mutants/tests/check_equalTest.py:126: in test_check_equal_with_func
    originalResult = func(originalInput)
E   TypeError: x_check_equal__mutmut_3() missing 1 required positional argument: 'b'
_________________________________________ test_check_equal_with_func[originalInput3] _________________________________________
mutants/tests/check_equalTest.py:126: in test_check_equal_with_func
    originalResult = func(originalInput)
E   TypeError: x_check_equal__mutmut_3() missing 1 required positional argument: 'b'
_________________________________________ test_check_equal_with_func[originalInput4] _________________________________________
mutants/tests/check_equalTest.py:126: in test_check_equal_with_func
    originalResult = func(originalInput)
E   TypeError: x_check_equal__mutmut_3() missing 1 required positional argument: 'b'
_________________________________________ test_check_equal_with_func[originalInput5] _________________________________________
mutants/tests/check_equalTest.py:126: in test_check_equal_with_func
    originalResult = func(originalInput)
E   TypeError: x_check_equal__mutmut_3() missing 1 required positional argument: 'b'
_________________________________________ test_check_equal_with_func[originalInput6] _________________________________________
mutants/tests/check_equalTest.py:126: in test_check_equal_with_func
    originalResult = func(originalInput)
E   TypeError: x_check_equal__mutmut_3() missing 1 required positional argument: 'b'
_________________________________________ test_check_equal_with_func[originalInput7] _________________________________________
mutants/tests/check_equalTest.py:126: in test_check_equal_with_func
    originalResult = func(originalInput)
E   TypeError: x_check_equal__mutmut_3() missing 1 required positional argument: 'b'
_________________________________________ test_check_equal_with_func[originalInput8] _________________________________________
mutants/tests/check_equalTest.py:126: in test_check_equal_with_func
    originalResult = func(originalInput)
E   TypeError: x_check_equal__mutmut_3() missing 1 required positional argument: 'b'
_________________________________________ test_check_equal_with_func[originalInput9] _________________________________________
mutants/tests/check_equalTest.py:126: in test_check_equal_with_func
    originalResult = func(originalInput)
E   TypeError: x_check_equal__mutmut_3() missing 1 required positional argument: 'b'
====================================================== warnings summary ======================================================
../../anaconda3/envs/mutmut39/lib/python3.9/site-packages/_pytest/config/__init__.py:1474
  /home/rts/anaconda3/envs/mutmut39/lib/python3.9/site-packages/_pytest/config/__init__.py:1474: PytestConfigWarning: Unknown config option: pytest -vv --tb
  
    self._warn_or_fail_if_strict(f"Unknown config option: {key}\n")

-- Docs: https://docs.pytest.org/en/stable/how-to/capture-warnings.html
================================================== short test summary info ===================================================
FAILED mutants/tests/check_equalTest.py::test_check_equal_with_func[originalInput0] - TypeError: x_check_equal__mutmut_3() missing 1 required positional argument: 'b'
FAILED mutants/tests/check_equalTest.py::test_check_equal_with_func[originalInput1] - TypeError: x_check_equal__mutmut_3() missing 1 required positional argument: 'b'
FAILED mutants/tests/check_equalTest.py::test_check_equal_with_func[originalInput2] - TypeError: x_check_equal__mutmut_3() missing 1 required positional argument: 'b'
FAILED mutants/tests/check_equalTest.py::test_check_equal_with_func[originalInput3] - TypeError: x_check_equal__mutmut_3() missing 1 required positional argument: 'b'
FAILED mutants/tests/check_equalTest.py::test_check_equal_with_func[originalInput4] - TypeError: x_check_equal__mutmut_3() missing 1 required positional argument: 'b'
FAILED mutants/tests/check_equalTest.py::test_check_equal_with_func[originalInput5] - TypeError: x_check_equal__mutmut_3() missing 1 required positional argument: 'b'
FAILED mutants/tests/check_equalTest.py::test_check_equal_with_func[originalInput6] - TypeError: x_check_equal__mutmut_3() missing 1 required positional argument: 'b'
FAILED mutants/tests/check_equalTest.py::test_check_equal_with_func[originalInput7] - TypeError: x_check_equal__mutmut_3() missing 1 required positional argument: 'b'
FAILED mutants/tests/check_equalTest.py::test_check_equal_with_func[originalInput8] - TypeError: x_check_equal__mutmut_3() missing 1 required positional argument: 'b'
FAILED mutants/tests/check_equalTest.py::test_check_equal_with_func[originalInput9] - TypeError: x_check_equal__mutmut_3() missing 1 required positional argument: 'b'
10 failed, 1 warning in 0.02s
❌ x_check_equal__mutmut_3 存在失败 (退出码 1)

================================================================================
RUNNING check_equal.py :: x_check_equal__mutmut_4  -  2025-10-16T10:00:12.845847
================================================================================

>>> 当前使用的函数: x_check_equal__mutmut_4
函数源码如下：
def x_check_equal__mutmut_4(a, b):

    if len(a) != len(b):
        return False

    for i in range(0, None):
        if a[i] != b[i]:
            return False

    return True

FFFFFFFFFF
========================================================== FAILURES ==========================================================
_________________________________________ test_check_equal_with_func[originalInput0] _________________________________________
mutants/tests/check_equalTest.py:126: in test_check_equal_with_func
    originalResult = func(originalInput)
E   TypeError: x_check_equal__mutmut_4() missing 1 required positional argument: 'b'
_________________________________________ test_check_equal_with_func[originalInput1] _________________________________________
mutants/tests/check_equalTest.py:126: in test_check_equal_with_func
    originalResult = func(originalInput)
E   TypeError: x_check_equal__mutmut_4() missing 1 required positional argument: 'b'
_________________________________________ test_check_equal_with_func[originalInput2] _________________________________________
mutants/tests/check_equalTest.py:126: in test_check_equal_with_func
    originalResult = func(originalInput)
E   TypeError: x_check_equal__mutmut_4() missing 1 required positional argument: 'b'
_________________________________________ test_check_equal_with_func[originalInput3] _________________________________________
mutants/tests/check_equalTest.py:126: in test_check_equal_with_func
    originalResult = func(originalInput)
E   TypeError: x_check_equal__mutmut_4() missing 1 required positional argument: 'b'
_________________________________________ test_check_equal_with_func[originalInput4] _________________________________________
mutants/tests/check_equalTest.py:126: in test_check_equal_with_func
    originalResult = func(originalInput)
E   TypeError: x_check_equal__mutmut_4() missing 1 required positional argument: 'b'
_________________________________________ test_check_equal_with_func[originalInput5] _________________________________________
mutants/tests/check_equalTest.py:126: in test_check_equal_with_func
    originalResult = func(originalInput)
E   TypeError: x_check_equal__mutmut_4() missing 1 required positional argument: 'b'
_________________________________________ test_check_equal_with_func[originalInput6] _________________________________________
mutants/tests/check_equalTest.py:126: in test_check_equal_with_func
    originalResult = func(originalInput)
E   TypeError: x_check_equal__mutmut_4() missing 1 required positional argument: 'b'
_________________________________________ test_check_equal_with_func[originalInput7] _________________________________________
mutants/tests/check_equalTest.py:126: in test_check_equal_with_func
    originalResult = func(originalInput)
E   TypeError: x_check_equal__mutmut_4() missing 1 required positional argument: 'b'
_________________________________________ test_check_equal_with_func[originalInput8] _________________________________________
mutants/tests/check_equalTest.py:126: in test_check_equal_with_func
    originalResult = func(originalInput)
E   TypeError: x_check_equal__mutmut_4() missing 1 required positional argument: 'b'
_________________________________________ test_check_equal_with_func[originalInput9] _________________________________________
mutants/tests/check_equalTest.py:126: in test_check_equal_with_func
    originalResult = func(originalInput)
E   TypeError: x_check_equal__mutmut_4() missing 1 required positional argument: 'b'
====================================================== warnings summary ======================================================
../../anaconda3/envs/mutmut39/lib/python3.9/site-packages/_pytest/config/__init__.py:1474
  /home/rts/anaconda3/envs/mutmut39/lib/python3.9/site-packages/_pytest/config/__init__.py:1474: PytestConfigWarning: Unknown config option: pytest -vv --tb
  
    self._warn_or_fail_if_strict(f"Unknown config option: {key}\n")

-- Docs: https://docs.pytest.org/en/stable/how-to/capture-warnings.html
================================================== short test summary info ===================================================
FAILED mutants/tests/check_equalTest.py::test_check_equal_with_func[originalInput0] - TypeError: x_check_equal__mutmut_4() missing 1 required positional argument: 'b'
FAILED mutants/tests/check_equalTest.py::test_check_equal_with_func[originalInput1] - TypeError: x_check_equal__mutmut_4() missing 1 required positional argument: 'b'
FAILED mutants/tests/check_equalTest.py::test_check_equal_with_func[originalInput2] - TypeError: x_check_equal__mutmut_4() missing 1 required positional argument: 'b'
FAILED mutants/tests/check_equalTest.py::test_check_equal_with_func[originalInput3] - TypeError: x_check_equal__mutmut_4() missing 1 required positional argument: 'b'
FAILED mutants/tests/check_equalTest.py::test_check_equal_with_func[originalInput4] - TypeError: x_check_equal__mutmut_4() missing 1 required positional argument: 'b'
FAILED mutants/tests/check_equalTest.py::test_check_equal_with_func[originalInput5] - TypeError: x_check_equal__mutmut_4() missing 1 required positional argument: 'b'
FAILED mutants/tests/check_equalTest.py::test_check_equal_with_func[originalInput6] - TypeError: x_check_equal__mutmut_4() missing 1 required positional argument: 'b'
FAILED mutants/tests/check_equalTest.py::test_check_equal_with_func[originalInput7] - TypeError: x_check_equal__mutmut_4() missing 1 required positional argument: 'b'
FAILED mutants/tests/check_equalTest.py::test_check_equal_with_func[originalInput8] - TypeError: x_check_equal__mutmut_4() missing 1 required positional argument: 'b'
FAILED mutants/tests/check_equalTest.py::test_check_equal_with_func[originalInput9] - TypeError: x_check_equal__mutmut_4() missing 1 required positional argument: 'b'
10 failed, 1 warning in 0.03s
❌ x_check_equal__mutmut_4 存在失败 (退出码 1)

================================================================================
RUNNING check_equal.py :: x_check_equal__mutmut_5  -  2025-10-16T10:00:12.911076
================================================================================

>>> 当前使用的函数: x_check_equal__mutmut_5
函数源码如下：
def x_check_equal__mutmut_5(a, b):

    if len(a) != len(b):
        return False

    for i in range(len(a)):
        if a[i] != b[i]:
            return False

    return True

FFFFFFFFFF
========================================================== FAILURES ==========================================================
_________________________________________ test_check_equal_with_func[originalInput0] _________________________________________
mutants/tests/check_equalTest.py:126: in test_check_equal_with_func
    originalResult = func(originalInput)
E   TypeError: x_check_equal__mutmut_5() missing 1 required positional argument: 'b'
_________________________________________ test_check_equal_with_func[originalInput1] _________________________________________
mutants/tests/check_equalTest.py:126: in test_check_equal_with_func
    originalResult = func(originalInput)
E   TypeError: x_check_equal__mutmut_5() missing 1 required positional argument: 'b'
_________________________________________ test_check_equal_with_func[originalInput2] _________________________________________
mutants/tests/check_equalTest.py:126: in test_check_equal_with_func
    originalResult = func(originalInput)
E   TypeError: x_check_equal__mutmut_5() missing 1 required positional argument: 'b'
_________________________________________ test_check_equal_with_func[originalInput3] _________________________________________
mutants/tests/check_equalTest.py:126: in test_check_equal_with_func
    originalResult = func(originalInput)
E   TypeError: x_check_equal__mutmut_5() missing 1 required positional argument: 'b'
_________________________________________ test_check_equal_with_func[originalInput4] _________________________________________
mutants/tests/check_equalTest.py:126: in test_check_equal_with_func
    originalResult = func(originalInput)
E   TypeError: x_check_equal__mutmut_5() missing 1 required positional argument: 'b'
_________________________________________ test_check_equal_with_func[originalInput5] _________________________________________
mutants/tests/check_equalTest.py:126: in test_check_equal_with_func
    originalResult = func(originalInput)
E   TypeError: x_check_equal__mutmut_5() missing 1 required positional argument: 'b'
_________________________________________ test_check_equal_with_func[originalInput6] _________________________________________
mutants/tests/check_equalTest.py:126: in test_check_equal_with_func
    originalResult = func(originalInput)
E   TypeError: x_check_equal__mutmut_5() missing 1 required positional argument: 'b'
_________________________________________ test_check_equal_with_func[originalInput7] _________________________________________
mutants/tests/check_equalTest.py:126: in test_check_equal_with_func
    originalResult = func(originalInput)
E   TypeError: x_check_equal__mutmut_5() missing 1 required positional argument: 'b'
_________________________________________ test_check_equal_with_func[originalInput8] _________________________________________
mutants/tests/check_equalTest.py:126: in test_check_equal_with_func
    originalResult = func(originalInput)
E   TypeError: x_check_equal__mutmut_5() missing 1 required positional argument: 'b'
_________________________________________ test_check_equal_with_func[originalInput9] _________________________________________
mutants/tests/check_equalTest.py:126: in test_check_equal_with_func
    originalResult = func(originalInput)
E   TypeError: x_check_equal__mutmut_5() missing 1 required positional argument: 'b'
====================================================== warnings summary ======================================================
../../anaconda3/envs/mutmut39/lib/python3.9/site-packages/_pytest/config/__init__.py:1474
  /home/rts/anaconda3/envs/mutmut39/lib/python3.9/site-packages/_pytest/config/__init__.py:1474: PytestConfigWarning: Unknown config option: pytest -vv --tb
  
    self._warn_or_fail_if_strict(f"Unknown config option: {key}\n")

-- Docs: https://docs.pytest.org/en/stable/how-to/capture-warnings.html
================================================== short test summary info ===================================================
FAILED mutants/tests/check_equalTest.py::test_check_equal_with_func[originalInput0] - TypeError: x_check_equal__mutmut_5() missing 1 required positional argument: 'b'
FAILED mutants/tests/check_equalTest.py::test_check_equal_with_func[originalInput1] - TypeError: x_check_equal__mutmut_5() missing 1 required positional argument: 'b'
FAILED mutants/tests/check_equalTest.py::test_check_equal_with_func[originalInput2] - TypeError: x_check_equal__mutmut_5() missing 1 required positional argument: 'b'
FAILED mutants/tests/check_equalTest.py::test_check_equal_with_func[originalInput3] - TypeError: x_check_equal__mutmut_5() missing 1 required positional argument: 'b'
FAILED mutants/tests/check_equalTest.py::test_check_equal_with_func[originalInput4] - TypeError: x_check_equal__mutmut_5() missing 1 required positional argument: 'b'
FAILED mutants/tests/check_equalTest.py::test_check_equal_with_func[originalInput5] - TypeError: x_check_equal__mutmut_5() missing 1 required positional argument: 'b'
FAILED mutants/tests/check_equalTest.py::test_check_equal_with_func[originalInput6] - TypeError: x_check_equal__mutmut_5() missing 1 required positional argument: 'b'
FAILED mutants/tests/check_equalTest.py::test_check_equal_with_func[originalInput7] - TypeError: x_check_equal__mutmut_5() missing 1 required positional argument: 'b'
FAILED mutants/tests/check_equalTest.py::test_check_equal_with_func[originalInput8] - TypeError: x_check_equal__mutmut_5() missing 1 required positional argument: 'b'
FAILED mutants/tests/check_equalTest.py::test_check_equal_with_func[originalInput9] - TypeError: x_check_equal__mutmut_5() missing 1 required positional argument: 'b'
10 failed, 1 warning in 0.03s
❌ x_check_equal__mutmut_5 存在失败 (退出码 1)

================================================================================
RUNNING check_equal.py :: x_check_equal__mutmut_6  -  2025-10-16T10:00:12.976484
================================================================================

>>> 当前使用的函数: x_check_equal__mutmut_6
函数源码如下：
def x_check_equal__mutmut_6(a, b):

    if len(a) != len(b):
        return False

    for i in range(0, ):
        if a[i] != b[i]:
            return False

    return True

FFFFFFFFFF
========================================================== FAILURES ==========================================================
_________________________________________ test_check_equal_with_func[originalInput0] _________________________________________
mutants/tests/check_equalTest.py:126: in test_check_equal_with_func
    originalResult = func(originalInput)
E   TypeError: x_check_equal__mutmut_6() missing 1 required positional argument: 'b'
_________________________________________ test_check_equal_with_func[originalInput1] _________________________________________
mutants/tests/check_equalTest.py:126: in test_check_equal_with_func
    originalResult = func(originalInput)
E   TypeError: x_check_equal__mutmut_6() missing 1 required positional argument: 'b'
_________________________________________ test_check_equal_with_func[originalInput2] _________________________________________
mutants/tests/check_equalTest.py:126: in test_check_equal_with_func
    originalResult = func(originalInput)
E   TypeError: x_check_equal__mutmut_6() missing 1 required positional argument: 'b'
_________________________________________ test_check_equal_with_func[originalInput3] _________________________________________
mutants/tests/check_equalTest.py:126: in test_check_equal_with_func
    originalResult = func(originalInput)
E   TypeError: x_check_equal__mutmut_6() missing 1 required positional argument: 'b'
_________________________________________ test_check_equal_with_func[originalInput4] _________________________________________
mutants/tests/check_equalTest.py:126: in test_check_equal_with_func
    originalResult = func(originalInput)
E   TypeError: x_check_equal__mutmut_6() missing 1 required positional argument: 'b'
_________________________________________ test_check_equal_with_func[originalInput5] _________________________________________
mutants/tests/check_equalTest.py:126: in test_check_equal_with_func
    originalResult = func(originalInput)
E   TypeError: x_check_equal__mutmut_6() missing 1 required positional argument: 'b'
_________________________________________ test_check_equal_with_func[originalInput6] _________________________________________
mutants/tests/check_equalTest.py:126: in test_check_equal_with_func
    originalResult = func(originalInput)
E   TypeError: x_check_equal__mutmut_6() missing 1 required positional argument: 'b'
_________________________________________ test_check_equal_with_func[originalInput7] _________________________________________
mutants/tests/check_equalTest.py:126: in test_check_equal_with_func
    originalResult = func(originalInput)
E   TypeError: x_check_equal__mutmut_6() missing 1 required positional argument: 'b'
_________________________________________ test_check_equal_with_func[originalInput8] _________________________________________
mutants/tests/check_equalTest.py:126: in test_check_equal_with_func
    originalResult = func(originalInput)
E   TypeError: x_check_equal__mutmut_6() missing 1 required positional argument: 'b'
_________________________________________ test_check_equal_with_func[originalInput9] _________________________________________
mutants/tests/check_equalTest.py:126: in test_check_equal_with_func
    originalResult = func(originalInput)
E   TypeError: x_check_equal__mutmut_6() missing 1 required positional argument: 'b'
====================================================== warnings summary ======================================================
../../anaconda3/envs/mutmut39/lib/python3.9/site-packages/_pytest/config/__init__.py:1474
  /home/rts/anaconda3/envs/mutmut39/lib/python3.9/site-packages/_pytest/config/__init__.py:1474: PytestConfigWarning: Unknown config option: pytest -vv --tb
  
    self._warn_or_fail_if_strict(f"Unknown config option: {key}\n")

-- Docs: https://docs.pytest.org/en/stable/how-to/capture-warnings.html
================================================== short test summary info ===================================================
FAILED mutants/tests/check_equalTest.py::test_check_equal_with_func[originalInput0] - TypeError: x_check_equal__mutmut_6() missing 1 required positional argument: 'b'
FAILED mutants/tests/check_equalTest.py::test_check_equal_with_func[originalInput1] - TypeError: x_check_equal__mutmut_6() missing 1 required positional argument: 'b'
FAILED mutants/tests/check_equalTest.py::test_check_equal_with_func[originalInput2] - TypeError: x_check_equal__mutmut_6() missing 1 required positional argument: 'b'
FAILED mutants/tests/check_equalTest.py::test_check_equal_with_func[originalInput3] - TypeError: x_check_equal__mutmut_6() missing 1 required positional argument: 'b'
FAILED mutants/tests/check_equalTest.py::test_check_equal_with_func[originalInput4] - TypeError: x_check_equal__mutmut_6() missing 1 required positional argument: 'b'
FAILED mutants/tests/check_equalTest.py::test_check_equal_with_func[originalInput5] - TypeError: x_check_equal__mutmut_6() missing 1 required positional argument: 'b'
FAILED mutants/tests/check_equalTest.py::test_check_equal_with_func[originalInput6] - TypeError: x_check_equal__mutmut_6() missing 1 required positional argument: 'b'
FAILED mutants/tests/check_equalTest.py::test_check_equal_with_func[originalInput7] - TypeError: x_check_equal__mutmut_6() missing 1 required positional argument: 'b'
FAILED mutants/tests/check_equalTest.py::test_check_equal_with_func[originalInput8] - TypeError: x_check_equal__mutmut_6() missing 1 required positional argument: 'b'
FAILED mutants/tests/check_equalTest.py::test_check_equal_with_func[originalInput9] - TypeError: x_check_equal__mutmut_6() missing 1 required positional argument: 'b'
10 failed, 1 warning in 0.03s
❌ x_check_equal__mutmut_6 存在失败 (退出码 1)

================================================================================
RUNNING check_equal.py :: x_check_equal__mutmut_7  -  2025-10-16T10:00:13.040620
================================================================================

>>> 当前使用的函数: x_check_equal__mutmut_7
函数源码如下：
def x_check_equal__mutmut_7(a, b):

    if len(a) != len(b):
        return False

    for i in range(1, len(a)):
        if a[i] != b[i]:
            return False

    return True

FFFFFFFFFF
========================================================== FAILURES ==========================================================
_________________________________________ test_check_equal_with_func[originalInput0] _________________________________________
mutants/tests/check_equalTest.py:126: in test_check_equal_with_func
    originalResult = func(originalInput)
E   TypeError: x_check_equal__mutmut_7() missing 1 required positional argument: 'b'
_________________________________________ test_check_equal_with_func[originalInput1] _________________________________________
mutants/tests/check_equalTest.py:126: in test_check_equal_with_func
    originalResult = func(originalInput)
E   TypeError: x_check_equal__mutmut_7() missing 1 required positional argument: 'b'
_________________________________________ test_check_equal_with_func[originalInput2] _________________________________________
mutants/tests/check_equalTest.py:126: in test_check_equal_with_func
    originalResult = func(originalInput)
E   TypeError: x_check_equal__mutmut_7() missing 1 required positional argument: 'b'
_________________________________________ test_check_equal_with_func[originalInput3] _________________________________________
mutants/tests/check_equalTest.py:126: in test_check_equal_with_func
    originalResult = func(originalInput)
E   TypeError: x_check_equal__mutmut_7() missing 1 required positional argument: 'b'
_________________________________________ test_check_equal_with_func[originalInput4] _________________________________________
mutants/tests/check_equalTest.py:126: in test_check_equal_with_func
    originalResult = func(originalInput)
E   TypeError: x_check_equal__mutmut_7() missing 1 required positional argument: 'b'
_________________________________________ test_check_equal_with_func[originalInput5] _________________________________________
mutants/tests/check_equalTest.py:126: in test_check_equal_with_func
    originalResult = func(originalInput)
E   TypeError: x_check_equal__mutmut_7() missing 1 required positional argument: 'b'
_________________________________________ test_check_equal_with_func[originalInput6] _________________________________________
mutants/tests/check_equalTest.py:126: in test_check_equal_with_func
    originalResult = func(originalInput)
E   TypeError: x_check_equal__mutmut_7() missing 1 required positional argument: 'b'
_________________________________________ test_check_equal_with_func[originalInput7] _________________________________________
mutants/tests/check_equalTest.py:126: in test_check_equal_with_func
    originalResult = func(originalInput)
E   TypeError: x_check_equal__mutmut_7() missing 1 required positional argument: 'b'
_________________________________________ test_check_equal_with_func[originalInput8] _________________________________________
mutants/tests/check_equalTest.py:126: in test_check_equal_with_func
    originalResult = func(originalInput)
E   TypeError: x_check_equal__mutmut_7() missing 1 required positional argument: 'b'
_________________________________________ test_check_equal_with_func[originalInput9] _________________________________________
mutants/tests/check_equalTest.py:126: in test_check_equal_with_func
    originalResult = func(originalInput)
E   TypeError: x_check_equal__mutmut_7() missing 1 required positional argument: 'b'
====================================================== warnings summary ======================================================
../../anaconda3/envs/mutmut39/lib/python3.9/site-packages/_pytest/config/__init__.py:1474
  /home/rts/anaconda3/envs/mutmut39/lib/python3.9/site-packages/_pytest/config/__init__.py:1474: PytestConfigWarning: Unknown config option: pytest -vv --tb
  
    self._warn_or_fail_if_strict(f"Unknown config option: {key}\n")

-- Docs: https://docs.pytest.org/en/stable/how-to/capture-warnings.html
================================================== short test summary info ===================================================
FAILED mutants/tests/check_equalTest.py::test_check_equal_with_func[originalInput0] - TypeError: x_check_equal__mutmut_7() missing 1 required positional argument: 'b'
FAILED mutants/tests/check_equalTest.py::test_check_equal_with_func[originalInput1] - TypeError: x_check_equal__mutmut_7() missing 1 required positional argument: 'b'
FAILED mutants/tests/check_equalTest.py::test_check_equal_with_func[originalInput2] - TypeError: x_check_equal__mutmut_7() missing 1 required positional argument: 'b'
FAILED mutants/tests/check_equalTest.py::test_check_equal_with_func[originalInput3] - TypeError: x_check_equal__mutmut_7() missing 1 required positional argument: 'b'
FAILED mutants/tests/check_equalTest.py::test_check_equal_with_func[originalInput4] - TypeError: x_check_equal__mutmut_7() missing 1 required positional argument: 'b'
FAILED mutants/tests/check_equalTest.py::test_check_equal_with_func[originalInput5] - TypeError: x_check_equal__mutmut_7() missing 1 required positional argument: 'b'
FAILED mutants/tests/check_equalTest.py::test_check_equal_with_func[originalInput6] - TypeError: x_check_equal__mutmut_7() missing 1 required positional argument: 'b'
FAILED mutants/tests/check_equalTest.py::test_check_equal_with_func[originalInput7] - TypeError: x_check_equal__mutmut_7() missing 1 required positional argument: 'b'
FAILED mutants/tests/check_equalTest.py::test_check_equal_with_func[originalInput8] - TypeError: x_check_equal__mutmut_7() missing 1 required positional argument: 'b'
FAILED mutants/tests/check_equalTest.py::test_check_equal_with_func[originalInput9] - TypeError: x_check_equal__mutmut_7() missing 1 required positional argument: 'b'
10 failed, 1 warning in 0.03s
❌ x_check_equal__mutmut_7 存在失败 (退出码 1)

================================================================================
RUNNING check_equal.py :: x_check_equal__mutmut_8  -  2025-10-16T10:00:13.104350
================================================================================

>>> 当前使用的函数: x_check_equal__mutmut_8
函数源码如下：
def x_check_equal__mutmut_8(a, b):

    if len(a) != len(b):
        return False

    for i in range(0, len(a)):
        if a[i] == b[i]:
            return False

    return True

FFFFFFFFFF
========================================================== FAILURES ==========================================================
_________________________________________ test_check_equal_with_func[originalInput0] _________________________________________
mutants/tests/check_equalTest.py:126: in test_check_equal_with_func
    originalResult = func(originalInput)
E   TypeError: x_check_equal__mutmut_8() missing 1 required positional argument: 'b'
_________________________________________ test_check_equal_with_func[originalInput1] _________________________________________
mutants/tests/check_equalTest.py:126: in test_check_equal_with_func
    originalResult = func(originalInput)
E   TypeError: x_check_equal__mutmut_8() missing 1 required positional argument: 'b'
_________________________________________ test_check_equal_with_func[originalInput2] _________________________________________
mutants/tests/check_equalTest.py:126: in test_check_equal_with_func
    originalResult = func(originalInput)
E   TypeError: x_check_equal__mutmut_8() missing 1 required positional argument: 'b'
_________________________________________ test_check_equal_with_func[originalInput3] _________________________________________
mutants/tests/check_equalTest.py:126: in test_check_equal_with_func
    originalResult = func(originalInput)
E   TypeError: x_check_equal__mutmut_8() missing 1 required positional argument: 'b'
_________________________________________ test_check_equal_with_func[originalInput4] _________________________________________
mutants/tests/check_equalTest.py:126: in test_check_equal_with_func
    originalResult = func(originalInput)
E   TypeError: x_check_equal__mutmut_8() missing 1 required positional argument: 'b'
_________________________________________ test_check_equal_with_func[originalInput5] _________________________________________
mutants/tests/check_equalTest.py:126: in test_check_equal_with_func
    originalResult = func(originalInput)
E   TypeError: x_check_equal__mutmut_8() missing 1 required positional argument: 'b'
_________________________________________ test_check_equal_with_func[originalInput6] _________________________________________
mutants/tests/check_equalTest.py:126: in test_check_equal_with_func
    originalResult = func(originalInput)
E   TypeError: x_check_equal__mutmut_8() missing 1 required positional argument: 'b'
_________________________________________ test_check_equal_with_func[originalInput7] _________________________________________
mutants/tests/check_equalTest.py:126: in test_check_equal_with_func
    originalResult = func(originalInput)
E   TypeError: x_check_equal__mutmut_8() missing 1 required positional argument: 'b'
_________________________________________ test_check_equal_with_func[originalInput8] _________________________________________
mutants/tests/check_equalTest.py:126: in test_check_equal_with_func
    originalResult = func(originalInput)
E   TypeError: x_check_equal__mutmut_8() missing 1 required positional argument: 'b'
_________________________________________ test_check_equal_with_func[originalInput9] _________________________________________
mutants/tests/check_equalTest.py:126: in test_check_equal_with_func
    originalResult = func(originalInput)
E   TypeError: x_check_equal__mutmut_8() missing 1 required positional argument: 'b'
====================================================== warnings summary ======================================================
../../anaconda3/envs/mutmut39/lib/python3.9/site-packages/_pytest/config/__init__.py:1474
  /home/rts/anaconda3/envs/mutmut39/lib/python3.9/site-packages/_pytest/config/__init__.py:1474: PytestConfigWarning: Unknown config option: pytest -vv --tb
  
    self._warn_or_fail_if_strict(f"Unknown config option: {key}\n")

-- Docs: https://docs.pytest.org/en/stable/how-to/capture-warnings.html
================================================== short test summary info ===================================================
FAILED mutants/tests/check_equalTest.py::test_check_equal_with_func[originalInput0] - TypeError: x_check_equal__mutmut_8() missing 1 required positional argument: 'b'
FAILED mutants/tests/check_equalTest.py::test_check_equal_with_func[originalInput1] - TypeError: x_check_equal__mutmut_8() missing 1 required positional argument: 'b'
FAILED mutants/tests/check_equalTest.py::test_check_equal_with_func[originalInput2] - TypeError: x_check_equal__mutmut_8() missing 1 required positional argument: 'b'
FAILED mutants/tests/check_equalTest.py::test_check_equal_with_func[originalInput3] - TypeError: x_check_equal__mutmut_8() missing 1 required positional argument: 'b'
FAILED mutants/tests/check_equalTest.py::test_check_equal_with_func[originalInput4] - TypeError: x_check_equal__mutmut_8() missing 1 required positional argument: 'b'
FAILED mutants/tests/check_equalTest.py::test_check_equal_with_func[originalInput5] - TypeError: x_check_equal__mutmut_8() missing 1 required positional argument: 'b'
FAILED mutants/tests/check_equalTest.py::test_check_equal_with_func[originalInput6] - TypeError: x_check_equal__mutmut_8() missing 1 required positional argument: 'b'
FAILED mutants/tests/check_equalTest.py::test_check_equal_with_func[originalInput7] - TypeError: x_check_equal__mutmut_8() missing 1 required positional argument: 'b'
FAILED mutants/tests/check_equalTest.py::test_check_equal_with_func[originalInput8] - TypeError: x_check_equal__mutmut_8() missing 1 required positional argument: 'b'
FAILED mutants/tests/check_equalTest.py::test_check_equal_with_func[originalInput9] - TypeError: x_check_equal__mutmut_8() missing 1 required positional argument: 'b'
10 failed, 1 warning in 0.02s
❌ x_check_equal__mutmut_8 存在失败 (退出码 1)

================================================================================
RUNNING check_equal.py :: x_check_equal__mutmut_9  -  2025-10-16T10:00:13.167939
================================================================================

>>> 当前使用的函数: x_check_equal__mutmut_9
函数源码如下：
def x_check_equal__mutmut_9(a, b):

    if len(a) != len(b):
        return False

    for i in range(0, len(a)):
        if a[i] != b[i]:
            return True

    return True

FFFFFFFFFF
========================================================== FAILURES ==========================================================
_________________________________________ test_check_equal_with_func[originalInput0] _________________________________________
mutants/tests/check_equalTest.py:126: in test_check_equal_with_func
    originalResult = func(originalInput)
E   TypeError: x_check_equal__mutmut_9() missing 1 required positional argument: 'b'
_________________________________________ test_check_equal_with_func[originalInput1] _________________________________________
mutants/tests/check_equalTest.py:126: in test_check_equal_with_func
    originalResult = func(originalInput)
E   TypeError: x_check_equal__mutmut_9() missing 1 required positional argument: 'b'
_________________________________________ test_check_equal_with_func[originalInput2] _________________________________________
mutants/tests/check_equalTest.py:126: in test_check_equal_with_func
    originalResult = func(originalInput)
E   TypeError: x_check_equal__mutmut_9() missing 1 required positional argument: 'b'
_________________________________________ test_check_equal_with_func[originalInput3] _________________________________________
mutants/tests/check_equalTest.py:126: in test_check_equal_with_func
    originalResult = func(originalInput)
E   TypeError: x_check_equal__mutmut_9() missing 1 required positional argument: 'b'
_________________________________________ test_check_equal_with_func[originalInput4] _________________________________________
mutants/tests/check_equalTest.py:126: in test_check_equal_with_func
    originalResult = func(originalInput)
E   TypeError: x_check_equal__mutmut_9() missing 1 required positional argument: 'b'
_________________________________________ test_check_equal_with_func[originalInput5] _________________________________________
mutants/tests/check_equalTest.py:126: in test_check_equal_with_func
    originalResult = func(originalInput)
E   TypeError: x_check_equal__mutmut_9() missing 1 required positional argument: 'b'
_________________________________________ test_check_equal_with_func[originalInput6] _________________________________________
mutants/tests/check_equalTest.py:126: in test_check_equal_with_func
    originalResult = func(originalInput)
E   TypeError: x_check_equal__mutmut_9() missing 1 required positional argument: 'b'
_________________________________________ test_check_equal_with_func[originalInput7] _________________________________________
mutants/tests/check_equalTest.py:126: in test_check_equal_with_func
    originalResult = func(originalInput)
E   TypeError: x_check_equal__mutmut_9() missing 1 required positional argument: 'b'
_________________________________________ test_check_equal_with_func[originalInput8] _________________________________________
mutants/tests/check_equalTest.py:126: in test_check_equal_with_func
    originalResult = func(originalInput)
E   TypeError: x_check_equal__mutmut_9() missing 1 required positional argument: 'b'
_________________________________________ test_check_equal_with_func[originalInput9] _________________________________________
mutants/tests/check_equalTest.py:126: in test_check_equal_with_func
    originalResult = func(originalInput)
E   TypeError: x_check_equal__mutmut_9() missing 1 required positional argument: 'b'
====================================================== warnings summary ======================================================
../../anaconda3/envs/mutmut39/lib/python3.9/site-packages/_pytest/config/__init__.py:1474
  /home/rts/anaconda3/envs/mutmut39/lib/python3.9/site-packages/_pytest/config/__init__.py:1474: PytestConfigWarning: Unknown config option: pytest -vv --tb
  
    self._warn_or_fail_if_strict(f"Unknown config option: {key}\n")

-- Docs: https://docs.pytest.org/en/stable/how-to/capture-warnings.html
================================================== short test summary info ===================================================
FAILED mutants/tests/check_equalTest.py::test_check_equal_with_func[originalInput0] - TypeError: x_check_equal__mutmut_9() missing 1 required positional argument: 'b'
FAILED mutants/tests/check_equalTest.py::test_check_equal_with_func[originalInput1] - TypeError: x_check_equal__mutmut_9() missing 1 required positional argument: 'b'
FAILED mutants/tests/check_equalTest.py::test_check_equal_with_func[originalInput2] - TypeError: x_check_equal__mutmut_9() missing 1 required positional argument: 'b'
FAILED mutants/tests/check_equalTest.py::test_check_equal_with_func[originalInput3] - TypeError: x_check_equal__mutmut_9() missing 1 required positional argument: 'b'
FAILED mutants/tests/check_equalTest.py::test_check_equal_with_func[originalInput4] - TypeError: x_check_equal__mutmut_9() missing 1 required positional argument: 'b'
FAILED mutants/tests/check_equalTest.py::test_check_equal_with_func[originalInput5] - TypeError: x_check_equal__mutmut_9() missing 1 required positional argument: 'b'
FAILED mutants/tests/check_equalTest.py::test_check_equal_with_func[originalInput6] - TypeError: x_check_equal__mutmut_9() missing 1 required positional argument: 'b'
FAILED mutants/tests/check_equalTest.py::test_check_equal_with_func[originalInput7] - TypeError: x_check_equal__mutmut_9() missing 1 required positional argument: 'b'
FAILED mutants/tests/check_equalTest.py::test_check_equal_with_func[originalInput8] - TypeError: x_check_equal__mutmut_9() missing 1 required positional argument: 'b'
FAILED mutants/tests/check_equalTest.py::test_check_equal_with_func[originalInput9] - TypeError: x_check_equal__mutmut_9() missing 1 required positional argument: 'b'
10 failed, 1 warning in 0.03s
❌ x_check_equal__mutmut_9 存在失败 (退出码 1)

================================================================================
RUNNING check_equal.py :: x_check_equal__mutmut_orig  -  2025-10-16T10:00:13.232413
================================================================================

>>> 当前使用的函数: x_check_equal__mutmut_orig
函数源码如下：
def x_check_equal__mutmut_orig(a, b):

    if len(a) != len(b):
        return False

    for i in range(0, len(a)):
        if a[i] != b[i]:
            return False

    return True

FFFFFFFFFF
========================================================== FAILURES ==========================================================
_________________________________________ test_check_equal_with_func[originalInput0] _________________________________________
mutants/tests/check_equalTest.py:126: in test_check_equal_with_func
    originalResult = func(originalInput)
E   TypeError: x_check_equal__mutmut_orig() missing 1 required positional argument: 'b'
_________________________________________ test_check_equal_with_func[originalInput1] _________________________________________
mutants/tests/check_equalTest.py:126: in test_check_equal_with_func
    originalResult = func(originalInput)
E   TypeError: x_check_equal__mutmut_orig() missing 1 required positional argument: 'b'
_________________________________________ test_check_equal_with_func[originalInput2] _________________________________________
mutants/tests/check_equalTest.py:126: in test_check_equal_with_func
    originalResult = func(originalInput)
E   TypeError: x_check_equal__mutmut_orig() missing 1 required positional argument: 'b'
_________________________________________ test_check_equal_with_func[originalInput3] _________________________________________
mutants/tests/check_equalTest.py:126: in test_check_equal_with_func
    originalResult = func(originalInput)
E   TypeError: x_check_equal__mutmut_orig() missing 1 required positional argument: 'b'
_________________________________________ test_check_equal_with_func[originalInput4] _________________________________________
mutants/tests/check_equalTest.py:126: in test_check_equal_with_func
    originalResult = func(originalInput)
E   TypeError: x_check_equal__mutmut_orig() missing 1 required positional argument: 'b'
_________________________________________ test_check_equal_with_func[originalInput5] _________________________________________
mutants/tests/check_equalTest.py:126: in test_check_equal_with_func
    originalResult = func(originalInput)
E   TypeError: x_check_equal__mutmut_orig() missing 1 required positional argument: 'b'
_________________________________________ test_check_equal_with_func[originalInput6] _________________________________________
mutants/tests/check_equalTest.py:126: in test_check_equal_with_func
    originalResult = func(originalInput)
E   TypeError: x_check_equal__mutmut_orig() missing 1 required positional argument: 'b'
_________________________________________ test_check_equal_with_func[originalInput7] _________________________________________
mutants/tests/check_equalTest.py:126: in test_check_equal_with_func
    originalResult = func(originalInput)
E   TypeError: x_check_equal__mutmut_orig() missing 1 required positional argument: 'b'
_________________________________________ test_check_equal_with_func[originalInput8] _________________________________________
mutants/tests/check_equalTest.py:126: in test_check_equal_with_func
    originalResult = func(originalInput)
E   TypeError: x_check_equal__mutmut_orig() missing 1 required positional argument: 'b'
_________________________________________ test_check_equal_with_func[originalInput9] _________________________________________
mutants/tests/check_equalTest.py:126: in test_check_equal_with_func
    originalResult = func(originalInput)
E   TypeError: x_check_equal__mutmut_orig() missing 1 required positional argument: 'b'
====================================================== warnings summary ======================================================
../../anaconda3/envs/mutmut39/lib/python3.9/site-packages/_pytest/config/__init__.py:1474
  /home/rts/anaconda3/envs/mutmut39/lib/python3.9/site-packages/_pytest/config/__init__.py:1474: PytestConfigWarning: Unknown config option: pytest -vv --tb
  
    self._warn_or_fail_if_strict(f"Unknown config option: {key}\n")

-- Docs: https://docs.pytest.org/en/stable/how-to/capture-warnings.html
================================================== short test summary info ===================================================
FAILED mutants/tests/check_equalTest.py::test_check_equal_with_func[originalInput0] - TypeError: x_check_equal__mutmut_orig() missing 1 required positional argument: 'b'
FAILED mutants/tests/check_equalTest.py::test_check_equal_with_func[originalInput1] - TypeError: x_check_equal__mutmut_orig() missing 1 required positional argument: 'b'
FAILED mutants/tests/check_equalTest.py::test_check_equal_with_func[originalInput2] - TypeError: x_check_equal__mutmut_orig() missing 1 required positional argument: 'b'
FAILED mutants/tests/check_equalTest.py::test_check_equal_with_func[originalInput3] - TypeError: x_check_equal__mutmut_orig() missing 1 required positional argument: 'b'
FAILED mutants/tests/check_equalTest.py::test_check_equal_with_func[originalInput4] - TypeError: x_check_equal__mutmut_orig() missing 1 required positional argument: 'b'
FAILED mutants/tests/check_equalTest.py::test_check_equal_with_func[originalInput5] - TypeError: x_check_equal__mutmut_orig() missing 1 required positional argument: 'b'
FAILED mutants/tests/check_equalTest.py::test_check_equal_with_func[originalInput6] - TypeError: x_check_equal__mutmut_orig() missing 1 required positional argument: 'b'
FAILED mutants/tests/check_equalTest.py::test_check_equal_with_func[originalInput7] - TypeError: x_check_equal__mutmut_orig() missing 1 required positional argument: 'b'
FAILED mutants/tests/check_equalTest.py::test_check_equal_with_func[originalInput8] - TypeError: x_check_equal__mutmut_orig() missing 1 required positional argument: 'b'
FAILED mutants/tests/check_equalTest.py::test_check_equal_with_func[originalInput9] - TypeError: x_check_equal__mutmut_orig() missing 1 required positional argument: 'b'
10 failed, 1 warning in 0.03s
❌ x_check_equal__mutmut_orig 存在失败 (退出码 1)
