
=== Running tests for single mutant file: count_non_zeroes.py ===

================================================================================
RUNNING count_non_zeroes.py :: x_count_non_zeroes__mutmut_1  -  2025-10-16T10:10:31.808486
================================================================================

>>> 当前使用的函数: x_count_non_zeroes__mutmut_1
函数源码如下：
def x_count_non_zeroes__mutmut_1(a):
    cnt = None
    for i in range(0, len(a)):
        if a[i] != 0:
            cnt += 1

    return cnt

FFFFFFFFFF
========================================================== FAILURES ==========================================================
______________________________________ test_count_non_zeroes_with_func[originalInput0] _______________________________________
mutants/tests/count_non_zeroesTest.py:128: in test_count_non_zeroes_with_func
    originalResult = func(originalInput)
mutants/src/count_non_zeroes.py:44: in x_count_non_zeroes__mutmut_1
    cnt += 1
E   TypeError: unsupported operand type(s) for +=: 'NoneType' and 'int'
______________________________________ test_count_non_zeroes_with_func[originalInput1] _______________________________________
mutants/tests/count_non_zeroesTest.py:128: in test_count_non_zeroes_with_func
    originalResult = func(originalInput)
mutants/src/count_non_zeroes.py:44: in x_count_non_zeroes__mutmut_1
    cnt += 1
E   TypeError: unsupported operand type(s) for +=: 'NoneType' and 'int'
______________________________________ test_count_non_zeroes_with_func[originalInput2] _______________________________________
mutants/tests/count_non_zeroesTest.py:128: in test_count_non_zeroes_with_func
    originalResult = func(originalInput)
mutants/src/count_non_zeroes.py:44: in x_count_non_zeroes__mutmut_1
    cnt += 1
E   TypeError: unsupported operand type(s) for +=: 'NoneType' and 'int'
______________________________________ test_count_non_zeroes_with_func[originalInput3] _______________________________________
mutants/tests/count_non_zeroesTest.py:128: in test_count_non_zeroes_with_func
    originalResult = func(originalInput)
mutants/src/count_non_zeroes.py:44: in x_count_non_zeroes__mutmut_1
    cnt += 1
E   TypeError: unsupported operand type(s) for +=: 'NoneType' and 'int'
______________________________________ test_count_non_zeroes_with_func[originalInput4] _______________________________________
mutants/tests/count_non_zeroesTest.py:128: in test_count_non_zeroes_with_func
    originalResult = func(originalInput)
mutants/src/count_non_zeroes.py:44: in x_count_non_zeroes__mutmut_1
    cnt += 1
E   TypeError: unsupported operand type(s) for +=: 'NoneType' and 'int'
______________________________________ test_count_non_zeroes_with_func[originalInput5] _______________________________________
mutants/tests/count_non_zeroesTest.py:128: in test_count_non_zeroes_with_func
    originalResult = func(originalInput)
mutants/src/count_non_zeroes.py:44: in x_count_non_zeroes__mutmut_1
    cnt += 1
E   TypeError: unsupported operand type(s) for +=: 'NoneType' and 'int'
______________________________________ test_count_non_zeroes_with_func[originalInput6] _______________________________________
mutants/tests/count_non_zeroesTest.py:128: in test_count_non_zeroes_with_func
    originalResult = func(originalInput)
mutants/src/count_non_zeroes.py:44: in x_count_non_zeroes__mutmut_1
    cnt += 1
E   TypeError: unsupported operand type(s) for +=: 'NoneType' and 'int'
______________________________________ test_count_non_zeroes_with_func[originalInput7] _______________________________________
mutants/tests/count_non_zeroesTest.py:128: in test_count_non_zeroes_with_func
    originalResult = func(originalInput)
mutants/src/count_non_zeroes.py:44: in x_count_non_zeroes__mutmut_1
    cnt += 1
E   TypeError: unsupported operand type(s) for +=: 'NoneType' and 'int'
______________________________________ test_count_non_zeroes_with_func[originalInput8] _______________________________________
mutants/tests/count_non_zeroesTest.py:128: in test_count_non_zeroes_with_func
    originalResult = func(originalInput)
mutants/src/count_non_zeroes.py:44: in x_count_non_zeroes__mutmut_1
    cnt += 1
E   TypeError: unsupported operand type(s) for +=: 'NoneType' and 'int'
______________________________________ test_count_non_zeroes_with_func[originalInput9] _______________________________________
mutants/tests/count_non_zeroesTest.py:128: in test_count_non_zeroes_with_func
    originalResult = func(originalInput)
mutants/src/count_non_zeroes.py:44: in x_count_non_zeroes__mutmut_1
    cnt += 1
E   TypeError: unsupported operand type(s) for +=: 'NoneType' and 'int'
====================================================== warnings summary ======================================================
../../anaconda3/envs/mutmut39/lib/python3.9/site-packages/_pytest/config/__init__.py:1474
  /home/rts/anaconda3/envs/mutmut39/lib/python3.9/site-packages/_pytest/config/__init__.py:1474: PytestConfigWarning: Unknown config option: pytest -vv --tb
  
    self._warn_or_fail_if_strict(f"Unknown config option: {key}\n")

-- Docs: https://docs.pytest.org/en/stable/how-to/capture-warnings.html
================================================== short test summary info ===================================================
FAILED mutants/tests/count_non_zeroesTest.py::test_count_non_zeroes_with_func[originalInput0] - TypeError: unsupported operand type(s) for +=: 'NoneType' and 'int'
FAILED mutants/tests/count_non_zeroesTest.py::test_count_non_zeroes_with_func[originalInput1] - TypeError: unsupported operand type(s) for +=: 'NoneType' and 'int'
FAILED mutants/tests/count_non_zeroesTest.py::test_count_non_zeroes_with_func[originalInput2] - TypeError: unsupported operand type(s) for +=: 'NoneType' and 'int'
FAILED mutants/tests/count_non_zeroesTest.py::test_count_non_zeroes_with_func[originalInput3] - TypeError: unsupported operand type(s) for +=: 'NoneType' and 'int'
FAILED mutants/tests/count_non_zeroesTest.py::test_count_non_zeroes_with_func[originalInput4] - TypeError: unsupported operand type(s) for +=: 'NoneType' and 'int'
FAILED mutants/tests/count_non_zeroesTest.py::test_count_non_zeroes_with_func[originalInput5] - TypeError: unsupported operand type(s) for +=: 'NoneType' and 'int'
FAILED mutants/tests/count_non_zeroesTest.py::test_count_non_zeroes_with_func[originalInput6] - TypeError: unsupported operand type(s) for +=: 'NoneType' and 'int'
FAILED mutants/tests/count_non_zeroesTest.py::test_count_non_zeroes_with_func[originalInput7] - TypeError: unsupported operand type(s) for +=: 'NoneType' and 'int'
FAILED mutants/tests/count_non_zeroesTest.py::test_count_non_zeroes_with_func[originalInput8] - TypeError: unsupported operand type(s) for +=: 'NoneType' and 'int'
FAILED mutants/tests/count_non_zeroesTest.py::test_count_non_zeroes_with_func[originalInput9] - TypeError: unsupported operand type(s) for +=: 'NoneType' and 'int'
10 failed, 1 warning in 0.07s
❌ x_count_non_zeroes__mutmut_1 存在失败 (退出码 1)

================================================================================
RUNNING count_non_zeroes.py :: x_count_non_zeroes__mutmut_10  -  2025-10-16T10:10:31.951783
================================================================================

>>> 当前使用的函数: x_count_non_zeroes__mutmut_10
函数源码如下：
def x_count_non_zeroes__mutmut_10(a):
    cnt = 0
    for i in range(0, len(a)):
        if a[i] != 0:
            cnt = 1

    return cnt

FFFFFFFFFF
========================================================== FAILURES ==========================================================
______________________________________ test_count_non_zeroes_with_func[originalInput0] _______________________________________

FAILURE: check 2 == 1: MR3_2 failed
mutants/tests/count_non_zeroesTest.py:129 in test_count_non_zeroes_with_func() -> applyMR_Assert(originalInput, originalResult)
mutants/tests/count_non_zeroesTest.py:94 in applyMR_Assert() -> check.equal(originalResult + 1, transformResult3_2, "MR3_2 failed")

FAILURE: check 2 == 1: MR8 failed
------------------------------------------------------------
Failed Checks: 2
______________________________________ test_count_non_zeroes_with_func[originalInput1] _______________________________________

FAILURE: check 2 == 1: MR3_2 failed
mutants/tests/count_non_zeroesTest.py:129 in test_count_non_zeroes_with_func() -> applyMR_Assert(originalInput, originalResult)
mutants/tests/count_non_zeroesTest.py:94 in applyMR_Assert() -> check.equal(originalResult + 1, transformResult3_2, "MR3_2 failed")

FAILURE: check 2 == 1: MR8 failed
------------------------------------------------------------
Failed Checks: 2
______________________________________ test_count_non_zeroes_with_func[originalInput2] _______________________________________

FAILURE: check 2 == 1: MR3_2 failed
mutants/tests/count_non_zeroesTest.py:129 in test_count_non_zeroes_with_func() -> applyMR_Assert(originalInput, originalResult)
mutants/tests/count_non_zeroesTest.py:94 in applyMR_Assert() -> check.equal(originalResult + 1, transformResult3_2, "MR3_2 failed")

FAILURE: check 2 == 1: MR8 failed
------------------------------------------------------------
Failed Checks: 2
______________________________________ test_count_non_zeroes_with_func[originalInput3] _______________________________________

FAILURE: check 2 == 1: MR3_2 failed
mutants/tests/count_non_zeroesTest.py:129 in test_count_non_zeroes_with_func() -> applyMR_Assert(originalInput, originalResult)
mutants/tests/count_non_zeroesTest.py:94 in applyMR_Assert() -> check.equal(originalResult + 1, transformResult3_2, "MR3_2 failed")

FAILURE: check 2 == 1: MR8 failed
------------------------------------------------------------
Failed Checks: 2
______________________________________ test_count_non_zeroes_with_func[originalInput4] _______________________________________

FAILURE: check 2 == 1: MR3_2 failed
mutants/tests/count_non_zeroesTest.py:129 in test_count_non_zeroes_with_func() -> applyMR_Assert(originalInput, originalResult)
mutants/tests/count_non_zeroesTest.py:94 in applyMR_Assert() -> check.equal(originalResult + 1, transformResult3_2, "MR3_2 failed")

FAILURE: check 2 == 1: MR8 failed
------------------------------------------------------------
Failed Checks: 2
______________________________________ test_count_non_zeroes_with_func[originalInput5] _______________________________________

FAILURE: check 2 == 1: MR3_2 failed
mutants/tests/count_non_zeroesTest.py:129 in test_count_non_zeroes_with_func() -> applyMR_Assert(originalInput, originalResult)
mutants/tests/count_non_zeroesTest.py:94 in applyMR_Assert() -> check.equal(originalResult + 1, transformResult3_2, "MR3_2 failed")

FAILURE: check 2 == 1: MR8 failed
------------------------------------------------------------
Failed Checks: 2
______________________________________ test_count_non_zeroes_with_func[originalInput6] _______________________________________

FAILURE: check 2 == 1: MR3_2 failed
mutants/tests/count_non_zeroesTest.py:129 in test_count_non_zeroes_with_func() -> applyMR_Assert(originalInput, originalResult)
mutants/tests/count_non_zeroesTest.py:94 in applyMR_Assert() -> check.equal(originalResult + 1, transformResult3_2, "MR3_2 failed")

FAILURE: check 2 == 1: MR8 failed
------------------------------------------------------------
Failed Checks: 2
______________________________________ test_count_non_zeroes_with_func[originalInput7] _______________________________________

FAILURE: check 2 == 1: MR3_2 failed
mutants/tests/count_non_zeroesTest.py:129 in test_count_non_zeroes_with_func() -> applyMR_Assert(originalInput, originalResult)
mutants/tests/count_non_zeroesTest.py:94 in applyMR_Assert() -> check.equal(originalResult + 1, transformResult3_2, "MR3_2 failed")

FAILURE: check 2 == 1: MR8 failed
------------------------------------------------------------
Failed Checks: 2
______________________________________ test_count_non_zeroes_with_func[originalInput8] _______________________________________

FAILURE: check 2 == 1: MR3_2 failed
mutants/tests/count_non_zeroesTest.py:129 in test_count_non_zeroes_with_func() -> applyMR_Assert(originalInput, originalResult)
mutants/tests/count_non_zeroesTest.py:94 in applyMR_Assert() -> check.equal(originalResult + 1, transformResult3_2, "MR3_2 failed")

FAILURE: check 2 == 1: MR8 failed
------------------------------------------------------------
Failed Checks: 2
______________________________________ test_count_non_zeroes_with_func[originalInput9] _______________________________________

FAILURE: check 2 == 1: MR3_2 failed
mutants/tests/count_non_zeroesTest.py:129 in test_count_non_zeroes_with_func() -> applyMR_Assert(originalInput, originalResult)
mutants/tests/count_non_zeroesTest.py:94 in applyMR_Assert() -> check.equal(originalResult + 1, transformResult3_2, "MR3_2 failed")

FAILURE: check 2 == 1: MR8 failed
------------------------------------------------------------
Failed Checks: 2
====================================================== warnings summary ======================================================
../../anaconda3/envs/mutmut39/lib/python3.9/site-packages/_pytest/config/__init__.py:1474
  /home/rts/anaconda3/envs/mutmut39/lib/python3.9/site-packages/_pytest/config/__init__.py:1474: PytestConfigWarning: Unknown config option: pytest -vv --tb
  
    self._warn_or_fail_if_strict(f"Unknown config option: {key}\n")

-- Docs: https://docs.pytest.org/en/stable/how-to/capture-warnings.html
================================================== short test summary info ===================================================
FAILED mutants/tests/count_non_zeroesTest.py::test_count_non_zeroes_with_func[originalInput0] - check 2 == 1: MR3_2 failed
FAILED mutants/tests/count_non_zeroesTest.py::test_count_non_zeroes_with_func[originalInput1] - check 2 == 1: MR3_2 failed
FAILED mutants/tests/count_non_zeroesTest.py::test_count_non_zeroes_with_func[originalInput2] - check 2 == 1: MR3_2 failed
FAILED mutants/tests/count_non_zeroesTest.py::test_count_non_zeroes_with_func[originalInput3] - check 2 == 1: MR3_2 failed
FAILED mutants/tests/count_non_zeroesTest.py::test_count_non_zeroes_with_func[originalInput4] - check 2 == 1: MR3_2 failed
FAILED mutants/tests/count_non_zeroesTest.py::test_count_non_zeroes_with_func[originalInput5] - check 2 == 1: MR3_2 failed
FAILED mutants/tests/count_non_zeroesTest.py::test_count_non_zeroes_with_func[originalInput6] - check 2 == 1: MR3_2 failed
FAILED mutants/tests/count_non_zeroesTest.py::test_count_non_zeroes_with_func[originalInput7] - check 2 == 1: MR3_2 failed
FAILED mutants/tests/count_non_zeroesTest.py::test_count_non_zeroes_with_func[originalInput8] - check 2 == 1: MR3_2 failed
FAILED mutants/tests/count_non_zeroesTest.py::test_count_non_zeroes_with_func[originalInput9] - check 2 == 1: MR3_2 failed
10 failed, 1 warning in 0.02s
❌ x_count_non_zeroes__mutmut_10 存在失败 (退出码 1)

================================================================================
RUNNING count_non_zeroes.py :: x_count_non_zeroes__mutmut_11  -  2025-10-16T10:10:32.006879
================================================================================

>>> 当前使用的函数: x_count_non_zeroes__mutmut_11
函数源码如下：
def x_count_non_zeroes__mutmut_11(a):
    cnt = 0
    for i in range(0, len(a)):
        if a[i] != 0:
            cnt -= 1

    return cnt

FFFFFFFFFF
========================================================== FAILURES ==========================================================
______________________________________ test_count_non_zeroes_with_func[originalInput0] _______________________________________

FAILURE: check -3 == -5: MR3_2 failed
mutants/tests/count_non_zeroesTest.py:129 in test_count_non_zeroes_with_func() -> applyMR_Assert(originalInput, originalResult)
mutants/tests/count_non_zeroesTest.py:94 in applyMR_Assert() -> check.equal(originalResult + 1, transformResult3_2, "MR3_2 failed")

FAILURE: check bool(False): MR4 failed
FAILURE: check bool(False): MR11 failed
FAILURE: check bool(False): MR14 failed
FAILURE: check bool(False): MR16 failed
------------------------------------------------------------
Failed Checks: 5
______________________________________ test_count_non_zeroes_with_func[originalInput1] _______________________________________

FAILURE: check -4 == -6: MR3_2 failed
mutants/tests/count_non_zeroesTest.py:129 in test_count_non_zeroes_with_func() -> applyMR_Assert(originalInput, originalResult)
mutants/tests/count_non_zeroesTest.py:94 in applyMR_Assert() -> check.equal(originalResult + 1, transformResult3_2, "MR3_2 failed")

FAILURE: check bool(False): MR4 failed
FAILURE: check bool(False): MR11 failed
FAILURE: check bool(False): MR14 failed
FAILURE: check bool(False): MR16 failed
------------------------------------------------------------
Failed Checks: 5
______________________________________ test_count_non_zeroes_with_func[originalInput2] _______________________________________

FAILURE: check -4 == -6: MR3_2 failed
mutants/tests/count_non_zeroesTest.py:129 in test_count_non_zeroes_with_func() -> applyMR_Assert(originalInput, originalResult)
mutants/tests/count_non_zeroesTest.py:94 in applyMR_Assert() -> check.equal(originalResult + 1, transformResult3_2, "MR3_2 failed")

FAILURE: check bool(False): MR4 failed
FAILURE: check bool(False): MR11 failed
FAILURE: check bool(False): MR14 failed
FAILURE: check bool(False): MR16 failed
------------------------------------------------------------
Failed Checks: 5
______________________________________ test_count_non_zeroes_with_func[originalInput3] _______________________________________

FAILURE: check -2 == -4: MR3_2 failed
mutants/tests/count_non_zeroesTest.py:129 in test_count_non_zeroes_with_func() -> applyMR_Assert(originalInput, originalResult)
mutants/tests/count_non_zeroesTest.py:94 in applyMR_Assert() -> check.equal(originalResult + 1, transformResult3_2, "MR3_2 failed")

FAILURE: check bool(False): MR4 failed
FAILURE: check bool(False): MR11 failed
FAILURE: check bool(False): MR14 failed
------------------------------------------------------------
Failed Checks: 4
______________________________________ test_count_non_zeroes_with_func[originalInput4] _______________________________________

FAILURE: check -4 == -6: MR3_2 failed
mutants/tests/count_non_zeroesTest.py:129 in test_count_non_zeroes_with_func() -> applyMR_Assert(originalInput, originalResult)
mutants/tests/count_non_zeroesTest.py:94 in applyMR_Assert() -> check.equal(originalResult + 1, transformResult3_2, "MR3_2 failed")

FAILURE: check bool(False): MR4 failed
FAILURE: check bool(False): MR11 failed
FAILURE: check bool(False): MR13 failed
FAILURE: check bool(False): MR14 failed
FAILURE: check bool(False): MR16 failed
------------------------------------------------------------
Failed Checks: 6
______________________________________ test_count_non_zeroes_with_func[originalInput5] _______________________________________

FAILURE: check -5 == -7: MR3_2 failed
mutants/tests/count_non_zeroesTest.py:129 in test_count_non_zeroes_with_func() -> applyMR_Assert(originalInput, originalResult)
mutants/tests/count_non_zeroesTest.py:94 in applyMR_Assert() -> check.equal(originalResult + 1, transformResult3_2, "MR3_2 failed")

FAILURE: check bool(False): MR4 failed
FAILURE: check bool(False): MR11 failed
FAILURE: check bool(False): MR14 failed
FAILURE: check bool(False): MR16 failed
------------------------------------------------------------
Failed Checks: 5
______________________________________ test_count_non_zeroes_with_func[originalInput6] _______________________________________

FAILURE: check -5 == -7: MR3_2 failed
mutants/tests/count_non_zeroesTest.py:129 in test_count_non_zeroes_with_func() -> applyMR_Assert(originalInput, originalResult)
mutants/tests/count_non_zeroesTest.py:94 in applyMR_Assert() -> check.equal(originalResult + 1, transformResult3_2, "MR3_2 failed")

FAILURE: check bool(False): MR4 failed
FAILURE: check bool(False): MR11 failed
FAILURE: check bool(False): MR14 failed
FAILURE: check bool(False): MR16 failed
------------------------------------------------------------
Failed Checks: 5
______________________________________ test_count_non_zeroes_with_func[originalInput7] _______________________________________

FAILURE: check -5 == -7: MR3_2 failed
mutants/tests/count_non_zeroesTest.py:129 in test_count_non_zeroes_with_func() -> applyMR_Assert(originalInput, originalResult)
mutants/tests/count_non_zeroesTest.py:94 in applyMR_Assert() -> check.equal(originalResult + 1, transformResult3_2, "MR3_2 failed")

FAILURE: check bool(False): MR4 failed
FAILURE: check bool(False): MR11 failed
FAILURE: check bool(False): MR14 failed
FAILURE: check bool(False): MR16 failed
------------------------------------------------------------
Failed Checks: 5
______________________________________ test_count_non_zeroes_with_func[originalInput8] _______________________________________

FAILURE: check -5 == -7: MR3_2 failed
mutants/tests/count_non_zeroesTest.py:129 in test_count_non_zeroes_with_func() -> applyMR_Assert(originalInput, originalResult)
mutants/tests/count_non_zeroesTest.py:94 in applyMR_Assert() -> check.equal(originalResult + 1, transformResult3_2, "MR3_2 failed")

FAILURE: check bool(False): MR4 failed
FAILURE: check bool(False): MR11 failed
FAILURE: check bool(False): MR14 failed
FAILURE: check bool(False): MR16 failed
------------------------------------------------------------
Failed Checks: 5
______________________________________ test_count_non_zeroes_with_func[originalInput9] _______________________________________

FAILURE: check -4 == -6: MR3_2 failed
mutants/tests/count_non_zeroesTest.py:129 in test_count_non_zeroes_with_func() -> applyMR_Assert(originalInput, originalResult)
mutants/tests/count_non_zeroesTest.py:94 in applyMR_Assert() -> check.equal(originalResult + 1, transformResult3_2, "MR3_2 failed")

FAILURE: check bool(False): MR4 failed
FAILURE: check bool(False): MR11 failed
FAILURE: check bool(False): MR14 failed
FAILURE: check bool(False): MR16 failed
------------------------------------------------------------
Failed Checks: 5
====================================================== warnings summary ======================================================
../../anaconda3/envs/mutmut39/lib/python3.9/site-packages/_pytest/config/__init__.py:1474
  /home/rts/anaconda3/envs/mutmut39/lib/python3.9/site-packages/_pytest/config/__init__.py:1474: PytestConfigWarning: Unknown config option: pytest -vv --tb
  
    self._warn_or_fail_if_strict(f"Unknown config option: {key}\n")

-- Docs: https://docs.pytest.org/en/stable/how-to/capture-warnings.html
================================================== short test summary info ===================================================
FAILED mutants/tests/count_non_zeroesTest.py::test_count_non_zeroes_with_func[originalInput0] - check -3 == -5: MR3_2 failed
FAILED mutants/tests/count_non_zeroesTest.py::test_count_non_zeroes_with_func[originalInput1] - check -4 == -6: MR3_2 failed
FAILED mutants/tests/count_non_zeroesTest.py::test_count_non_zeroes_with_func[originalInput2] - check -4 == -6: MR3_2 failed
FAILED mutants/tests/count_non_zeroesTest.py::test_count_non_zeroes_with_func[originalInput3] - check -2 == -4: MR3_2 failed
FAILED mutants/tests/count_non_zeroesTest.py::test_count_non_zeroes_with_func[originalInput4] - check -4 == -6: MR3_2 failed
FAILED mutants/tests/count_non_zeroesTest.py::test_count_non_zeroes_with_func[originalInput5] - check -5 == -7: MR3_2 failed
FAILED mutants/tests/count_non_zeroesTest.py::test_count_non_zeroes_with_func[originalInput6] - check -5 == -7: MR3_2 failed
FAILED mutants/tests/count_non_zeroesTest.py::test_count_non_zeroes_with_func[originalInput7] - check -5 == -7: MR3_2 failed
FAILED mutants/tests/count_non_zeroesTest.py::test_count_non_zeroes_with_func[originalInput8] - check -5 == -7: MR3_2 failed
FAILED mutants/tests/count_non_zeroesTest.py::test_count_non_zeroes_with_func[originalInput9] - check -4 == -6: MR3_2 failed
10 failed, 1 warning in 0.02s
❌ x_count_non_zeroes__mutmut_11 存在失败 (退出码 1)

================================================================================
RUNNING count_non_zeroes.py :: x_count_non_zeroes__mutmut_12  -  2025-10-16T10:10:32.061907
================================================================================

>>> 当前使用的函数: x_count_non_zeroes__mutmut_12
函数源码如下：
def x_count_non_zeroes__mutmut_12(a):
    cnt = 0
    for i in range(0, len(a)):
        if a[i] != 0:
            cnt += 2

    return cnt

FFFFFFFFFF
========================================================== FAILURES ==========================================================
______________________________________ test_count_non_zeroes_with_func[originalInput0] _______________________________________

FAILURE: check 9 == 10: MR3_2 failed
mutants/tests/count_non_zeroesTest.py:129 in test_count_non_zeroes_with_func() -> applyMR_Assert(originalInput, originalResult)
mutants/tests/count_non_zeroesTest.py:94 in applyMR_Assert() -> check.equal(originalResult + 1, transformResult3_2, "MR3_2 failed")

------------------------------------------------------------
Failed Checks: 1
______________________________________ test_count_non_zeroes_with_func[originalInput1] _______________________________________

FAILURE: check 11 == 12: MR3_2 failed
mutants/tests/count_non_zeroesTest.py:129 in test_count_non_zeroes_with_func() -> applyMR_Assert(originalInput, originalResult)
mutants/tests/count_non_zeroesTest.py:94 in applyMR_Assert() -> check.equal(originalResult + 1, transformResult3_2, "MR3_2 failed")

------------------------------------------------------------
Failed Checks: 1
______________________________________ test_count_non_zeroes_with_func[originalInput2] _______________________________________

FAILURE: check 11 == 12: MR3_2 failed
mutants/tests/count_non_zeroesTest.py:129 in test_count_non_zeroes_with_func() -> applyMR_Assert(originalInput, originalResult)
mutants/tests/count_non_zeroesTest.py:94 in applyMR_Assert() -> check.equal(originalResult + 1, transformResult3_2, "MR3_2 failed")

------------------------------------------------------------
Failed Checks: 1
______________________________________ test_count_non_zeroes_with_func[originalInput3] _______________________________________

FAILURE: check 7 == 8: MR3_2 failed
mutants/tests/count_non_zeroesTest.py:129 in test_count_non_zeroes_with_func() -> applyMR_Assert(originalInput, originalResult)
mutants/tests/count_non_zeroesTest.py:94 in applyMR_Assert() -> check.equal(originalResult + 1, transformResult3_2, "MR3_2 failed")

------------------------------------------------------------
Failed Checks: 1
______________________________________ test_count_non_zeroes_with_func[originalInput4] _______________________________________

FAILURE: check 11 == 12: MR3_2 failed
mutants/tests/count_non_zeroesTest.py:129 in test_count_non_zeroes_with_func() -> applyMR_Assert(originalInput, originalResult)
mutants/tests/count_non_zeroesTest.py:94 in applyMR_Assert() -> check.equal(originalResult + 1, transformResult3_2, "MR3_2 failed")

------------------------------------------------------------
Failed Checks: 1
______________________________________ test_count_non_zeroes_with_func[originalInput5] _______________________________________

FAILURE: check 13 == 14: MR3_2 failed
mutants/tests/count_non_zeroesTest.py:129 in test_count_non_zeroes_with_func() -> applyMR_Assert(originalInput, originalResult)
mutants/tests/count_non_zeroesTest.py:94 in applyMR_Assert() -> check.equal(originalResult + 1, transformResult3_2, "MR3_2 failed")

------------------------------------------------------------
Failed Checks: 1
______________________________________ test_count_non_zeroes_with_func[originalInput6] _______________________________________

FAILURE: check 13 == 14: MR3_2 failed
mutants/tests/count_non_zeroesTest.py:129 in test_count_non_zeroes_with_func() -> applyMR_Assert(originalInput, originalResult)
mutants/tests/count_non_zeroesTest.py:94 in applyMR_Assert() -> check.equal(originalResult + 1, transformResult3_2, "MR3_2 failed")

------------------------------------------------------------
Failed Checks: 1
______________________________________ test_count_non_zeroes_with_func[originalInput7] _______________________________________

FAILURE: check 13 == 14: MR3_2 failed
mutants/tests/count_non_zeroesTest.py:129 in test_count_non_zeroes_with_func() -> applyMR_Assert(originalInput, originalResult)
mutants/tests/count_non_zeroesTest.py:94 in applyMR_Assert() -> check.equal(originalResult + 1, transformResult3_2, "MR3_2 failed")

------------------------------------------------------------
Failed Checks: 1
______________________________________ test_count_non_zeroes_with_func[originalInput8] _______________________________________

FAILURE: check 13 == 14: MR3_2 failed
mutants/tests/count_non_zeroesTest.py:129 in test_count_non_zeroes_with_func() -> applyMR_Assert(originalInput, originalResult)
mutants/tests/count_non_zeroesTest.py:94 in applyMR_Assert() -> check.equal(originalResult + 1, transformResult3_2, "MR3_2 failed")

------------------------------------------------------------
Failed Checks: 1
______________________________________ test_count_non_zeroes_with_func[originalInput9] _______________________________________

FAILURE: check 11 == 12: MR3_2 failed
mutants/tests/count_non_zeroesTest.py:129 in test_count_non_zeroes_with_func() -> applyMR_Assert(originalInput, originalResult)
mutants/tests/count_non_zeroesTest.py:94 in applyMR_Assert() -> check.equal(originalResult + 1, transformResult3_2, "MR3_2 failed")

------------------------------------------------------------
Failed Checks: 1
====================================================== warnings summary ======================================================
../../anaconda3/envs/mutmut39/lib/python3.9/site-packages/_pytest/config/__init__.py:1474
  /home/rts/anaconda3/envs/mutmut39/lib/python3.9/site-packages/_pytest/config/__init__.py:1474: PytestConfigWarning: Unknown config option: pytest -vv --tb
  
    self._warn_or_fail_if_strict(f"Unknown config option: {key}\n")

-- Docs: https://docs.pytest.org/en/stable/how-to/capture-warnings.html
================================================== short test summary info ===================================================
FAILED mutants/tests/count_non_zeroesTest.py::test_count_non_zeroes_with_func[originalInput0] - check 9 == 10: MR3_2 failed
FAILED mutants/tests/count_non_zeroesTest.py::test_count_non_zeroes_with_func[originalInput1] - check 11 == 12: MR3_2 failed
FAILED mutants/tests/count_non_zeroesTest.py::test_count_non_zeroes_with_func[originalInput2] - check 11 == 12: MR3_2 failed
FAILED mutants/tests/count_non_zeroesTest.py::test_count_non_zeroes_with_func[originalInput3] - check 7 == 8: MR3_2 failed
FAILED mutants/tests/count_non_zeroesTest.py::test_count_non_zeroes_with_func[originalInput4] - check 11 == 12: MR3_2 failed
FAILED mutants/tests/count_non_zeroesTest.py::test_count_non_zeroes_with_func[originalInput5] - check 13 == 14: MR3_2 failed
FAILED mutants/tests/count_non_zeroesTest.py::test_count_non_zeroes_with_func[originalInput6] - check 13 == 14: MR3_2 failed
FAILED mutants/tests/count_non_zeroesTest.py::test_count_non_zeroes_with_func[originalInput7] - check 13 == 14: MR3_2 failed
FAILED mutants/tests/count_non_zeroesTest.py::test_count_non_zeroes_with_func[originalInput8] - check 13 == 14: MR3_2 failed
FAILED mutants/tests/count_non_zeroesTest.py::test_count_non_zeroes_with_func[originalInput9] - check 11 == 12: MR3_2 failed
10 failed, 1 warning in 0.01s
❌ x_count_non_zeroes__mutmut_12 存在失败 (退出码 1)

================================================================================
RUNNING count_non_zeroes.py :: x_count_non_zeroes__mutmut_2  -  2025-10-16T10:10:32.117062
================================================================================

>>> 当前使用的函数: x_count_non_zeroes__mutmut_2
函数源码如下：
def x_count_non_zeroes__mutmut_2(a):
    cnt = 1
    for i in range(0, len(a)):
        if a[i] != 0:
            cnt += 1

    return cnt

FFFFFFFFFF
========================================================== FAILURES ==========================================================
______________________________________ test_count_non_zeroes_with_func[originalInput0] _______________________________________

FAILURE: check 10 == 9: MR8 failed
mutants/tests/count_non_zeroesTest.py:129 in test_count_non_zeroes_with_func() -> applyMR_Assert(originalInput, originalResult)
mutants/tests/count_non_zeroesTest.py:100 in applyMR_Assert() -> check.equal(originalResult * 2, transformResult8, "MR8 failed")

------------------------------------------------------------
Failed Checks: 1
______________________________________ test_count_non_zeroes_with_func[originalInput1] _______________________________________

FAILURE: check 12 == 11: MR8 failed
mutants/tests/count_non_zeroesTest.py:129 in test_count_non_zeroes_with_func() -> applyMR_Assert(originalInput, originalResult)
mutants/tests/count_non_zeroesTest.py:100 in applyMR_Assert() -> check.equal(originalResult * 2, transformResult8, "MR8 failed")

------------------------------------------------------------
Failed Checks: 1
______________________________________ test_count_non_zeroes_with_func[originalInput2] _______________________________________

FAILURE: check 12 == 11: MR8 failed
mutants/tests/count_non_zeroesTest.py:129 in test_count_non_zeroes_with_func() -> applyMR_Assert(originalInput, originalResult)
mutants/tests/count_non_zeroesTest.py:100 in applyMR_Assert() -> check.equal(originalResult * 2, transformResult8, "MR8 failed")

------------------------------------------------------------
Failed Checks: 1
______________________________________ test_count_non_zeroes_with_func[originalInput3] _______________________________________

FAILURE: check 8 == 7: MR8 failed
mutants/tests/count_non_zeroesTest.py:129 in test_count_non_zeroes_with_func() -> applyMR_Assert(originalInput, originalResult)
mutants/tests/count_non_zeroesTest.py:100 in applyMR_Assert() -> check.equal(originalResult * 2, transformResult8, "MR8 failed")

------------------------------------------------------------
Failed Checks: 1
______________________________________ test_count_non_zeroes_with_func[originalInput4] _______________________________________

FAILURE: check 12 == 11: MR8 failed
mutants/tests/count_non_zeroesTest.py:129 in test_count_non_zeroes_with_func() -> applyMR_Assert(originalInput, originalResult)
mutants/tests/count_non_zeroesTest.py:100 in applyMR_Assert() -> check.equal(originalResult * 2, transformResult8, "MR8 failed")

------------------------------------------------------------
Failed Checks: 1
______________________________________ test_count_non_zeroes_with_func[originalInput5] _______________________________________

FAILURE: check 14 == 13: MR8 failed
mutants/tests/count_non_zeroesTest.py:129 in test_count_non_zeroes_with_func() -> applyMR_Assert(originalInput, originalResult)
mutants/tests/count_non_zeroesTest.py:100 in applyMR_Assert() -> check.equal(originalResult * 2, transformResult8, "MR8 failed")

------------------------------------------------------------
Failed Checks: 1
______________________________________ test_count_non_zeroes_with_func[originalInput6] _______________________________________

FAILURE: check 14 == 13: MR8 failed
mutants/tests/count_non_zeroesTest.py:129 in test_count_non_zeroes_with_func() -> applyMR_Assert(originalInput, originalResult)
mutants/tests/count_non_zeroesTest.py:100 in applyMR_Assert() -> check.equal(originalResult * 2, transformResult8, "MR8 failed")

------------------------------------------------------------
Failed Checks: 1
______________________________________ test_count_non_zeroes_with_func[originalInput7] _______________________________________

FAILURE: check 14 == 13: MR8 failed
mutants/tests/count_non_zeroesTest.py:129 in test_count_non_zeroes_with_func() -> applyMR_Assert(originalInput, originalResult)
mutants/tests/count_non_zeroesTest.py:100 in applyMR_Assert() -> check.equal(originalResult * 2, transformResult8, "MR8 failed")

------------------------------------------------------------
Failed Checks: 1
______________________________________ test_count_non_zeroes_with_func[originalInput8] _______________________________________

FAILURE: check 14 == 13: MR8 failed
mutants/tests/count_non_zeroesTest.py:129 in test_count_non_zeroes_with_func() -> applyMR_Assert(originalInput, originalResult)
mutants/tests/count_non_zeroesTest.py:100 in applyMR_Assert() -> check.equal(originalResult * 2, transformResult8, "MR8 failed")

------------------------------------------------------------
Failed Checks: 1
______________________________________ test_count_non_zeroes_with_func[originalInput9] _______________________________________

FAILURE: check 12 == 11: MR8 failed
mutants/tests/count_non_zeroesTest.py:129 in test_count_non_zeroes_with_func() -> applyMR_Assert(originalInput, originalResult)
mutants/tests/count_non_zeroesTest.py:100 in applyMR_Assert() -> check.equal(originalResult * 2, transformResult8, "MR8 failed")

------------------------------------------------------------
Failed Checks: 1
====================================================== warnings summary ======================================================
../../anaconda3/envs/mutmut39/lib/python3.9/site-packages/_pytest/config/__init__.py:1474
  /home/rts/anaconda3/envs/mutmut39/lib/python3.9/site-packages/_pytest/config/__init__.py:1474: PytestConfigWarning: Unknown config option: pytest -vv --tb
  
    self._warn_or_fail_if_strict(f"Unknown config option: {key}\n")

-- Docs: https://docs.pytest.org/en/stable/how-to/capture-warnings.html
================================================== short test summary info ===================================================
FAILED mutants/tests/count_non_zeroesTest.py::test_count_non_zeroes_with_func[originalInput0] - check 10 == 9: MR8 failed
FAILED mutants/tests/count_non_zeroesTest.py::test_count_non_zeroes_with_func[originalInput1] - check 12 == 11: MR8 failed
FAILED mutants/tests/count_non_zeroesTest.py::test_count_non_zeroes_with_func[originalInput2] - check 12 == 11: MR8 failed
FAILED mutants/tests/count_non_zeroesTest.py::test_count_non_zeroes_with_func[originalInput3] - check 8 == 7: MR8 failed
FAILED mutants/tests/count_non_zeroesTest.py::test_count_non_zeroes_with_func[originalInput4] - check 12 == 11: MR8 failed
FAILED mutants/tests/count_non_zeroesTest.py::test_count_non_zeroes_with_func[originalInput5] - check 14 == 13: MR8 failed
FAILED mutants/tests/count_non_zeroesTest.py::test_count_non_zeroes_with_func[originalInput6] - check 14 == 13: MR8 failed
FAILED mutants/tests/count_non_zeroesTest.py::test_count_non_zeroes_with_func[originalInput7] - check 14 == 13: MR8 failed
FAILED mutants/tests/count_non_zeroesTest.py::test_count_non_zeroes_with_func[originalInput8] - check 14 == 13: MR8 failed
FAILED mutants/tests/count_non_zeroesTest.py::test_count_non_zeroes_with_func[originalInput9] - check 12 == 11: MR8 failed
10 failed, 1 warning in 0.01s
❌ x_count_non_zeroes__mutmut_2 存在失败 (退出码 1)

================================================================================
RUNNING count_non_zeroes.py :: x_count_non_zeroes__mutmut_3  -  2025-10-16T10:10:32.170683
================================================================================

>>> 当前使用的函数: x_count_non_zeroes__mutmut_3
函数源码如下：
def x_count_non_zeroes__mutmut_3(a):
    cnt = 0
    for i in range(None, len(a)):
        if a[i] != 0:
            cnt += 1

    return cnt

FFFFFFFFFF
========================================================== FAILURES ==========================================================
______________________________________ test_count_non_zeroes_with_func[originalInput0] _______________________________________
mutants/tests/count_non_zeroesTest.py:128: in test_count_non_zeroes_with_func
    originalResult = func(originalInput)
mutants/src/count_non_zeroes.py:56: in x_count_non_zeroes__mutmut_3
    for i in range(None, len(a)):
E   TypeError: 'NoneType' object cannot be interpreted as an integer
______________________________________ test_count_non_zeroes_with_func[originalInput1] _______________________________________
mutants/tests/count_non_zeroesTest.py:128: in test_count_non_zeroes_with_func
    originalResult = func(originalInput)
mutants/src/count_non_zeroes.py:56: in x_count_non_zeroes__mutmut_3
    for i in range(None, len(a)):
E   TypeError: 'NoneType' object cannot be interpreted as an integer
______________________________________ test_count_non_zeroes_with_func[originalInput2] _______________________________________
mutants/tests/count_non_zeroesTest.py:128: in test_count_non_zeroes_with_func
    originalResult = func(originalInput)
mutants/src/count_non_zeroes.py:56: in x_count_non_zeroes__mutmut_3
    for i in range(None, len(a)):
E   TypeError: 'NoneType' object cannot be interpreted as an integer
______________________________________ test_count_non_zeroes_with_func[originalInput3] _______________________________________
mutants/tests/count_non_zeroesTest.py:128: in test_count_non_zeroes_with_func
    originalResult = func(originalInput)
mutants/src/count_non_zeroes.py:56: in x_count_non_zeroes__mutmut_3
    for i in range(None, len(a)):
E   TypeError: 'NoneType' object cannot be interpreted as an integer
______________________________________ test_count_non_zeroes_with_func[originalInput4] _______________________________________
mutants/tests/count_non_zeroesTest.py:128: in test_count_non_zeroes_with_func
    originalResult = func(originalInput)
mutants/src/count_non_zeroes.py:56: in x_count_non_zeroes__mutmut_3
    for i in range(None, len(a)):
E   TypeError: 'NoneType' object cannot be interpreted as an integer
______________________________________ test_count_non_zeroes_with_func[originalInput5] _______________________________________
mutants/tests/count_non_zeroesTest.py:128: in test_count_non_zeroes_with_func
    originalResult = func(originalInput)
mutants/src/count_non_zeroes.py:56: in x_count_non_zeroes__mutmut_3
    for i in range(None, len(a)):
E   TypeError: 'NoneType' object cannot be interpreted as an integer
______________________________________ test_count_non_zeroes_with_func[originalInput6] _______________________________________
mutants/tests/count_non_zeroesTest.py:128: in test_count_non_zeroes_with_func
    originalResult = func(originalInput)
mutants/src/count_non_zeroes.py:56: in x_count_non_zeroes__mutmut_3
    for i in range(None, len(a)):
E   TypeError: 'NoneType' object cannot be interpreted as an integer
______________________________________ test_count_non_zeroes_with_func[originalInput7] _______________________________________
mutants/tests/count_non_zeroesTest.py:128: in test_count_non_zeroes_with_func
    originalResult = func(originalInput)
mutants/src/count_non_zeroes.py:56: in x_count_non_zeroes__mutmut_3
    for i in range(None, len(a)):
E   TypeError: 'NoneType' object cannot be interpreted as an integer
______________________________________ test_count_non_zeroes_with_func[originalInput8] _______________________________________
mutants/tests/count_non_zeroesTest.py:128: in test_count_non_zeroes_with_func
    originalResult = func(originalInput)
mutants/src/count_non_zeroes.py:56: in x_count_non_zeroes__mutmut_3
    for i in range(None, len(a)):
E   TypeError: 'NoneType' object cannot be interpreted as an integer
______________________________________ test_count_non_zeroes_with_func[originalInput9] _______________________________________
mutants/tests/count_non_zeroesTest.py:128: in test_count_non_zeroes_with_func
    originalResult = func(originalInput)
mutants/src/count_non_zeroes.py:56: in x_count_non_zeroes__mutmut_3
    for i in range(None, len(a)):
E   TypeError: 'NoneType' object cannot be interpreted as an integer
====================================================== warnings summary ======================================================
../../anaconda3/envs/mutmut39/lib/python3.9/site-packages/_pytest/config/__init__.py:1474
  /home/rts/anaconda3/envs/mutmut39/lib/python3.9/site-packages/_pytest/config/__init__.py:1474: PytestConfigWarning: Unknown config option: pytest -vv --tb
  
    self._warn_or_fail_if_strict(f"Unknown config option: {key}\n")

-- Docs: https://docs.pytest.org/en/stable/how-to/capture-warnings.html
================================================== short test summary info ===================================================
FAILED mutants/tests/count_non_zeroesTest.py::test_count_non_zeroes_with_func[originalInput0] - TypeError: 'NoneType' object cannot be interpreted as an integer
FAILED mutants/tests/count_non_zeroesTest.py::test_count_non_zeroes_with_func[originalInput1] - TypeError: 'NoneType' object cannot be interpreted as an integer
FAILED mutants/tests/count_non_zeroesTest.py::test_count_non_zeroes_with_func[originalInput2] - TypeError: 'NoneType' object cannot be interpreted as an integer
FAILED mutants/tests/count_non_zeroesTest.py::test_count_non_zeroes_with_func[originalInput3] - TypeError: 'NoneType' object cannot be interpreted as an integer
FAILED mutants/tests/count_non_zeroesTest.py::test_count_non_zeroes_with_func[originalInput4] - TypeError: 'NoneType' object cannot be interpreted as an integer
FAILED mutants/tests/count_non_zeroesTest.py::test_count_non_zeroes_with_func[originalInput5] - TypeError: 'NoneType' object cannot be interpreted as an integer
FAILED mutants/tests/count_non_zeroesTest.py::test_count_non_zeroes_with_func[originalInput6] - TypeError: 'NoneType' object cannot be interpreted as an integer
FAILED mutants/tests/count_non_zeroesTest.py::test_count_non_zeroes_with_func[originalInput7] - TypeError: 'NoneType' object cannot be interpreted as an integer
FAILED mutants/tests/count_non_zeroesTest.py::test_count_non_zeroes_with_func[originalInput8] - TypeError: 'NoneType' object cannot be interpreted as an integer
FAILED mutants/tests/count_non_zeroesTest.py::test_count_non_zeroes_with_func[originalInput9] - TypeError: 'NoneType' object cannot be interpreted as an integer
10 failed, 1 warning in 0.04s
❌ x_count_non_zeroes__mutmut_3 存在失败 (退出码 1)

================================================================================
RUNNING count_non_zeroes.py :: x_count_non_zeroes__mutmut_4  -  2025-10-16T10:10:32.248721
================================================================================

>>> 当前使用的函数: x_count_non_zeroes__mutmut_4
函数源码如下：
def x_count_non_zeroes__mutmut_4(a):
    cnt = 0
    for i in range(0, None):
        if a[i] != 0:
            cnt += 1

    return cnt

FFFFFFFFFF
========================================================== FAILURES ==========================================================
______________________________________ test_count_non_zeroes_with_func[originalInput0] _______________________________________
mutants/tests/count_non_zeroesTest.py:128: in test_count_non_zeroes_with_func
    originalResult = func(originalInput)
mutants/src/count_non_zeroes.py:63: in x_count_non_zeroes__mutmut_4
    for i in range(0, None):
E   TypeError: 'NoneType' object cannot be interpreted as an integer
______________________________________ test_count_non_zeroes_with_func[originalInput1] _______________________________________
mutants/tests/count_non_zeroesTest.py:128: in test_count_non_zeroes_with_func
    originalResult = func(originalInput)
mutants/src/count_non_zeroes.py:63: in x_count_non_zeroes__mutmut_4
    for i in range(0, None):
E   TypeError: 'NoneType' object cannot be interpreted as an integer
______________________________________ test_count_non_zeroes_with_func[originalInput2] _______________________________________
mutants/tests/count_non_zeroesTest.py:128: in test_count_non_zeroes_with_func
    originalResult = func(originalInput)
mutants/src/count_non_zeroes.py:63: in x_count_non_zeroes__mutmut_4
    for i in range(0, None):
E   TypeError: 'NoneType' object cannot be interpreted as an integer
______________________________________ test_count_non_zeroes_with_func[originalInput3] _______________________________________
mutants/tests/count_non_zeroesTest.py:128: in test_count_non_zeroes_with_func
    originalResult = func(originalInput)
mutants/src/count_non_zeroes.py:63: in x_count_non_zeroes__mutmut_4
    for i in range(0, None):
E   TypeError: 'NoneType' object cannot be interpreted as an integer
______________________________________ test_count_non_zeroes_with_func[originalInput4] _______________________________________
mutants/tests/count_non_zeroesTest.py:128: in test_count_non_zeroes_with_func
    originalResult = func(originalInput)
mutants/src/count_non_zeroes.py:63: in x_count_non_zeroes__mutmut_4
    for i in range(0, None):
E   TypeError: 'NoneType' object cannot be interpreted as an integer
______________________________________ test_count_non_zeroes_with_func[originalInput5] _______________________________________
mutants/tests/count_non_zeroesTest.py:128: in test_count_non_zeroes_with_func
    originalResult = func(originalInput)
mutants/src/count_non_zeroes.py:63: in x_count_non_zeroes__mutmut_4
    for i in range(0, None):
E   TypeError: 'NoneType' object cannot be interpreted as an integer
______________________________________ test_count_non_zeroes_with_func[originalInput6] _______________________________________
mutants/tests/count_non_zeroesTest.py:128: in test_count_non_zeroes_with_func
    originalResult = func(originalInput)
mutants/src/count_non_zeroes.py:63: in x_count_non_zeroes__mutmut_4
    for i in range(0, None):
E   TypeError: 'NoneType' object cannot be interpreted as an integer
______________________________________ test_count_non_zeroes_with_func[originalInput7] _______________________________________
mutants/tests/count_non_zeroesTest.py:128: in test_count_non_zeroes_with_func
    originalResult = func(originalInput)
mutants/src/count_non_zeroes.py:63: in x_count_non_zeroes__mutmut_4
    for i in range(0, None):
E   TypeError: 'NoneType' object cannot be interpreted as an integer
______________________________________ test_count_non_zeroes_with_func[originalInput8] _______________________________________
mutants/tests/count_non_zeroesTest.py:128: in test_count_non_zeroes_with_func
    originalResult = func(originalInput)
mutants/src/count_non_zeroes.py:63: in x_count_non_zeroes__mutmut_4
    for i in range(0, None):
E   TypeError: 'NoneType' object cannot be interpreted as an integer
______________________________________ test_count_non_zeroes_with_func[originalInput9] _______________________________________
mutants/tests/count_non_zeroesTest.py:128: in test_count_non_zeroes_with_func
    originalResult = func(originalInput)
mutants/src/count_non_zeroes.py:63: in x_count_non_zeroes__mutmut_4
    for i in range(0, None):
E   TypeError: 'NoneType' object cannot be interpreted as an integer
====================================================== warnings summary ======================================================
../../anaconda3/envs/mutmut39/lib/python3.9/site-packages/_pytest/config/__init__.py:1474
  /home/rts/anaconda3/envs/mutmut39/lib/python3.9/site-packages/_pytest/config/__init__.py:1474: PytestConfigWarning: Unknown config option: pytest -vv --tb
  
    self._warn_or_fail_if_strict(f"Unknown config option: {key}\n")

-- Docs: https://docs.pytest.org/en/stable/how-to/capture-warnings.html
================================================== short test summary info ===================================================
FAILED mutants/tests/count_non_zeroesTest.py::test_count_non_zeroes_with_func[originalInput0] - TypeError: 'NoneType' object cannot be interpreted as an integer
FAILED mutants/tests/count_non_zeroesTest.py::test_count_non_zeroes_with_func[originalInput1] - TypeError: 'NoneType' object cannot be interpreted as an integer
FAILED mutants/tests/count_non_zeroesTest.py::test_count_non_zeroes_with_func[originalInput2] - TypeError: 'NoneType' object cannot be interpreted as an integer
FAILED mutants/tests/count_non_zeroesTest.py::test_count_non_zeroes_with_func[originalInput3] - TypeError: 'NoneType' object cannot be interpreted as an integer
FAILED mutants/tests/count_non_zeroesTest.py::test_count_non_zeroes_with_func[originalInput4] - TypeError: 'NoneType' object cannot be interpreted as an integer
FAILED mutants/tests/count_non_zeroesTest.py::test_count_non_zeroes_with_func[originalInput5] - TypeError: 'NoneType' object cannot be interpreted as an integer
FAILED mutants/tests/count_non_zeroesTest.py::test_count_non_zeroes_with_func[originalInput6] - TypeError: 'NoneType' object cannot be interpreted as an integer
FAILED mutants/tests/count_non_zeroesTest.py::test_count_non_zeroes_with_func[originalInput7] - TypeError: 'NoneType' object cannot be interpreted as an integer
FAILED mutants/tests/count_non_zeroesTest.py::test_count_non_zeroes_with_func[originalInput8] - TypeError: 'NoneType' object cannot be interpreted as an integer
FAILED mutants/tests/count_non_zeroesTest.py::test_count_non_zeroes_with_func[originalInput9] - TypeError: 'NoneType' object cannot be interpreted as an integer
10 failed, 1 warning in 0.04s
❌ x_count_non_zeroes__mutmut_4 存在失败 (退出码 1)

================================================================================
RUNNING count_non_zeroes.py :: x_count_non_zeroes__mutmut_5  -  2025-10-16T10:10:32.326850
================================================================================

>>> 当前使用的函数: x_count_non_zeroes__mutmut_5
函数源码如下：
def x_count_non_zeroes__mutmut_5(a):
    cnt = 0
    for i in range(len(a)):
        if a[i] != 0:
            cnt += 1

    return cnt

..........
====================================================== warnings summary ======================================================
../../anaconda3/envs/mutmut39/lib/python3.9/site-packages/_pytest/config/__init__.py:1474
  /home/rts/anaconda3/envs/mutmut39/lib/python3.9/site-packages/_pytest/config/__init__.py:1474: PytestConfigWarning: Unknown config option: pytest -vv --tb
  
    self._warn_or_fail_if_strict(f"Unknown config option: {key}\n")

-- Docs: https://docs.pytest.org/en/stable/how-to/capture-warnings.html
10 passed, 1 warning in 0.01s
✅ x_count_non_zeroes__mutmut_5 所有测试通过

================================================================================
RUNNING count_non_zeroes.py :: x_count_non_zeroes__mutmut_6  -  2025-10-16T10:10:32.374853
================================================================================

>>> 当前使用的函数: x_count_non_zeroes__mutmut_6
函数源码如下：
def x_count_non_zeroes__mutmut_6(a):
    cnt = 0
    for i in range(0, ):
        if a[i] != 0:
            cnt += 1

    return cnt

FFFFFFFFFF
========================================================== FAILURES ==========================================================
______________________________________ test_count_non_zeroes_with_func[originalInput0] _______________________________________

FAILURE: check 1 == 0: MR3_2 failed
mutants/tests/count_non_zeroesTest.py:129 in test_count_non_zeroes_with_func() -> applyMR_Assert(originalInput, originalResult)
mutants/tests/count_non_zeroesTest.py:94 in applyMR_Assert() -> check.equal(originalResult + 1, transformResult3_2, "MR3_2 failed")

------------------------------------------------------------
Failed Checks: 1
______________________________________ test_count_non_zeroes_with_func[originalInput1] _______________________________________

FAILURE: check 1 == 0: MR3_2 failed
mutants/tests/count_non_zeroesTest.py:129 in test_count_non_zeroes_with_func() -> applyMR_Assert(originalInput, originalResult)
mutants/tests/count_non_zeroesTest.py:94 in applyMR_Assert() -> check.equal(originalResult + 1, transformResult3_2, "MR3_2 failed")

------------------------------------------------------------
Failed Checks: 1
______________________________________ test_count_non_zeroes_with_func[originalInput2] _______________________________________

FAILURE: check 1 == 0: MR3_2 failed
mutants/tests/count_non_zeroesTest.py:129 in test_count_non_zeroes_with_func() -> applyMR_Assert(originalInput, originalResult)
mutants/tests/count_non_zeroesTest.py:94 in applyMR_Assert() -> check.equal(originalResult + 1, transformResult3_2, "MR3_2 failed")

------------------------------------------------------------
Failed Checks: 1
______________________________________ test_count_non_zeroes_with_func[originalInput3] _______________________________________

FAILURE: check 1 == 0: MR3_2 failed
mutants/tests/count_non_zeroesTest.py:129 in test_count_non_zeroes_with_func() -> applyMR_Assert(originalInput, originalResult)
mutants/tests/count_non_zeroesTest.py:94 in applyMR_Assert() -> check.equal(originalResult + 1, transformResult3_2, "MR3_2 failed")

------------------------------------------------------------
Failed Checks: 1
______________________________________ test_count_non_zeroes_with_func[originalInput4] _______________________________________

FAILURE: check 1 == 0: MR3_2 failed
mutants/tests/count_non_zeroesTest.py:129 in test_count_non_zeroes_with_func() -> applyMR_Assert(originalInput, originalResult)
mutants/tests/count_non_zeroesTest.py:94 in applyMR_Assert() -> check.equal(originalResult + 1, transformResult3_2, "MR3_2 failed")

------------------------------------------------------------
Failed Checks: 1
______________________________________ test_count_non_zeroes_with_func[originalInput5] _______________________________________

FAILURE: check 1 == 0: MR3_2 failed
mutants/tests/count_non_zeroesTest.py:129 in test_count_non_zeroes_with_func() -> applyMR_Assert(originalInput, originalResult)
mutants/tests/count_non_zeroesTest.py:94 in applyMR_Assert() -> check.equal(originalResult + 1, transformResult3_2, "MR3_2 failed")

------------------------------------------------------------
Failed Checks: 1
______________________________________ test_count_non_zeroes_with_func[originalInput6] _______________________________________

FAILURE: check 1 == 0: MR3_2 failed
mutants/tests/count_non_zeroesTest.py:129 in test_count_non_zeroes_with_func() -> applyMR_Assert(originalInput, originalResult)
mutants/tests/count_non_zeroesTest.py:94 in applyMR_Assert() -> check.equal(originalResult + 1, transformResult3_2, "MR3_2 failed")

------------------------------------------------------------
Failed Checks: 1
______________________________________ test_count_non_zeroes_with_func[originalInput7] _______________________________________

FAILURE: check 1 == 0: MR3_2 failed
mutants/tests/count_non_zeroesTest.py:129 in test_count_non_zeroes_with_func() -> applyMR_Assert(originalInput, originalResult)
mutants/tests/count_non_zeroesTest.py:94 in applyMR_Assert() -> check.equal(originalResult + 1, transformResult3_2, "MR3_2 failed")

------------------------------------------------------------
Failed Checks: 1
______________________________________ test_count_non_zeroes_with_func[originalInput8] _______________________________________

FAILURE: check 1 == 0: MR3_2 failed
mutants/tests/count_non_zeroesTest.py:129 in test_count_non_zeroes_with_func() -> applyMR_Assert(originalInput, originalResult)
mutants/tests/count_non_zeroesTest.py:94 in applyMR_Assert() -> check.equal(originalResult + 1, transformResult3_2, "MR3_2 failed")

------------------------------------------------------------
Failed Checks: 1
______________________________________ test_count_non_zeroes_with_func[originalInput9] _______________________________________

FAILURE: check 1 == 0: MR3_2 failed
mutants/tests/count_non_zeroesTest.py:129 in test_count_non_zeroes_with_func() -> applyMR_Assert(originalInput, originalResult)
mutants/tests/count_non_zeroesTest.py:94 in applyMR_Assert() -> check.equal(originalResult + 1, transformResult3_2, "MR3_2 failed")

------------------------------------------------------------
Failed Checks: 1
====================================================== warnings summary ======================================================
../../anaconda3/envs/mutmut39/lib/python3.9/site-packages/_pytest/config/__init__.py:1474
  /home/rts/anaconda3/envs/mutmut39/lib/python3.9/site-packages/_pytest/config/__init__.py:1474: PytestConfigWarning: Unknown config option: pytest -vv --tb
  
    self._warn_or_fail_if_strict(f"Unknown config option: {key}\n")

-- Docs: https://docs.pytest.org/en/stable/how-to/capture-warnings.html
================================================== short test summary info ===================================================
FAILED mutants/tests/count_non_zeroesTest.py::test_count_non_zeroes_with_func[originalInput0] - check 1 == 0: MR3_2 failed
FAILED mutants/tests/count_non_zeroesTest.py::test_count_non_zeroes_with_func[originalInput1] - check 1 == 0: MR3_2 failed
FAILED mutants/tests/count_non_zeroesTest.py::test_count_non_zeroes_with_func[originalInput2] - check 1 == 0: MR3_2 failed
FAILED mutants/tests/count_non_zeroesTest.py::test_count_non_zeroes_with_func[originalInput3] - check 1 == 0: MR3_2 failed
FAILED mutants/tests/count_non_zeroesTest.py::test_count_non_zeroes_with_func[originalInput4] - check 1 == 0: MR3_2 failed
FAILED mutants/tests/count_non_zeroesTest.py::test_count_non_zeroes_with_func[originalInput5] - check 1 == 0: MR3_2 failed
FAILED mutants/tests/count_non_zeroesTest.py::test_count_non_zeroes_with_func[originalInput6] - check 1 == 0: MR3_2 failed
FAILED mutants/tests/count_non_zeroesTest.py::test_count_non_zeroes_with_func[originalInput7] - check 1 == 0: MR3_2 failed
FAILED mutants/tests/count_non_zeroesTest.py::test_count_non_zeroes_with_func[originalInput8] - check 1 == 0: MR3_2 failed
FAILED mutants/tests/count_non_zeroesTest.py::test_count_non_zeroes_with_func[originalInput9] - check 1 == 0: MR3_2 failed
10 failed, 1 warning in 0.01s
❌ x_count_non_zeroes__mutmut_6 存在失败 (退出码 1)

================================================================================
RUNNING count_non_zeroes.py :: x_count_non_zeroes__mutmut_7  -  2025-10-16T10:10:32.429037
================================================================================

>>> 当前使用的函数: x_count_non_zeroes__mutmut_7
函数源码如下：
def x_count_non_zeroes__mutmut_7(a):
    cnt = 0
    for i in range(1, len(a)):
        if a[i] != 0:
            cnt += 1

    return cnt

FFFFFFFFFF
========================================================== FAILURES ==========================================================
______________________________________ test_count_non_zeroes_with_func[originalInput0] _______________________________________

FAILURE: check 6 == 7: MR8 failed
mutants/tests/count_non_zeroesTest.py:129 in test_count_non_zeroes_with_func() -> applyMR_Assert(originalInput, originalResult)
mutants/tests/count_non_zeroesTest.py:100 in applyMR_Assert() -> check.equal(originalResult * 2, transformResult8, "MR8 failed")

FAILURE: check 3 == 4: MR9 failed
------------------------------------------------------------
Failed Checks: 2
______________________________________ test_count_non_zeroes_with_func[originalInput1] _______________________________________

FAILURE: check 8 == 9: MR8 failed
mutants/tests/count_non_zeroesTest.py:129 in test_count_non_zeroes_with_func() -> applyMR_Assert(originalInput, originalResult)
mutants/tests/count_non_zeroesTest.py:100 in applyMR_Assert() -> check.equal(originalResult * 2, transformResult8, "MR8 failed")

------------------------------------------------------------
Failed Checks: 1
______________________________________ test_count_non_zeroes_with_func[originalInput2] _______________________________________

FAILURE: check 8 == 9: MR8 failed
mutants/tests/count_non_zeroesTest.py:129 in test_count_non_zeroes_with_func() -> applyMR_Assert(originalInput, originalResult)
mutants/tests/count_non_zeroesTest.py:100 in applyMR_Assert() -> check.equal(originalResult * 2, transformResult8, "MR8 failed")

------------------------------------------------------------
Failed Checks: 1
______________________________________ test_count_non_zeroes_with_func[originalInput3] _______________________________________

FAILURE: check 3 == 2: MR6 failed
mutants/tests/count_non_zeroesTest.py:129 in test_count_non_zeroes_with_func() -> applyMR_Assert(originalInput, originalResult)
mutants/tests/count_non_zeroesTest.py:97 in applyMR_Assert() -> check.equal(originalResult, transformResult6, "MR6 failed")

------------------------------------------------------------
Failed Checks: 1
______________________________________ test_count_non_zeroes_with_func[originalInput4] _______________________________________

FAILURE: check 8 == 9: MR8 failed
mutants/tests/count_non_zeroesTest.py:129 in test_count_non_zeroes_with_func() -> applyMR_Assert(originalInput, originalResult)
mutants/tests/count_non_zeroesTest.py:100 in applyMR_Assert() -> check.equal(originalResult * 2, transformResult8, "MR8 failed")

------------------------------------------------------------
Failed Checks: 1
______________________________________ test_count_non_zeroes_with_func[originalInput5] _______________________________________

FAILURE: check 10 == 11: MR8 failed
mutants/tests/count_non_zeroesTest.py:129 in test_count_non_zeroes_with_func() -> applyMR_Assert(originalInput, originalResult)
mutants/tests/count_non_zeroesTest.py:100 in applyMR_Assert() -> check.equal(originalResult * 2, transformResult8, "MR8 failed")

------------------------------------------------------------
Failed Checks: 1
______________________________________ test_count_non_zeroes_with_func[originalInput6] _______________________________________

FAILURE: check 10 == 11: MR8 failed
mutants/tests/count_non_zeroesTest.py:129 in test_count_non_zeroes_with_func() -> applyMR_Assert(originalInput, originalResult)
mutants/tests/count_non_zeroesTest.py:100 in applyMR_Assert() -> check.equal(originalResult * 2, transformResult8, "MR8 failed")

------------------------------------------------------------
Failed Checks: 1
______________________________________ test_count_non_zeroes_with_func[originalInput7] _______________________________________

FAILURE: check 10 == 11: MR8 failed
mutants/tests/count_non_zeroesTest.py:129 in test_count_non_zeroes_with_func() -> applyMR_Assert(originalInput, originalResult)
mutants/tests/count_non_zeroesTest.py:100 in applyMR_Assert() -> check.equal(originalResult * 2, transformResult8, "MR8 failed")

------------------------------------------------------------
Failed Checks: 1
______________________________________ test_count_non_zeroes_with_func[originalInput8] _______________________________________

FAILURE: check 10 == 11: MR8 failed
mutants/tests/count_non_zeroesTest.py:129 in test_count_non_zeroes_with_func() -> applyMR_Assert(originalInput, originalResult)
mutants/tests/count_non_zeroesTest.py:100 in applyMR_Assert() -> check.equal(originalResult * 2, transformResult8, "MR8 failed")

------------------------------------------------------------
Failed Checks: 1
______________________________________ test_count_non_zeroes_with_func[originalInput9] _______________________________________

FAILURE: check 8 == 9: MR8 failed
mutants/tests/count_non_zeroesTest.py:129 in test_count_non_zeroes_with_func() -> applyMR_Assert(originalInput, originalResult)
mutants/tests/count_non_zeroesTest.py:100 in applyMR_Assert() -> check.equal(originalResult * 2, transformResult8, "MR8 failed")

------------------------------------------------------------
Failed Checks: 1
====================================================== warnings summary ======================================================
../../anaconda3/envs/mutmut39/lib/python3.9/site-packages/_pytest/config/__init__.py:1474
  /home/rts/anaconda3/envs/mutmut39/lib/python3.9/site-packages/_pytest/config/__init__.py:1474: PytestConfigWarning: Unknown config option: pytest -vv --tb
  
    self._warn_or_fail_if_strict(f"Unknown config option: {key}\n")

-- Docs: https://docs.pytest.org/en/stable/how-to/capture-warnings.html
================================================== short test summary info ===================================================
FAILED mutants/tests/count_non_zeroesTest.py::test_count_non_zeroes_with_func[originalInput0] - check 6 == 7: MR8 failed
FAILED mutants/tests/count_non_zeroesTest.py::test_count_non_zeroes_with_func[originalInput1] - check 8 == 9: MR8 failed
FAILED mutants/tests/count_non_zeroesTest.py::test_count_non_zeroes_with_func[originalInput2] - check 8 == 9: MR8 failed
FAILED mutants/tests/count_non_zeroesTest.py::test_count_non_zeroes_with_func[originalInput3] - check 3 == 2: MR6 failed
FAILED mutants/tests/count_non_zeroesTest.py::test_count_non_zeroes_with_func[originalInput4] - check 8 == 9: MR8 failed
FAILED mutants/tests/count_non_zeroesTest.py::test_count_non_zeroes_with_func[originalInput5] - check 10 == 11: MR8 failed
FAILED mutants/tests/count_non_zeroesTest.py::test_count_non_zeroes_with_func[originalInput6] - check 10 == 11: MR8 failed
FAILED mutants/tests/count_non_zeroesTest.py::test_count_non_zeroes_with_func[originalInput7] - check 10 == 11: MR8 failed
FAILED mutants/tests/count_non_zeroesTest.py::test_count_non_zeroes_with_func[originalInput8] - check 10 == 11: MR8 failed
FAILED mutants/tests/count_non_zeroesTest.py::test_count_non_zeroes_with_func[originalInput9] - check 8 == 9: MR8 failed
10 failed, 1 warning in 0.01s
❌ x_count_non_zeroes__mutmut_7 存在失败 (退出码 1)

================================================================================
RUNNING count_non_zeroes.py :: x_count_non_zeroes__mutmut_8  -  2025-10-16T10:10:32.483625
================================================================================

>>> 当前使用的函数: x_count_non_zeroes__mutmut_8
函数源码如下：
def x_count_non_zeroes__mutmut_8(a):
    cnt = 0
    for i in range(0, len(a)):
        if a[i] == 0:
            cnt += 1

    return cnt

FFFFFFFFFF
========================================================== FAILURES ==========================================================
______________________________________ test_count_non_zeroes_with_func[originalInput0] _______________________________________

FAILURE: check 1 == 2: MR3_1 failed
mutants/tests/count_non_zeroesTest.py:129 in test_count_non_zeroes_with_func() -> applyMR_Assert(originalInput, originalResult)
mutants/tests/count_non_zeroesTest.py:93 in applyMR_Assert() -> check.equal(originalResult, transformResult3_1, "MR3_1 failed")

FAILURE: check 2 == 1: MR3_2 failed
FAILURE: check bool(False): MR4 failed
FAILURE: check bool(False): MR11 failed
------------------------------------------------------------
Failed Checks: 4
______________________________________ test_count_non_zeroes_with_func[originalInput1] _______________________________________

FAILURE: check 0 == 1: MR3_1 failed
mutants/tests/count_non_zeroesTest.py:129 in test_count_non_zeroes_with_func() -> applyMR_Assert(originalInput, originalResult)
mutants/tests/count_non_zeroesTest.py:93 in applyMR_Assert() -> check.equal(originalResult, transformResult3_1, "MR3_1 failed")

FAILURE: check 1 == 0: MR3_2 failed
FAILURE: check bool(False): MR4 failed
FAILURE: check bool(False): MR11 failed
------------------------------------------------------------
Failed Checks: 4
______________________________________ test_count_non_zeroes_with_func[originalInput2] _______________________________________

FAILURE: check 0 == 1: MR3_1 failed
mutants/tests/count_non_zeroesTest.py:129 in test_count_non_zeroes_with_func() -> applyMR_Assert(originalInput, originalResult)
mutants/tests/count_non_zeroesTest.py:93 in applyMR_Assert() -> check.equal(originalResult, transformResult3_1, "MR3_1 failed")

FAILURE: check 1 == 0: MR3_2 failed
FAILURE: check bool(False): MR4 failed
FAILURE: check bool(False): MR11 failed
------------------------------------------------------------
Failed Checks: 4
______________________________________ test_count_non_zeroes_with_func[originalInput3] _______________________________________

FAILURE: check 3 == 4: MR3_1 failed
mutants/tests/count_non_zeroesTest.py:129 in test_count_non_zeroes_with_func() -> applyMR_Assert(originalInput, originalResult)
mutants/tests/count_non_zeroesTest.py:93 in applyMR_Assert() -> check.equal(originalResult, transformResult3_1, "MR3_1 failed")

FAILURE: check 4 == 3: MR3_2 failed
FAILURE: check bool(False): MR4 failed
FAILURE: check bool(False): MR11 failed
------------------------------------------------------------
Failed Checks: 4
______________________________________ test_count_non_zeroes_with_func[originalInput4] _______________________________________

FAILURE: check 0 == 1: MR3_1 failed
mutants/tests/count_non_zeroesTest.py:129 in test_count_non_zeroes_with_func() -> applyMR_Assert(originalInput, originalResult)
mutants/tests/count_non_zeroesTest.py:93 in applyMR_Assert() -> check.equal(originalResult, transformResult3_1, "MR3_1 failed")

FAILURE: check 1 == 0: MR3_2 failed
FAILURE: check bool(False): MR4 failed
FAILURE: check bool(False): MR11 failed
FAILURE: check bool(False): MR13 failed
------------------------------------------------------------
Failed Checks: 5
______________________________________ test_count_non_zeroes_with_func[originalInput5] _______________________________________

FAILURE: check 0 == 1: MR3_1 failed
mutants/tests/count_non_zeroesTest.py:129 in test_count_non_zeroes_with_func() -> applyMR_Assert(originalInput, originalResult)
mutants/tests/count_non_zeroesTest.py:93 in applyMR_Assert() -> check.equal(originalResult, transformResult3_1, "MR3_1 failed")

FAILURE: check 1 == 0: MR3_2 failed
FAILURE: check bool(False): MR4 failed
FAILURE: check bool(False): MR11 failed
------------------------------------------------------------
Failed Checks: 4
______________________________________ test_count_non_zeroes_with_func[originalInput6] _______________________________________

FAILURE: check 0 == 1: MR3_1 failed
mutants/tests/count_non_zeroesTest.py:129 in test_count_non_zeroes_with_func() -> applyMR_Assert(originalInput, originalResult)
mutants/tests/count_non_zeroesTest.py:93 in applyMR_Assert() -> check.equal(originalResult, transformResult3_1, "MR3_1 failed")

FAILURE: check 1 == 0: MR3_2 failed
FAILURE: check bool(False): MR4 failed
FAILURE: check bool(False): MR11 failed
------------------------------------------------------------
Failed Checks: 4
______________________________________ test_count_non_zeroes_with_func[originalInput7] _______________________________________

FAILURE: check 0 == 1: MR3_1 failed
mutants/tests/count_non_zeroesTest.py:129 in test_count_non_zeroes_with_func() -> applyMR_Assert(originalInput, originalResult)
mutants/tests/count_non_zeroesTest.py:93 in applyMR_Assert() -> check.equal(originalResult, transformResult3_1, "MR3_1 failed")

FAILURE: check 1 == 0: MR3_2 failed
FAILURE: check bool(False): MR4 failed
FAILURE: check bool(False): MR11 failed
------------------------------------------------------------
Failed Checks: 4
______________________________________ test_count_non_zeroes_with_func[originalInput8] _______________________________________

FAILURE: check 0 == 1: MR3_1 failed
mutants/tests/count_non_zeroesTest.py:129 in test_count_non_zeroes_with_func() -> applyMR_Assert(originalInput, originalResult)
mutants/tests/count_non_zeroesTest.py:93 in applyMR_Assert() -> check.equal(originalResult, transformResult3_1, "MR3_1 failed")

FAILURE: check 1 == 0: MR3_2 failed
FAILURE: check bool(False): MR4 failed
FAILURE: check bool(False): MR11 failed
------------------------------------------------------------
Failed Checks: 4
______________________________________ test_count_non_zeroes_with_func[originalInput9] _______________________________________

FAILURE: check 0 == 1: MR3_1 failed
mutants/tests/count_non_zeroesTest.py:129 in test_count_non_zeroes_with_func() -> applyMR_Assert(originalInput, originalResult)
mutants/tests/count_non_zeroesTest.py:93 in applyMR_Assert() -> check.equal(originalResult, transformResult3_1, "MR3_1 failed")

FAILURE: check 1 == 0: MR3_2 failed
FAILURE: check bool(False): MR4 failed
FAILURE: check bool(False): MR11 failed
------------------------------------------------------------
Failed Checks: 4
====================================================== warnings summary ======================================================
../../anaconda3/envs/mutmut39/lib/python3.9/site-packages/_pytest/config/__init__.py:1474
  /home/rts/anaconda3/envs/mutmut39/lib/python3.9/site-packages/_pytest/config/__init__.py:1474: PytestConfigWarning: Unknown config option: pytest -vv --tb
  
    self._warn_or_fail_if_strict(f"Unknown config option: {key}\n")

-- Docs: https://docs.pytest.org/en/stable/how-to/capture-warnings.html
================================================== short test summary info ===================================================
FAILED mutants/tests/count_non_zeroesTest.py::test_count_non_zeroes_with_func[originalInput0] - check 1 == 2: MR3_1 failed
FAILED mutants/tests/count_non_zeroesTest.py::test_count_non_zeroes_with_func[originalInput1] - check 0 == 1: MR3_1 failed
FAILED mutants/tests/count_non_zeroesTest.py::test_count_non_zeroes_with_func[originalInput2] - check 0 == 1: MR3_1 failed
FAILED mutants/tests/count_non_zeroesTest.py::test_count_non_zeroes_with_func[originalInput3] - check 3 == 4: MR3_1 failed
FAILED mutants/tests/count_non_zeroesTest.py::test_count_non_zeroes_with_func[originalInput4] - check 0 == 1: MR3_1 failed
FAILED mutants/tests/count_non_zeroesTest.py::test_count_non_zeroes_with_func[originalInput5] - check 0 == 1: MR3_1 failed
FAILED mutants/tests/count_non_zeroesTest.py::test_count_non_zeroes_with_func[originalInput6] - check 0 == 1: MR3_1 failed
FAILED mutants/tests/count_non_zeroesTest.py::test_count_non_zeroes_with_func[originalInput7] - check 0 == 1: MR3_1 failed
FAILED mutants/tests/count_non_zeroesTest.py::test_count_non_zeroes_with_func[originalInput8] - check 0 == 1: MR3_1 failed
FAILED mutants/tests/count_non_zeroesTest.py::test_count_non_zeroes_with_func[originalInput9] - check 0 == 1: MR3_1 failed
10 failed, 1 warning in 0.01s
❌ x_count_non_zeroes__mutmut_8 存在失败 (退出码 1)

================================================================================
RUNNING count_non_zeroes.py :: x_count_non_zeroes__mutmut_9  -  2025-10-16T10:10:32.537938
================================================================================

>>> 当前使用的函数: x_count_non_zeroes__mutmut_9
函数源码如下：
def x_count_non_zeroes__mutmut_9(a):
    cnt = 0
    for i in range(0, len(a)):
        if a[i] != 1:
            cnt += 1

    return cnt

FFFFFFFFFF
========================================================== FAILURES ==========================================================
______________________________________ test_count_non_zeroes_with_func[originalInput0] _______________________________________

FAILURE: check 4 == 5: MR3_1 failed
mutants/tests/count_non_zeroesTest.py:129 in test_count_non_zeroes_with_func() -> applyMR_Assert(originalInput, originalResult)
mutants/tests/count_non_zeroesTest.py:93 in applyMR_Assert() -> check.equal(originalResult, transformResult3_1, "MR3_1 failed")

FAILURE: check 5 == 4: MR3_2 failed
FAILURE: check 4 == 5: MR5 failed
FAILURE: check 4 == 5: MR9 failed
FAILURE: check 4 == 5: MR12 failed
------------------------------------------------------------
Failed Checks: 5
______________________________________ test_count_non_zeroes_with_func[originalInput1] _______________________________________

FAILURE: check 4 == 5: MR3_1 failed
mutants/tests/count_non_zeroesTest.py:129 in test_count_non_zeroes_with_func() -> applyMR_Assert(originalInput, originalResult)
mutants/tests/count_non_zeroesTest.py:93 in applyMR_Assert() -> check.equal(originalResult, transformResult3_1, "MR3_1 failed")

FAILURE: check 5 == 4: MR3_2 failed
FAILURE: check 4 == 5: MR5 failed
FAILURE: check 4 == 5: MR9 failed
FAILURE: check 4 == 5: MR12 failed
------------------------------------------------------------
Failed Checks: 5
______________________________________ test_count_non_zeroes_with_func[originalInput2] _______________________________________

FAILURE: check 5 == 6: MR3_1 failed
mutants/tests/count_non_zeroesTest.py:129 in test_count_non_zeroes_with_func() -> applyMR_Assert(originalInput, originalResult)
mutants/tests/count_non_zeroesTest.py:93 in applyMR_Assert() -> check.equal(originalResult, transformResult3_1, "MR3_1 failed")

FAILURE: check 6 == 5: MR3_2 failed
------------------------------------------------------------
Failed Checks: 2
______________________________________ test_count_non_zeroes_with_func[originalInput3] _______________________________________

FAILURE: check 6 == 7: MR3_1 failed
mutants/tests/count_non_zeroesTest.py:129 in test_count_non_zeroes_with_func() -> applyMR_Assert(originalInput, originalResult)
mutants/tests/count_non_zeroesTest.py:93 in applyMR_Assert() -> check.equal(originalResult, transformResult3_1, "MR3_1 failed")

FAILURE: check 7 == 6: MR3_2 failed
------------------------------------------------------------
Failed Checks: 2
______________________________________ test_count_non_zeroes_with_func[originalInput4] _______________________________________

FAILURE: check 4 == 5: MR3_1 failed
mutants/tests/count_non_zeroesTest.py:129 in test_count_non_zeroes_with_func() -> applyMR_Assert(originalInput, originalResult)
mutants/tests/count_non_zeroesTest.py:93 in applyMR_Assert() -> check.equal(originalResult, transformResult3_1, "MR3_1 failed")

FAILURE: check 5 == 4: MR3_2 failed
FAILURE: check 4 == 5: MR5 failed
FAILURE: check 4 == 5: MR9 failed
------------------------------------------------------------
Failed Checks: 4
______________________________________ test_count_non_zeroes_with_func[originalInput5] _______________________________________

FAILURE: check 6 == 7: MR3_1 failed
mutants/tests/count_non_zeroesTest.py:129 in test_count_non_zeroes_with_func() -> applyMR_Assert(originalInput, originalResult)
mutants/tests/count_non_zeroesTest.py:93 in applyMR_Assert() -> check.equal(originalResult, transformResult3_1, "MR3_1 failed")

FAILURE: check 7 == 6: MR3_2 failed
------------------------------------------------------------
Failed Checks: 2
______________________________________ test_count_non_zeroes_with_func[originalInput6] _______________________________________

FAILURE: check 5 == 6: MR3_1 failed
mutants/tests/count_non_zeroesTest.py:129 in test_count_non_zeroes_with_func() -> applyMR_Assert(originalInput, originalResult)
mutants/tests/count_non_zeroesTest.py:93 in applyMR_Assert() -> check.equal(originalResult, transformResult3_1, "MR3_1 failed")

FAILURE: check 6 == 5: MR3_2 failed
FAILURE: check 5 == 6: MR5 failed
FAILURE: check 5 == 6: MR9 failed
FAILURE: check 5 == 6: MR12 failed
------------------------------------------------------------
Failed Checks: 5
______________________________________ test_count_non_zeroes_with_func[originalInput7] _______________________________________

FAILURE: check 5 == 6: MR3_1 failed
mutants/tests/count_non_zeroesTest.py:129 in test_count_non_zeroes_with_func() -> applyMR_Assert(originalInput, originalResult)
mutants/tests/count_non_zeroesTest.py:93 in applyMR_Assert() -> check.equal(originalResult, transformResult3_1, "MR3_1 failed")

FAILURE: check 6 == 5: MR3_2 failed
FAILURE: check 5 == 6: MR5 failed
FAILURE: check 5 == 6: MR9 failed
FAILURE: check 5 == 6: MR12 failed
------------------------------------------------------------
Failed Checks: 5
______________________________________ test_count_non_zeroes_with_func[originalInput8] _______________________________________

FAILURE: check 3 == 4: MR3_1 failed
mutants/tests/count_non_zeroesTest.py:129 in test_count_non_zeroes_with_func() -> applyMR_Assert(originalInput, originalResult)
mutants/tests/count_non_zeroesTest.py:93 in applyMR_Assert() -> check.equal(originalResult, transformResult3_1, "MR3_1 failed")

FAILURE: check 4 == 3: MR3_2 failed
FAILURE: check 3 == 6: MR5 failed
FAILURE: check 3 == 6: MR9 failed
FAILURE: check 3 == 6: MR12 failed
------------------------------------------------------------
Failed Checks: 5
______________________________________ test_count_non_zeroes_with_func[originalInput9] _______________________________________

FAILURE: check 4 == 5: MR3_1 failed
mutants/tests/count_non_zeroesTest.py:129 in test_count_non_zeroes_with_func() -> applyMR_Assert(originalInput, originalResult)
mutants/tests/count_non_zeroesTest.py:93 in applyMR_Assert() -> check.equal(originalResult, transformResult3_1, "MR3_1 failed")

FAILURE: check 5 == 4: MR3_2 failed
FAILURE: check 4 == 5: MR5 failed
FAILURE: check 4 == 5: MR9 failed
FAILURE: check 4 == 5: MR12 failed
------------------------------------------------------------
Failed Checks: 5
====================================================== warnings summary ======================================================
../../anaconda3/envs/mutmut39/lib/python3.9/site-packages/_pytest/config/__init__.py:1474
  /home/rts/anaconda3/envs/mutmut39/lib/python3.9/site-packages/_pytest/config/__init__.py:1474: PytestConfigWarning: Unknown config option: pytest -vv --tb
  
    self._warn_or_fail_if_strict(f"Unknown config option: {key}\n")

-- Docs: https://docs.pytest.org/en/stable/how-to/capture-warnings.html
================================================== short test summary info ===================================================
FAILED mutants/tests/count_non_zeroesTest.py::test_count_non_zeroes_with_func[originalInput0] - check 4 == 5: MR3_1 failed
FAILED mutants/tests/count_non_zeroesTest.py::test_count_non_zeroes_with_func[originalInput1] - check 4 == 5: MR3_1 failed
FAILED mutants/tests/count_non_zeroesTest.py::test_count_non_zeroes_with_func[originalInput2] - check 5 == 6: MR3_1 failed
FAILED mutants/tests/count_non_zeroesTest.py::test_count_non_zeroes_with_func[originalInput3] - check 6 == 7: MR3_1 failed
FAILED mutants/tests/count_non_zeroesTest.py::test_count_non_zeroes_with_func[originalInput4] - check 4 == 5: MR3_1 failed
FAILED mutants/tests/count_non_zeroesTest.py::test_count_non_zeroes_with_func[originalInput5] - check 6 == 7: MR3_1 failed
FAILED mutants/tests/count_non_zeroesTest.py::test_count_non_zeroes_with_func[originalInput6] - check 5 == 6: MR3_1 failed
FAILED mutants/tests/count_non_zeroesTest.py::test_count_non_zeroes_with_func[originalInput7] - check 5 == 6: MR3_1 failed
FAILED mutants/tests/count_non_zeroesTest.py::test_count_non_zeroes_with_func[originalInput8] - check 3 == 4: MR3_1 failed
FAILED mutants/tests/count_non_zeroesTest.py::test_count_non_zeroes_with_func[originalInput9] - check 4 == 5: MR3_1 failed
10 failed, 1 warning in 0.01s
❌ x_count_non_zeroes__mutmut_9 存在失败 (退出码 1)

================================================================================
RUNNING count_non_zeroes.py :: x_count_non_zeroes__mutmut_orig  -  2025-10-16T10:10:32.591521
================================================================================

>>> 当前使用的函数: x_count_non_zeroes__mutmut_orig
函数源码如下：
def x_count_non_zeroes__mutmut_orig(a):
    cnt = 0
    for i in range(0, len(a)):
        if a[i] != 0:
            cnt += 1

    return cnt

..........
====================================================== warnings summary ======================================================
../../anaconda3/envs/mutmut39/lib/python3.9/site-packages/_pytest/config/__init__.py:1474
  /home/rts/anaconda3/envs/mutmut39/lib/python3.9/site-packages/_pytest/config/__init__.py:1474: PytestConfigWarning: Unknown config option: pytest -vv --tb
  
    self._warn_or_fail_if_strict(f"Unknown config option: {key}\n")

-- Docs: https://docs.pytest.org/en/stable/how-to/capture-warnings.html
10 passed, 1 warning in 0.01s
✅ x_count_non_zeroes__mutmut_orig 所有测试通过
