
=== Running tests for single mutant file: check_equal.py ===

================================================================================
RUNNING check_equal.py :: x_check_equal__mutmut_1  -  2025-10-16T14:08:38.332426
================================================================================

>>> 当前使用的函数: x_check_equal__mutmut_1
函数源码如下：
def x_check_equal__mutmut_1(a, b):

    if len(a) == len(b):
        return False

    for i in range(0, len(a)):
        if a[i] != b[i]:
            return False

    return True

test_check_equal 执行了
..........
============================================= warnings summary ==============================================
../../anaconda3/envs/mutmut39/lib/python3.9/site-packages/_pytest/config/__init__.py:1474
  /home/rts/anaconda3/envs/mutmut39/lib/python3.9/site-packages/_pytest/config/__init__.py:1474: PytestConfigWarning: Unknown config option: pytest -vv --tb
  
    self._warn_or_fail_if_strict(f"Unknown config option: {key}\n")

-- Docs: https://docs.pytest.org/en/stable/how-to/capture-warnings.html
10 passed, 1 warning in 0.07s
✅ x_check_equal__mutmut_1 所有测试通过

================================================================================
RUNNING check_equal.py :: x_check_equal__mutmut_10  -  2025-10-16T14:08:38.477960
================================================================================

>>> 当前使用的函数: x_check_equal__mutmut_10
函数源码如下：
def x_check_equal__mutmut_10(a, b):

    if len(a) != len(b):
        return False

    for i in range(0, len(a)):
        if a[i] != b[i]:
            return False

    return False

..........
============================================= warnings summary ==============================================
../../anaconda3/envs/mutmut39/lib/python3.9/site-packages/_pytest/config/__init__.py:1474
  /home/rts/anaconda3/envs/mutmut39/lib/python3.9/site-packages/_pytest/config/__init__.py:1474: PytestConfigWarning: Unknown config option: pytest -vv --tb
  
    self._warn_or_fail_if_strict(f"Unknown config option: {key}\n")

-- Docs: https://docs.pytest.org/en/stable/how-to/capture-warnings.html
10 passed, 1 warning in 0.01s
✅ x_check_equal__mutmut_10 所有测试通过

================================================================================
RUNNING check_equal.py :: x_check_equal__mutmut_2  -  2025-10-16T14:08:38.532623
================================================================================

>>> 当前使用的函数: x_check_equal__mutmut_2
函数源码如下：
def x_check_equal__mutmut_2(a, b):

    if len(a) != len(b):
        return True

    for i in range(0, len(a)):
        if a[i] != b[i]:
            return False

    return True

..........
============================================= warnings summary ==============================================
../../anaconda3/envs/mutmut39/lib/python3.9/site-packages/_pytest/config/__init__.py:1474
  /home/rts/anaconda3/envs/mutmut39/lib/python3.9/site-packages/_pytest/config/__init__.py:1474: PytestConfigWarning: Unknown config option: pytest -vv --tb
  
    self._warn_or_fail_if_strict(f"Unknown config option: {key}\n")

-- Docs: https://docs.pytest.org/en/stable/how-to/capture-warnings.html
10 passed, 1 warning in 0.01s
✅ x_check_equal__mutmut_2 所有测试通过

================================================================================
RUNNING check_equal.py :: x_check_equal__mutmut_3  -  2025-10-16T14:08:38.591527
================================================================================

>>> 当前使用的函数: x_check_equal__mutmut_3
函数源码如下：
def x_check_equal__mutmut_3(a, b):

    if len(a) != len(b):
        return False

    for i in range(None, len(a)):
        if a[i] != b[i]:
            return False

    return True

FFFFFFFFFF
================================================= FAILURES ==================================================
______________________ test_check_equal_with_func[originalInput1_10-originalInput1_20] ______________________
mutants/tests/check_equalTest.py:165: in test_check_equal_with_func
    originalResult = func(originalInput1_1, originalInput1_2)
mutants/src/check_equal.py:68: in x_check_equal__mutmut_3
    for i in range(None, len(a)):
E   TypeError: 'NoneType' object cannot be interpreted as an integer
______________________ test_check_equal_with_func[originalInput1_11-originalInput1_21] ______________________
mutants/tests/check_equalTest.py:165: in test_check_equal_with_func
    originalResult = func(originalInput1_1, originalInput1_2)
mutants/src/check_equal.py:68: in x_check_equal__mutmut_3
    for i in range(None, len(a)):
E   TypeError: 'NoneType' object cannot be interpreted as an integer
______________________ test_check_equal_with_func[originalInput1_12-originalInput1_22] ______________________
mutants/tests/check_equalTest.py:165: in test_check_equal_with_func
    originalResult = func(originalInput1_1, originalInput1_2)
mutants/src/check_equal.py:68: in x_check_equal__mutmut_3
    for i in range(None, len(a)):
E   TypeError: 'NoneType' object cannot be interpreted as an integer
______________________ test_check_equal_with_func[originalInput1_13-originalInput1_23] ______________________
mutants/tests/check_equalTest.py:165: in test_check_equal_with_func
    originalResult = func(originalInput1_1, originalInput1_2)
mutants/src/check_equal.py:68: in x_check_equal__mutmut_3
    for i in range(None, len(a)):
E   TypeError: 'NoneType' object cannot be interpreted as an integer
______________________ test_check_equal_with_func[originalInput1_14-originalInput1_24] ______________________
mutants/tests/check_equalTest.py:165: in test_check_equal_with_func
    originalResult = func(originalInput1_1, originalInput1_2)
mutants/src/check_equal.py:68: in x_check_equal__mutmut_3
    for i in range(None, len(a)):
E   TypeError: 'NoneType' object cannot be interpreted as an integer
______________________ test_check_equal_with_func[originalInput1_15-originalInput1_25] ______________________
mutants/tests/check_equalTest.py:165: in test_check_equal_with_func
    originalResult = func(originalInput1_1, originalInput1_2)
mutants/src/check_equal.py:68: in x_check_equal__mutmut_3
    for i in range(None, len(a)):
E   TypeError: 'NoneType' object cannot be interpreted as an integer
______________________ test_check_equal_with_func[originalInput1_16-originalInput1_26] ______________________
mutants/tests/check_equalTest.py:165: in test_check_equal_with_func
    originalResult = func(originalInput1_1, originalInput1_2)
mutants/src/check_equal.py:68: in x_check_equal__mutmut_3
    for i in range(None, len(a)):
E   TypeError: 'NoneType' object cannot be interpreted as an integer
______________________ test_check_equal_with_func[originalInput1_17-originalInput1_27] ______________________
mutants/tests/check_equalTest.py:165: in test_check_equal_with_func
    originalResult = func(originalInput1_1, originalInput1_2)
mutants/src/check_equal.py:68: in x_check_equal__mutmut_3
    for i in range(None, len(a)):
E   TypeError: 'NoneType' object cannot be interpreted as an integer
______________________ test_check_equal_with_func[originalInput1_18-originalInput1_28] ______________________
mutants/tests/check_equalTest.py:165: in test_check_equal_with_func
    originalResult = func(originalInput1_1, originalInput1_2)
mutants/src/check_equal.py:68: in x_check_equal__mutmut_3
    for i in range(None, len(a)):
E   TypeError: 'NoneType' object cannot be interpreted as an integer
______________________ test_check_equal_with_func[originalInput1_19-originalInput1_29] ______________________
mutants/tests/check_equalTest.py:165: in test_check_equal_with_func
    originalResult = func(originalInput1_1, originalInput1_2)
mutants/src/check_equal.py:68: in x_check_equal__mutmut_3
    for i in range(None, len(a)):
E   TypeError: 'NoneType' object cannot be interpreted as an integer
============================================= warnings summary ==============================================
../../anaconda3/envs/mutmut39/lib/python3.9/site-packages/_pytest/config/__init__.py:1474
  /home/rts/anaconda3/envs/mutmut39/lib/python3.9/site-packages/_pytest/config/__init__.py:1474: PytestConfigWarning: Unknown config option: pytest -vv --tb
  
    self._warn_or_fail_if_strict(f"Unknown config option: {key}\n")

-- Docs: https://docs.pytest.org/en/stable/how-to/capture-warnings.html
========================================== short test summary info ==========================================
FAILED mutants/tests/check_equalTest.py::test_check_equal_with_func[originalInput1_10-originalInput1_20] - TypeError: 'NoneType' object cannot be interpreted as an integer
FAILED mutants/tests/check_equalTest.py::test_check_equal_with_func[originalInput1_11-originalInput1_21] - TypeError: 'NoneType' object cannot be interpreted as an integer
FAILED mutants/tests/check_equalTest.py::test_check_equal_with_func[originalInput1_12-originalInput1_22] - TypeError: 'NoneType' object cannot be interpreted as an integer
FAILED mutants/tests/check_equalTest.py::test_check_equal_with_func[originalInput1_13-originalInput1_23] - TypeError: 'NoneType' object cannot be interpreted as an integer
FAILED mutants/tests/check_equalTest.py::test_check_equal_with_func[originalInput1_14-originalInput1_24] - TypeError: 'NoneType' object cannot be interpreted as an integer
FAILED mutants/tests/check_equalTest.py::test_check_equal_with_func[originalInput1_15-originalInput1_25] - TypeError: 'NoneType' object cannot be interpreted as an integer
FAILED mutants/tests/check_equalTest.py::test_check_equal_with_func[originalInput1_16-originalInput1_26] - TypeError: 'NoneType' object cannot be interpreted as an integer
FAILED mutants/tests/check_equalTest.py::test_check_equal_with_func[originalInput1_17-originalInput1_27] - TypeError: 'NoneType' object cannot be interpreted as an integer
FAILED mutants/tests/check_equalTest.py::test_check_equal_with_func[originalInput1_18-originalInput1_28] - TypeError: 'NoneType' object cannot be interpreted as an integer
FAILED mutants/tests/check_equalTest.py::test_check_equal_with_func[originalInput1_19-originalInput1_29] - TypeError: 'NoneType' object cannot be interpreted as an integer
10 failed, 1 warning in 0.07s
❌ x_check_equal__mutmut_3 存在失败 (退出码 1)

================================================================================
RUNNING check_equal.py :: x_check_equal__mutmut_4  -  2025-10-16T14:08:38.713172
================================================================================

>>> 当前使用的函数: x_check_equal__mutmut_4
函数源码如下：
def x_check_equal__mutmut_4(a, b):

    if len(a) != len(b):
        return False

    for i in range(0, None):
        if a[i] != b[i]:
            return False

    return True

FFFFFFFFFF
================================================= FAILURES ==================================================
______________________ test_check_equal_with_func[originalInput1_10-originalInput1_20] ______________________
mutants/tests/check_equalTest.py:165: in test_check_equal_with_func
    originalResult = func(originalInput1_1, originalInput1_2)
mutants/src/check_equal.py:78: in x_check_equal__mutmut_4
    for i in range(0, None):
E   TypeError: 'NoneType' object cannot be interpreted as an integer
______________________ test_check_equal_with_func[originalInput1_11-originalInput1_21] ______________________
mutants/tests/check_equalTest.py:165: in test_check_equal_with_func
    originalResult = func(originalInput1_1, originalInput1_2)
mutants/src/check_equal.py:78: in x_check_equal__mutmut_4
    for i in range(0, None):
E   TypeError: 'NoneType' object cannot be interpreted as an integer
______________________ test_check_equal_with_func[originalInput1_12-originalInput1_22] ______________________
mutants/tests/check_equalTest.py:165: in test_check_equal_with_func
    originalResult = func(originalInput1_1, originalInput1_2)
mutants/src/check_equal.py:78: in x_check_equal__mutmut_4
    for i in range(0, None):
E   TypeError: 'NoneType' object cannot be interpreted as an integer
______________________ test_check_equal_with_func[originalInput1_13-originalInput1_23] ______________________
mutants/tests/check_equalTest.py:165: in test_check_equal_with_func
    originalResult = func(originalInput1_1, originalInput1_2)
mutants/src/check_equal.py:78: in x_check_equal__mutmut_4
    for i in range(0, None):
E   TypeError: 'NoneType' object cannot be interpreted as an integer
______________________ test_check_equal_with_func[originalInput1_14-originalInput1_24] ______________________
mutants/tests/check_equalTest.py:165: in test_check_equal_with_func
    originalResult = func(originalInput1_1, originalInput1_2)
mutants/src/check_equal.py:78: in x_check_equal__mutmut_4
    for i in range(0, None):
E   TypeError: 'NoneType' object cannot be interpreted as an integer
______________________ test_check_equal_with_func[originalInput1_15-originalInput1_25] ______________________
mutants/tests/check_equalTest.py:165: in test_check_equal_with_func
    originalResult = func(originalInput1_1, originalInput1_2)
mutants/src/check_equal.py:78: in x_check_equal__mutmut_4
    for i in range(0, None):
E   TypeError: 'NoneType' object cannot be interpreted as an integer
______________________ test_check_equal_with_func[originalInput1_16-originalInput1_26] ______________________
mutants/tests/check_equalTest.py:165: in test_check_equal_with_func
    originalResult = func(originalInput1_1, originalInput1_2)
mutants/src/check_equal.py:78: in x_check_equal__mutmut_4
    for i in range(0, None):
E   TypeError: 'NoneType' object cannot be interpreted as an integer
______________________ test_check_equal_with_func[originalInput1_17-originalInput1_27] ______________________
mutants/tests/check_equalTest.py:165: in test_check_equal_with_func
    originalResult = func(originalInput1_1, originalInput1_2)
mutants/src/check_equal.py:78: in x_check_equal__mutmut_4
    for i in range(0, None):
E   TypeError: 'NoneType' object cannot be interpreted as an integer
______________________ test_check_equal_with_func[originalInput1_18-originalInput1_28] ______________________
mutants/tests/check_equalTest.py:165: in test_check_equal_with_func
    originalResult = func(originalInput1_1, originalInput1_2)
mutants/src/check_equal.py:78: in x_check_equal__mutmut_4
    for i in range(0, None):
E   TypeError: 'NoneType' object cannot be interpreted as an integer
______________________ test_check_equal_with_func[originalInput1_19-originalInput1_29] ______________________
mutants/tests/check_equalTest.py:165: in test_check_equal_with_func
    originalResult = func(originalInput1_1, originalInput1_2)
mutants/src/check_equal.py:78: in x_check_equal__mutmut_4
    for i in range(0, None):
E   TypeError: 'NoneType' object cannot be interpreted as an integer
============================================= warnings summary ==============================================
../../anaconda3/envs/mutmut39/lib/python3.9/site-packages/_pytest/config/__init__.py:1474
  /home/rts/anaconda3/envs/mutmut39/lib/python3.9/site-packages/_pytest/config/__init__.py:1474: PytestConfigWarning: Unknown config option: pytest -vv --tb
  
    self._warn_or_fail_if_strict(f"Unknown config option: {key}\n")

-- Docs: https://docs.pytest.org/en/stable/how-to/capture-warnings.html
========================================== short test summary info ==========================================
FAILED mutants/tests/check_equalTest.py::test_check_equal_with_func[originalInput1_10-originalInput1_20] - TypeError: 'NoneType' object cannot be interpreted as an integer
FAILED mutants/tests/check_equalTest.py::test_check_equal_with_func[originalInput1_11-originalInput1_21] - TypeError: 'NoneType' object cannot be interpreted as an integer
FAILED mutants/tests/check_equalTest.py::test_check_equal_with_func[originalInput1_12-originalInput1_22] - TypeError: 'NoneType' object cannot be interpreted as an integer
FAILED mutants/tests/check_equalTest.py::test_check_equal_with_func[originalInput1_13-originalInput1_23] - TypeError: 'NoneType' object cannot be interpreted as an integer
FAILED mutants/tests/check_equalTest.py::test_check_equal_with_func[originalInput1_14-originalInput1_24] - TypeError: 'NoneType' object cannot be interpreted as an integer
FAILED mutants/tests/check_equalTest.py::test_check_equal_with_func[originalInput1_15-originalInput1_25] - TypeError: 'NoneType' object cannot be interpreted as an integer
FAILED mutants/tests/check_equalTest.py::test_check_equal_with_func[originalInput1_16-originalInput1_26] - TypeError: 'NoneType' object cannot be interpreted as an integer
FAILED mutants/tests/check_equalTest.py::test_check_equal_with_func[originalInput1_17-originalInput1_27] - TypeError: 'NoneType' object cannot be interpreted as an integer
FAILED mutants/tests/check_equalTest.py::test_check_equal_with_func[originalInput1_18-originalInput1_28] - TypeError: 'NoneType' object cannot be interpreted as an integer
FAILED mutants/tests/check_equalTest.py::test_check_equal_with_func[originalInput1_19-originalInput1_29] - TypeError: 'NoneType' object cannot be interpreted as an integer
10 failed, 1 warning in 0.05s
❌ x_check_equal__mutmut_4 存在失败 (退出码 1)

================================================================================
RUNNING check_equal.py :: x_check_equal__mutmut_5  -  2025-10-16T14:08:38.805850
================================================================================

>>> 当前使用的函数: x_check_equal__mutmut_5
函数源码如下：
def x_check_equal__mutmut_5(a, b):

    if len(a) != len(b):
        return False

    for i in range(len(a)):
        if a[i] != b[i]:
            return False

    return True

..........
============================================= warnings summary ==============================================
../../anaconda3/envs/mutmut39/lib/python3.9/site-packages/_pytest/config/__init__.py:1474
  /home/rts/anaconda3/envs/mutmut39/lib/python3.9/site-packages/_pytest/config/__init__.py:1474: PytestConfigWarning: Unknown config option: pytest -vv --tb
  
    self._warn_or_fail_if_strict(f"Unknown config option: {key}\n")

-- Docs: https://docs.pytest.org/en/stable/how-to/capture-warnings.html
10 passed, 1 warning in 0.01s
✅ x_check_equal__mutmut_5 所有测试通过

================================================================================
RUNNING check_equal.py :: x_check_equal__mutmut_6  -  2025-10-16T14:08:38.860448
================================================================================

>>> 当前使用的函数: x_check_equal__mutmut_6
函数源码如下：
def x_check_equal__mutmut_6(a, b):

    if len(a) != len(b):
        return False

    for i in range(0, ):
        if a[i] != b[i]:
            return False

    return True

..........
============================================= warnings summary ==============================================
../../anaconda3/envs/mutmut39/lib/python3.9/site-packages/_pytest/config/__init__.py:1474
  /home/rts/anaconda3/envs/mutmut39/lib/python3.9/site-packages/_pytest/config/__init__.py:1474: PytestConfigWarning: Unknown config option: pytest -vv --tb
  
    self._warn_or_fail_if_strict(f"Unknown config option: {key}\n")

-- Docs: https://docs.pytest.org/en/stable/how-to/capture-warnings.html
10 passed, 1 warning in 0.01s
✅ x_check_equal__mutmut_6 所有测试通过

================================================================================
RUNNING check_equal.py :: x_check_equal__mutmut_7  -  2025-10-16T14:08:38.916049
================================================================================

>>> 当前使用的函数: x_check_equal__mutmut_7
函数源码如下：
def x_check_equal__mutmut_7(a, b):

    if len(a) != len(b):
        return False

    for i in range(1, len(a)):
        if a[i] != b[i]:
            return False

    return True

..........
============================================= warnings summary ==============================================
../../anaconda3/envs/mutmut39/lib/python3.9/site-packages/_pytest/config/__init__.py:1474
  /home/rts/anaconda3/envs/mutmut39/lib/python3.9/site-packages/_pytest/config/__init__.py:1474: PytestConfigWarning: Unknown config option: pytest -vv --tb
  
    self._warn_or_fail_if_strict(f"Unknown config option: {key}\n")

-- Docs: https://docs.pytest.org/en/stable/how-to/capture-warnings.html
10 passed, 1 warning in 0.01s
✅ x_check_equal__mutmut_7 所有测试通过

================================================================================
RUNNING check_equal.py :: x_check_equal__mutmut_8  -  2025-10-16T14:08:38.972881
================================================================================

>>> 当前使用的函数: x_check_equal__mutmut_8
函数源码如下：
def x_check_equal__mutmut_8(a, b):

    if len(a) != len(b):
        return False

    for i in range(0, len(a)):
        if a[i] == b[i]:
            return False

    return True

..........
============================================= warnings summary ==============================================
../../anaconda3/envs/mutmut39/lib/python3.9/site-packages/_pytest/config/__init__.py:1474
  /home/rts/anaconda3/envs/mutmut39/lib/python3.9/site-packages/_pytest/config/__init__.py:1474: PytestConfigWarning: Unknown config option: pytest -vv --tb
  
    self._warn_or_fail_if_strict(f"Unknown config option: {key}\n")

-- Docs: https://docs.pytest.org/en/stable/how-to/capture-warnings.html
10 passed, 1 warning in 0.01s
✅ x_check_equal__mutmut_8 所有测试通过

================================================================================
RUNNING check_equal.py :: x_check_equal__mutmut_9  -  2025-10-16T14:08:39.028413
================================================================================

>>> 当前使用的函数: x_check_equal__mutmut_9
函数源码如下：
def x_check_equal__mutmut_9(a, b):

    if len(a) != len(b):
        return False

    for i in range(0, len(a)):
        if a[i] != b[i]:
            return True

    return True

..........
============================================= warnings summary ==============================================
../../anaconda3/envs/mutmut39/lib/python3.9/site-packages/_pytest/config/__init__.py:1474
  /home/rts/anaconda3/envs/mutmut39/lib/python3.9/site-packages/_pytest/config/__init__.py:1474: PytestConfigWarning: Unknown config option: pytest -vv --tb
  
    self._warn_or_fail_if_strict(f"Unknown config option: {key}\n")

-- Docs: https://docs.pytest.org/en/stable/how-to/capture-warnings.html
10 passed, 1 warning in 0.01s
✅ x_check_equal__mutmut_9 所有测试通过

================================================================================
RUNNING check_equal.py :: x_check_equal__mutmut_orig  -  2025-10-16T14:08:39.084682
================================================================================

>>> 当前使用的函数: x_check_equal__mutmut_orig
函数源码如下：
def x_check_equal__mutmut_orig(a, b):

    if len(a) != len(b):
        return False

    for i in range(0, len(a)):
        if a[i] != b[i]:
            return False

    return True

..........
============================================= warnings summary ==============================================
../../anaconda3/envs/mutmut39/lib/python3.9/site-packages/_pytest/config/__init__.py:1474
  /home/rts/anaconda3/envs/mutmut39/lib/python3.9/site-packages/_pytest/config/__init__.py:1474: PytestConfigWarning: Unknown config option: pytest -vv --tb
  
    self._warn_or_fail_if_strict(f"Unknown config option: {key}\n")

-- Docs: https://docs.pytest.org/en/stable/how-to/capture-warnings.html
10 passed, 1 warning in 0.01s
✅ x_check_equal__mutmut_orig 所有测试通过
