
=== Running tests for single mutant file: check_eq_tolerance.py ===

================================================================================
RUNNING check_eq_tolerance.py :: x_check_eq_tolerance__mutmut_1  -  2025-10-16T10:00:03.849285
================================================================================

>>> 当前使用的函数: x_check_eq_tolerance__mutmut_1
函数源码如下：
def x_check_eq_tolerance__mutmut_1(a, b, tol):
    if len(a) == len(b):
        return False

    for i in range(0, len(a)):
        if abs(a[i] - b[i]) >= tol:
            return False

    return True

..........
====================================================== warnings summary ======================================================
../../anaconda3/envs/mutmut39/lib/python3.9/site-packages/_pytest/config/__init__.py:1474
  /home/rts/anaconda3/envs/mutmut39/lib/python3.9/site-packages/_pytest/config/__init__.py:1474: PytestConfigWarning: Unknown config option: pytest -vv --tb
  
    self._warn_or_fail_if_strict(f"Unknown config option: {key}\n")

-- Docs: https://docs.pytest.org/en/stable/how-to/capture-warnings.html
10 passed, 1 warning in 0.01s
✅ x_check_eq_tolerance__mutmut_1 所有测试通过

================================================================================
RUNNING check_eq_tolerance.py :: x_check_eq_tolerance__mutmut_10  -  2025-10-16T10:00:03.935495
================================================================================

>>> 当前使用的函数: x_check_eq_tolerance__mutmut_10
函数源码如下：
def x_check_eq_tolerance__mutmut_10(a, b, tol):
    if len(a) != len(b):
        return False

    for i in range(0, len(a)):
        if abs(a[i] - b[i]) > tol:
            return False

    return True

..........
====================================================== warnings summary ======================================================
../../anaconda3/envs/mutmut39/lib/python3.9/site-packages/_pytest/config/__init__.py:1474
  /home/rts/anaconda3/envs/mutmut39/lib/python3.9/site-packages/_pytest/config/__init__.py:1474: PytestConfigWarning: Unknown config option: pytest -vv --tb
  
    self._warn_or_fail_if_strict(f"Unknown config option: {key}\n")

-- Docs: https://docs.pytest.org/en/stable/how-to/capture-warnings.html
10 passed, 1 warning in 0.01s
✅ x_check_eq_tolerance__mutmut_10 所有测试通过

================================================================================
RUNNING check_eq_tolerance.py :: x_check_eq_tolerance__mutmut_11  -  2025-10-16T10:00:03.984656
================================================================================

>>> 当前使用的函数: x_check_eq_tolerance__mutmut_11
函数源码如下：
def x_check_eq_tolerance__mutmut_11(a, b, tol):
    if len(a) != len(b):
        return False

    for i in range(0, len(a)):
        if abs(a[i] - b[i]) >= tol:
            return True

    return True

..........
====================================================== warnings summary ======================================================
../../anaconda3/envs/mutmut39/lib/python3.9/site-packages/_pytest/config/__init__.py:1474
  /home/rts/anaconda3/envs/mutmut39/lib/python3.9/site-packages/_pytest/config/__init__.py:1474: PytestConfigWarning: Unknown config option: pytest -vv --tb
  
    self._warn_or_fail_if_strict(f"Unknown config option: {key}\n")

-- Docs: https://docs.pytest.org/en/stable/how-to/capture-warnings.html
10 passed, 1 warning in 0.01s
✅ x_check_eq_tolerance__mutmut_11 所有测试通过

================================================================================
RUNNING check_eq_tolerance.py :: x_check_eq_tolerance__mutmut_12  -  2025-10-16T10:00:04.031919
================================================================================

>>> 当前使用的函数: x_check_eq_tolerance__mutmut_12
函数源码如下：
def x_check_eq_tolerance__mutmut_12(a, b, tol):
    if len(a) != len(b):
        return False

    for i in range(0, len(a)):
        if abs(a[i] - b[i]) >= tol:
            return False

    return False

..........
====================================================== warnings summary ======================================================
../../anaconda3/envs/mutmut39/lib/python3.9/site-packages/_pytest/config/__init__.py:1474
  /home/rts/anaconda3/envs/mutmut39/lib/python3.9/site-packages/_pytest/config/__init__.py:1474: PytestConfigWarning: Unknown config option: pytest -vv --tb
  
    self._warn_or_fail_if_strict(f"Unknown config option: {key}\n")

-- Docs: https://docs.pytest.org/en/stable/how-to/capture-warnings.html
10 passed, 1 warning in 0.01s
✅ x_check_eq_tolerance__mutmut_12 所有测试通过

================================================================================
RUNNING check_eq_tolerance.py :: x_check_eq_tolerance__mutmut_2  -  2025-10-16T10:00:04.082409
================================================================================

>>> 当前使用的函数: x_check_eq_tolerance__mutmut_2
函数源码如下：
def x_check_eq_tolerance__mutmut_2(a, b, tol):
    if len(a) != len(b):
        return True

    for i in range(0, len(a)):
        if abs(a[i] - b[i]) >= tol:
            return False

    return True

..........
====================================================== warnings summary ======================================================
../../anaconda3/envs/mutmut39/lib/python3.9/site-packages/_pytest/config/__init__.py:1474
  /home/rts/anaconda3/envs/mutmut39/lib/python3.9/site-packages/_pytest/config/__init__.py:1474: PytestConfigWarning: Unknown config option: pytest -vv --tb
  
    self._warn_or_fail_if_strict(f"Unknown config option: {key}\n")

-- Docs: https://docs.pytest.org/en/stable/how-to/capture-warnings.html
10 passed, 1 warning in 0.01s
✅ x_check_eq_tolerance__mutmut_2 所有测试通过

================================================================================
RUNNING check_eq_tolerance.py :: x_check_eq_tolerance__mutmut_3  -  2025-10-16T10:00:04.128559
================================================================================

>>> 当前使用的函数: x_check_eq_tolerance__mutmut_3
函数源码如下：
def x_check_eq_tolerance__mutmut_3(a, b, tol):
    if len(a) != len(b):
        return False

    for i in range(None, len(a)):
        if abs(a[i] - b[i]) >= tol:
            return False

    return True

FFFFFFFFFF
========================================================== FAILURES ==========================================================
___________________________ test_check_eq_tolerance_with_func[originalInput1_10-originalInput1_20] ___________________________
mutants/tests/check_eq_toleranceTest.py:177: in test_check_eq_tolerance_with_func
    originalResult = func(originalInput1_1, originalInput1_2, TOL)
mutants/src/check_eq_tolerance.py:64: in x_check_eq_tolerance__mutmut_3
    for i in range(None, len(a)):
E   TypeError: 'NoneType' object cannot be interpreted as an integer
___________________________ test_check_eq_tolerance_with_func[originalInput1_11-originalInput1_21] ___________________________
mutants/tests/check_eq_toleranceTest.py:177: in test_check_eq_tolerance_with_func
    originalResult = func(originalInput1_1, originalInput1_2, TOL)
mutants/src/check_eq_tolerance.py:64: in x_check_eq_tolerance__mutmut_3
    for i in range(None, len(a)):
E   TypeError: 'NoneType' object cannot be interpreted as an integer
___________________________ test_check_eq_tolerance_with_func[originalInput1_12-originalInput1_22] ___________________________
mutants/tests/check_eq_toleranceTest.py:177: in test_check_eq_tolerance_with_func
    originalResult = func(originalInput1_1, originalInput1_2, TOL)
mutants/src/check_eq_tolerance.py:64: in x_check_eq_tolerance__mutmut_3
    for i in range(None, len(a)):
E   TypeError: 'NoneType' object cannot be interpreted as an integer
___________________________ test_check_eq_tolerance_with_func[originalInput1_13-originalInput1_23] ___________________________
mutants/tests/check_eq_toleranceTest.py:177: in test_check_eq_tolerance_with_func
    originalResult = func(originalInput1_1, originalInput1_2, TOL)
mutants/src/check_eq_tolerance.py:64: in x_check_eq_tolerance__mutmut_3
    for i in range(None, len(a)):
E   TypeError: 'NoneType' object cannot be interpreted as an integer
___________________________ test_check_eq_tolerance_with_func[originalInput1_14-originalInput1_24] ___________________________
mutants/tests/check_eq_toleranceTest.py:177: in test_check_eq_tolerance_with_func
    originalResult = func(originalInput1_1, originalInput1_2, TOL)
mutants/src/check_eq_tolerance.py:64: in x_check_eq_tolerance__mutmut_3
    for i in range(None, len(a)):
E   TypeError: 'NoneType' object cannot be interpreted as an integer
___________________________ test_check_eq_tolerance_with_func[originalInput1_15-originalInput1_25] ___________________________
mutants/tests/check_eq_toleranceTest.py:177: in test_check_eq_tolerance_with_func
    originalResult = func(originalInput1_1, originalInput1_2, TOL)
mutants/src/check_eq_tolerance.py:64: in x_check_eq_tolerance__mutmut_3
    for i in range(None, len(a)):
E   TypeError: 'NoneType' object cannot be interpreted as an integer
___________________________ test_check_eq_tolerance_with_func[originalInput1_16-originalInput1_26] ___________________________
mutants/tests/check_eq_toleranceTest.py:177: in test_check_eq_tolerance_with_func
    originalResult = func(originalInput1_1, originalInput1_2, TOL)
mutants/src/check_eq_tolerance.py:64: in x_check_eq_tolerance__mutmut_3
    for i in range(None, len(a)):
E   TypeError: 'NoneType' object cannot be interpreted as an integer
___________________________ test_check_eq_tolerance_with_func[originalInput1_17-originalInput1_27] ___________________________
mutants/tests/check_eq_toleranceTest.py:177: in test_check_eq_tolerance_with_func
    originalResult = func(originalInput1_1, originalInput1_2, TOL)
mutants/src/check_eq_tolerance.py:64: in x_check_eq_tolerance__mutmut_3
    for i in range(None, len(a)):
E   TypeError: 'NoneType' object cannot be interpreted as an integer
___________________________ test_check_eq_tolerance_with_func[originalInput1_18-originalInput1_28] ___________________________
mutants/tests/check_eq_toleranceTest.py:177: in test_check_eq_tolerance_with_func
    originalResult = func(originalInput1_1, originalInput1_2, TOL)
mutants/src/check_eq_tolerance.py:64: in x_check_eq_tolerance__mutmut_3
    for i in range(None, len(a)):
E   TypeError: 'NoneType' object cannot be interpreted as an integer
___________________________ test_check_eq_tolerance_with_func[originalInput1_19-originalInput1_29] ___________________________
mutants/tests/check_eq_toleranceTest.py:177: in test_check_eq_tolerance_with_func
    originalResult = func(originalInput1_1, originalInput1_2, TOL)
mutants/src/check_eq_tolerance.py:64: in x_check_eq_tolerance__mutmut_3
    for i in range(None, len(a)):
E   TypeError: 'NoneType' object cannot be interpreted as an integer
====================================================== warnings summary ======================================================
../../anaconda3/envs/mutmut39/lib/python3.9/site-packages/_pytest/config/__init__.py:1474
  /home/rts/anaconda3/envs/mutmut39/lib/python3.9/site-packages/_pytest/config/__init__.py:1474: PytestConfigWarning: Unknown config option: pytest -vv --tb
  
    self._warn_or_fail_if_strict(f"Unknown config option: {key}\n")

-- Docs: https://docs.pytest.org/en/stable/how-to/capture-warnings.html
================================================== short test summary info ===================================================
FAILED mutants/tests/check_eq_toleranceTest.py::test_check_eq_tolerance_with_func[originalInput1_10-originalInput1_20] - TypeError: 'NoneType' object cannot be interpreted as an integer
FAILED mutants/tests/check_eq_toleranceTest.py::test_check_eq_tolerance_with_func[originalInput1_11-originalInput1_21] - TypeError: 'NoneType' object cannot be interpreted as an integer
FAILED mutants/tests/check_eq_toleranceTest.py::test_check_eq_tolerance_with_func[originalInput1_12-originalInput1_22] - TypeError: 'NoneType' object cannot be interpreted as an integer
FAILED mutants/tests/check_eq_toleranceTest.py::test_check_eq_tolerance_with_func[originalInput1_13-originalInput1_23] - TypeError: 'NoneType' object cannot be interpreted as an integer
FAILED mutants/tests/check_eq_toleranceTest.py::test_check_eq_tolerance_with_func[originalInput1_14-originalInput1_24] - TypeError: 'NoneType' object cannot be interpreted as an integer
FAILED mutants/tests/check_eq_toleranceTest.py::test_check_eq_tolerance_with_func[originalInput1_15-originalInput1_25] - TypeError: 'NoneType' object cannot be interpreted as an integer
FAILED mutants/tests/check_eq_toleranceTest.py::test_check_eq_tolerance_with_func[originalInput1_16-originalInput1_26] - TypeError: 'NoneType' object cannot be interpreted as an integer
FAILED mutants/tests/check_eq_toleranceTest.py::test_check_eq_tolerance_with_func[originalInput1_17-originalInput1_27] - TypeError: 'NoneType' object cannot be interpreted as an integer
FAILED mutants/tests/check_eq_toleranceTest.py::test_check_eq_tolerance_with_func[originalInput1_18-originalInput1_28] - TypeError: 'NoneType' object cannot be interpreted as an integer
FAILED mutants/tests/check_eq_toleranceTest.py::test_check_eq_tolerance_with_func[originalInput1_19-originalInput1_29] - TypeError: 'NoneType' object cannot be interpreted as an integer
10 failed, 1 warning in 0.07s
❌ x_check_eq_tolerance__mutmut_3 存在失败 (退出码 1)

================================================================================
RUNNING check_eq_tolerance.py :: x_check_eq_tolerance__mutmut_4  -  2025-10-16T10:00:04.242302
================================================================================

>>> 当前使用的函数: x_check_eq_tolerance__mutmut_4
函数源码如下：
def x_check_eq_tolerance__mutmut_4(a, b, tol):
    if len(a) != len(b):
        return False

    for i in range(0, None):
        if abs(a[i] - b[i]) >= tol:
            return False

    return True

FFFFFFFFFF
========================================================== FAILURES ==========================================================
___________________________ test_check_eq_tolerance_with_func[originalInput1_10-originalInput1_20] ___________________________
mutants/tests/check_eq_toleranceTest.py:177: in test_check_eq_tolerance_with_func
    originalResult = func(originalInput1_1, originalInput1_2, TOL)
mutants/src/check_eq_tolerance.py:73: in x_check_eq_tolerance__mutmut_4
    for i in range(0, None):
E   TypeError: 'NoneType' object cannot be interpreted as an integer
___________________________ test_check_eq_tolerance_with_func[originalInput1_11-originalInput1_21] ___________________________
mutants/tests/check_eq_toleranceTest.py:177: in test_check_eq_tolerance_with_func
    originalResult = func(originalInput1_1, originalInput1_2, TOL)
mutants/src/check_eq_tolerance.py:73: in x_check_eq_tolerance__mutmut_4
    for i in range(0, None):
E   TypeError: 'NoneType' object cannot be interpreted as an integer
___________________________ test_check_eq_tolerance_with_func[originalInput1_12-originalInput1_22] ___________________________
mutants/tests/check_eq_toleranceTest.py:177: in test_check_eq_tolerance_with_func
    originalResult = func(originalInput1_1, originalInput1_2, TOL)
mutants/src/check_eq_tolerance.py:73: in x_check_eq_tolerance__mutmut_4
    for i in range(0, None):
E   TypeError: 'NoneType' object cannot be interpreted as an integer
___________________________ test_check_eq_tolerance_with_func[originalInput1_13-originalInput1_23] ___________________________
mutants/tests/check_eq_toleranceTest.py:177: in test_check_eq_tolerance_with_func
    originalResult = func(originalInput1_1, originalInput1_2, TOL)
mutants/src/check_eq_tolerance.py:73: in x_check_eq_tolerance__mutmut_4
    for i in range(0, None):
E   TypeError: 'NoneType' object cannot be interpreted as an integer
___________________________ test_check_eq_tolerance_with_func[originalInput1_14-originalInput1_24] ___________________________
mutants/tests/check_eq_toleranceTest.py:177: in test_check_eq_tolerance_with_func
    originalResult = func(originalInput1_1, originalInput1_2, TOL)
mutants/src/check_eq_tolerance.py:73: in x_check_eq_tolerance__mutmut_4
    for i in range(0, None):
E   TypeError: 'NoneType' object cannot be interpreted as an integer
___________________________ test_check_eq_tolerance_with_func[originalInput1_15-originalInput1_25] ___________________________
mutants/tests/check_eq_toleranceTest.py:177: in test_check_eq_tolerance_with_func
    originalResult = func(originalInput1_1, originalInput1_2, TOL)
mutants/src/check_eq_tolerance.py:73: in x_check_eq_tolerance__mutmut_4
    for i in range(0, None):
E   TypeError: 'NoneType' object cannot be interpreted as an integer
___________________________ test_check_eq_tolerance_with_func[originalInput1_16-originalInput1_26] ___________________________
mutants/tests/check_eq_toleranceTest.py:177: in test_check_eq_tolerance_with_func
    originalResult = func(originalInput1_1, originalInput1_2, TOL)
mutants/src/check_eq_tolerance.py:73: in x_check_eq_tolerance__mutmut_4
    for i in range(0, None):
E   TypeError: 'NoneType' object cannot be interpreted as an integer
___________________________ test_check_eq_tolerance_with_func[originalInput1_17-originalInput1_27] ___________________________
mutants/tests/check_eq_toleranceTest.py:177: in test_check_eq_tolerance_with_func
    originalResult = func(originalInput1_1, originalInput1_2, TOL)
mutants/src/check_eq_tolerance.py:73: in x_check_eq_tolerance__mutmut_4
    for i in range(0, None):
E   TypeError: 'NoneType' object cannot be interpreted as an integer
___________________________ test_check_eq_tolerance_with_func[originalInput1_18-originalInput1_28] ___________________________
mutants/tests/check_eq_toleranceTest.py:177: in test_check_eq_tolerance_with_func
    originalResult = func(originalInput1_1, originalInput1_2, TOL)
mutants/src/check_eq_tolerance.py:73: in x_check_eq_tolerance__mutmut_4
    for i in range(0, None):
E   TypeError: 'NoneType' object cannot be interpreted as an integer
___________________________ test_check_eq_tolerance_with_func[originalInput1_19-originalInput1_29] ___________________________
mutants/tests/check_eq_toleranceTest.py:177: in test_check_eq_tolerance_with_func
    originalResult = func(originalInput1_1, originalInput1_2, TOL)
mutants/src/check_eq_tolerance.py:73: in x_check_eq_tolerance__mutmut_4
    for i in range(0, None):
E   TypeError: 'NoneType' object cannot be interpreted as an integer
====================================================== warnings summary ======================================================
../../anaconda3/envs/mutmut39/lib/python3.9/site-packages/_pytest/config/__init__.py:1474
  /home/rts/anaconda3/envs/mutmut39/lib/python3.9/site-packages/_pytest/config/__init__.py:1474: PytestConfigWarning: Unknown config option: pytest -vv --tb
  
    self._warn_or_fail_if_strict(f"Unknown config option: {key}\n")

-- Docs: https://docs.pytest.org/en/stable/how-to/capture-warnings.html
================================================== short test summary info ===================================================
FAILED mutants/tests/check_eq_toleranceTest.py::test_check_eq_tolerance_with_func[originalInput1_10-originalInput1_20] - TypeError: 'NoneType' object cannot be interpreted as an integer
FAILED mutants/tests/check_eq_toleranceTest.py::test_check_eq_tolerance_with_func[originalInput1_11-originalInput1_21] - TypeError: 'NoneType' object cannot be interpreted as an integer
FAILED mutants/tests/check_eq_toleranceTest.py::test_check_eq_tolerance_with_func[originalInput1_12-originalInput1_22] - TypeError: 'NoneType' object cannot be interpreted as an integer
FAILED mutants/tests/check_eq_toleranceTest.py::test_check_eq_tolerance_with_func[originalInput1_13-originalInput1_23] - TypeError: 'NoneType' object cannot be interpreted as an integer
FAILED mutants/tests/check_eq_toleranceTest.py::test_check_eq_tolerance_with_func[originalInput1_14-originalInput1_24] - TypeError: 'NoneType' object cannot be interpreted as an integer
FAILED mutants/tests/check_eq_toleranceTest.py::test_check_eq_tolerance_with_func[originalInput1_15-originalInput1_25] - TypeError: 'NoneType' object cannot be interpreted as an integer
FAILED mutants/tests/check_eq_toleranceTest.py::test_check_eq_tolerance_with_func[originalInput1_16-originalInput1_26] - TypeError: 'NoneType' object cannot be interpreted as an integer
FAILED mutants/tests/check_eq_toleranceTest.py::test_check_eq_tolerance_with_func[originalInput1_17-originalInput1_27] - TypeError: 'NoneType' object cannot be interpreted as an integer
FAILED mutants/tests/check_eq_toleranceTest.py::test_check_eq_tolerance_with_func[originalInput1_18-originalInput1_28] - TypeError: 'NoneType' object cannot be interpreted as an integer
FAILED mutants/tests/check_eq_toleranceTest.py::test_check_eq_tolerance_with_func[originalInput1_19-originalInput1_29] - TypeError: 'NoneType' object cannot be interpreted as an integer
10 failed, 1 warning in 0.05s
❌ x_check_eq_tolerance__mutmut_4 存在失败 (退出码 1)

================================================================================
RUNNING check_eq_tolerance.py :: x_check_eq_tolerance__mutmut_5  -  2025-10-16T10:00:04.328438
================================================================================

>>> 当前使用的函数: x_check_eq_tolerance__mutmut_5
函数源码如下：
def x_check_eq_tolerance__mutmut_5(a, b, tol):
    if len(a) != len(b):
        return False

    for i in range(len(a)):
        if abs(a[i] - b[i]) >= tol:
            return False

    return True

..........
====================================================== warnings summary ======================================================
../../anaconda3/envs/mutmut39/lib/python3.9/site-packages/_pytest/config/__init__.py:1474
  /home/rts/anaconda3/envs/mutmut39/lib/python3.9/site-packages/_pytest/config/__init__.py:1474: PytestConfigWarning: Unknown config option: pytest -vv --tb
  
    self._warn_or_fail_if_strict(f"Unknown config option: {key}\n")

-- Docs: https://docs.pytest.org/en/stable/how-to/capture-warnings.html
10 passed, 1 warning in 0.01s
✅ x_check_eq_tolerance__mutmut_5 所有测试通过

================================================================================
RUNNING check_eq_tolerance.py :: x_check_eq_tolerance__mutmut_6  -  2025-10-16T10:00:04.376613
================================================================================

>>> 当前使用的函数: x_check_eq_tolerance__mutmut_6
函数源码如下：
def x_check_eq_tolerance__mutmut_6(a, b, tol):
    if len(a) != len(b):
        return False

    for i in range(0, ):
        if abs(a[i] - b[i]) >= tol:
            return False

    return True

..........
====================================================== warnings summary ======================================================
../../anaconda3/envs/mutmut39/lib/python3.9/site-packages/_pytest/config/__init__.py:1474
  /home/rts/anaconda3/envs/mutmut39/lib/python3.9/site-packages/_pytest/config/__init__.py:1474: PytestConfigWarning: Unknown config option: pytest -vv --tb
  
    self._warn_or_fail_if_strict(f"Unknown config option: {key}\n")

-- Docs: https://docs.pytest.org/en/stable/how-to/capture-warnings.html
10 passed, 1 warning in 0.01s
✅ x_check_eq_tolerance__mutmut_6 所有测试通过

================================================================================
RUNNING check_eq_tolerance.py :: x_check_eq_tolerance__mutmut_7  -  2025-10-16T10:00:04.425773
================================================================================

>>> 当前使用的函数: x_check_eq_tolerance__mutmut_7
函数源码如下：
def x_check_eq_tolerance__mutmut_7(a, b, tol):
    if len(a) != len(b):
        return False

    for i in range(1, len(a)):
        if abs(a[i] - b[i]) >= tol:
            return False

    return True

..........
====================================================== warnings summary ======================================================
../../anaconda3/envs/mutmut39/lib/python3.9/site-packages/_pytest/config/__init__.py:1474
  /home/rts/anaconda3/envs/mutmut39/lib/python3.9/site-packages/_pytest/config/__init__.py:1474: PytestConfigWarning: Unknown config option: pytest -vv --tb
  
    self._warn_or_fail_if_strict(f"Unknown config option: {key}\n")

-- Docs: https://docs.pytest.org/en/stable/how-to/capture-warnings.html
10 passed, 1 warning in 0.01s
✅ x_check_eq_tolerance__mutmut_7 所有测试通过

================================================================================
RUNNING check_eq_tolerance.py :: x_check_eq_tolerance__mutmut_8  -  2025-10-16T10:00:04.472917
================================================================================

>>> 当前使用的函数: x_check_eq_tolerance__mutmut_8
函数源码如下：
def x_check_eq_tolerance__mutmut_8(a, b, tol):
    if len(a) != len(b):
        return False

    for i in range(0, len(a)):
        if abs(None) >= tol:
            return False

    return True

FFFFFFFFFF
========================================================== FAILURES ==========================================================
___________________________ test_check_eq_tolerance_with_func[originalInput1_10-originalInput1_20] ___________________________
mutants/tests/check_eq_toleranceTest.py:177: in test_check_eq_tolerance_with_func
    originalResult = func(originalInput1_1, originalInput1_2, TOL)
mutants/src/check_eq_tolerance.py:110: in x_check_eq_tolerance__mutmut_8
    if abs(None) >= tol:
E   TypeError: bad operand type for abs(): 'NoneType'
___________________________ test_check_eq_tolerance_with_func[originalInput1_11-originalInput1_21] ___________________________
mutants/tests/check_eq_toleranceTest.py:177: in test_check_eq_tolerance_with_func
    originalResult = func(originalInput1_1, originalInput1_2, TOL)
mutants/src/check_eq_tolerance.py:110: in x_check_eq_tolerance__mutmut_8
    if abs(None) >= tol:
E   TypeError: bad operand type for abs(): 'NoneType'
___________________________ test_check_eq_tolerance_with_func[originalInput1_12-originalInput1_22] ___________________________
mutants/tests/check_eq_toleranceTest.py:177: in test_check_eq_tolerance_with_func
    originalResult = func(originalInput1_1, originalInput1_2, TOL)
mutants/src/check_eq_tolerance.py:110: in x_check_eq_tolerance__mutmut_8
    if abs(None) >= tol:
E   TypeError: bad operand type for abs(): 'NoneType'
___________________________ test_check_eq_tolerance_with_func[originalInput1_13-originalInput1_23] ___________________________
mutants/tests/check_eq_toleranceTest.py:177: in test_check_eq_tolerance_with_func
    originalResult = func(originalInput1_1, originalInput1_2, TOL)
mutants/src/check_eq_tolerance.py:110: in x_check_eq_tolerance__mutmut_8
    if abs(None) >= tol:
E   TypeError: bad operand type for abs(): 'NoneType'
___________________________ test_check_eq_tolerance_with_func[originalInput1_14-originalInput1_24] ___________________________
mutants/tests/check_eq_toleranceTest.py:177: in test_check_eq_tolerance_with_func
    originalResult = func(originalInput1_1, originalInput1_2, TOL)
mutants/src/check_eq_tolerance.py:110: in x_check_eq_tolerance__mutmut_8
    if abs(None) >= tol:
E   TypeError: bad operand type for abs(): 'NoneType'
___________________________ test_check_eq_tolerance_with_func[originalInput1_15-originalInput1_25] ___________________________
mutants/tests/check_eq_toleranceTest.py:177: in test_check_eq_tolerance_with_func
    originalResult = func(originalInput1_1, originalInput1_2, TOL)
mutants/src/check_eq_tolerance.py:110: in x_check_eq_tolerance__mutmut_8
    if abs(None) >= tol:
E   TypeError: bad operand type for abs(): 'NoneType'
___________________________ test_check_eq_tolerance_with_func[originalInput1_16-originalInput1_26] ___________________________
mutants/tests/check_eq_toleranceTest.py:177: in test_check_eq_tolerance_with_func
    originalResult = func(originalInput1_1, originalInput1_2, TOL)
mutants/src/check_eq_tolerance.py:110: in x_check_eq_tolerance__mutmut_8
    if abs(None) >= tol:
E   TypeError: bad operand type for abs(): 'NoneType'
___________________________ test_check_eq_tolerance_with_func[originalInput1_17-originalInput1_27] ___________________________
mutants/tests/check_eq_toleranceTest.py:177: in test_check_eq_tolerance_with_func
    originalResult = func(originalInput1_1, originalInput1_2, TOL)
mutants/src/check_eq_tolerance.py:110: in x_check_eq_tolerance__mutmut_8
    if abs(None) >= tol:
E   TypeError: bad operand type for abs(): 'NoneType'
___________________________ test_check_eq_tolerance_with_func[originalInput1_18-originalInput1_28] ___________________________
mutants/tests/check_eq_toleranceTest.py:177: in test_check_eq_tolerance_with_func
    originalResult = func(originalInput1_1, originalInput1_2, TOL)
mutants/src/check_eq_tolerance.py:110: in x_check_eq_tolerance__mutmut_8
    if abs(None) >= tol:
E   TypeError: bad operand type for abs(): 'NoneType'
___________________________ test_check_eq_tolerance_with_func[originalInput1_19-originalInput1_29] ___________________________
mutants/tests/check_eq_toleranceTest.py:177: in test_check_eq_tolerance_with_func
    originalResult = func(originalInput1_1, originalInput1_2, TOL)
mutants/src/check_eq_tolerance.py:110: in x_check_eq_tolerance__mutmut_8
    if abs(None) >= tol:
E   TypeError: bad operand type for abs(): 'NoneType'
====================================================== warnings summary ======================================================
../../anaconda3/envs/mutmut39/lib/python3.9/site-packages/_pytest/config/__init__.py:1474
  /home/rts/anaconda3/envs/mutmut39/lib/python3.9/site-packages/_pytest/config/__init__.py:1474: PytestConfigWarning: Unknown config option: pytest -vv --tb
  
    self._warn_or_fail_if_strict(f"Unknown config option: {key}\n")

-- Docs: https://docs.pytest.org/en/stable/how-to/capture-warnings.html
================================================== short test summary info ===================================================
FAILED mutants/tests/check_eq_toleranceTest.py::test_check_eq_tolerance_with_func[originalInput1_10-originalInput1_20] - TypeError: bad operand type for abs(): 'NoneType'
FAILED mutants/tests/check_eq_toleranceTest.py::test_check_eq_tolerance_with_func[originalInput1_11-originalInput1_21] - TypeError: bad operand type for abs(): 'NoneType'
FAILED mutants/tests/check_eq_toleranceTest.py::test_check_eq_tolerance_with_func[originalInput1_12-originalInput1_22] - TypeError: bad operand type for abs(): 'NoneType'
FAILED mutants/tests/check_eq_toleranceTest.py::test_check_eq_tolerance_with_func[originalInput1_13-originalInput1_23] - TypeError: bad operand type for abs(): 'NoneType'
FAILED mutants/tests/check_eq_toleranceTest.py::test_check_eq_tolerance_with_func[originalInput1_14-originalInput1_24] - TypeError: bad operand type for abs(): 'NoneType'
FAILED mutants/tests/check_eq_toleranceTest.py::test_check_eq_tolerance_with_func[originalInput1_15-originalInput1_25] - TypeError: bad operand type for abs(): 'NoneType'
FAILED mutants/tests/check_eq_toleranceTest.py::test_check_eq_tolerance_with_func[originalInput1_16-originalInput1_26] - TypeError: bad operand type for abs(): 'NoneType'
FAILED mutants/tests/check_eq_toleranceTest.py::test_check_eq_tolerance_with_func[originalInput1_17-originalInput1_27] - TypeError: bad operand type for abs(): 'NoneType'
FAILED mutants/tests/check_eq_toleranceTest.py::test_check_eq_tolerance_with_func[originalInput1_18-originalInput1_28] - TypeError: bad operand type for abs(): 'NoneType'
FAILED mutants/tests/check_eq_toleranceTest.py::test_check_eq_tolerance_with_func[originalInput1_19-originalInput1_29] - TypeError: bad operand type for abs(): 'NoneType'
10 failed, 1 warning in 0.05s
❌ x_check_eq_tolerance__mutmut_8 存在失败 (退出码 1)

================================================================================
RUNNING check_eq_tolerance.py :: x_check_eq_tolerance__mutmut_9  -  2025-10-16T10:00:04.558692
================================================================================

>>> 当前使用的函数: x_check_eq_tolerance__mutmut_9
函数源码如下：
def x_check_eq_tolerance__mutmut_9(a, b, tol):
    if len(a) != len(b):
        return False

    for i in range(0, len(a)):
        if abs(a[i] + b[i]) >= tol:
            return False

    return True

..........
====================================================== warnings summary ======================================================
../../anaconda3/envs/mutmut39/lib/python3.9/site-packages/_pytest/config/__init__.py:1474
  /home/rts/anaconda3/envs/mutmut39/lib/python3.9/site-packages/_pytest/config/__init__.py:1474: PytestConfigWarning: Unknown config option: pytest -vv --tb
  
    self._warn_or_fail_if_strict(f"Unknown config option: {key}\n")

-- Docs: https://docs.pytest.org/en/stable/how-to/capture-warnings.html
10 passed, 1 warning in 0.01s
✅ x_check_eq_tolerance__mutmut_9 所有测试通过

================================================================================
RUNNING check_eq_tolerance.py :: x_check_eq_tolerance__mutmut_orig  -  2025-10-16T10:00:04.605401
================================================================================

>>> 当前使用的函数: x_check_eq_tolerance__mutmut_orig
函数源码如下：
def x_check_eq_tolerance__mutmut_orig(a, b, tol):
    if len(a) != len(b):
        return False

    for i in range(0, len(a)):
        if abs(a[i] - b[i]) >= tol:
            return False

    return True

..........
====================================================== warnings summary ======================================================
../../anaconda3/envs/mutmut39/lib/python3.9/site-packages/_pytest/config/__init__.py:1474
  /home/rts/anaconda3/envs/mutmut39/lib/python3.9/site-packages/_pytest/config/__init__.py:1474: PytestConfigWarning: Unknown config option: pytest -vv --tb
  
    self._warn_or_fail_if_strict(f"Unknown config option: {key}\n")

-- Docs: https://docs.pytest.org/en/stable/how-to/capture-warnings.html
10 passed, 1 warning in 0.01s
✅ x_check_eq_tolerance__mutmut_orig 所有测试通过
